[*] Loaded 32768 vocab pieces from tokenizer/chinese_bpe.vocab
=== LAL STE Whitebox-Supervised Training ===

[*] Method: Straight-Through Estimator + CORE/BINARY/PRUNE Logic Guidance
[*]   forward:  CORE = w_float * core_gain * K     (精确计算)
[*]             BINARY = sign(w) * alpha * K       (二值符号)
[*]             PRUNE = 0                           (静默剪枝)
[*]   backward: STE through w_float (CORE+BINARY), PRUNE 无梯度
[*]   update:   Adam on w_float
[*] Logic Guidance (每步,全层):
[*]             CORE  → maximize |act(a) - act(b)|  (差异化反义词)
[*]             BINARY → minimize (act(a) - act(b))^2 (收敛共性)
[*]             PRUNE → skip (保持静默)
[*] Whitebox probe: every 10 steps observe CORE/BINARY/PRUNE circuit

[*] Loaded 6004 samples from data/cognitive_bpe.bin
[*] Using Phase 1: Sprout (10L/512d) (~35M params, vocab=32768)
[*] Generated Phase 1: Sprout (10L/512d) weights: 10 layers, 512 embd, ~35M params
[*] Logic mask: Phase 1: Growing (20/65/15) (CORE=20% PRUNE=15%)
[*] loaded 124 tensors
[*] binarizing 10 layers (logic-guided)...
    [logic] CORE=307 (20%), BINARY=999 (65%), PRUNE=230 (15%)
[*] done
[*] freed 40 weight tensors (126 MB) after binarization
[*] Model loaded: 10 layers, 512 embd, k_cache=YES
[*] Resuming from model_p1_400.ste...
[*] Resumed weights loaded successfully


=== LAL STE Training (B=4, max_pos=64, steps=200, logic_lr=0.0020) ===
[*] STE: forward=sign(w), backward=w_float gradient
[*] Whitebox probe every 10 steps
[*] Semantic regularization every step

  step     0/200  loss=0.0000  avg=0.0000  lr=0.000006  B=0  24ms
  [WB] boundary=83/100  core_diff=0.0500  bin_diff=0.0001  ratio=649.25  prune_act=0.0000
  [WB] structure=16/20 (80%)  opp_sim=0.166
  [WB] BOUNDARY OK | CORE>BIN OK | PRUNE silent OK
  [WB] boundary=83/100  core_diff=0.0500  bin_diff=0.0001  ratio=649.25  prune_act=0.0000
  [WB] structure=16/20 (80%)  opp_sim=0.166
  [WB] BOUNDARY OK | CORE>BIN OK | PRUNE silent OK
  step    10/200  loss=10.4649  avg=2.8490  lr=0.000066  B=4  770ms
  [WB] boundary=83/100  core_diff=0.0505  bin_diff=0.0001  ratio=655.58  prune_act=0.0000
  [WB] structure=16/20 (80%)  opp_sim=0.166
  [WB] BOUNDARY OK | CORE>BIN OK | PRUNE silent OK
  [WB] boundary=83/100  core_diff=0.0505  bin_diff=0.0001  ratio=655.58  prune_act=0.0000
  [WB] structure=16/20 (80%)  opp_sim=0.166
  [WB] BOUNDARY OK | CORE>BIN OK | PRUNE silent OK
  step    20/200  loss=11.1543  avg=2.9566  lr=0.000126  B=4  648ms
  [WB] boundary=83/100  core_diff=0.0513  bin_diff=0.0001  ratio=665.77  prune_act=0.0000
  [WB] structure=16/20 (80%)  opp_sim=0.166
  [WB] BOUNDARY OK | CORE>BIN OK | PRUNE silent OK
  [WB] boundary=83/100  core_diff=0.0513  bin_diff=0.0001  ratio=665.77  prune_act=0.0000
  [WB] structure=16/20 (80%)  opp_sim=0.166
  [WB] BOUNDARY OK | CORE>BIN OK | PRUNE silent OK
  step    30/200  loss=0.0000  avg=3.2908  lr=0.000186  B=0  680ms
  [WB] boundary=83/100  core_diff=0.0531  bin_diff=0.0001  ratio=688.49  prune_act=0.0000
  [WB] structure=16/20 (80%)  opp_sim=0.166
  [WB] BOUNDARY OK | CORE>BIN OK | PRUNE silent OK
  [WB] boundary=83/100  core_diff=0.0531  bin_diff=0.0001  ratio=688.49  prune_act=0.0000
  [WB] structure=16/20 (80%)  opp_sim=0.166
  [WB] BOUNDARY OK | CORE>BIN OK | PRUNE silent OK
  step    40/200  loss=0.0000  avg=3.6404  lr=0.000246  B=0  728ms
  [WB] boundary=83/100  core_diff=0.0575  bin_diff=0.0001  ratio=744.77  prune_act=0.0000
  [WB] structure=16/20 (80%)  opp_sim=0.166
  [WB] BOUNDARY OK | CORE>BIN OK | PRUNE silent OK
  [WB] boundary=83/100  core_diff=0.0575  bin_diff=0.0001  ratio=744.77  prune_act=0.0000
  [WB] structure=16/20 (80%)  opp_sim=0.166
  [WB] BOUNDARY OK | CORE>BIN OK | PRUNE silent OK
  step    50/200  loss=0.0000  avg=3.5189  lr=0.000300  B=0  691ms
  [WB] boundary=83/100  core_diff=0.0599  bin_diff=0.0001  ratio=775.46  prune_act=0.0000
  [WB] structure=16/20 (80%)  opp_sim=0.166
  [WB] BOUNDARY OK | CORE>BIN OK | PRUNE silent OK
  [WB] boundary=83/100  core_diff=0.0599  bin_diff=0.0001  ratio=775.46  prune_act=0.0000
  [WB] structure=16/20 (80%)  opp_sim=0.166
  [WB] BOUNDARY OK | CORE>BIN OK | PRUNE silent OK
[*] stateful inference started: window=256, sinks=4, ctx=512
[*] sliding window configured: W=256, sinks=4 (effective context: 260)
  [TRACE] "冷": L0[||x||=0.83 C409(+3094.86--12.10) B1332(+69.69--35.28) P307(max0.000)] L5[||x||=220.25 C409(+6749.81--6.87) B1332(+91.45--45.00) P307(max0.000)] L9[||x||=223.71 C409(+5703.64--7.90) B1332(+83.47--36.41) P307(max0.000)] | H=14.75/15 top3=0x7C75 0x9E5 0xE8 
  step    60/200  loss=9.9121  avg=3.2630  lr=0.000297  B=4  615ms
  [WB] boundary=83/100  core_diff=0.0606  bin_diff=0.0001  ratio=783.30  prune_act=0.0000
  [WB] structure=16/20 (80%)  opp_sim=0.166
  [WB] BOUNDARY OK | CORE>BIN OK | PRUNE silent OK
  [WB] boundary=83/100  core_diff=0.0606  bin_diff=0.0001  ratio=783.30  prune_act=0.0000
  [WB] structure=16/20 (80%)  opp_sim=0.166
  [WB] BOUNDARY OK | CORE>BIN OK | PRUNE silent OK
  step    70/200  loss=0.0000  avg=3.1098  lr=0.000287  B=0  549ms
  [WB] boundary=83/100  core_diff=0.0613  bin_diff=0.0001  ratio=791.52  prune_act=0.0000
  [WB] structure=16/20 (80%)  opp_sim=0.166
  [WB] BOUNDARY OK | CORE>BIN OK | PRUNE silent OK
  [WB] boundary=83/100  core_diff=0.0613  bin_diff=0.0001  ratio=791.52  prune_act=0.0000
  [WB] structure=16/20 (80%)  opp_sim=0.166
  [WB] BOUNDARY OK | CORE>BIN OK | PRUNE silent OK
  step    80/200  loss=0.0000  avg=2.9215  lr=0.000271  B=0  515ms
  [WB] boundary=83/100  core_diff=0.0625  bin_diff=0.0001  ratio=806.63  prune_act=0.0000
  [WB] structure=16/20 (80%)  opp_sim=0.166
  [WB] BOUNDARY OK | CORE>BIN OK | PRUNE silent OK
  [WB] boundary=83/100  core_diff=0.0625  bin_diff=0.0001  ratio=806.63  prune_act=0.0000
  [WB] structure=16/20 (80%)  opp_sim=0.166
  [WB] BOUNDARY OK | CORE>BIN OK | PRUNE silent OK
  step    90/200  loss=9.7145  avg=3.0199  lr=0.000250  B=4  487ms
  [WB] boundary=83/100  core_diff=0.0642  bin_diff=0.0001  ratio=827.48  prune_act=0.0000
  [WB] structure=16/20 (80%)  opp_sim=0.166
  [WB] BOUNDARY OK | CORE>BIN OK | PRUNE silent OK
  [WB] boundary=83/100  core_diff=0.0642  bin_diff=0.0001  ratio=827.48  prune_act=0.0000
  [WB] structure=16/20 (80%)  opp_sim=0.166
  [WB] BOUNDARY OK | CORE>BIN OK | PRUNE silent OK
  step   100/200  loss=0.0000  avg=2.8749  lr=0.000225  B=0  484ms
  [WB] boundary=83/100  core_diff=0.0664  bin_diff=0.0001  ratio=854.79  prune_act=0.0000
  [WB] structure=16/20 (80%)  opp_sim=0.166
  [WB] BOUNDARY OK | CORE>BIN OK | PRUNE silent OK
  [WB] boundary=83/100  core_diff=0.0664  bin_diff=0.0001  ratio=854.79  prune_act=0.0000
  [WB] structure=16/20 (80%)  opp_sim=0.166
  [WB] BOUNDARY OK | CORE>BIN OK | PRUNE silent OK
[*] stateful inference started: window=256, sinks=4, ctx=512
[*] sliding window configured: W=256, sinks=4 (effective context: 260)
  [TRACE] "火": L0[||x||=0.83 C409(+10525.11--5.72) B1332(+125.94--43.70) P307(max0.000)] L5[||x||=222.97 C409(+11150.38--5.06) B1332(+123.26--49.67) P307(max0.000)] L9[||x||=224.23 C409(+9598.32--4.99) B1332(+119.97--43.34) P307(max0.000)] | H=14.75/15 top3=0x7C75 0xE8 0x5D3F 
  step   110/200  loss=0.0000  avg=2.4261  lr=0.000196  B=0  449ms
  [WB] boundary=83/100  core_diff=0.0669  bin_diff=0.0001  ratio=861.05  prune_act=0.0000
  [WB] structure=16/20 (80%)  opp_sim=0.166
  [WB] BOUNDARY OK | CORE>BIN OK | PRUNE silent OK
  [WB] boundary=83/100  core_diff=0.0669  bin_diff=0.0001  ratio=861.05  prune_act=0.0000
  [WB] structure=16/20 (80%)  opp_sim=0.166
  [WB] BOUNDARY OK | CORE>BIN OK | PRUNE silent OK
  step   120/200  loss=0.0000  avg=2.4198  lr=0.000166  B=0  420ms
  [WB] boundary=83/100  core_diff=0.0673  bin_diff=0.0001  ratio=866.59  prune_act=0.0000
  [WB] structure=16/20 (80%)  opp_sim=0.166
  [WB] BOUNDARY OK | CORE>BIN OK | PRUNE silent OK
  [WB] boundary=83/100  core_diff=0.0673  bin_diff=0.0001  ratio=866.59  prune_act=0.0000
  [WB] structure=16/20 (80%)  opp_sim=0.166
  [WB] BOUNDARY OK | CORE>BIN OK | PRUNE silent OK
  step   130/200  loss=0.0000  avg=2.2658  lr=0.000134  B=0  403ms
  [WB] boundary=83/100  core_diff=0.0676  bin_diff=0.0001  ratio=869.77  prune_act=0.0000
  [WB] structure=16/20 (80%)  opp_sim=0.166
  [WB] BOUNDARY OK | CORE>BIN OK | PRUNE silent OK
  [WB] boundary=83/100  core_diff=0.0676  bin_diff=0.0001  ratio=869.77  prune_act=0.0000
  [WB] structure=16/20 (80%)  opp_sim=0.166
  [WB] BOUNDARY OK | CORE>BIN OK | PRUNE silent OK
  step   140/200  loss=0.0000  avg=2.2702  lr=0.000104  B=0  387ms
  [WB] boundary=83/100  core_diff=0.0680  bin_diff=0.0001  ratio=875.35  prune_act=0.0000
  [WB] structure=16/20 (80%)  opp_sim=0.166
  [WB] BOUNDARY OK | CORE>BIN OK | PRUNE silent OK
  [WB] boundary=83/100  core_diff=0.0680  bin_diff=0.0001  ratio=875.35  prune_act=0.0000
  [WB] structure=16/20 (80%)  opp_sim=0.166
  [WB] BOUNDARY OK | CORE>BIN OK | PRUNE silent OK
  step   150/200  loss=0.0000  avg=2.2833  lr=0.000075  B=0  390ms
  [WB] boundary=83/100  core_diff=0.0690  bin_diff=0.0001  ratio=887.02  prune_act=0.0000
  [WB] structure=16/20 (80%)  opp_sim=0.166
  [WB] BOUNDARY OK | CORE>BIN OK | PRUNE silent OK
  [WB] boundary=83/100  core_diff=0.0690  bin_diff=0.0001  ratio=887.02  prune_act=0.0000
  [WB] structure=16/20 (80%)  opp_sim=0.166
  [WB] BOUNDARY OK | CORE>BIN OK | PRUNE silent OK
[*] stateful inference started: window=256, sinks=4, ctx=512
[*] sliding window configured: W=256, sinks=4 (effective context: 260)
  [TRACE] "水": L0[||x||=0.87 C409(+422.12--2.96) B1332(+63.27--58.76) P307(max0.000)] L5[||x||=213.31 C409(+896.49--2.33) B1332(+101.15--65.45) P307(max0.000)] L9[||x||=217.45 C409(+647.71--3.65) B1332(+72.44--66.84) P307(max0.000)] | H=14.76/15 top3=0x79E3 0x16FF 0x60D3 
  step   160/200  loss=9.1846  avg=2.4148  lr=0.000050  B=8  398ms
  [WB] boundary=83/100  core_diff=0.0698  bin_diff=0.0001  ratio=897.36  prune_act=0.0000
  [WB] structure=16/20 (80%)  opp_sim=0.166
  [WB] BOUNDARY OK | CORE>BIN OK | PRUNE silent OK
  [WB] boundary=83/100  core_diff=0.0698  bin_diff=0.0001  ratio=897.36  prune_act=0.0000
  [WB] structure=16/20 (80%)  opp_sim=0.166
  [WB] BOUNDARY OK | CORE>BIN OK | PRUNE silent OK
  step   170/200  loss=0.0000  avg=2.5435  lr=0.000029  B=0  394ms
  [WB] boundary=83/100  core_diff=0.0706  bin_diff=0.0001  ratio=907.10  prune_act=0.0000
  [WB] structure=16/20 (80%)  opp_sim=0.166
  [WB] BOUNDARY OK | CORE>BIN OK | PRUNE silent OK
  [WB] boundary=83/100  core_diff=0.0706  bin_diff=0.0001  ratio=907.10  prune_act=0.0000
  [WB] structure=16/20 (80%)  opp_sim=0.166
  [WB] BOUNDARY OK | CORE>BIN OK | PRUNE silent OK
  step   180/200  loss=0.0000  avg=2.6848  lr=0.000013  B=0  385ms
  [WB] boundary=83/100  core_diff=0.0707  bin_diff=0.0001  ratio=908.95  prune_act=0.0000
  [WB] structure=16/20 (80%)  opp_sim=0.166
  [WB] BOUNDARY OK | CORE>BIN OK | PRUNE silent OK
  [WB] boundary=83/100  core_diff=0.0707  bin_diff=0.0001  ratio=908.95  prune_act=0.0000
  [WB] structure=16/20 (80%)  opp_sim=0.166
  [WB] BOUNDARY OK | CORE>BIN OK | PRUNE silent OK
  step   190/200  loss=0.0000  avg=3.1161  lr=0.000003  B=0  380ms
  [WB] boundary=83/100  core_diff=0.0709  bin_diff=0.0001  ratio=910.31  prune_act=0.0000
  [WB] structure=16/20 (80%)  opp_sim=0.166
  [WB] BOUNDARY OK | CORE>BIN OK | PRUNE silent OK
  [WB] boundary=83/100  core_diff=0.0709  bin_diff=0.0001  ratio=910.31  prune_act=0.0000
  [WB] structure=16/20 (80%)  opp_sim=0.166
  [WB] BOUNDARY OK | CORE>BIN OK | PRUNE silent OK
  step   199/200  loss=0.0000  avg=2.9880  lr=0.000000  B=0  368ms

[*] STE training done in 73.6s (368.2 ms/step)
[*] Best recent loss: 0.0000

[*] Saving trained weights to model_p1_600.ste...
[*] Saved 193438740 bytes
=== Post-Training Whitebox Analysis (surface) ===

=== LAL Whitebox Probe (step checkpoint) ===
Model: 10L, 512 embd, 2048 mlp

--- Embedding Concept Boundary ---

        热  冷  大  小  上  下  亮  暗  重  轻  快  慢  湿  干
  热  +1.00 -0.00 -0.01 -0.09 +0.00 -0.01 +0.01 -0.05 +0.01 -0.01 +0.03 +0.07 -0.00 +0.05
  冷  -0.00 +1.00 +0.39 +0.28 +0.04 +0.03 -0.01 -0.03 +0.05 +0.02 +0.35 -0.07 -0.01 +0.32
  大  -0.01 +0.39 +1.00 +0.36 +0.03 +0.06 +0.02 -0.13 -0.01 +0.00 +0.35 -0.08 -0.04 +0.35
  小  -0.09 +0.28 +0.36 +1.00 +0.06 +0.11 +0.02 -0.02 -0.04 +0.02 +0.32 -0.10 +0.00 +0.35
  上  +0.00 +0.04 +0.03 +0.06 +1.00 +0.67 +0.31 -0.01 -0.04 +0.01 +0.03 +0.02 +0.01 +0.07
  下  -0.01 +0.03 +0.06 +0.11 +0.67 +1.00 +0.33 -0.05 -0.06 -0.01 +0.03 -0.03 +0.01 +0.11
  亮  +0.01 -0.01 +0.02 +0.02 +0.31 +0.33 +1.00 -0.08 -0.05 +0.03 +0.01 -0.10 -0.07 -0.00
  暗  -0.05 -0.03 -0.13 -0.02 -0.01 -0.05 -0.08 +1.00 +0.05 +0.04 -0.05 +0.37 +0.31 -0.01
  重  +0.01 +0.05 -0.01 -0.04 -0.04 -0.06 -0.05 +0.05 +1.00 +0.02 +0.03 +0.05 -0.02 -0.15
  轻  -0.01 +0.02 +0.00 +0.02 +0.01 -0.01 +0.03 +0.04 +0.02 +1.00 -0.02 +0.03 +0.01 +0.00
  快  +0.03 +0.35 +0.35 +0.32 +0.03 +0.03 +0.01 -0.05 +0.03 -0.02 +1.00 -0.11 +0.29 +0.30
  慢  +0.07 -0.07 -0.08 -0.10 +0.02 -0.03 -0.10 +0.37 +0.05 +0.03 -0.11 +1.00 +0.24 -0.07
  湿  -0.00 -0.01 -0.04 +0.00 +0.01 +0.01 -0.07 +0.31 -0.02 +0.01 +0.29 +0.24 +1.00 +0.31
  干  +0.05 +0.32 +0.35 +0.35 +0.07 +0.11 -0.00 -0.01 -0.15 +0.00 +0.30 -0.07 +0.31 +1.00

  Opposite pairs (boundary clarity):
    热 vs 冷: -0.0043 CLEAR
    大 vs 小: +0.3618 weak
    上 vs 下: +0.6668 weak
    亮 vs 暗: -0.0814 CLEAR
    重 vs 轻: +0.0198 CLEAR
    快 vs 慢: -0.1127 CLEAR
    湿 vs 干: +0.3131 weak

  Boundary score: 83/100 (STRONG)

--- CORE Activation (simulated, layer 0) ---

  热 vs 冷: CORE diff=0.0818 act=0.1072 OK | BIN diff=0.0001 | PRUNE act=0.0000
  大 vs 小: CORE diff=0.0384 act=0.0246 OK | BIN diff=0.0001 | PRUNE act=0.0000
  上 vs 下: CORE diff=0.0426 act=0.0453 OK | BIN diff=0.0001 | PRUNE act=0.0000
  亮 vs 暗: CORE diff=0.0857 act=0.0591 OK | BIN diff=0.0001 | PRUNE act=0.0000
  重 vs 轻: CORE diff=0.1072 act=0.0782 OK | BIN diff=0.0001 | PRUNE act=0.0000
  快 vs 慢: CORE diff=0.0956 act=0.0413 OK | BIN diff=0.0001 | PRUNE act=0.0000
  湿 vs 干: CORE diff=0.0447 act=0.0220 OK | BIN diff=0.0001 | PRUNE act=0.0000

--- Weight Structure ---

  L0 mlp: CORE=0.5133 BIN=0.5128 PRUNE=0.4731 OK | attn: CORE=0.5514 BIN=0.5355 PRUNE=0.5208 OK
  L1 mlp: CORE=0.5628 BIN=0.5422 PRUNE=0.4917 OK | attn: CORE=0.5534 BIN=0.5375 PRUNE=0.5215 OK
  ... (layers 2-8) ...
  L9 mlp: CORE=0.4763 BIN=0.4545 PRUNE=0.5052 X | attn: CORE=0.5720 BIN=0.5526 PRUNE=0.5347 OK

  Structure: 80% OK (16/20)

--- Embedding Concept Boundary ---

        热  冷  大  小  上  下  亮  暗  重  轻  快  慢  湿  干
  热  +1.00 -0.00 -0.01 -0.09 +0.00 -0.01 +0.01 -0.05 +0.01 -0.01 +0.03 +0.07 -0.00 +0.05
  冷  -0.00 +1.00 +0.39 +0.28 +0.04 +0.03 -0.01 -0.03 +0.05 +0.02 +0.35 -0.07 -0.01 +0.32
  大  -0.01 +0.39 +1.00 +0.36 +0.03 +0.06 +0.02 -0.13 -0.01 +0.00 +0.35 -0.08 -0.04 +0.35
  小  -0.09 +0.28 +0.36 +1.00 +0.06 +0.11 +0.02 -0.02 -0.04 +0.02 +0.32 -0.10 +0.00 +0.35
  上  +0.00 +0.04 +0.03 +0.06 +1.00 +0.67 +0.31 -0.01 -0.04 +0.01 +0.03 +0.02 +0.01 +0.07
  下  -0.01 +0.03 +0.06 +0.11 +0.67 +1.00 +0.33 -0.05 -0.06 -0.01 +0.03 -0.03 +0.01 +0.11
  亮  +0.01 -0.01 +0.02 +0.02 +0.31 +0.33 +1.00 -0.08 -0.05 +0.03 +0.01 -0.10 -0.07 -0.00
  暗  -0.05 -0.03 -0.13 -0.02 -0.01 -0.05 -0.08 +1.00 +0.05 +0.04 -0.05 +0.37 +0.31 -0.01
  重  +0.01 +0.05 -0.01 -0.04 -0.04 -0.06 -0.05 +0.05 +1.00 +0.02 +0.03 +0.05 -0.02 -0.15
  轻  -0.01 +0.02 +0.00 +0.02 +0.01 -0.01 +0.03 +0.04 +0.02 +1.00 -0.02 +0.03 +0.01 +0.00
  快  +0.03 +0.35 +0.35 +0.32 +0.03 +0.03 +0.01 -0.05 +0.03 -0.02 +1.00 -0.11 +0.29 +0.30
  慢  +0.07 -0.07 -0.08 -0.10 +0.02 -0.03 -0.10 +0.37 +0.05 +0.03 -0.11 +1.00 +0.24 -0.07
  湿  -0.00 -0.01 -0.04 +0.00 +0.01 +0.01 -0.07 +0.31 -0.02 +0.01 +0.29 +0.24 +1.00 +0.31
  干  +0.05 +0.32 +0.35 +0.35 +0.07 +0.11 -0.00 -0.01 -0.15 +0.00 +0.30 -0.07 +0.31 +1.00

  Opposite pairs (boundary clarity):
    热 vs 冷: -0.0043 CLEAR
    大 vs 小: +0.3618 weak
    上 vs 下: +0.6668 weak
    亮 vs 暗: -0.0814 CLEAR
    重 vs 轻: +0.0198 CLEAR
    快 vs 慢: -0.1127 CLEAR
    湿 vs 干: +0.3131 weak

  Boundary score: 83/100 (STRONG)

--- Concept Similarity (mid-layer weights) ---

  Embedding similarity:
        热  冷  大  小  上  下  亮  暗  重  轻  快  慢  湿  干
  热  +1.00 -0.00 -0.01 -0.09 +0.00 -0.01 +0.01 -0.05 +0.01 -0.01 +0.03 +0.07 -0.00 +0.05
  冷  -0.00 +1.00 +0.39 +0.28 +0.04 +0.03 -0.01 -0.03 +0.05 +0.02 +0.35 -0.07 -0.01 +0.32
  大  -0.01 +0.39 +1.00 +0.36 +0.03 +0.06 +0.02 -0.13 -0.01 +0.00 +0.35 -0.08 -0.04 +0.35
  小  -0.09 +0.28 +0.36 +1.00 +0.06 +0.11 +0.02 -0.02 -0.04 +0.02 +0.32 -0.10 +0.00 +0.35
  上  +0.00 +0.04 +0.03 +0.06 +1.00 +0.67 +0.31 -0.01 -0.04 +0.01 +0.03 +0.02 +0.01 +0.07
  下  -0.01 +0.03 +0.06 +0.11 +0.67 +1.00 +0.33 -0.05 -0.06 -0.01 +0.03 -0.03 +0.01 +0.11
  亮  +0.01 -0.01 +0.02 +0.02 +0.31 +0.33 +1.00 -0.08 -0.05 +0.03 +0.01 -0.10 -0.07 -0.00
  暗  -0.05 -0.03 -0.13 -0.02 -0.01 -0.05 -0.08 +1.00 +0.05 +0.04 -0.05 +0.37 +0.31 -0.01
  重  +0.01 +0.05 -0.01 -0.04 -0.04 -0.06 -0.05 +0.05 +1.00 +0.02 +0.03 +0.05 -0.02 -0.15
  轻  -0.01 +0.02 +0.00 +0.02 +0.01 -0.01 +0.03 +0.04 +0.02 +1.00 -0.02 +0.03 +0.01 +0.00
  快  +0.03 +0.35 +0.35 +0.32 +0.03 +0.03 +0.01 -0.05 +0.03 -0.02 +1.00 -0.11 +0.29 +0.30
  慢  +0.07 -0.07 -0.08 -0.10 +0.02 -0.03 -0.10 +0.37 +0.05 +0.03 -0.11 +1.00 +0.24 -0.07
  湿  -0.00 -0.01 -0.04 +0.00 +0.01 +0.01 -0.07 +0.31 -0.02 +0.01 +0.29 +0.24 +1.00 +0.31
  干  +0.05 +0.32 +0.35 +0.35 +0.07 +0.11 -0.00 -0.01 -0.15 +0.00 +0.30 -0.07 +0.31 +1.00


========================================
  DEEP WHITEBOX DIAGNOSIS
  (explaining WHY generation is garbage)
========================================

--- 1. Embedding Space Differentiation ---

  Embedding norms:
    热=0.322 冷=0.334 大=0.354 小=0.342 上=0.342 下=0.328 亮=0.346 暗=0.349 火=0.336 水=0.326 

  Avg cosine similarity:
    Opposite pairs (should be LOW):  0.1999
    Unrelated pairs (should be ~0):  0.0543
    Gap (unrelated - opposite):       -0.1455  [FAIL] embeddings clustered — concepts not separated
           → generation will produce near-random tokens

--- 2. CORE Activation Magnitude ---

  Layer 0 mlp activation (for '热'):
    CORE  : max=0.5597 avg=0.1072  (n=409)
    BINARY: max=0.0003 avg=0.0001  (n=1332)
    CORE diff (热 vs 冷): 0.0818 (76.3% of avg)
    [WEAK] CORE diff marginal — weak discrimination

--- 3. Weight Norm Layering (CORE > BINARY > PRUNE?) ---

  L0: CORE=0.8767 BIN=0.3701 PRUNE=0.0738  [OK layered]
  L1: CORE=0.8881 BIN=0.3710 PRUNE=0.0736  [OK layered]
  L2: CORE=0.7989 BIN=0.3703 PRUNE=0.0736  [OK layered]
  L3: CORE=0.9508 BIN=0.3708 PRUNE=0.0737  [OK layered]
  L4: CORE=0.8386 BIN=0.3705 PRUNE=0.0738  [OK layered]
  L5: CORE=0.8763 BIN=0.3705 PRUNE=0.0737  [OK layered]
  L6: CORE=0.8557 BIN=0.3701 PRUNE=0.0737  [OK layered]
  L7: CORE=1.0323 BIN=0.3714 PRUNE=0.0737  [OK layered]
  L8: CORE=1.1029 BIN=0.3750 PRUNE=0.0735  [OK layered]
  L9: CORE=0.8723 BIN=0.3729 PRUNE=0.0736  [OK layered]

--- 4. Logits Distribution (mode collapse check) ---

  Prompt '热' → top-5 next-token logits:
    token 31861 '。' logit=3.4460
    token 232 '<0xE5>' logit=3.1354
    token 31865 ',' logit=2.5909
    token 234 '<0xE7>' logit=2.5272
    token 13463 '▁=▁5+2×5' logit=2.2705

  Logit range: 5.7948 (max=3.4460 min=-2.3488)
  Softmax entropy: 14.7433 bits (uniform would be 8.00)
  [OK]

========================================
  DIAGNOSIS SUMMARY
========================================
  If generation is garbage, likely causes:
  1. Embeddings not spread (Section 1) → tokens sampled near-randomly
  2. CORE activation too weak (Section 2) → model can't distinguish inputs
  3. Weight norms not layered (Section 3) → logic mask is cosmetic
  4. Logits collapsed/flat (Section 4) → repetitive or random output
  Fix: train more steps, or increase logic_guided_regularization lr
========================================


[*] Done
