[*] Loaded 32768 vocab pieces from tokenizer/chinese_bpe.vocab
=== LAL STE Whitebox-Supervised Training ===

[*] Method: Straight-Through Estimator + CORE/BINARY/PRUNE Logic Guidance
[*]   forward:  CORE = w_float * core_gain * K     (精确计算)
[*]             BINARY = sign(w) * alpha * K       (二值符号)
[*]             PRUNE = 0                           (静默剪枝)
[*]   backward: STE through w_float (CORE+BINARY), PRUNE 无梯度
[*]   update:   Adam on w_float
[*] Logic Guidance (每步,全层):
[*]             CORE  → maximize |act(a) - act(b)|  (差异化反义词)
[*]             BINARY → minimize (act(a) - act(b))^2 (收敛共性)
[*]             PRUNE → skip (保持静默)
[*] Whitebox probe: every 10 steps observe CORE/BINARY/PRUNE circuit

[*] Loaded 1946 samples from data/cognitive_bpe.bin
[*] Using Phase 0: Seed (8L/448d) (~22M params, vocab=32768)
[*] Generated Phase 0: Seed (8L/448d) weights: 8 layers, 448 embd, ~22M params
[*] Logic mask: Phase 0: Moderate (15/60/25) (CORE=15% PRUNE=25%)
[*] loaded 100 tensors
[*] binarizing 8 layers (logic-guided)...
    [logic] CORE=201 (15%), BINARY=807 (60%), PRUNE=336 (25%)
[*] done
[*] freed 32 weight tensors (77 MB) after binarization
[*] Model loaded: 8 layers, 448 embd, k_cache=YES
[*] Resuming from model.ste...
[*] Resumed weights loaded successfully


=== LAL STE Training (B=4, max_pos=64, steps=200, logic_lr=0.0020) ===
[*] STE: forward=sign(w), backward=w_float gradient
[*] Whitebox probe every 10 steps
[*] Semantic regularization every step

  step     0/200  loss=10.2084  avg=10.2084  lr=0.000006  B=4  878ms
  [WB] boundary=83/100  core_diff=0.2153  bin_diff=0.0001  ratio=1979.82  prune_act=0.0000
  [WB] structure=7/16 (44%)  opp_sim=0.174
  [WB] BOUNDARY OK | CORE>BIN OK | PRUNE silent OK
  [WB] boundary=83/100  core_diff=0.2153  bin_diff=0.0001  ratio=1979.82  prune_act=0.0000
  [WB] structure=7/16 (44%)  opp_sim=0.174
  [WB] BOUNDARY OK | CORE>BIN OK | PRUNE silent OK
  step    10/200  loss=10.3965  avg=5.9142  lr=0.000066  B=4  530ms
  [WB] boundary=83/100  core_diff=0.2200  bin_diff=0.0001  ratio=2020.94  prune_act=0.0000
  [WB] structure=7/16 (44%)  opp_sim=0.174
  [WB] BOUNDARY OK | CORE>BIN OK | PRUNE silent OK
  [WB] boundary=83/100  core_diff=0.2200  bin_diff=0.0001  ratio=2020.94  prune_act=0.0000
  [WB] structure=7/16 (44%)  opp_sim=0.174
  [WB] BOUNDARY OK | CORE>BIN OK | PRUNE silent OK
  step    20/200  loss=8.7490  avg=4.4129  lr=0.000126  B=4  384ms
  [WB] boundary=83/100  core_diff=0.2244  bin_diff=0.0001  ratio=2059.02  prune_act=0.0000
  [WB] structure=7/16 (44%)  opp_sim=0.174
  [WB] BOUNDARY OK | CORE>BIN OK | PRUNE silent OK
  [WB] boundary=83/100  core_diff=0.2244  bin_diff=0.0001  ratio=2059.02  prune_act=0.0000
  [WB] structure=7/16 (44%)  opp_sim=0.174
  [WB] BOUNDARY OK | CORE>BIN OK | PRUNE silent OK
  step    30/200  loss=0.0000  avg=4.1190  lr=0.000186  B=0  368ms
  [WB] boundary=83/100  core_diff=0.2321  bin_diff=0.0001  ratio=2124.51  prune_act=0.0000
  [WB] structure=7/16 (44%)  opp_sim=0.174
  [WB] BOUNDARY OK | CORE>BIN OK | PRUNE silent OK
  [WB] boundary=83/100  core_diff=0.2321  bin_diff=0.0001  ratio=2124.51  prune_act=0.0000
  [WB] structure=7/16 (44%)  opp_sim=0.174
  [WB] BOUNDARY OK | CORE>BIN OK | PRUNE silent OK
  step    40/200  loss=9.1228  avg=4.2117  lr=0.000246  B=4  393ms
  [WB] boundary=83/100  core_diff=0.2456  bin_diff=0.0001  ratio=2238.90  prune_act=0.0000
  [WB] structure=7/16 (44%)  opp_sim=0.174
  [WB] BOUNDARY OK | CORE>BIN OK | PRUNE silent OK
  [WB] boundary=83/100  core_diff=0.2456  bin_diff=0.0001  ratio=2238.90  prune_act=0.0000
  [WB] structure=7/16 (44%)  opp_sim=0.174
  [WB] BOUNDARY OK | CORE>BIN OK | PRUNE silent OK
  step    50/200  loss=9.9987  avg=3.9657  lr=0.000300  B=4  363ms
  [WB] boundary=83/100  core_diff=0.2565  bin_diff=0.0001  ratio=2329.54  prune_act=0.0000
  [WB] structure=7/16 (44%)  opp_sim=0.174
  [WB] BOUNDARY OK | CORE>BIN OK | PRUNE silent OK
  [WB] boundary=83/100  core_diff=0.2565  bin_diff=0.0001  ratio=2329.54  prune_act=0.0000
  [WB] structure=7/16 (44%)  opp_sim=0.174
  [WB] BOUNDARY OK | CORE>BIN OK | PRUNE silent OK
[*] stateful inference started: window=256, sinks=4, ctx=512
[*] sliding window configured: W=256, sinks=4 (effective context: 260)
  [TRACE] "冷": L0[||x||=0.85 C268(+22193.97--2.07) B1076(+390.77--47.78) P448(max0.000)] L4[||x||=211.44 C268(+913.00--0.50) B1076(+90.10--60.98) P448(max0.000)] L7[||x||=211.66 C268(+560.50--1.26) B1076(+66.17--59.55) P448(max0.000)] | H=14.76/15 top3=0x1B12 0x15C5 0x5702 
  step    60/200  loss=0.0000  avg=4.2537  lr=0.000297  B=0  363ms
  [WB] boundary=83/100  core_diff=0.2369  bin_diff=0.0001  ratio=2118.47  prune_act=0.0000
  [WB] structure=7/16 (44%)  opp_sim=0.175
  [WB] BOUNDARY OK | CORE>BIN OK | PRUNE silent OK
  [WB] boundary=83/100  core_diff=0.2369  bin_diff=0.0001  ratio=2118.47  prune_act=0.0000
  [WB] structure=7/16 (44%)  opp_sim=0.175
  [WB] BOUNDARY OK | CORE>BIN OK | PRUNE silent OK
  step    70/200  loss=11.0782  avg=3.9160  lr=0.000287  B=4  333ms
  [WB] boundary=83/100  core_diff=0.2385  bin_diff=0.0001  ratio=2124.06  prune_act=0.0000
  [WB] structure=7/16 (44%)  opp_sim=0.175
  [WB] BOUNDARY OK | CORE>BIN OK | PRUNE silent OK
  [WB] boundary=83/100  core_diff=0.2385  bin_diff=0.0001  ratio=2124.06  prune_act=0.0000
  [WB] structure=7/16 (44%)  opp_sim=0.175
  [WB] BOUNDARY OK | CORE>BIN OK | PRUNE silent OK
  step    80/200  loss=0.0000  avg=3.6343  lr=0.000271  B=0  305ms
  [WB] boundary=82/100  core_diff=0.2393  bin_diff=0.0001  ratio=2127.48  prune_act=0.0000
  [WB] structure=7/16 (44%)  opp_sim=0.175
  [WB] BOUNDARY OK | CORE>BIN OK | PRUNE silent OK
  [WB] boundary=82/100  core_diff=0.2393  bin_diff=0.0001  ratio=2127.48  prune_act=0.0000
  [WB] structure=7/16 (44%)  opp_sim=0.175
  [WB] BOUNDARY OK | CORE>BIN OK | PRUNE silent OK
  step    90/200  loss=0.0000  avg=3.4221  lr=0.000250  B=0  304ms
  [WB] boundary=82/100  core_diff=0.2430  bin_diff=0.0001  ratio=2142.60  prune_act=0.0000
  [WB] structure=7/16 (44%)  opp_sim=0.176
  [WB] BOUNDARY OK | CORE>BIN OK | PRUNE silent OK
  [WB] boundary=82/100  core_diff=0.2430  bin_diff=0.0001  ratio=2142.60  prune_act=0.0000
  [WB] structure=7/16 (44%)  opp_sim=0.176
  [WB] BOUNDARY OK | CORE>BIN OK | PRUNE silent OK
  step   100/200  loss=0.0000  avg=3.5084  lr=0.000225  B=0  295ms
  [WB] boundary=82/100  core_diff=0.2457  bin_diff=0.0001  ratio=2151.06  prune_act=0.0000
  [WB] structure=7/16 (44%)  opp_sim=0.176
  [WB] BOUNDARY OK | CORE>BIN OK | PRUNE silent OK
  [WB] boundary=82/100  core_diff=0.2457  bin_diff=0.0001  ratio=2151.06  prune_act=0.0000
  [WB] structure=7/16 (44%)  opp_sim=0.176
  [WB] BOUNDARY OK | CORE>BIN OK | PRUNE silent OK
[*] stateful inference started: window=256, sinks=4, ctx=512
[*] sliding window configured: W=256, sinks=4 (effective context: 260)
  [TRACE] "火": L0[||x||=0.78 C268(+25945.25--1.90) B1076(+455.44--48.46) P448(max0.000)] L4[||x||=211.43 C268(+28646.73--2.70) B1076(+147.19--52.19) P448(max0.000)] L7[||x||=211.66 C268(+29392.71--1.13) B1076(+147.31--45.18) P448(max0.000)] | H=14.72/15 top3=0x7C75 0x7C90 0xEB 
  step   110/200  loss=0.0000  avg=3.4642  lr=0.000196  B=0  283ms
  [WB] boundary=82/100  core_diff=0.2475  bin_diff=0.0001  ratio=2157.45  prune_act=0.0000
  [WB] structure=7/16 (44%)  opp_sim=0.176
  [WB] BOUNDARY OK | CORE>BIN OK | PRUNE silent OK
  [WB] boundary=82/100  core_diff=0.2475  bin_diff=0.0001  ratio=2157.45  prune_act=0.0000
  [WB] structure=7/16 (44%)  opp_sim=0.176
  [WB] BOUNDARY OK | CORE>BIN OK | PRUNE silent OK
  step   120/200  loss=0.0000  avg=3.1988  lr=0.000166  B=0  281ms
  [WB] boundary=82/100  core_diff=0.2497  bin_diff=0.0001  ratio=2163.51  prune_act=0.0000
  [WB] structure=7/16 (44%)  opp_sim=0.177
  [WB] BOUNDARY OK | CORE>BIN OK | PRUNE silent OK
  [WB] boundary=82/100  core_diff=0.2497  bin_diff=0.0001  ratio=2163.51  prune_act=0.0000
  [WB] structure=7/16 (44%)  opp_sim=0.177
  [WB] BOUNDARY OK | CORE>BIN OK | PRUNE silent OK
  step   130/200  loss=0.0000  avg=3.4748  lr=0.000134  B=0  273ms
  [WB] boundary=82/100  core_diff=0.2515  bin_diff=0.0001  ratio=2168.47  prune_act=0.0000
  [WB] structure=7/16 (44%)  opp_sim=0.177
  [WB] BOUNDARY OK | CORE>BIN OK | PRUNE silent OK
  [WB] boundary=82/100  core_diff=0.2515  bin_diff=0.0001  ratio=2168.47  prune_act=0.0000
  [WB] structure=7/16 (44%)  opp_sim=0.177
  [WB] BOUNDARY OK | CORE>BIN OK | PRUNE silent OK
  step   140/200  loss=9.8449  avg=3.3550  lr=0.000104  B=4  273ms
  [WB] boundary=82/100  core_diff=0.2526  bin_diff=0.0001  ratio=2170.95  prune_act=0.0000
  [WB] structure=7/16 (44%)  opp_sim=0.177
  [WB] BOUNDARY OK | CORE>BIN OK | PRUNE silent OK
  [WB] boundary=82/100  core_diff=0.2526  bin_diff=0.0001  ratio=2170.95  prune_act=0.0000
  [WB] structure=7/16 (44%)  opp_sim=0.177
  [WB] BOUNDARY OK | CORE>BIN OK | PRUNE silent OK
  step   150/200  loss=9.3292  avg=3.4480  lr=0.000075  B=8  268ms
  [WB] boundary=82/100  core_diff=0.2531  bin_diff=0.0001  ratio=2172.03  prune_act=0.0000
  [WB] structure=7/16 (44%)  opp_sim=0.177
  [WB] BOUNDARY OK | CORE>BIN OK | PRUNE silent OK
  [WB] boundary=82/100  core_diff=0.2531  bin_diff=0.0001  ratio=2172.03  prune_act=0.0000
  [WB] structure=7/16 (44%)  opp_sim=0.177
  [WB] BOUNDARY OK | CORE>BIN OK | PRUNE silent OK
[*] stateful inference started: window=256, sinks=4, ctx=512
[*] sliding window configured: W=256, sinks=4 (effective context: 260)
  [TRACE] "水": L0[||x||=0.80 C268(+29650.56--1.57) B1076(+545.87--50.59) P448(max0.000)] L4[||x||=211.66 C268(+667.83--1.78) B1076(+97.08--56.97) P448(max0.000)] L7[||x||=211.66 C268(+789.89--0.72) B1076(+80.24--68.80) P448(max0.000)] | H=14.76/15 top3=0x1B12 0x5DDA 0x676A 
  step   160/200  loss=0.0000  avg=3.5399  lr=0.000050  B=0  267ms
  [WB] boundary=82/100  core_diff=0.2537  bin_diff=0.0001  ratio=2173.25  prune_act=0.0000
  [WB] structure=7/16 (44%)  opp_sim=0.177
  [WB] BOUNDARY OK | CORE>BIN OK | PRUNE silent OK
  [WB] boundary=82/100  core_diff=0.2537  bin_diff=0.0001  ratio=2173.25  prune_act=0.0000
  [WB] structure=7/16 (44%)  opp_sim=0.177
  [WB] BOUNDARY OK | CORE>BIN OK | PRUNE silent OK
  step   170/200  loss=9.3964  avg=3.7307  lr=0.000029  B=4  266ms
  [WB] boundary=82/100  core_diff=0.2540  bin_diff=0.0001  ratio=2174.12  prune_act=0.0000
  [WB] structure=7/16 (44%)  opp_sim=0.177
  [WB] BOUNDARY OK | CORE>BIN OK | PRUNE silent OK
  [WB] boundary=82/100  core_diff=0.2540  bin_diff=0.0001  ratio=2174.12  prune_act=0.0000
  [WB] structure=7/16 (44%)  opp_sim=0.177
  [WB] BOUNDARY OK | CORE>BIN OK | PRUNE silent OK
  step   180/200  loss=7.5398  avg=3.9306  lr=0.000013  B=4  267ms
  [WB] boundary=82/100  core_diff=0.2542  bin_diff=0.0001  ratio=2174.90  prune_act=0.0000
  [WB] structure=7/16 (44%)  opp_sim=0.177
  [WB] BOUNDARY OK | CORE>BIN OK | PRUNE silent OK
  [WB] boundary=82/100  core_diff=0.2542  bin_diff=0.0001  ratio=2174.90  prune_act=0.0000
  [WB] structure=7/16 (44%)  opp_sim=0.177
  [WB] BOUNDARY OK | CORE>BIN OK | PRUNE silent OK
  step   190/200  loss=0.0000  avg=3.4231  lr=0.000003  B=0  258ms
  [WB] boundary=82/100  core_diff=0.2542  bin_diff=0.0001  ratio=2174.97  prune_act=0.0000
  [WB] structure=7/16 (44%)  opp_sim=0.177
  [WB] BOUNDARY OK | CORE>BIN OK | PRUNE silent OK
  [WB] boundary=82/100  core_diff=0.2542  bin_diff=0.0001  ratio=2174.97  prune_act=0.0000
  [WB] structure=7/16 (44%)  opp_sim=0.177
  [WB] BOUNDARY OK | CORE>BIN OK | PRUNE silent OK
  step   199/200  loss=8.9643  avg=4.0582  lr=0.000000  B=4  263ms

[*] STE training done in 52.6s (262.8 ms/step)
[*] Best recent loss: 3.1988

[*] Saving trained weights to model_400.ste...
[*] Saved 136141844 bytes
=== Post-Training Whitebox Analysis (surface) ===

=== LAL Whitebox Probe (step checkpoint) ===
Model: 8L, 448 embd, 1792 mlp

--- Embedding Concept Boundary ---

        热  冷  大  小  上  下  亮  暗  重  轻  快  慢  湿  干
  热  +1.00 +0.06 -0.02 +0.06 +0.03 +0.09 -0.03 +0.01 +0.03 +0.02 +0.03 -0.01 +0.07 +0.07
  冷  +0.06 +1.00 +0.31 +0.39 +0.01 +0.02 +0.02 -0.04 -0.04 +0.10 +0.35 +0.04 -0.01 +0.32
  大  -0.02 +0.31 +1.00 +0.29 +0.00 +0.05 +0.04 -0.07 +0.03 -0.04 +0.35 -0.05 -0.08 +0.30
  小  +0.06 +0.39 +0.29 +1.00 +0.02 +0.04 +0.03 -0.07 -0.02 -0.06 +0.38 -0.00 +0.00 +0.34
  上  +0.03 +0.01 +0.00 +0.02 +1.00 +0.64 +0.27 -0.08 +0.06 -0.04 +0.01 -0.06 -0.05 +0.05
  下  +0.09 +0.02 +0.05 +0.04 +0.64 +1.00 +0.28 -0.10 -0.02 +0.02 +0.05 -0.06 -0.04 +0.01
  亮  -0.03 +0.02 +0.04 +0.03 +0.27 +0.28 +1.00 -0.05 +0.12 +0.05 +0.04 +0.04 -0.04 -0.02
  暗  +0.01 -0.04 -0.07 -0.07 -0.08 -0.10 -0.05 +1.00 +0.05 +0.01 -0.09 +0.34 +0.34 -0.03
  重  +0.03 -0.04 +0.03 -0.02 +0.06 -0.02 +0.12 +0.05 +1.00 +0.06 -0.06 +0.07 +0.02 -0.03
  轻  +0.02 +0.10 -0.04 -0.06 -0.04 +0.02 +0.05 +0.01 +0.06 +1.00 +0.01 +0.06 +0.03 -0.06
  快  +0.03 +0.35 +0.35 +0.38 +0.01 +0.05 +0.04 -0.09 -0.06 +0.01 +1.00 -0.07 +0.25 +0.27
  慢  -0.01 +0.04 -0.05 -0.00 -0.06 -0.06 +0.04 +0.34 +0.07 +0.06 -0.07 +1.00 +0.29 -0.03
  湿  +0.07 -0.01 -0.08 +0.00 -0.05 -0.04 -0.04 +0.34 +0.02 +0.03 +0.25 +0.29 +1.00 +0.31
  干  +0.07 +0.32 +0.30 +0.34 +0.05 +0.01 -0.02 -0.03 -0.03 -0.06 +0.27 -0.03 +0.31 +1.00

  Opposite pairs (boundary clarity):
    热 vs 冷: +0.0557 CLEAR
    大 vs 小: +0.2928 CLEAR
    上 vs 下: +0.6429 weak
    亮 vs 暗: -0.0505 CLEAR
    重 vs 轻: +0.0631 CLEAR
    快 vs 慢: -0.0679 CLEAR
    湿 vs 干: +0.3060 weak

  Boundary score: 82/100 (STRONG)

--- CORE Activation (simulated, layer 0) ---

  热 vs 冷: CORE diff=0.5851 act=0.1518 OK | BIN diff=0.0002 | PRUNE act=0.0000
  大 vs 小: CORE diff=0.1385 act=0.4605 OK | BIN diff=0.0001 | PRUNE act=0.0000
  上 vs 下: CORE diff=0.1140 act=0.0559 OK | BIN diff=0.0001 | PRUNE act=0.0000
  亮 vs 暗: CORE diff=0.4445 act=0.1497 OK | BIN diff=0.0001 | PRUNE act=0.0000
  重 vs 轻: CORE diff=0.3411 act=0.3798 OK | BIN diff=0.0001 | PRUNE act=0.0000
  快 vs 慢: CORE diff=0.0535 act=0.2046 OK | BIN diff=0.0001 | PRUNE act=0.0000
  湿 vs 干: CORE diff=0.1030 act=0.0447 OK | BIN diff=0.0001 | PRUNE act=0.0000

--- Weight Structure ---

  L0 mlp: CORE=1.5177 BIN=1.5085 PRUNE=1.4540 OK | attn: CORE=0.5356 BIN=0.5238 PRUNE=0.5087 OK
  L1 mlp: CORE=1.1654 BIN=1.1584 PRUNE=1.1788 X | attn: CORE=0.6390 BIN=0.6263 PRUNE=0.5827 OK
  ... (layers 2-6) ...
  L7 mlp: CORE=0.9244 BIN=0.9190 PRUNE=0.7625 OK | attn: CORE=1.0906 BIN=0.8789 PRUNE=0.9081 X

  Structure: 44% OK (7/16)

--- Embedding Concept Boundary ---

        热  冷  大  小  上  下  亮  暗  重  轻  快  慢  湿  干
  热  +1.00 +0.06 -0.02 +0.06 +0.03 +0.09 -0.03 +0.01 +0.03 +0.02 +0.03 -0.01 +0.07 +0.07
  冷  +0.06 +1.00 +0.31 +0.39 +0.01 +0.02 +0.02 -0.04 -0.04 +0.10 +0.35 +0.04 -0.01 +0.32
  大  -0.02 +0.31 +1.00 +0.29 +0.00 +0.05 +0.04 -0.07 +0.03 -0.04 +0.35 -0.05 -0.08 +0.30
  小  +0.06 +0.39 +0.29 +1.00 +0.02 +0.04 +0.03 -0.07 -0.02 -0.06 +0.38 -0.00 +0.00 +0.34
  上  +0.03 +0.01 +0.00 +0.02 +1.00 +0.64 +0.27 -0.08 +0.06 -0.04 +0.01 -0.06 -0.05 +0.05
  下  +0.09 +0.02 +0.05 +0.04 +0.64 +1.00 +0.28 -0.10 -0.02 +0.02 +0.05 -0.06 -0.04 +0.01
  亮  -0.03 +0.02 +0.04 +0.03 +0.27 +0.28 +1.00 -0.05 +0.12 +0.05 +0.04 +0.04 -0.04 -0.02
  暗  +0.01 -0.04 -0.07 -0.07 -0.08 -0.10 -0.05 +1.00 +0.05 +0.01 -0.09 +0.34 +0.34 -0.03
  重  +0.03 -0.04 +0.03 -0.02 +0.06 -0.02 +0.12 +0.05 +1.00 +0.06 -0.06 +0.07 +0.02 -0.03
  轻  +0.02 +0.10 -0.04 -0.06 -0.04 +0.02 +0.05 +0.01 +0.06 +1.00 +0.01 +0.06 +0.03 -0.06
  快  +0.03 +0.35 +0.35 +0.38 +0.01 +0.05 +0.04 -0.09 -0.06 +0.01 +1.00 -0.07 +0.25 +0.27
  慢  -0.01 +0.04 -0.05 -0.00 -0.06 -0.06 +0.04 +0.34 +0.07 +0.06 -0.07 +1.00 +0.29 -0.03
  湿  +0.07 -0.01 -0.08 +0.00 -0.05 -0.04 -0.04 +0.34 +0.02 +0.03 +0.25 +0.29 +1.00 +0.31
  干  +0.07 +0.32 +0.30 +0.34 +0.05 +0.01 -0.02 -0.03 -0.03 -0.06 +0.27 -0.03 +0.31 +1.00

  Opposite pairs (boundary clarity):
    热 vs 冷: +0.0557 CLEAR
    大 vs 小: +0.2928 CLEAR
    上 vs 下: +0.6429 weak
    亮 vs 暗: -0.0505 CLEAR
    重 vs 轻: +0.0631 CLEAR
    快 vs 慢: -0.0679 CLEAR
    湿 vs 干: +0.3060 weak

  Boundary score: 82/100 (STRONG)

--- Concept Similarity (mid-layer weights) ---

  Embedding similarity:
        热  冷  大  小  上  下  亮  暗  重  轻  快  慢  湿  干
  热  +1.00 +0.06 -0.02 +0.06 +0.03 +0.09 -0.03 +0.01 +0.03 +0.02 +0.03 -0.01 +0.07 +0.07
  冷  +0.06 +1.00 +0.31 +0.39 +0.01 +0.02 +0.02 -0.04 -0.04 +0.10 +0.35 +0.04 -0.01 +0.32
  大  -0.02 +0.31 +1.00 +0.29 +0.00 +0.05 +0.04 -0.07 +0.03 -0.04 +0.35 -0.05 -0.08 +0.30
  小  +0.06 +0.39 +0.29 +1.00 +0.02 +0.04 +0.03 -0.07 -0.02 -0.06 +0.38 -0.00 +0.00 +0.34
  上  +0.03 +0.01 +0.00 +0.02 +1.00 +0.64 +0.27 -0.08 +0.06 -0.04 +0.01 -0.06 -0.05 +0.05
  下  +0.09 +0.02 +0.05 +0.04 +0.64 +1.00 +0.28 -0.10 -0.02 +0.02 +0.05 -0.06 -0.04 +0.01
  亮  -0.03 +0.02 +0.04 +0.03 +0.27 +0.28 +1.00 -0.05 +0.12 +0.05 +0.04 +0.04 -0.04 -0.02
  暗  +0.01 -0.04 -0.07 -0.07 -0.08 -0.10 -0.05 +1.00 +0.05 +0.01 -0.09 +0.34 +0.34 -0.03
  重  +0.03 -0.04 +0.03 -0.02 +0.06 -0.02 +0.12 +0.05 +1.00 +0.06 -0.06 +0.07 +0.02 -0.03
  轻  +0.02 +0.10 -0.04 -0.06 -0.04 +0.02 +0.05 +0.01 +0.06 +1.00 +0.01 +0.06 +0.03 -0.06
  快  +0.03 +0.35 +0.35 +0.38 +0.01 +0.05 +0.04 -0.09 -0.06 +0.01 +1.00 -0.07 +0.25 +0.27
  慢  -0.01 +0.04 -0.05 -0.00 -0.06 -0.06 +0.04 +0.34 +0.07 +0.06 -0.07 +1.00 +0.29 -0.03
  湿  +0.07 -0.01 -0.08 +0.00 -0.05 -0.04 -0.04 +0.34 +0.02 +0.03 +0.25 +0.29 +1.00 +0.31
  干  +0.07 +0.32 +0.30 +0.34 +0.05 +0.01 -0.02 -0.03 -0.03 -0.06 +0.27 -0.03 +0.31 +1.00


========================================
  DEEP WHITEBOX DIAGNOSIS
  (explaining WHY generation is garbage)
========================================

--- 1. Embedding Space Differentiation ---

  Embedding norms:
    热=0.326 冷=0.349 大=0.339 小=0.343 上=0.324 下=0.340 亮=0.326 暗=0.344 火=0.333 水=0.338 

  Avg cosine similarity:
    Opposite pairs (should be LOW):  0.1936
    Unrelated pairs (should be ~0):  0.0599
    Gap (unrelated - opposite):       -0.1337  [FAIL] embeddings clustered — concepts not separated
           → generation will produce near-random tokens

--- 2. CORE Activation Magnitude ---

  Layer 0 mlp activation (for '热'):
    CORE  : max=0.3963 avg=0.1518  (n=268)
    BINARY: max=0.0003 avg=0.0001  (n=1076)
    CORE diff (热 vs 冷): 0.5851 (385.4% of avg)
    [OK]

--- 3. Weight Norm Layering (CORE > BINARY > PRUNE?) ---

  L0: CORE=3.1366 BIN=0.4072 PRUNE=0.0308  [OK layered]
  L1: CORE=3.4973 BIN=0.4106 PRUNE=0.0309  [OK layered]
  L2: CORE=3.6671 BIN=0.4200 PRUNE=0.0308  [OK layered]
  L3: CORE=3.3567 BIN=0.4225 PRUNE=0.0308  [OK layered]
  L4: CORE=3.5450 BIN=0.4212 PRUNE=0.0308  [OK layered]
  L5: CORE=3.5230 BIN=0.4213 PRUNE=0.0308  [OK layered]
  L6: CORE=4.3218 BIN=0.4407 PRUNE=0.0308  [OK layered]
  L7: CORE=3.4660 BIN=0.4031 PRUNE=0.0308  [OK layered]

--- 4. Logits Distribution (mode collapse check) ---

  Prompt '热' → top-5 next-token logits:
    token 13627 '▁+▁13▁=▁3' logit=2.1632
    token 8521 ':40▁÷▁8▁=▁5。' logit=2.1247
    token 3301 '.7。' logit=2.1229
    token 19798 '×3▁=▁39;' logit=2.1217
    token 12323 '▁(-2,▁-2),' logit=2.0661

  Logit range: 5.5817 (max=2.1632 min=-3.4185)
  Softmax entropy: 14.7484 bits (uniform would be 8.00)
  [OK]

========================================
  DIAGNOSIS SUMMARY
========================================
  If generation is garbage, likely causes:
  1. Embeddings not spread (Section 1) → tokens sampled near-randomly
  2. CORE activation too weak (Section 2) → model can't distinguish inputs
  3. Weight norms not layered (Section 3) → logic mask is cosmetic
  4. Logits collapsed/flat (Section 4) → repetitive or random output
  Fix: train more steps, or increase logic_guided_regularization lr
========================================


[*] Done
