[*] Loaded 32768 vocab pieces from tokenizer/chinese_bpe.vocab
=== LAL STE Whitebox-Supervised Training ===

[*] Method: Straight-Through Estimator + CORE/BINARY/PRUNE Logic Guidance
[*]   forward:  CORE = w_float * core_gain * K     (精确计算)
[*]             BINARY = sign(w) * alpha * K       (二值符号)
[*]             PRUNE = 0                           (静默剪枝)
[*]   backward: STE through w_float (CORE+BINARY), PRUNE 无梯度
[*]   update:   Adam on w_float
[*] Logic Guidance (每步,全层):
[*]             CORE  → maximize |act(a) - act(b)|  (差异化反义词)
[*]             BINARY → minimize (act(a) - act(b))^2 (收敛共性)
[*]             PRUNE → skip (保持静默)
[*] Whitebox probe: every 10 steps observe CORE/BINARY/PRUNE circuit

[*] Loaded 69990 samples from data/general_bpe.bin
[*] Using Phase 0.5: 6L test (6L/512d) (~18M params, vocab=32768)
[*] Generated Phase 0.5: 6L test (6L/512d) weights: 6 layers, 512 embd, ~18M params
[*] Logic mask: Phase 1: Growing (20/65/15) (CORE=20% PRUNE=15%)
[*] loaded 76 tensors
[*] binarizing 6 layers (logic-guided)...
    [logic] CORE=409 (20%), BINARY=1332 (65%), PRUNE=307 (15%)
[*] done
[*] freed 24 weight tensors (75 MB) after binarization
[*] Model loaded: 6 layers, 512 embd, k_cache=YES
[*] Resuming from model_v13d.ste...
[*] Resumed g_opt_step = 2600 (Adam bias correction preserved)
[*] Resumed weights loaded successfully


=== LAL STE Training (B=4, max_pos=64, steps=1000, start_step=2600, total_sched=3600, logic_lr=1.0000) ===
[*] STE: forward=sign(w), backward=w_float gradient
[*] Whitebox probe every 10 steps
[*] Semantic regularization every step

  [LOGIC] loss=-1043.8209
  step     0/1000 (global=2600)  loss=6.0804  avg=6.0804  lr=0.000183  B=16  15078ms
  [WB] boundary=92/100  core_diff=1.9105  bin_diff=0.0119  ratio=160.81  prune_act=0.0000
  [WB] structure=6/12 (50%)  opp_sim=0.084
  [WB] BOUNDARY OK | CORE>BIN OK | PRUNE silent OK
  [LOGIC] loss=-923.0269
  step    10/1000 (global=2610)  loss=5.3050  avg=6.2259  lr=0.000180  B=16  15010ms
  [WB] boundary=92/100  core_diff=1.8812  bin_diff=0.0064  ratio=294.48  prune_act=0.0000
  [WB] structure=6/12 (50%)  opp_sim=0.082
  [WB] BOUNDARY OK | CORE>BIN OK | PRUNE silent OK
  [LOGIC] loss=-924.0201
  step    20/1000 (global=2620)  loss=6.9851  avg=6.3662  lr=0.000177  B=16  14954ms
  [WB] boundary=92/100  core_diff=1.8852  bin_diff=0.0033  ratio=565.62  prune_act=0.0000
  [WB] structure=6/12 (50%)  opp_sim=0.082
  [WB] BOUNDARY OK | CORE>BIN OK | PRUNE silent OK
  [LOGIC] loss=-923.5811
  step    30/1000 (global=2630)  loss=7.1583  avg=6.2778  lr=0.000173  B=16  15043ms
  [WB] boundary=92/100  core_diff=1.8932  bin_diff=0.0035  ratio=547.56  prune_act=0.0000
  [WB] structure=6/12 (50%)  opp_sim=0.081
  [WB] BOUNDARY OK | CORE>BIN OK | PRUNE silent OK
  [LOGIC] loss=-926.2479
  step    40/1000 (global=2640)  loss=6.0112  avg=6.2300  lr=0.000170  B=16  14892ms
  [WB] boundary=92/100  core_diff=1.9015  bin_diff=0.0033  ratio=575.49  prune_act=0.0000
  [WB] structure=6/12 (50%)  opp_sim=0.079
  [WB] BOUNDARY OK | CORE>BIN OK | PRUNE silent OK
