[*] Loaded 32768 vocab pieces from tokenizer/chinese_bpe.vocab
=== LAL STE Whitebox-Supervised Training ===

[*] Method: Straight-Through Estimator + CORE/BINARY/PRUNE Logic Guidance
[*]   forward:  CORE = w_float * core_gain * K     (精确计算)
[*]             BINARY = sign(w) * alpha * K       (二值符号)
[*]             PRUNE = 0                           (静默剪枝)
[*]   backward: STE through w_float (CORE+BINARY), PRUNE 无梯度
[*]   update:   Adam on w_float
[*] Logic Guidance (每步,全层):
[*]             CORE  → maximize |act(a) - act(b)|  (差异化反义词)
[*]             BINARY → minimize (act(a) - act(b))^2 (收敛共性)
[*]             PRUNE → skip (保持静默)
[*] Whitebox probe: every 10 steps observe CORE/BINARY/PRUNE circuit

[*] Loaded 16482 samples from data/large_bpe.bin
[*] Using Phase 0: Seed (8L/448d) (~22M params, vocab=32768)
[*] Generated Phase 0: Seed (8L/448d) weights: 8 layers, 448 embd, ~22M params
[*] Logic mask: Phase 0: Moderate (15/60/25) (CORE=15% PRUNE=25%)
[*] loaded 100 tensors
[*] binarizing 8 layers (logic-guided)...
    [logic] CORE=201 (15%), BINARY=807 (60%), PRUNE=336 (25%)
[*] done
[*] freed 32 weight tensors (77 MB) after binarization
[*] Model loaded: 8 layers, 448 embd, k_cache=YES
[*] Resuming from model_v13l.ste...
[*] Resumed g_opt_step = 2320 (Adam bias correction preserved)
[*] Resumed weights loaded successfully


=== LAL STE Training (B=4, max_pos=256, steps=1000, start_step=0, total_sched=1000, logic_lr=3.0000, logic_only=0) ===
[*] STE: forward=sign(w), backward=w_float gradient
[*] Whitebox probe every 10 steps
[*] Semantic regularization every step
  [DIVERSITY] max_cos=0.9632 n_collapsed=10/56 layers
  [LOGIC] mlp=-713.1904 attn=-56.5496 div=5.0123
  [TIME] CE=392ms logic_reg=2772ms
  step     0/1000 (global=0)  loss=5.1715  avg=5.1715  lr=0.000016  B=8  3223ms
  [WB] boundary=90/100  core_diff=2.8322  bin_diff=0.0330  ratio=85.84  prune_act=0.0000
  [WB] structure=14/16 (88%)  opp_sim=0.096
  [WB] BOUNDARY OK | CORE>BIN OK | PRUNE silent OK
  [DIVERSITY] max_cos=0.9632 n_collapsed=10/56 layers
  [LOGIC] mlp=-705.1569 attn=-56.3729 div=5.0138
  [TIME] CE=389ms logic_reg=2672ms
  step    10/1000 (global=10)  loss=4.0049  avg=6.0282  lr=0.000176  B=8  2301ms
  [WB] boundary=90/100  core_diff=2.8422  bin_diff=0.0335  ratio=84.97  prune_act=0.0000
  [WB] structure=14/16 (88%)  opp_sim=0.096
  [WB] BOUNDARY OK | CORE>BIN OK | PRUNE silent OK
  [DIVERSITY] max_cos=0.9634 n_collapsed=10/56 layers
  [LOGIC] mlp=-703.7651 attn=-56.0814 div=5.0161
  [TIME] CE=395ms logic_reg=2664ms
  step    20/1000 (global=20)  loss=7.4364  avg=6.2356  lr=0.000336  B=8  2257ms
  [WB] boundary=90/100  core_diff=2.8539  bin_diff=0.0342  ratio=83.44  prune_act=0.0000
  [WB] structure=14/16 (88%)  opp_sim=0.096
  [WB] BOUNDARY OK | CORE>BIN OK | PRUNE silent OK
    [plan-I] step 2349 W_v approx_rank=18.6 (frob=18.56 max_row=1.00)
    [ortho] step 2349 L0 W_o off_diag=0.32 diag_dev=0.0538
    [plan-I] step 2349 W_v approx_rank=18.3 (frob=18.23 max_row=1.00)
    [ortho] step 2349 L1 W_o off_diag=0.33 diag_dev=0.0536
    [plan-I] step 2349 W_v approx_rank=18.3 (frob=18.20 max_row=1.00)
    [ortho] step 2349 L2 W_o off_diag=0.33 diag_dev=0.0529
    [plan-I] step 2349 W_v approx_rank=18.0 (frob=17.90 max_row=1.00)
    [ortho] step 2349 L3 W_o off_diag=0.34 diag_dev=0.0530
    [plan-I] step 2349 W_v approx_rank=18.5 (frob=18.42 max_row=1.00)
    [ortho] step 2349 L4 W_o off_diag=0.34 diag_dev=0.0519
    [plan-I] step 2349 W_v approx_rank=18.4 (frob=18.39 max_row=1.00)
    [ortho] step 2349 L5 W_o off_diag=0.34 diag_dev=0.0521
    [plan-I] step 2349 W_v approx_rank=18.5 (frob=18.42 max_row=1.00)
    [ortho] step 2349 L6 W_o off_diag=0.30 diag_dev=0.0581
    [plan-I] step 2349 W_v approx_rank=17.9 (frob=17.85 max_row=1.00)
    [ortho] step 2349 L7 W_o off_diag=0.28 diag_dev=0.0607
  [DIVERSITY] max_cos=0.9636 n_collapsed=10/56 layers
  [LOGIC] mlp=-696.1518 attn=-56.3223 div=5.0360
  [TIME] CE=403ms logic_reg=2666ms
  step    30/1000 (global=30)  loss=8.4092  avg=6.4842  lr=0.000496  B=8  2243ms
  [WB] boundary=90/100  core_diff=2.8640  bin_diff=0.0378  ratio=75.81  prune_act=0.0000
  [WB] structure=14/16 (88%)  opp_sim=0.096
  [WB] BOUNDARY OK | CORE>BIN OK | PRUNE silent OK
  [DIVERSITY] max_cos=0.9634 n_collapsed=10/56 layers
  [LOGIC] mlp=-697.2822 attn=-57.5916 div=4.9757
  [TIME] CE=384ms logic_reg=2675ms
  step    40/1000 (global=40)  loss=8.1144  avg=6.5627  lr=0.000656  B=8  2235ms
  [WB] boundary=90/100  core_diff=2.8965  bin_diff=0.0332  ratio=87.13  prune_act=0.0000
  [WB] structure=14/16 (88%)  opp_sim=0.096
  [WB] BOUNDARY OK | CORE>BIN OK | PRUNE silent OK
  [DIVERSITY] max_cos=0.9626 n_collapsed=10/56 layers
  [LOGIC] mlp=-694.9443 attn=-57.4625 div=4.8914
  [TIME] CE=393ms logic_reg=2707ms
  step    50/1000 (global=50)  loss=5.0127  avg=6.4764  lr=0.000800  B=8  2232ms
  [WB] boundary=90/100  core_diff=2.9466  bin_diff=0.0371  ratio=79.46  prune_act=0.0000
  [WB] structure=14/16 (88%)  opp_sim=0.096
  [WB] BOUNDARY OK | CORE>BIN OK | PRUNE silent OK
[*] stateful inference started: window=9996, sinks=4, ctx=10240
[*] sliding window configured: W=9996, sinks=4 (effective context: 10000)
  [TRACE] "冷": L0[||x||=3.27 C268(+139.47--12.91) B1076(+483.55--32.85) P448(max0.000)] L4[||x||=1.04 C268(+240.18--11.50) B1076(+73.14--73.87) P448(max0.000)] L7[||x||=0.58 C268(+353.43--6.13) B1076(+455.33--37.59) P448(max0.000)] | H=12.70/15 top3=31861 31865 99 
  [DIVERSITY] max_cos=0.9621 n_collapsed=10/56 layers
  [LOGIC] mlp=-700.7239 attn=-58.7403 div=4.8019
  [TIME] CE=392ms logic_reg=2665ms
  step    60/1000 (global=60)  loss=4.9147  avg=6.4448  lr=0.000800  B=8  2232ms
  [WB] boundary=90/100  core_diff=3.0013  bin_diff=0.0397  ratio=75.53  prune_act=0.0000
  [WB] structure=14/16 (88%)  opp_sim=0.096
  [WB] BOUNDARY OK | CORE>BIN OK | PRUNE silent OK
  [DIVERSITY] max_cos=0.9621 n_collapsed=10/56 layers
  [LOGIC] mlp=-700.6417 attn=-58.0707 div=4.8696
  [TIME] CE=397ms logic_reg=2669ms
  step    70/1000 (global=70)  loss=5.7779  avg=6.5302  lr=0.000799  B=8  2229ms
  [WB] boundary=90/100  core_diff=3.0247  bin_diff=0.0372  ratio=81.33  prune_act=0.0000
  [WB] structure=14/16 (88%)  opp_sim=0.096
  [WB] BOUNDARY OK | CORE>BIN OK | PRUNE silent OK
    [plan-I] step 2399 W_v approx_rank=18.6 (frob=18.56 max_row=1.00)
    [ortho] step 2399 L0 W_o off_diag=0.34 diag_dev=0.0525
    [plan-I] step 2399 W_v approx_rank=18.3 (frob=18.23 max_row=1.00)
    [ortho] step 2399 L1 W_o off_diag=0.35 diag_dev=0.0522
    [plan-I] step 2399 W_v approx_rank=18.3 (frob=18.20 max_row=1.00)
    [ortho] step 2399 L2 W_o off_diag=0.36 diag_dev=0.0510
    [plan-I] step 2399 W_v approx_rank=18.0 (frob=17.90 max_row=1.00)
    [ortho] step 2399 L3 W_o off_diag=0.35 diag_dev=0.0518
    [plan-I] step 2399 W_v approx_rank=18.5 (frob=18.42 max_row=1.00)
    [ortho] step 2399 L4 W_o off_diag=0.37 diag_dev=0.0504
    [plan-I] step 2399 W_v approx_rank=18.4 (frob=18.39 max_row=1.00)
    [ortho] step 2399 L5 W_o off_diag=0.36 diag_dev=0.0509
    [plan-I] step 2399 W_v approx_rank=18.5 (frob=18.42 max_row=1.00)
    [ortho] step 2399 L6 W_o off_diag=0.33 diag_dev=0.0563
    [plan-I] step 2399 W_v approx_rank=17.9 (frob=17.85 max_row=1.00)
    [ortho] step 2399 L7 W_o off_diag=0.30 diag_dev=0.0597
  [DIVERSITY] max_cos=0.9627 n_collapsed=10/56 layers
  [LOGIC] mlp=-699.0831 attn=-57.2548 div=4.9143
  [TIME] CE=396ms logic_reg=2669ms
  step    80/1000 (global=80)  loss=6.1169  avg=6.5381  lr=0.000798  B=8  2228ms
  [WB] boundary=90/100  core_diff=3.0153  bin_diff=0.0350  ratio=86.15  prune_act=0.0000
  [WB] structure=14/16 (88%)  opp_sim=0.097
  [WB] BOUNDARY OK | CORE>BIN OK | PRUNE silent OK
  [DIVERSITY] max_cos=0.9636 n_collapsed=10/56 layers
  [LOGIC] mlp=-698.0891 attn=-56.7911 div=5.2908
  [TIME] CE=392ms logic_reg=2672ms
  step    90/1000 (global=90)  loss=5.6097  avg=6.5336  lr=0.000797  B=8  2225ms
  [WB] boundary=90/100  core_diff=2.9998  bin_diff=0.0353  ratio=84.93  prune_act=0.0000
  [WB] structure=14/16 (88%)  opp_sim=0.098
  [WB] BOUNDARY OK | CORE>BIN OK | PRUNE silent OK
  [DIVERSITY] max_cos=0.9644 n_collapsed=10/56 layers
  [LOGIC] mlp=-692.0770 attn=-57.0214 div=5.4084
  [TIME] CE=394ms logic_reg=2677ms
  step   100/1000 (global=100)  loss=7.1382  avg=6.4381  lr=0.000795  B=8  2224ms
  [WB] boundary=90/100  core_diff=2.9877  bin_diff=0.0354  ratio=84.52  prune_act=0.0000
  [WB] structure=14/16 (88%)  opp_sim=0.101
  [WB] BOUNDARY OK | CORE>BIN OK | PRUNE silent OK
[*] stateful inference started: window=9996, sinks=4, ctx=10240
[*] sliding window configured: W=9996, sinks=4 (effective context: 10000)
  [TRACE] "火": L0[||x||=3.32 C268(+127.97--14.97) B1076(+406.52--30.68) P448(max0.000)] L4[||x||=1.16 C268(+256.99--11.70) B1076(+76.58--60.02) P448(max0.000)] L7[||x||=0.78 C268(+453.63--6.61) B1076(+161.60--70.89) P448(max0.000)] | H=9.88/15 top3=31859 31861 32039 
  [DIVERSITY] max_cos=0.9652 n_collapsed=10/56 layers
  [LOGIC] mlp=-669.4707 attn=-55.8832 div=5.6475
  [TIME] CE=389ms logic_reg=2674ms
  step   110/1000 (global=110)  loss=5.6715  avg=6.4489  lr=0.000792  B=8  2224ms
  [WB] boundary=89/100  core_diff=2.9601  bin_diff=0.0349  ratio=84.87  prune_act=0.0000
  [WB] structure=14/16 (88%)  opp_sim=0.106
  [WB] BOUNDARY OK | CORE>BIN OK | PRUNE silent OK
  [DIVERSITY] max_cos=0.9653 n_collapsed=10/56 layers
  [LOGIC] mlp=-684.9798 attn=-56.5517 div=5.7592
  [TIME] CE=383ms logic_reg=2683ms
  step   120/1000 (global=120)  loss=4.1492  avg=6.3957  lr=0.000789  B=8  2222ms
  [WB] boundary=89/100  core_diff=2.9452  bin_diff=0.0368  ratio=79.94  prune_act=0.0000
  [WB] structure=14/16 (88%)  opp_sim=0.110
  [WB] BOUNDARY OK | CORE>BIN OK | PRUNE silent OK
    [plan-I] step 2449 W_v approx_rank=18.6 (frob=18.56 max_row=1.00)
    [ortho] step 2449 L0 W_o off_diag=0.29 diag_dev=0.0571
    [plan-I] step 2449 W_v approx_rank=18.3 (frob=18.23 max_row=1.00)
    [ortho] step 2449 L1 W_o off_diag=0.30 diag_dev=0.0564
    [plan-I] step 2449 W_v approx_rank=18.3 (frob=18.20 max_row=1.00)
    [ortho] step 2449 L2 W_o off_diag=0.31 diag_dev=0.0555
    [plan-I] step 2449 W_v approx_rank=18.0 (frob=17.90 max_row=1.00)
    [ortho] step 2449 L3 W_o off_diag=0.31 diag_dev=0.0558
    [plan-I] step 2449 W_v approx_rank=18.5 (frob=18.42 max_row=1.00)
    [ortho] step 2449 L4 W_o off_diag=0.31 diag_dev=0.0558
    [plan-I] step 2449 W_v approx_rank=18.4 (frob=18.39 max_row=1.00)
    [ortho] step 2449 L5 W_o off_diag=0.30 diag_dev=0.0568
    [plan-I] step 2449 W_v approx_rank=18.5 (frob=18.42 max_row=1.00)
    [ortho] step 2449 L6 W_o off_diag=0.31 diag_dev=0.0581
    [plan-I] step 2449 W_v approx_rank=17.9 (frob=17.85 max_row=1.00)
    [ortho] step 2449 L7 W_o off_diag=0.28 diag_dev=0.0628
  [DIVERSITY] max_cos=0.9653 n_collapsed=10/56 layers
  [LOGIC] mlp=-675.8044 attn=-55.2338 div=5.3379
  [TIME] CE=390ms logic_reg=2671ms
  step   130/1000 (global=130)  loss=7.6816  avg=6.4783  lr=0.000786  B=8  2222ms
  [WB] boundary=89/100  core_diff=2.9529  bin_diff=0.0324  ratio=91.16  prune_act=0.0000
  [WB] structure=14/16 (88%)  opp_sim=0.112
  [WB] BOUNDARY OK | CORE>BIN OK | PRUNE silent OK
  [DIVERSITY] max_cos=0.9650 n_collapsed=10/56 layers
  [LOGIC] mlp=-660.7612 attn=-55.3701 div=5.2574
  [TIME] CE=382ms logic_reg=2677ms
  step   140/1000 (global=140)  loss=3.7582  avg=6.5173  lr=0.000782  B=8  2221ms
  [WB] boundary=88/100  core_diff=2.9528  bin_diff=0.0427  ratio=69.15  prune_act=0.0000
  [WB] structure=14/16 (88%)  opp_sim=0.116
  [WB] BOUNDARY OK | CORE>BIN OK | PRUNE silent OK
  [DIVERSITY] max_cos=0.9644 n_collapsed=10/56 layers
  [LOGIC] mlp=-684.8529 attn=-57.0618 div=5.1776
  [TIME] CE=385ms logic_reg=2679ms
  step   150/1000 (global=150)  loss=6.2172  avg=6.4403  lr=0.000778  B=8  2220ms
  [WB] boundary=88/100  core_diff=2.9894  bin_diff=0.0338  ratio=88.44  prune_act=0.0000
  [WB] structure=14/16 (88%)  opp_sim=0.116
  [WB] BOUNDARY OK | CORE>BIN OK | PRUNE silent OK
[*] stateful inference started: window=9996, sinks=4, ctx=10240
[*] sliding window configured: W=9996, sinks=4 (effective context: 10000)
  [TRACE] "水": L0[||x||=3.35 C268(+131.54--14.20) B1076(+259.82--31.19) P448(max0.000)] L4[||x||=1.13 C268(+275.03--8.55) B1076(+81.32--79.23) P448(max0.000)] L7[||x||=0.76 C268(+358.23--6.67) B1076(+571.11--41.16) P448(max0.000)] | H=3.57/15 top3=32057 31859 31865 
  [DIVERSITY] max_cos=0.9641 n_collapsed=10/56 layers
  [LOGIC] mlp=-694.6368 attn=-57.2801 div=5.0863
  [TIME] CE=393ms logic_reg=2664ms
  step   160/1000 (global=160)  loss=6.1504  avg=6.3686  lr=0.000774  B=8  2220ms
  [WB] boundary=88/100  core_diff=3.0149  bin_diff=0.0397  ratio=76.03  prune_act=0.0000
  [WB] structure=14/16 (88%)  opp_sim=0.117
  [WB] BOUNDARY OK | CORE>BIN OK | PRUNE silent OK
  [DIVERSITY] max_cos=0.9637 n_collapsed=10/56 layers
  [LOGIC] mlp=-704.0446 attn=-58.1289 div=4.9856
  [TIME] CE=394ms logic_reg=2659ms
  step   170/1000 (global=170)  loss=6.0864  avg=6.3555  lr=0.000769  B=8  2219ms
  [WB] boundary=88/100  core_diff=3.0439  bin_diff=0.0363  ratio=83.82  prune_act=0.0000
  [WB] structure=14/16 (88%)  opp_sim=0.117
  [WB] BOUNDARY OK | CORE>BIN OK | PRUNE silent OK
    [plan-I] step 2499 W_v approx_rank=18.6 (frob=18.56 max_row=1.00)
    [ortho] step 2499 L0 W_o off_diag=0.27 diag_dev=0.0586
    [plan-I] step 2499 W_v approx_rank=18.3 (frob=18.23 max_row=1.00)
    [ortho] step 2499 L1 W_o off_diag=0.28 diag_dev=0.0579
    [plan-I] step 2499 W_v approx_rank=18.3 (frob=18.20 max_row=1.00)
    [ortho] step 2499 L2 W_o off_diag=0.28 diag_dev=0.0571
    [plan-I] step 2499 W_v approx_rank=18.0 (frob=17.90 max_row=1.00)
    [ortho] step 2499 L3 W_o off_diag=0.29 diag_dev=0.0570
    [plan-I] step 2499 W_v approx_rank=18.5 (frob=18.42 max_row=1.00)
    [ortho] step 2499 L4 W_o off_diag=0.29 diag_dev=0.0567
    [plan-I] step 2499 W_v approx_rank=18.4 (frob=18.39 max_row=1.00)
    [ortho] step 2499 L5 W_o off_diag=0.28 diag_dev=0.0576
    [plan-I] step 2499 W_v approx_rank=18.5 (frob=18.42 max_row=1.00)
    [ortho] step 2499 L6 W_o off_diag=0.26 diag_dev=0.0619
    [plan-I] step 2499 W_v approx_rank=17.9 (frob=17.85 max_row=1.00)
    [ortho] step 2499 L7 W_o off_diag=0.25 diag_dev=0.0647
  [DIVERSITY] max_cos=0.9634 n_collapsed=10/56 layers
  [LOGIC] mlp=-706.2783 attn=-57.8914 div=4.9563
  [TIME] CE=382ms logic_reg=2660ms
  step   180/1000 (global=180)  loss=5.3419  avg=6.3783  lr=0.000764  B=8  2218ms
  [WB] boundary=88/100  core_diff=3.0451  bin_diff=0.0377  ratio=80.79  prune_act=0.0000
  [WB] structure=14/16 (88%)  opp_sim=0.120
  [WB] BOUNDARY OK | CORE>BIN OK | PRUNE silent OK
  [DIVERSITY] max_cos=0.9636 n_collapsed=10/56 layers
  [LOGIC] mlp=-706.1838 attn=-57.7373 div=4.9595
  [TIME] CE=382ms logic_reg=2665ms
  step   190/1000 (global=190)  loss=4.5768  avg=6.3272  lr=0.000758  B=8  2218ms
  [WB] boundary=88/100  core_diff=3.0359  bin_diff=0.0348  ratio=87.27  prune_act=0.0000
  [WB] structure=14/16 (88%)  opp_sim=0.121
  [WB] BOUNDARY OK | CORE>BIN OK | PRUNE silent OK
  [DIVERSITY] max_cos=0.9639 n_collapsed=10/56 layers
  [LOGIC] mlp=-700.6956 attn=-57.2737 div=5.0309
  [TIME] CE=396ms logic_reg=2675ms
  step   200/1000 (global=200)  loss=6.6349  avg=6.1858  lr=0.000752  B=8  2217ms
  [WB] boundary=88/100  core_diff=3.0199  bin_diff=0.0353  ratio=85.53  prune_act=0.0000
  [WB] structure=14/16 (88%)  opp_sim=0.122
  [WB] BOUNDARY OK | CORE>BIN OK | PRUNE silent OK
[*] stateful inference started: window=9996, sinks=4, ctx=10240
[*] sliding window configured: W=9996, sinks=4 (effective context: 10000)
  [TRACE] "大": L0[||x||=3.34 C268(+323.52--4.84) B1076(+285.00--29.62) P448(max0.000)] L4[||x||=1.10 C268(+627.80--0.14) B1076(+65.48--71.03) P448(max0.000)] L7[||x||=0.72 C268(+435.52--2.26) B1076(+108.94--72.75) P448(max0.000)] | H=14.60/15 top3=31869 31974 233 
  [DIVERSITY] max_cos=0.9643 n_collapsed=10/56 layers
  [LOGIC] mlp=-698.1738 attn=-55.9539 div=5.1778
  [TIME] CE=398ms logic_reg=2665ms
  step   210/1000 (global=210)  loss=6.1122  avg=6.2783  lr=0.000745  B=8  2217ms
  [WB] boundary=88/100  core_diff=3.0017  bin_diff=0.0344  ratio=87.33  prune_act=0.0000
  [WB] structure=14/16 (88%)  opp_sim=0.124
  [WB] BOUNDARY OK | CORE>BIN OK | PRUNE silent OK
  [DIVERSITY] max_cos=0.9643 n_collapsed=10/56 layers
  [LOGIC] mlp=-694.3765 attn=-56.3351 div=5.1403
  [TIME] CE=393ms logic_reg=2666ms
  step   220/1000 (global=220)  loss=5.8301  avg=6.2042  lr=0.000738  B=8  2217ms
  [WB] boundary=88/100  core_diff=3.0070  bin_diff=0.0357  ratio=84.25  prune_act=0.0000
  [WB] structure=14/16 (88%)  opp_sim=0.124
  [WB] BOUNDARY OK | CORE>BIN OK | PRUNE silent OK
    [plan-I] step 2549 W_v approx_rank=18.6 (frob=18.56 max_row=1.00)
    [ortho] step 2549 L0 W_o off_diag=0.26 diag_dev=0.0604
    [plan-I] step 2549 W_v approx_rank=18.3 (frob=18.23 max_row=1.00)
    [ortho] step 2549 L1 W_o off_diag=0.26 diag_dev=0.0597
    [plan-I] step 2549 W_v approx_rank=18.3 (frob=18.20 max_row=1.00)
    [ortho] step 2549 L2 W_o off_diag=0.27 diag_dev=0.0589
    [plan-I] step 2549 W_v approx_rank=18.0 (frob=17.90 max_row=1.00)
    [ortho] step 2549 L3 W_o off_diag=0.27 diag_dev=0.0586
    [plan-I] step 2549 W_v approx_rank=18.5 (frob=18.42 max_row=1.00)
    [ortho] step 2549 L4 W_o off_diag=0.27 diag_dev=0.0586
    [plan-I] step 2549 W_v approx_rank=18.4 (frob=18.39 max_row=1.00)
    [ortho] step 2549 L5 W_o off_diag=0.27 diag_dev=0.0596
    [plan-I] step 2549 W_v approx_rank=18.5 (frob=18.42 max_row=1.00)
    [ortho] step 2549 L6 W_o off_diag=0.25 diag_dev=0.0636
    [plan-I] step 2549 W_v approx_rank=17.9 (frob=17.85 max_row=1.00)
    [ortho] step 2549 L7 W_o off_diag=0.25 diag_dev=0.0656
  [DIVERSITY] max_cos=0.9647 n_collapsed=10/56 layers
  [LOGIC] mlp=-699.9337 attn=-55.5636 div=5.1685
  [TIME] CE=385ms logic_reg=2663ms
  step   230/1000 (global=230)  loss=5.3390  avg=6.2304  lr=0.000731  B=8  2216ms
  [WB] boundary=87/100  core_diff=2.9887  bin_diff=0.0340  ratio=87.81  prune_act=0.0000
  [WB] structure=14/16 (88%)  opp_sim=0.126
  [WB] BOUNDARY OK | CORE>BIN OK | PRUNE silent OK
  [DIVERSITY] max_cos=0.9644 n_collapsed=10/56 layers
  [LOGIC] mlp=-697.6253 attn=-55.2517 div=5.2345
  [TIME] CE=382ms logic_reg=2691ms
  step   240/1000 (global=240)  loss=6.9178  avg=6.2897  lr=0.000724  B=8  2216ms
  [WB] boundary=87/100  core_diff=2.9665  bin_diff=0.0359  ratio=82.70  prune_act=0.0000
  [WB] structure=14/16 (88%)  opp_sim=0.127
  [WB] BOUNDARY OK | CORE>BIN OK | PRUNE silent OK
  [DIVERSITY] max_cos=0.9646 n_collapsed=10/56 layers
  [LOGIC] mlp=-691.6671 attn=-55.4092 div=5.2300
  [TIME] CE=382ms logic_reg=2683ms
  step   250/1000 (global=250)  loss=6.4401  avg=6.2932  lr=0.000716  B=8  2216ms
  [WB] boundary=87/100  core_diff=2.9516  bin_diff=0.0354  ratio=83.27  prune_act=0.0000
  [WB] structure=14/16 (88%)  opp_sim=0.127
  [WB] BOUNDARY OK | CORE>BIN OK | PRUNE silent OK
[*] stateful inference started: window=9996, sinks=4, ctx=10240
[*] sliding window configured: W=9996, sinks=4 (effective context: 10000)
  [TRACE] "小": L0[||x||=3.37 C268(+98.48--15.75) B1076(+191.97--28.33) P448(max0.000)] L4[||x||=1.13 C268(+161.90--13.84) B1076(+61.12--62.18) P448(max0.000)] L7[||x||=0.64 C268(+454.52--8.10) B1076(+158.61--71.55) P448(max0.000)] | H=0.21/15 top3=32057 234 32017 
  [DIVERSITY] max_cos=0.9649 n_collapsed=10/56 layers
  [LOGIC] mlp=-691.5746 attn=-55.9300 div=5.2706
  [TIME] CE=375ms logic_reg=2671ms
  step   260/1000 (global=260)  loss=6.2195  avg=6.3206  lr=0.000707  B=8  2215ms
  [WB] boundary=87/100  core_diff=2.9490  bin_diff=0.0380  ratio=77.53  prune_act=0.0000
  [WB] structure=14/16 (88%)  opp_sim=0.128
  [WB] BOUNDARY OK | CORE>BIN OK | PRUNE silent OK
  [DIVERSITY] max_cos=0.9647 n_collapsed=10/56 layers
  [LOGIC] mlp=-686.3981 attn=-56.5685 div=5.2235
  [TIME] CE=389ms logic_reg=2665ms
  step   270/1000 (global=270)  loss=5.2691  avg=6.1317  lr=0.000699  B=8  2215ms
  [WB] boundary=87/100  core_diff=2.9603  bin_diff=0.0395  ratio=74.92  prune_act=0.0000
  [WB] structure=14/16 (88%)  opp_sim=0.128
  [WB] BOUNDARY OK | CORE>BIN OK | PRUNE silent OK
    [plan-I] step 2599 W_v approx_rank=18.6 (frob=18.56 max_row=1.00)
    [ortho] step 2599 L0 W_o off_diag=0.25 diag_dev=0.0613
    [plan-I] step 2599 W_v approx_rank=18.3 (frob=18.23 max_row=1.00)
    [ortho] step 2599 L1 W_o off_diag=0.25 diag_dev=0.0609
    [plan-I] step 2599 W_v approx_rank=18.3 (frob=18.20 max_row=1.00)
    [ortho] step 2599 L2 W_o off_diag=0.26 diag_dev=0.0605
    [plan-I] step 2599 W_v approx_rank=18.0 (frob=17.90 max_row=1.00)
    [ortho] step 2599 L3 W_o off_diag=0.26 diag_dev=0.0607
    [plan-I] step 2599 W_v approx_rank=18.5 (frob=18.42 max_row=1.00)
    [ortho] step 2599 L4 W_o off_diag=0.26 diag_dev=0.0612
    [plan-I] step 2599 W_v approx_rank=18.4 (frob=18.39 max_row=1.00)
    [ortho] step 2599 L5 W_o off_diag=0.26 diag_dev=0.0622
    [plan-I] step 2599 W_v approx_rank=18.5 (frob=18.42 max_row=1.00)
    [ortho] step 2599 L6 W_o off_diag=0.25 diag_dev=0.0649
    [plan-I] step 2599 W_v approx_rank=17.9 (frob=17.85 max_row=1.00)
    [ortho] step 2599 L7 W_o off_diag=0.24 diag_dev=0.0667
  [DIVERSITY] max_cos=0.9637 n_collapsed=10/56 layers
  [LOGIC] mlp=-666.1683 attn=-53.3720 div=5.0468
  [TIME] CE=390ms logic_reg=2672ms
  step   280/1000 (global=280)  loss=6.6413  avg=6.1204  lr=0.000690  B=8  2215ms
  [WB] boundary=87/100  core_diff=2.9659  bin_diff=0.0396  ratio=74.92  prune_act=0.0000
  [WB] structure=14/16 (88%)  opp_sim=0.129
  [WB] BOUNDARY OK | CORE>BIN OK | PRUNE silent OK
  [DIVERSITY] max_cos=0.9598 n_collapsed=9/56 layers
  [LOGIC] mlp=-577.8073 attn=-50.5157 div=4.7218
  [TIME] CE=388ms logic_reg=2665ms
  step   290/1000 (global=290)  loss=5.6591  avg=6.0223  lr=0.000680  B=8  2215ms
  [WB] boundary=87/100  core_diff=2.9740  bin_diff=0.0421  ratio=70.62  prune_act=0.0000
  [WB] structure=14/16 (88%)  opp_sim=0.130
  [WB] BOUNDARY OK | CORE>BIN OK | PRUNE silent OK
  [DIVERSITY] max_cos=0.9550 n_collapsed=6/56 layers
  [LOGIC] mlp=-621.4227 attn=-52.9389 div=4.3621
  [TIME] CE=395ms logic_reg=2668ms
  step   300/1000 (global=300)  loss=6.2959  avg=5.8566  lr=0.000671  B=8  2214ms
  [WB] boundary=87/100  core_diff=2.9911  bin_diff=0.0425  ratio=70.37  prune_act=0.0000
  [WB] structure=14/16 (88%)  opp_sim=0.130
  [WB] BOUNDARY OK | CORE>BIN OK | PRUNE silent OK
[*] stateful inference started: window=9996, sinks=4, ctx=10240
[*] sliding window configured: W=9996, sinks=4 (effective context: 10000)
  [TRACE] "热": L0[||x||=3.39 C268(+287.04--6.18) B1076(+74.58--50.19) P448(max0.000)] L4[||x||=1.19 C268(+626.82--2.21) B1076(+99.84--54.37) P448(max0.000)] L7[||x||=0.81 C268(+544.22--4.89) B1076(+1177.35--37.73) P448(max0.000)] | H=0.01/15 top3=32057 31859 31865 
  [DIVERSITY] max_cos=0.9568 n_collapsed=8/56 layers
  [LOGIC] mlp=-654.4470 attn=-56.3003 div=4.5521
  [TIME] CE=391ms logic_reg=2671ms
  step   310/1000 (global=310)  loss=3.7207  avg=5.9639  lr=0.000661  B=8  2215ms
  [WB] boundary=86/100  core_diff=2.9961  bin_diff=0.0439  ratio=68.19  prune_act=0.0000
  [WB] structure=14/16 (88%)  opp_sim=0.136
  [WB] BOUNDARY OK | CORE>BIN OK | PRUNE silent OK
  [DIVERSITY] max_cos=0.9542 n_collapsed=7/56 layers
  [LOGIC] mlp=-673.1526 attn=-58.5776 div=4.4107
  [TIME] CE=388ms logic_reg=2669ms
  step   320/1000 (global=320)  loss=5.4423  avg=5.8852  lr=0.000651  B=8  2214ms
  [WB] boundary=86/100  core_diff=3.0026  bin_diff=0.0422  ratio=71.09  prune_act=0.0000
  [WB] structure=14/16 (88%)  opp_sim=0.137
  [WB] BOUNDARY OK | CORE>BIN OK | PRUNE silent OK
    [plan-I] step 2649 W_v approx_rank=18.6 (frob=18.56 max_row=1.00)
    [ortho] step 2649 L0 W_o off_diag=0.24 diag_dev=0.0629
    [plan-I] step 2649 W_v approx_rank=18.3 (frob=18.23 max_row=1.00)
    [ortho] step 2649 L1 W_o off_diag=0.25 diag_dev=0.0633
    [plan-I] step 2649 W_v approx_rank=18.3 (frob=18.20 max_row=1.00)
    [ortho] step 2649 L2 W_o off_diag=0.25 diag_dev=0.0629
    [plan-I] step 2649 W_v approx_rank=18.0 (frob=17.90 max_row=1.00)
    [ortho] step 2649 L3 W_o off_diag=0.25 diag_dev=0.0635
    [plan-I] step 2649 W_v approx_rank=18.5 (frob=18.42 max_row=1.00)
    [ortho] step 2649 L4 W_o off_diag=0.25 diag_dev=0.0641
    [plan-I] step 2649 W_v approx_rank=18.4 (frob=18.39 max_row=1.00)
    [ortho] step 2649 L5 W_o off_diag=0.24 diag_dev=0.0661
    [plan-I] step 2649 W_v approx_rank=18.5 (frob=18.42 max_row=1.00)
    [ortho] step 2649 L6 W_o off_diag=0.24 diag_dev=0.0686
    [plan-I] step 2649 W_v approx_rank=17.9 (frob=17.85 max_row=1.00)
    [ortho] step 2649 L7 W_o off_diag=0.23 diag_dev=0.0694
  [DIVERSITY] max_cos=0.9522 n_collapsed=6/56 layers
  [LOGIC] mlp=-677.6698 attn=-58.6431 div=4.3118
  [TIME] CE=394ms logic_reg=2668ms
  step   330/1000 (global=330)  loss=6.8357  avg=5.8921  lr=0.000640  B=8  2214ms
  [WB] boundary=86/100  core_diff=2.9706  bin_diff=0.0410  ratio=72.39  prune_act=0.0000
  [WB] structure=14/16 (88%)  opp_sim=0.140
  [WB] BOUNDARY OK | CORE>BIN OK | PRUNE silent OK
  [DIVERSITY] max_cos=0.9559 n_collapsed=8/56 layers
  [LOGIC] mlp=-681.7755 attn=-60.6762 div=4.4673
  [TIME] CE=389ms logic_reg=2676ms
  step   340/1000 (global=340)  loss=8.0942  avg=6.1061  lr=0.000630  B=8  2214ms
  [WB] boundary=86/100  core_diff=2.9672  bin_diff=0.0416  ratio=71.34  prune_act=0.0000
  [WB] structure=14/16 (88%)  opp_sim=0.140
  [WB] BOUNDARY OK | CORE>BIN OK | PRUNE silent OK
  [DIVERSITY] max_cos=0.9568 n_collapsed=8/56 layers
  [LOGIC] mlp=-675.9457 attn=-59.1547 div=4.5208
  [TIME] CE=373ms logic_reg=2667ms
  step   350/1000 (global=350)  loss=4.1635  avg=6.0911  lr=0.000619  B=8  2214ms
  [WB] boundary=86/100  core_diff=2.9620  bin_diff=0.0399  ratio=74.28  prune_act=0.0000
  [WB] structure=14/16 (88%)  opp_sim=0.141
  [WB] BOUNDARY OK | CORE>BIN OK | PRUNE silent OK
[*] stateful inference started: window=9996, sinks=4, ctx=10240
[*] sliding window configured: W=9996, sinks=4 (effective context: 10000)
  [TRACE] "冷": L0[||x||=3.45 C268(+125.12--13.21) B1076(+76.25--47.36) P448(max0.000)] L4[||x||=1.13 C268(+248.49--10.17) B1076(+64.67--80.07) P448(max0.000)] L7[||x||=0.69 C268(+417.16--3.35) B1076(+688.31--35.33) P448(max0.000)] | H=4.73/15 top3=99 151 31861 
  [DIVERSITY] max_cos=0.9593 n_collapsed=8/56 layers
  [LOGIC] mlp=-677.5279 attn=-58.4666 div=4.7353
  [TIME] CE=393ms logic_reg=2666ms
  step   360/1000 (global=360)  loss=8.0316  avg=6.2185  lr=0.000608  B=8  2214ms
  [WB] boundary=86/100  core_diff=2.9490  bin_diff=0.0388  ratio=75.98  prune_act=0.0000
  [WB] structure=14/16 (88%)  opp_sim=0.141
  [WB] BOUNDARY OK | CORE>BIN OK | PRUNE silent OK
  [DIVERSITY] max_cos=0.9612 n_collapsed=10/56 layers
  [LOGIC] mlp=-681.1735 attn=-58.2231 div=4.8309
  [TIME] CE=373ms logic_reg=2679ms
  step   370/1000 (global=370)  loss=4.8182  avg=6.0363  lr=0.000596  B=8  2213ms
  [WB] boundary=86/100  core_diff=2.9564  bin_diff=0.0412  ratio=71.72  prune_act=0.0000
  [WB] structure=14/16 (88%)  opp_sim=0.143
  [WB] BOUNDARY OK | CORE>BIN OK | PRUNE silent OK
    [plan-I] step 2699 W_v approx_rank=18.6 (frob=18.56 max_row=1.00)
    [ortho] step 2699 L0 W_o off_diag=0.23 diag_dev=0.0640
    [plan-I] step 2699 W_v approx_rank=18.3 (frob=18.23 max_row=1.00)
    [ortho] step 2699 L1 W_o off_diag=0.24 diag_dev=0.0636
    [plan-I] step 2699 W_v approx_rank=18.3 (frob=18.20 max_row=1.00)
    [ortho] step 2699 L2 W_o off_diag=0.24 diag_dev=0.0633
    [plan-I] step 2699 W_v approx_rank=18.0 (frob=17.90 max_row=1.00)
    [ortho] step 2699 L3 W_o off_diag=0.24 diag_dev=0.0635
    [plan-I] step 2699 W_v approx_rank=18.5 (frob=18.42 max_row=1.00)
    [ortho] step 2699 L4 W_o off_diag=0.24 diag_dev=0.0639
    [plan-I] step 2699 W_v approx_rank=18.4 (frob=18.39 max_row=1.00)
    [ortho] step 2699 L5 W_o off_diag=0.23 diag_dev=0.0655
    [plan-I] step 2699 W_v approx_rank=18.5 (frob=18.42 max_row=1.00)
    [ortho] step 2699 L6 W_o off_diag=0.23 diag_dev=0.0678
    [plan-I] step 2699 W_v approx_rank=17.9 (frob=17.85 max_row=1.00)
    [ortho] step 2699 L7 W_o off_diag=0.23 diag_dev=0.0686
  [DIVERSITY] max_cos=0.9607 n_collapsed=8/56 layers
  [LOGIC] mlp=-690.1353 attn=-58.2089 div=4.7494
  [TIME] CE=372ms logic_reg=2670ms
  step   380/1000 (global=380)  loss=3.6643  avg=6.1674  lr=0.000585  B=8  2213ms
  [WB] boundary=86/100  core_diff=2.9605  bin_diff=0.0380  ratio=77.89  prune_act=0.0000
  [WB] structure=14/16 (88%)  opp_sim=0.144
  [WB] BOUNDARY OK | CORE>BIN OK | PRUNE silent OK
  [DIVERSITY] max_cos=0.9613 n_collapsed=8/56 layers
  [LOGIC] mlp=-690.6888 attn=-58.7864 div=4.7352
  [TIME] CE=395ms logic_reg=2671ms
  step   390/1000 (global=390)  loss=5.2146  avg=6.1161  lr=0.000573  B=8  2213ms
  [WB] boundary=86/100  core_diff=2.9524  bin_diff=0.0392  ratio=75.25  prune_act=0.0000
  [WB] structure=14/16 (88%)  opp_sim=0.144
  [WB] BOUNDARY OK | CORE>BIN OK | PRUNE silent OK
  [DIVERSITY] max_cos=0.9625 n_collapsed=10/56 layers
  [LOGIC] mlp=-696.5176 attn=-59.4019 div=4.7178
  [TIME] CE=386ms logic_reg=2665ms
  step   400/1000 (global=400)  loss=5.5242  avg=5.9480  lr=0.000561  B=8  2213ms
  [WB] boundary=86/100  core_diff=2.9582  bin_diff=0.0398  ratio=74.31  prune_act=0.0000
  [WB] structure=14/16 (88%)  opp_sim=0.144
  [WB] BOUNDARY OK | CORE>BIN OK | PRUNE silent OK
[*] stateful inference started: window=9996, sinks=4, ctx=10240
[*] sliding window configured: W=9996, sinks=4 (effective context: 10000)
  [TRACE] "火": L0[||x||=3.43 C268(+122.09--15.75) B1076(+79.51--38.48) P448(max0.000)] L4[||x||=1.10 C268(+121.30--13.64) B1076(+70.84--74.09) P448(max0.000)] L7[||x||=0.72 C268(+207.30--10.42) B1076(+215.03--50.37) P448(max0.000)] | H=10.13/15 top3=32039 31861 32646 
  [DIVERSITY] max_cos=0.9626 n_collapsed=10/56 layers
  [LOGIC] mlp=-690.1098 attn=-57.9675 div=4.7427
  [TIME] CE=393ms logic_reg=2663ms
  step   410/1000 (global=410)  loss=7.0220  avg=5.8460  lr=0.000548  B=8  2213ms
  [WB] boundary=86/100  core_diff=2.9676  bin_diff=0.0394  ratio=75.41  prune_act=0.0000
  [WB] structure=14/16 (88%)  opp_sim=0.145
  [WB] BOUNDARY OK | CORE>BIN OK | PRUNE silent OK
  [DIVERSITY] max_cos=0.9594 n_collapsed=9/56 layers
  [LOGIC] mlp=-693.0358 attn=-57.8860 div=4.6900
  [TIME] CE=389ms logic_reg=2667ms
  step   420/1000 (global=420)  loss=5.2730  avg=5.8334  lr=0.000536  B=8  2213ms
  [WB] boundary=85/100  core_diff=2.9610  bin_diff=0.0370  ratio=80.06  prune_act=0.0000
  [WB] structure=14/16 (88%)  opp_sim=0.147
  [WB] BOUNDARY OK | CORE>BIN OK | PRUNE silent OK
    [plan-I] step 2749 W_v approx_rank=18.6 (frob=18.56 max_row=1.00)
    [ortho] step 2749 L0 W_o off_diag=0.23 diag_dev=0.0652
    [plan-I] step 2749 W_v approx_rank=18.3 (frob=18.23 max_row=1.00)
    [ortho] step 2749 L1 W_o off_diag=0.23 diag_dev=0.0651
    [plan-I] step 2749 W_v approx_rank=18.3 (frob=18.20 max_row=1.00)
    [ortho] step 2749 L2 W_o off_diag=0.23 diag_dev=0.0648
    [plan-I] step 2749 W_v approx_rank=18.0 (frob=17.90 max_row=1.00)
    [ortho] step 2749 L3 W_o off_diag=0.23 diag_dev=0.0650
    [plan-I] step 2749 W_v approx_rank=18.5 (frob=18.42 max_row=1.00)
    [ortho] step 2749 L4 W_o off_diag=0.23 diag_dev=0.0653
    [plan-I] step 2749 W_v approx_rank=18.4 (frob=18.39 max_row=1.00)
    [ortho] step 2749 L5 W_o off_diag=0.23 diag_dev=0.0673
    [plan-I] step 2749 W_v approx_rank=18.5 (frob=18.42 max_row=1.00)
    [ortho] step 2749 L6 W_o off_diag=0.22 diag_dev=0.0694
    [plan-I] step 2749 W_v approx_rank=17.9 (frob=17.85 max_row=1.00)
    [ortho] step 2749 L7 W_o off_diag=0.22 diag_dev=0.0698
  [DIVERSITY] max_cos=0.9490 n_collapsed=6/56 layers
  [LOGIC] mlp=-668.3417 attn=-54.8152 div=4.1965
  [TIME] CE=392ms logic_reg=2678ms
  step   430/1000 (global=430)  loss=6.9251  avg=5.8665  lr=0.000524  B=8  2213ms
  [WB] boundary=85/100  core_diff=2.9375  bin_diff=0.0392  ratio=74.94  prune_act=0.0000
  [WB] structure=14/16 (88%)  opp_sim=0.148
  [WB] BOUNDARY OK | CORE>BIN OK | PRUNE silent OK
  [DIVERSITY] max_cos=0.9515 n_collapsed=7/56 layers
  [LOGIC] mlp=-682.3912 attn=-58.0118 div=4.2797
  [TIME] CE=394ms logic_reg=2679ms
  step   440/1000 (global=440)  loss=8.0104  avg=5.7618  lr=0.000511  B=8  2213ms
  [WB] boundary=85/100  core_diff=2.9417  bin_diff=0.0409  ratio=71.96  prune_act=0.0000
  [WB] structure=14/16 (88%)  opp_sim=0.148
  [WB] BOUNDARY OK | CORE>BIN OK | PRUNE silent OK
  [DIVERSITY] max_cos=0.9534 n_collapsed=8/56 layers
  [LOGIC] mlp=-695.6859 attn=-60.2048 div=4.2668
  [TIME] CE=389ms logic_reg=2660ms
  step   450/1000 (global=450)  loss=3.8395  avg=5.8010  lr=0.000498  B=8  2213ms
  [WB] boundary=85/100  core_diff=2.9532  bin_diff=0.0404  ratio=73.04  prune_act=0.0000
  [WB] structure=14/16 (88%)  opp_sim=0.147
  [WB] BOUNDARY OK | CORE>BIN OK | PRUNE silent OK
[*] stateful inference started: window=9996, sinks=4, ctx=10240
[*] sliding window configured: W=9996, sinks=4 (effective context: 10000)
  [TRACE] "水": L0[||x||=3.51 C268(+118.84--16.49) B1076(+31.36--50.42) P448(max0.000)] L4[||x||=1.15 C268(+198.76--9.45) B1076(+68.53--69.50) P448(max0.000)] L7[||x||=0.76 C268(+298.60--8.87) B1076(+152.36--74.05) P448(max0.000)] | H=1.47/15 top3=32057 234 151 
  [DIVERSITY] max_cos=0.9545 n_collapsed=8/56 layers
  [LOGIC] mlp=-702.7243 attn=-62.1042 div=4.2151
  [TIME] CE=391ms logic_reg=2660ms
  step   460/1000 (global=460)  loss=7.7893  avg=5.8883  lr=0.000485  B=8  2212ms
  [WB] boundary=85/100  core_diff=2.9651  bin_diff=0.0418  ratio=70.96  prune_act=0.0000
  [WB] structure=14/16 (88%)  opp_sim=0.147
  [WB] BOUNDARY OK | CORE>BIN OK | PRUNE silent OK
  [DIVERSITY] max_cos=0.9550 n_collapsed=8/56 layers
  [LOGIC] mlp=-701.5063 attn=-61.5801 div=4.1918
  [TIME] CE=393ms logic_reg=2676ms
  step   470/1000 (global=470)  loss=6.5261  avg=6.0401  lr=0.000472  B=8  2212ms
  [WB] boundary=85/100  core_diff=2.9673  bin_diff=0.0427  ratio=69.42  prune_act=0.0000
  [WB] structure=14/16 (88%)  opp_sim=0.147
  [WB] BOUNDARY OK | CORE>BIN OK | PRUNE silent OK
    [plan-I] step 2799 W_v approx_rank=18.6 (frob=18.56 max_row=1.00)
    [ortho] step 2799 L0 W_o off_diag=0.23 diag_dev=0.0654
    [plan-I] step 2799 W_v approx_rank=18.3 (frob=18.23 max_row=1.00)
    [ortho] step 2799 L1 W_o off_diag=0.23 diag_dev=0.0658
    [plan-I] step 2799 W_v approx_rank=18.3 (frob=18.20 max_row=1.00)
    [ortho] step 2799 L2 W_o off_diag=0.23 diag_dev=0.0658
    [plan-I] step 2799 W_v approx_rank=18.0 (frob=17.90 max_row=1.00)
    [ortho] step 2799 L3 W_o off_diag=0.23 diag_dev=0.0665
    [plan-I] step 2799 W_v approx_rank=18.5 (frob=18.42 max_row=1.00)
    [ortho] step 2799 L4 W_o off_diag=0.23 diag_dev=0.0671
    [plan-I] step 2799 W_v approx_rank=18.4 (frob=18.39 max_row=1.00)
    [ortho] step 2799 L5 W_o off_diag=0.22 diag_dev=0.0687
    [plan-I] step 2799 W_v approx_rank=18.5 (frob=18.42 max_row=1.00)
    [ortho] step 2799 L6 W_o off_diag=0.22 diag_dev=0.0704
    [plan-I] step 2799 W_v approx_rank=17.9 (frob=17.85 max_row=1.00)
    [ortho] step 2799 L7 W_o off_diag=0.22 diag_dev=0.0706
  [DIVERSITY] max_cos=0.9595 n_collapsed=11/56 layers
  [LOGIC] mlp=-696.1273 attn=-62.8124 div=4.4675
  [TIME] CE=388ms logic_reg=2682ms
  step   480/1000 (global=480)  loss=4.4597  avg=5.9149  lr=0.000459  B=8  2212ms
  [WB] boundary=85/100  core_diff=2.9901  bin_diff=0.0449  ratio=66.53  prune_act=0.0000
  [WB] structure=14/16 (88%)  opp_sim=0.147
  [WB] BOUNDARY OK | CORE>BIN OK | PRUNE silent OK
  [DIVERSITY] max_cos=0.9592 n_collapsed=11/56 layers
  [LOGIC] mlp=-693.4794 attn=-63.5593 div=4.4953
  [TIME] CE=378ms logic_reg=2660ms
  step   490/1000 (global=490)  loss=5.3091  avg=5.9086  lr=0.000446  B=8  2212ms
  [WB] boundary=85/100  core_diff=2.9989  bin_diff=0.0438  ratio=68.48  prune_act=0.0000
  [WB] structure=14/16 (88%)  opp_sim=0.149
  [WB] BOUNDARY OK | CORE>BIN OK | PRUNE silent OK
  [DIVERSITY] max_cos=0.9583 n_collapsed=10/56 layers
  [LOGIC] mlp=-691.1116 attn=-63.4417 div=4.4882
  [TIME] CE=376ms logic_reg=2657ms
  step   500/1000 (global=500)  loss=4.2493  avg=5.9564  lr=0.000433  B=8  2212ms
  [WB] boundary=85/100  core_diff=2.9901  bin_diff=0.0436  ratio=68.52  prune_act=0.0000
  [WB] structure=14/16 (88%)  opp_sim=0.151
  [WB] BOUNDARY OK | CORE>BIN OK | PRUNE silent OK
[*] stateful inference started: window=9996, sinks=4, ctx=10240
[*] sliding window configured: W=9996, sinks=4 (effective context: 10000)
  [TRACE] "大": L0[||x||=3.48 C268(+356.89--3.78) B1076(+32.27--54.95) P448(max0.000)] L4[||x||=1.18 C268(+666.19--1.28) B1076(+58.53--77.38) P448(max0.000)] L7[||x||=0.80 C268(+447.11--4.77) B1076(+747.01--32.13) P448(max0.000)] | H=11.55/15 top3=233 236 31865 
  [DIVERSITY] max_cos=0.9589 n_collapsed=10/56 layers
  [LOGIC] mlp=-701.5185 attn=-64.8113 div=4.5674
  [TIME] CE=391ms logic_reg=2656ms
  step   510/1000 (global=510)  loss=6.3203  avg=5.8911  lr=0.000420  B=8  2212ms
  [WB] boundary=85/100  core_diff=2.9874  bin_diff=0.0474  ratio=63.06  prune_act=0.0000
  [WB] structure=14/16 (88%)  opp_sim=0.152
  [WB] BOUNDARY OK | CORE>BIN OK | PRUNE silent OK
  [DIVERSITY] max_cos=0.9588 n_collapsed=10/56 layers
  [LOGIC] mlp=-702.8073 attn=-64.3642 div=4.6659
  [TIME] CE=375ms logic_reg=2668ms
  step   520/1000 (global=520)  loss=3.5864  avg=5.9543  lr=0.000407  B=8  2212ms
  [WB] boundary=85/100  core_diff=2.9716  bin_diff=0.0452  ratio=65.72  prune_act=0.0000
  [WB] structure=14/16 (88%)  opp_sim=0.154
  [WB] BOUNDARY OK | CORE>BIN OK | PRUNE silent OK
    [plan-I] step 2849 W_v approx_rank=18.6 (frob=18.56 max_row=1.00)
    [ortho] step 2849 L0 W_o off_diag=0.22 diag_dev=0.0669
    [plan-I] step 2849 W_v approx_rank=18.3 (frob=18.23 max_row=1.00)
    [ortho] step 2849 L1 W_o off_diag=0.22 diag_dev=0.0667
    [plan-I] step 2849 W_v approx_rank=18.3 (frob=18.20 max_row=1.00)
    [ortho] step 2849 L2 W_o off_diag=0.22 diag_dev=0.0667
    [plan-I] step 2849 W_v approx_rank=18.0 (frob=17.90 max_row=1.00)
    [ortho] step 2849 L3 W_o off_diag=0.22 diag_dev=0.0671
    [plan-I] step 2849 W_v approx_rank=18.5 (frob=18.42 max_row=1.00)
    [ortho] step 2849 L4 W_o off_diag=0.22 diag_dev=0.0679
    [plan-I] step 2849 W_v approx_rank=18.4 (frob=18.39 max_row=1.00)
    [ortho] step 2849 L5 W_o off_diag=0.22 diag_dev=0.0685
    [plan-I] step 2849 W_v approx_rank=18.5 (frob=18.42 max_row=1.00)
    [ortho] step 2849 L6 W_o off_diag=0.22 diag_dev=0.0704
    [plan-I] step 2849 W_v approx_rank=17.9 (frob=17.85 max_row=1.00)
    [ortho] step 2849 L7 W_o off_diag=0.22 diag_dev=0.0708
  [DIVERSITY] max_cos=0.9594 n_collapsed=10/56 layers
  [LOGIC] mlp=-704.0925 attn=-63.9477 div=4.7343
  [TIME] CE=394ms logic_reg=2666ms
  step   530/1000 (global=530)  loss=5.8771  avg=5.9056  lr=0.000393  B=8  2212ms
  [WB] boundary=84/100  core_diff=2.9685  bin_diff=0.0471  ratio=63.07  prune_act=0.0000
  [WB] structure=14/16 (88%)  opp_sim=0.155
  [WB] BOUNDARY OK | CORE>BIN OK | PRUNE silent OK
  [DIVERSITY] max_cos=0.9586 n_collapsed=9/56 layers
  [LOGIC] mlp=-705.3610 attn=-64.1734 div=4.6484
  [TIME] CE=391ms logic_reg=2654ms
  step   540/1000 (global=540)  loss=4.8286  avg=5.7058  lr=0.000380  B=8  2212ms
  [WB] boundary=84/100  core_diff=2.9702  bin_diff=0.0462  ratio=64.25  prune_act=0.0000
  [WB] structure=14/16 (88%)  opp_sim=0.155
  [WB] BOUNDARY OK | CORE>BIN OK | PRUNE silent OK
  [DIVERSITY] max_cos=0.9590 n_collapsed=9/56 layers
  [LOGIC] mlp=-707.5755 attn=-64.7178 div=4.6602
  [TIME] CE=391ms logic_reg=2665ms
  step   550/1000 (global=550)  loss=5.1585  avg=5.7691  lr=0.000367  B=8  2212ms
  [WB] boundary=84/100  core_diff=2.9724  bin_diff=0.0455  ratio=65.38  prune_act=0.0000
  [WB] structure=14/16 (88%)  opp_sim=0.156
  [WB] BOUNDARY OK | CORE>BIN OK | PRUNE silent OK
[*] stateful inference started: window=9996, sinks=4, ctx=10240
[*] sliding window configured: W=9996, sinks=4 (effective context: 10000)
  [TRACE] "小": L0[||x||=3.47 C268(+84.22--16.09) B1076(+26.89--57.36) P448(max0.000)] L4[||x||=1.10 C268(+223.19--9.44) B1076(+60.64--79.92) P448(max0.000)] L7[||x||=0.64 C268(+408.81--8.15) B1076(+910.98--33.37) P448(max0.000)] | H=0.00/15 top3=32057 31859 234 
  [DIVERSITY] max_cos=0.9587 n_collapsed=9/56 layers
  [LOGIC] mlp=-710.1866 attn=-65.0810 div=4.6262
  [TIME] CE=394ms logic_reg=2663ms
  step   560/1000 (global=560)  loss=7.6354  avg=5.6914  lr=0.000354  B=8  2212ms
  [WB] boundary=84/100  core_diff=2.9740  bin_diff=0.0458  ratio=64.91  prune_act=0.0000
  [WB] structure=14/16 (88%)  opp_sim=0.156
  [WB] BOUNDARY OK | CORE>BIN OK | PRUNE silent OK
  [DIVERSITY] max_cos=0.9582 n_collapsed=9/56 layers
  [LOGIC] mlp=-708.8893 attn=-64.9676 div=4.6180
  [TIME] CE=390ms logic_reg=2663ms
  step   570/1000 (global=570)  loss=7.6531  avg=5.8554  lr=0.000341  B=8  2212ms
  [WB] boundary=84/100  core_diff=2.9738  bin_diff=0.0450  ratio=66.06  prune_act=0.0000
  [WB] structure=14/16 (88%)  opp_sim=0.157
  [WB] BOUNDARY OK | CORE>BIN OK | PRUNE silent OK
    [plan-I] step 2899 W_v approx_rank=18.6 (frob=18.56 max_row=1.00)
    [ortho] step 2899 L0 W_o off_diag=0.22 diag_dev=0.0680
    [plan-I] step 2899 W_v approx_rank=18.3 (frob=18.23 max_row=1.00)
    [ortho] step 2899 L1 W_o off_diag=0.22 diag_dev=0.0677
    [plan-I] step 2899 W_v approx_rank=18.3 (frob=18.20 max_row=1.00)
    [ortho] step 2899 L2 W_o off_diag=0.22 diag_dev=0.0676
    [plan-I] step 2899 W_v approx_rank=18.0 (frob=17.90 max_row=1.00)
    [ortho] step 2899 L3 W_o off_diag=0.22 diag_dev=0.0678
    [plan-I] step 2899 W_v approx_rank=18.5 (frob=18.42 max_row=1.00)
    [ortho] step 2899 L4 W_o off_diag=0.22 diag_dev=0.0683
    [plan-I] step 2899 W_v approx_rank=18.4 (frob=18.39 max_row=1.00)
    [ortho] step 2899 L5 W_o off_diag=0.22 diag_dev=0.0690
    [plan-I] step 2899 W_v approx_rank=18.5 (frob=18.42 max_row=1.00)
    [ortho] step 2899 L6 W_o off_diag=0.22 diag_dev=0.0706
    [plan-I] step 2899 W_v approx_rank=17.9 (frob=17.85 max_row=1.00)
    [ortho] step 2899 L7 W_o off_diag=0.21 diag_dev=0.0709
  [DIVERSITY] max_cos=0.9588 n_collapsed=9/56 layers
  [LOGIC] mlp=-709.6209 attn=-64.9884 div=4.6435
  [TIME] CE=393ms logic_reg=2673ms
  step   580/1000 (global=580)  loss=4.4360  avg=5.8311  lr=0.000328  B=8  2211ms
  [WB] boundary=84/100  core_diff=2.9710  bin_diff=0.0458  ratio=64.86  prune_act=0.0000
  [WB] structure=14/16 (88%)  opp_sim=0.157
  [WB] BOUNDARY OK | CORE>BIN OK | PRUNE silent OK
  [DIVERSITY] max_cos=0.9577 n_collapsed=9/56 layers
  [LOGIC] mlp=-707.8476 attn=-64.9372 div=4.5761
  [TIME] CE=376ms logic_reg=2662ms
  step   590/1000 (global=590)  loss=3.9409  avg=5.8383  lr=0.000315  B=8  2211ms
  [WB] boundary=84/100  core_diff=2.9564  bin_diff=0.0452  ratio=65.39  prune_act=0.0000
  [WB] structure=14/16 (88%)  opp_sim=0.159
  [WB] BOUNDARY OK | CORE>BIN OK | PRUNE silent OK
  [DIVERSITY] max_cos=0.9584 n_collapsed=9/56 layers
  [LOGIC] mlp=-704.0107 attn=-64.0847 div=4.6217
  [TIME] CE=390ms logic_reg=2664ms
  step   600/1000 (global=600)  loss=4.8147  avg=5.9006  lr=0.000302  B=8  2211ms
  [WB] boundary=84/100  core_diff=2.9509  bin_diff=0.0448  ratio=65.90  prune_act=0.0000
  [WB] structure=14/16 (88%)  opp_sim=0.159
  [WB] BOUNDARY OK | CORE>BIN OK | PRUNE silent OK
[*] stateful inference started: window=9996, sinks=4, ctx=10240
[*] sliding window configured: W=9996, sinks=4 (effective context: 10000)
  [TRACE] "热": L0[||x||=3.48 C268(+306.42--4.90) B1076(+25.86--57.04) P448(max0.000)] L4[||x||=1.13 C268(+621.97--1.51) B1076(+72.45--73.57) P448(max0.000)] L7[||x||=0.76 C268(+422.88--5.47) B1076(+684.28--32.49) P448(max0.000)] | H=0.10/15 top3=32057 31859 31865 
  [DIVERSITY] max_cos=0.9579 n_collapsed=9/56 layers
  [LOGIC] mlp=-707.0634 attn=-65.1089 div=4.5744
  [TIME] CE=392ms logic_reg=2664ms
  step   610/1000 (global=610)  loss=8.1901  avg=5.8952  lr=0.000289  B=8  2211ms
  [WB] boundary=84/100  core_diff=2.9518  bin_diff=0.0443  ratio=66.66  prune_act=0.0000
  [WB] structure=14/16 (88%)  opp_sim=0.159
  [WB] BOUNDARY OK | CORE>BIN OK | PRUNE silent OK
  [DIVERSITY] max_cos=0.9581 n_collapsed=9/56 layers
  [LOGIC] mlp=-701.0798 attn=-63.9283 div=4.6141
  [TIME] CE=391ms logic_reg=2691ms
  step   620/1000 (global=620)  loss=7.4988  avg=6.0229  lr=0.000276  B=8  2211ms
  [WB] boundary=84/100  core_diff=2.9492  bin_diff=0.0442  ratio=66.74  prune_act=0.0000
  [WB] structure=14/16 (88%)  opp_sim=0.160
  [WB] BOUNDARY OK | CORE>BIN OK | PRUNE silent OK
    [plan-I] step 2949 W_v approx_rank=18.6 (frob=18.56 max_row=1.00)
    [ortho] step 2949 L0 W_o off_diag=0.22 diag_dev=0.0687
    [plan-I] step 2949 W_v approx_rank=18.3 (frob=18.23 max_row=1.00)
    [ortho] step 2949 L1 W_o off_diag=0.22 diag_dev=0.0686
    [plan-I] step 2949 W_v approx_rank=18.3 (frob=18.20 max_row=1.00)
    [ortho] step 2949 L2 W_o off_diag=0.22 diag_dev=0.0684
    [plan-I] step 2949 W_v approx_rank=18.0 (frob=17.90 max_row=1.00)
    [ortho] step 2949 L3 W_o off_diag=0.22 diag_dev=0.0686
    [plan-I] step 2949 W_v approx_rank=18.5 (frob=18.42 max_row=1.00)
    [ortho] step 2949 L4 W_o off_diag=0.22 diag_dev=0.0689
    [plan-I] step 2949 W_v approx_rank=18.4 (frob=18.39 max_row=1.00)
    [ortho] step 2949 L5 W_o off_diag=0.22 diag_dev=0.0698
    [plan-I] step 2949 W_v approx_rank=18.5 (frob=18.42 max_row=1.00)
    [ortho] step 2949 L6 W_o off_diag=0.21 diag_dev=0.0708
    [plan-I] step 2949 W_v approx_rank=17.9 (frob=17.85 max_row=1.00)
    [ortho] step 2949 L7 W_o off_diag=0.21 diag_dev=0.0709
  [DIVERSITY] max_cos=0.9581 n_collapsed=9/56 layers
  [LOGIC] mlp=-705.3840 attn=-64.7245 div=4.5971
  [TIME] CE=398ms logic_reg=2664ms
  step   630/1000 (global=630)  loss=2.6705  avg=5.9141  lr=0.000264  B=8  2211ms
  [WB] boundary=84/100  core_diff=2.9484  bin_diff=0.0441  ratio=66.79  prune_act=0.0000
  [WB] structure=14/16 (88%)  opp_sim=0.160
  [WB] BOUNDARY OK | CORE>BIN OK | PRUNE silent OK
  [DIVERSITY] max_cos=0.9581 n_collapsed=9/56 layers
  [LOGIC] mlp=-707.3156 attn=-64.7588 div=4.6028
  [TIME] CE=392ms logic_reg=2676ms
  step   640/1000 (global=640)  loss=8.6994  avg=5.8772  lr=0.000252  B=8  2211ms
  [WB] boundary=84/100  core_diff=2.9437  bin_diff=0.0435  ratio=67.63  prune_act=0.0000
  [WB] structure=14/16 (88%)  opp_sim=0.160
  [WB] BOUNDARY OK | CORE>BIN OK | PRUNE silent OK
  [DIVERSITY] max_cos=0.9581 n_collapsed=9/56 layers
  [LOGIC] mlp=-706.4899 attn=-64.3736 div=4.6117
  [TIME] CE=367ms logic_reg=2664ms
  step   650/1000 (global=650)  loss=5.8497  avg=5.8083  lr=0.000239  B=8  2211ms
  [WB] boundary=84/100  core_diff=2.9463  bin_diff=0.0442  ratio=66.73  prune_act=0.0000
  [WB] structure=14/16 (88%)  opp_sim=0.161
  [WB] BOUNDARY OK | CORE>BIN OK | PRUNE silent OK
[*] stateful inference started: window=9996, sinks=4, ctx=10240
[*] sliding window configured: W=9996, sinks=4 (effective context: 10000)
  [TRACE] "冷": L0[||x||=3.50 C268(+94.59--12.87) B1076(+30.45--53.45) P448(max0.000)] L4[||x||=1.10 C268(+162.56--13.11) B1076(+66.55--80.52) P448(max0.000)] L7[||x||=0.63 C268(+370.37--4.40) B1076(+960.01--34.33) P448(max0.000)] | H=10.77/15 top3=32039 233 234 
  [DIVERSITY] max_cos=0.9581 n_collapsed=9/56 layers
  [LOGIC] mlp=-709.3109 attn=-64.6146 div=4.6044
  [TIME] CE=392ms logic_reg=2664ms
  step   660/1000 (global=660)  loss=4.7691  avg=5.9089  lr=0.000227  B=8  2211ms
  [WB] boundary=84/100  core_diff=2.9473  bin_diff=0.0437  ratio=67.41  prune_act=0.0000
  [WB] structure=14/16 (88%)  opp_sim=0.161
  [WB] BOUNDARY OK | CORE>BIN OK | PRUNE silent OK
  [DIVERSITY] max_cos=0.9583 n_collapsed=9/56 layers
  [LOGIC] mlp=-707.8244 attn=-64.1553 div=4.6208
  [TIME] CE=392ms logic_reg=2671ms
  step   670/1000 (global=670)  loss=6.8659  avg=5.9171  lr=0.000215  B=8  2211ms
  [WB] boundary=84/100  core_diff=2.9466  bin_diff=0.0438  ratio=67.26  prune_act=0.0000
  [WB] structure=14/16 (88%)  opp_sim=0.161
  [WB] BOUNDARY OK | CORE>BIN OK | PRUNE silent OK
    [plan-I] step 2999 W_v approx_rank=18.6 (frob=18.56 max_row=1.00)
    [ortho] step 2999 L0 W_o off_diag=0.22 diag_dev=0.0694
    [plan-I] step 2999 W_v approx_rank=18.3 (frob=18.23 max_row=1.00)
    [ortho] step 2999 L1 W_o off_diag=0.22 diag_dev=0.0694
    [plan-I] step 2999 W_v approx_rank=18.3 (frob=18.20 max_row=1.00)
    [ortho] step 2999 L2 W_o off_diag=0.22 diag_dev=0.0692
    [plan-I] step 2999 W_v approx_rank=18.0 (frob=17.90 max_row=1.00)
    [ortho] step 2999 L3 W_o off_diag=0.22 diag_dev=0.0693
    [plan-I] step 2999 W_v approx_rank=18.5 (frob=18.42 max_row=1.00)
    [ortho] step 2999 L4 W_o off_diag=0.22 diag_dev=0.0695
    [plan-I] step 2999 W_v approx_rank=18.4 (frob=18.39 max_row=1.00)
    [ortho] step 2999 L5 W_o off_diag=0.21 diag_dev=0.0702
    [plan-I] step 2999 W_v approx_rank=18.5 (frob=18.42 max_row=1.00)
    [ortho] step 2999 L6 W_o off_diag=0.21 diag_dev=0.0710
    [plan-I] step 2999 W_v approx_rank=17.9 (frob=17.85 max_row=1.00)
    [ortho] step 2999 L7 W_o off_diag=0.21 diag_dev=0.0711
  [DIVERSITY] max_cos=0.9587 n_collapsed=9/56 layers
  [LOGIC] mlp=-707.1028 attn=-63.8350 div=4.6394
  [TIME] CE=370ms logic_reg=2661ms
  step   680/1000 (global=680)  loss=5.5014  avg=5.9266  lr=0.000204  B=8  2211ms
  [WB] boundary=84/100  core_diff=2.9460  bin_diff=0.0433  ratio=68.11  prune_act=0.0000
  [WB] structure=14/16 (88%)  opp_sim=0.161
  [WB] BOUNDARY OK | CORE>BIN OK | PRUNE silent OK
  [DIVERSITY] max_cos=0.9584 n_collapsed=9/56 layers
  [LOGIC] mlp=-706.9521 attn=-63.8013 div=4.6209
  [TIME] CE=396ms logic_reg=3022ms
  step   690/1000 (global=690)  loss=5.5712  avg=5.9342  lr=0.000192  B=8  2212ms
  [WB] boundary=84/100  core_diff=2.9478  bin_diff=0.0434  ratio=67.90  prune_act=0.0000
  [WB] structure=14/16 (88%)  opp_sim=0.161
  [WB] BOUNDARY OK | CORE>BIN OK | PRUNE silent OK
  [DIVERSITY] max_cos=0.9585 n_collapsed=9/56 layers
  [LOGIC] mlp=-707.8692 attn=-63.8804 div=4.6192
  [TIME] CE=385ms logic_reg=2949ms
  step   700/1000 (global=700)  loss=6.4617  avg=5.8822  lr=0.000181  B=8  2213ms
  [WB] boundary=84/100  core_diff=2.9467  bin_diff=0.0440  ratio=66.94  prune_act=0.0000
  [WB] structure=14/16 (88%)  opp_sim=0.160
  [WB] BOUNDARY OK | CORE>BIN OK | PRUNE silent OK
[*] stateful inference started: window=9996, sinks=4, ctx=10240
[*] sliding window configured: W=9996, sinks=4 (effective context: 10000)
  [TRACE] "火": L0[||x||=3.49 C268(+92.88--17.73) B1076(+33.12--50.71) P448(max0.000)] L4[||x||=1.11 C268(+120.32--14.15) B1076(+73.99--78.63) P448(max0.000)] L7[||x||=0.73 C268(+169.98--11.26) B1076(+518.36--37.00) P448(max0.000)] | H=0.03/15 top3=31859 31865 32057 
  [DIVERSITY] max_cos=0.9589 n_collapsed=9/56 layers
  [LOGIC] mlp=-708.1179 attn=-63.7487 div=4.6202
  [TIME] CE=377ms logic_reg=2675ms
  step   710/1000 (global=710)  loss=4.1459  avg=5.8155  lr=0.000170  B=8  2213ms
  [WB] boundary=84/100  core_diff=2.9449  bin_diff=0.0441  ratio=66.81  prune_act=0.0000
  [WB] structure=14/16 (88%)  opp_sim=0.160
  [WB] BOUNDARY OK | CORE>BIN OK | PRUNE silent OK
  [DIVERSITY] max_cos=0.9590 n_collapsed=9/56 layers
  [LOGIC] mlp=-708.2031 attn=-63.7021 div=4.6322
  [TIME] CE=397ms logic_reg=2668ms
  step   720/1000 (global=720)  loss=5.4557  avg=5.6728  lr=0.000160  B=8  2213ms
  [WB] boundary=84/100  core_diff=2.9443  bin_diff=0.0432  ratio=68.22  prune_act=0.0000
  [WB] structure=14/16 (88%)  opp_sim=0.160
  [WB] BOUNDARY OK | CORE>BIN OK | PRUNE silent OK
    [plan-I] step 3049 W_v approx_rank=18.6 (frob=18.56 max_row=1.00)
    [ortho] step 3049 L0 W_o off_diag=0.21 diag_dev=0.0701
    [plan-I] step 3049 W_v approx_rank=18.3 (frob=18.23 max_row=1.00)
    [ortho] step 3049 L1 W_o off_diag=0.21 diag_dev=0.0701
    [plan-I] step 3049 W_v approx_rank=18.3 (frob=18.20 max_row=1.00)
    [ortho] step 3049 L2 W_o off_diag=0.21 diag_dev=0.0700
    [plan-I] step 3049 W_v approx_rank=18.0 (frob=17.90 max_row=1.00)
    [ortho] step 3049 L3 W_o off_diag=0.21 diag_dev=0.0700
    [plan-I] step 3049 W_v approx_rank=18.5 (frob=18.42 max_row=1.00)
    [ortho] step 3049 L4 W_o off_diag=0.21 diag_dev=0.0702
    [plan-I] step 3049 W_v approx_rank=18.4 (frob=18.39 max_row=1.00)
    [ortho] step 3049 L5 W_o off_diag=0.21 diag_dev=0.0706
    [plan-I] step 3049 W_v approx_rank=18.5 (frob=18.42 max_row=1.00)
    [ortho] step 3049 L6 W_o off_diag=0.21 diag_dev=0.0712
    [plan-I] step 3049 W_v approx_rank=17.9 (frob=17.85 max_row=1.00)
    [ortho] step 3049 L7 W_o off_diag=0.21 diag_dev=0.0713
  [DIVERSITY] max_cos=0.9591 n_collapsed=9/56 layers
  [LOGIC] mlp=-709.0251 attn=-63.6895 div=4.6230
  [TIME] CE=399ms logic_reg=2669ms
  step   730/1000 (global=730)  loss=5.2638  avg=5.7462  lr=0.000149  B=8  2213ms
  [WB] boundary=84/100  core_diff=2.9420  bin_diff=0.0433  ratio=67.95  prune_act=0.0000
  [WB] structure=14/16 (88%)  opp_sim=0.159
  [WB] BOUNDARY OK | CORE>BIN OK | PRUNE silent OK
  [DIVERSITY] max_cos=0.9593 n_collapsed=9/56 layers
  [LOGIC] mlp=-707.3389 attn=-63.5143 div=4.6345
  [TIME] CE=403ms logic_reg=2685ms
  step   740/1000 (global=740)  loss=8.8317  avg=5.8427  lr=0.000139  B=8  2213ms
  [WB] boundary=84/100  core_diff=2.9387  bin_diff=0.0430  ratio=68.29  prune_act=0.0000
  [WB] structure=14/16 (88%)  opp_sim=0.160
  [WB] BOUNDARY OK | CORE>BIN OK | PRUNE silent OK
  [DIVERSITY] max_cos=0.9593 n_collapsed=9/56 layers
  [LOGIC] mlp=-707.0366 attn=-63.2722 div=4.6535
  [TIME] CE=394ms logic_reg=2676ms
  step   750/1000 (global=750)  loss=5.7239  avg=5.8419  lr=0.000129  B=8  2213ms
  [WB] boundary=84/100  core_diff=2.9361  bin_diff=0.0422  ratio=69.65  prune_act=0.0000
  [WB] structure=14/16 (88%)  opp_sim=0.160
  [WB] BOUNDARY OK | CORE>BIN OK | PRUNE silent OK
[*] stateful inference started: window=9996, sinks=4, ctx=10240
[*] sliding window configured: W=9996, sinks=4 (effective context: 10000)
  [TRACE] "水": L0[||x||=3.51 C268(+107.85--15.85) B1076(+35.41--47.69) P448(max0.000)] L4[||x||=1.13 C268(+188.32--10.52) B1076(+67.50--78.17) P448(max0.000)] L7[||x||=0.76 C268(+204.12--11.65) B1076(+292.98--41.73) P448(max0.000)] | H=7.97/15 top3=234 32057 32039 
  [DIVERSITY] max_cos=0.9595 n_collapsed=9/56 layers
  [LOGIC] mlp=-706.7057 attn=-63.1264 div=4.6595
  [TIME] CE=400ms logic_reg=2670ms
  step   760/1000 (global=760)  loss=5.1343  avg=5.6618  lr=0.000120  B=8  2213ms
  [WB] boundary=84/100  core_diff=2.9325  bin_diff=0.0418  ratio=70.09  prune_act=0.0000
  [WB] structure=14/16 (88%)  opp_sim=0.160
  [WB] BOUNDARY OK | CORE>BIN OK | PRUNE silent OK
  [DIVERSITY] max_cos=0.9596 n_collapsed=9/56 layers
  [LOGIC] mlp=-707.4969 attn=-63.2178 div=4.6669
  [TIME] CE=387ms logic_reg=2687ms
  step   770/1000 (global=770)  loss=5.4762  avg=5.6785  lr=0.000110  B=8  2213ms
  [WB] boundary=84/100  core_diff=2.9308  bin_diff=0.0418  ratio=70.13  prune_act=0.0000
  [WB] structure=14/16 (88%)  opp_sim=0.160
  [WB] BOUNDARY OK | CORE>BIN OK | PRUNE silent OK
    [plan-I] step 3099 W_v approx_rank=18.6 (frob=18.56 max_row=1.00)
    [ortho] step 3099 L0 W_o off_diag=0.21 diag_dev=0.0706
    [plan-I] step 3099 W_v approx_rank=18.3 (frob=18.23 max_row=1.00)
    [ortho] step 3099 L1 W_o off_diag=0.21 diag_dev=0.0707
    [plan-I] step 3099 W_v approx_rank=18.3 (frob=18.20 max_row=1.00)
    [ortho] step 3099 L2 W_o off_diag=0.21 diag_dev=0.0706
    [plan-I] step 3099 W_v approx_rank=18.0 (frob=17.90 max_row=1.00)
    [ortho] step 3099 L3 W_o off_diag=0.21 diag_dev=0.0707
    [plan-I] step 3099 W_v approx_rank=18.5 (frob=18.42 max_row=1.00)
    [ortho] step 3099 L4 W_o off_diag=0.21 diag_dev=0.0708
    [plan-I] step 3099 W_v approx_rank=18.4 (frob=18.39 max_row=1.00)
    [ortho] step 3099 L5 W_o off_diag=0.21 diag_dev=0.0710
    [plan-I] step 3099 W_v approx_rank=18.5 (frob=18.42 max_row=1.00)
    [ortho] step 3099 L6 W_o off_diag=0.21 diag_dev=0.0715
    [plan-I] step 3099 W_v approx_rank=17.9 (frob=17.85 max_row=1.00)
    [ortho] step 3099 L7 W_o off_diag=0.21 diag_dev=0.0715
  [DIVERSITY] max_cos=0.9597 n_collapsed=9/56 layers
  [LOGIC] mlp=-707.8282 attn=-63.3961 div=4.6594
  [TIME] CE=393ms logic_reg=2667ms
  step   780/1000 (global=780)  loss=8.2483  avg=5.8328  lr=0.000101  B=8  2213ms
  [WB] boundary=84/100  core_diff=2.9319  bin_diff=0.0422  ratio=69.46  prune_act=0.0000
  [WB] structure=14/16 (88%)  opp_sim=0.160
  [WB] BOUNDARY OK | CORE>BIN OK | PRUNE silent OK
  [DIVERSITY] max_cos=0.9598 n_collapsed=9/56 layers
  [LOGIC] mlp=-707.6475 attn=-63.4284 div=4.6645
  [TIME] CE=389ms logic_reg=2681ms
  step   790/1000 (global=790)  loss=5.3635  avg=5.7599  lr=0.000093  B=8  2213ms
  [WB] boundary=84/100  core_diff=2.9331  bin_diff=0.0429  ratio=68.37  prune_act=0.0000
  [WB] structure=14/16 (88%)  opp_sim=0.160
  [WB] BOUNDARY OK | CORE>BIN OK | PRUNE silent OK
  [DIVERSITY] max_cos=0.9599 n_collapsed=9/56 layers
  [LOGIC] mlp=-706.0536 attn=-63.1586 div=4.6828
  [TIME] CE=395ms logic_reg=2679ms
  step   800/1000 (global=800)  loss=7.4298  avg=5.6286  lr=0.000084  B=8  2213ms
  [WB] boundary=84/100  core_diff=2.9330  bin_diff=0.0426  ratio=68.86  prune_act=0.0000
  [WB] structure=14/16 (88%)  opp_sim=0.159
  [WB] BOUNDARY OK | CORE>BIN OK | PRUNE silent OK
[*] stateful inference started: window=9996, sinks=4, ctx=10240
[*] sliding window configured: W=9996, sinks=4 (effective context: 10000)
  [TRACE] "大": L0[||x||=3.51 C268(+340.02--3.16) B1076(+35.08--46.92) P448(max0.000)] L4[||x||=1.14 C268(+537.90--2.17) B1076(+62.51--67.08) P448(max0.000)] L7[||x||=0.76 C268(+343.38--6.26) B1076(+198.06--42.56) P448(max0.000)] | H=14.39/15 top3=233 321 32039 
  [DIVERSITY] max_cos=0.9601 n_collapsed=9/56 layers
  [LOGIC] mlp=-706.0186 attn=-63.0150 div=4.7051
  [TIME] CE=382ms logic_reg=2695ms
  step   810/1000 (global=810)  loss=3.6398  avg=5.5689  lr=0.000076  B=8  2213ms
  [WB] boundary=84/100  core_diff=2.9315  bin_diff=0.0421  ratio=69.62  prune_act=0.0000
  [WB] structure=14/16 (88%)  opp_sim=0.159
  [WB] BOUNDARY OK | CORE>BIN OK | PRUNE silent OK
  [DIVERSITY] max_cos=0.9601 n_collapsed=9/56 layers
  [LOGIC] mlp=-705.3740 attn=-62.9097 div=4.7177
  [TIME] CE=394ms logic_reg=2678ms
  step   820/1000 (global=820)  loss=5.5283  avg=5.7116  lr=0.000069  B=8  2213ms
  [WB] boundary=84/100  core_diff=2.9301  bin_diff=0.0420  ratio=69.81  prune_act=0.0000
  [WB] structure=14/16 (88%)  opp_sim=0.160
  [WB] BOUNDARY OK | CORE>BIN OK | PRUNE silent OK
    [plan-I] step 3149 W_v approx_rank=18.6 (frob=18.56 max_row=1.00)
    [ortho] step 3149 L0 W_o off_diag=0.21 diag_dev=0.0711
    [plan-I] step 3149 W_v approx_rank=18.3 (frob=18.23 max_row=1.00)
    [ortho] step 3149 L1 W_o off_diag=0.21 diag_dev=0.0712
    [plan-I] step 3149 W_v approx_rank=18.3 (frob=18.20 max_row=1.00)
    [ortho] step 3149 L2 W_o off_diag=0.21 diag_dev=0.0711
    [plan-I] step 3149 W_v approx_rank=18.0 (frob=17.90 max_row=1.00)
    [ortho] step 3149 L3 W_o off_diag=0.21 diag_dev=0.0712
    [plan-I] step 3149 W_v approx_rank=18.5 (frob=18.42 max_row=1.00)
    [ortho] step 3149 L4 W_o off_diag=0.21 diag_dev=0.0712
    [plan-I] step 3149 W_v approx_rank=18.4 (frob=18.39 max_row=1.00)
    [ortho] step 3149 L5 W_o off_diag=0.21 diag_dev=0.0713
    [plan-I] step 3149 W_v approx_rank=18.5 (frob=18.42 max_row=1.00)
    [ortho] step 3149 L6 W_o off_diag=0.21 diag_dev=0.0716
    [plan-I] step 3149 W_v approx_rank=17.9 (frob=17.85 max_row=1.00)
    [ortho] step 3149 L7 W_o off_diag=0.21 diag_dev=0.0716
  [DIVERSITY] max_cos=0.9602 n_collapsed=9/56 layers
  [LOGIC] mlp=-706.0406 attn=-62.9905 div=4.7275
  [TIME] CE=403ms logic_reg=2675ms
  step   830/1000 (global=830)  loss=8.7025  avg=5.6324  lr=0.000062  B=8  2213ms
  [WB] boundary=84/100  core_diff=2.9290  bin_diff=0.0417  ratio=70.18  prune_act=0.0000
  [WB] structure=14/16 (88%)  opp_sim=0.159
  [WB] BOUNDARY OK | CORE>BIN OK | PRUNE silent OK
  [DIVERSITY] max_cos=0.9602 n_collapsed=9/56 layers
  [LOGIC] mlp=-705.0775 attn=-62.7438 div=4.7378
  [TIME] CE=400ms logic_reg=2680ms
  step   840/1000 (global=840)  loss=6.6335  avg=5.6008  lr=0.000055  B=8  2214ms
  [WB] boundary=84/100  core_diff=2.9285  bin_diff=0.0417  ratio=70.19  prune_act=0.0000
  [WB] structure=14/16 (88%)  opp_sim=0.159
  [WB] BOUNDARY OK | CORE>BIN OK | PRUNE silent OK
  [DIVERSITY] max_cos=0.9604 n_collapsed=9/56 layers
  [LOGIC] mlp=-703.4791 attn=-62.4425 div=4.7431
  [TIME] CE=413ms logic_reg=2692ms
  step   850/1000 (global=850)  loss=3.6990  avg=5.6223  lr=0.000048  B=8  2214ms
  [WB] boundary=84/100  core_diff=2.9289  bin_diff=0.0420  ratio=69.68  prune_act=0.0000
  [WB] structure=14/16 (88%)  opp_sim=0.159
  [WB] BOUNDARY OK | CORE>BIN OK | PRUNE silent OK
[*] stateful inference started: window=9996, sinks=4, ctx=10240
[*] sliding window configured: W=9996, sinks=4 (effective context: 10000)
  [TRACE] "小": L0[||x||=3.51 C268(+57.01--15.22) B1076(+36.79--46.02) P448(max0.000)] L4[||x||=1.13 C268(+141.35--11.40) B1076(+63.38--65.22) P448(max0.000)] L7[||x||=0.71 C268(+381.72--7.30) B1076(+206.91--72.59) P448(max0.000)] | H=0.45/15 top3=32057 234 32298 
  [DIVERSITY] max_cos=0.9604 n_collapsed=9/56 layers
  [LOGIC] mlp=-704.6364 attn=-62.7182 div=4.7433
  [TIME] CE=393ms logic_reg=2675ms
  step   860/1000 (global=860)  loss=8.0629  avg=5.6731  lr=0.000042  B=8  2214ms
  [WB] boundary=84/100  core_diff=2.9295  bin_diff=0.0421  ratio=69.55  prune_act=0.0000
  [WB] structure=14/16 (88%)  opp_sim=0.159
  [WB] BOUNDARY OK | CORE>BIN OK | PRUNE silent OK
  [DIVERSITY] max_cos=0.9603 n_collapsed=9/56 layers
  [LOGIC] mlp=-705.8203 attn=-62.9945 div=4.7396
  [TIME] CE=392ms logic_reg=2672ms
  step   870/1000 (global=870)  loss=6.6642  avg=5.7105  lr=0.000036  B=8  2214ms
  [WB] boundary=84/100  core_diff=2.9298  bin_diff=0.0423  ratio=69.31  prune_act=0.0000
  [WB] structure=14/16 (88%)  opp_sim=0.159
  [WB] BOUNDARY OK | CORE>BIN OK | PRUNE silent OK
    [plan-I] step 3199 W_v approx_rank=18.6 (frob=18.56 max_row=1.00)
    [ortho] step 3199 L0 W_o off_diag=0.21 diag_dev=0.0715
    [plan-I] step 3199 W_v approx_rank=18.3 (frob=18.23 max_row=1.00)
    [ortho] step 3199 L1 W_o off_diag=0.21 diag_dev=0.0716
    [plan-I] step 3199 W_v approx_rank=18.3 (frob=18.20 max_row=1.00)
    [ortho] step 3199 L2 W_o off_diag=0.21 diag_dev=0.0715
    [plan-I] step 3199 W_v approx_rank=18.0 (frob=17.90 max_row=1.00)
    [ortho] step 3199 L3 W_o off_diag=0.21 diag_dev=0.0716
    [plan-I] step 3199 W_v approx_rank=18.5 (frob=18.42 max_row=1.00)
    [ortho] step 3199 L4 W_o off_diag=0.21 diag_dev=0.0716
    [plan-I] step 3199 W_v approx_rank=18.4 (frob=18.39 max_row=1.00)
    [ortho] step 3199 L5 W_o off_diag=0.21 diag_dev=0.0716
    [plan-I] step 3199 W_v approx_rank=18.5 (frob=18.42 max_row=1.00)
    [ortho] step 3199 L6 W_o off_diag=0.21 diag_dev=0.0718
    [plan-I] step 3199 W_v approx_rank=17.9 (frob=17.85 max_row=1.00)
    [ortho] step 3199 L7 W_o off_diag=0.21 diag_dev=0.0718
  [DIVERSITY] max_cos=0.9604 n_collapsed=9/56 layers
  [LOGIC] mlp=-705.2481 attn=-62.8742 div=4.7430
  [TIME] CE=387ms logic_reg=2677ms
  step   880/1000 (global=880)  loss=4.1303  avg=5.7507  lr=0.000031  B=8  2214ms
  [WB] boundary=84/100  core_diff=2.9301  bin_diff=0.0424  ratio=69.12  prune_act=0.0000
  [WB] structure=14/16 (88%)  opp_sim=0.159
  [WB] BOUNDARY OK | CORE>BIN OK | PRUNE silent OK
  [DIVERSITY] max_cos=0.9604 n_collapsed=9/56 layers
  [LOGIC] mlp=-705.4717 attn=-62.9188 div=4.7439
  [TIME] CE=397ms logic_reg=2688ms
  step   890/1000 (global=890)  loss=5.9396  avg=5.8106  lr=0.000026  B=8  2214ms
  [WB] boundary=84/100  core_diff=2.9303  bin_diff=0.0425  ratio=69.01  prune_act=0.0000
  [WB] structure=14/16 (88%)  opp_sim=0.159
  [WB] BOUNDARY OK | CORE>BIN OK | PRUNE silent OK
  [DIVERSITY] max_cos=0.9603 n_collapsed=9/56 layers
  [LOGIC] mlp=-705.9455 attn=-63.0288 div=4.7440
  [TIME] CE=398ms logic_reg=2680ms
  step   900/1000 (global=900)  loss=5.2092  avg=5.7894  lr=0.000022  B=8  2214ms
  [WB] boundary=84/100  core_diff=2.9303  bin_diff=0.0425  ratio=68.99  prune_act=0.0000
  [WB] structure=14/16 (88%)  opp_sim=0.159
  [WB] BOUNDARY OK | CORE>BIN OK | PRUNE silent OK
[*] stateful inference started: window=9996, sinks=4, ctx=10240
[*] sliding window configured: W=9996, sinks=4 (effective context: 10000)
  [TRACE] "热": L0[||x||=3.50 C268(+289.97--5.18) B1076(+38.93--46.31) P448(max0.000)] L4[||x||=1.15 C268(+524.74--0.84) B1076(+65.34--74.57) P448(max0.000)] L7[||x||=0.78 C268(+344.48--8.24) B1076(+241.18--46.09) P448(max0.000)] | H=6.81/15 top3=32057 234 31890 
  [DIVERSITY] max_cos=0.9604 n_collapsed=9/56 layers
  [LOGIC] mlp=-705.7740 attn=-62.9666 div=4.7497
  [TIME] CE=406ms logic_reg=2694ms
  step   910/1000 (global=910)  loss=6.1340  avg=5.7887  lr=0.000018  B=8  2214ms
  [WB] boundary=84/100  core_diff=2.9300  bin_diff=0.0425  ratio=68.97  prune_act=0.0000
  [WB] structure=14/16 (88%)  opp_sim=0.159
  [WB] BOUNDARY OK | CORE>BIN OK | PRUNE silent OK
  [DIVERSITY] max_cos=0.9604 n_collapsed=9/56 layers
  [LOGIC] mlp=-705.5510 attn=-62.9090 div=4.7517
  [TIME] CE=388ms logic_reg=2686ms
  step   920/1000 (global=920)  loss=4.7335  avg=5.7184  lr=0.000014  B=8  2214ms
  [WB] boundary=84/100  core_diff=2.9298  bin_diff=0.0425  ratio=69.01  prune_act=0.0000
  [WB] structure=14/16 (88%)  opp_sim=0.159
  [WB] BOUNDARY OK | CORE>BIN OK | PRUNE silent OK
    [plan-I] step 3249 W_v approx_rank=18.6 (frob=18.56 max_row=1.00)
    [ortho] step 3249 L0 W_o off_diag=0.21 diag_dev=0.0718
    [plan-I] step 3249 W_v approx_rank=18.3 (frob=18.23 max_row=1.00)
    [ortho] step 3249 L1 W_o off_diag=0.21 diag_dev=0.0719
    [plan-I] step 3249 W_v approx_rank=18.3 (frob=18.20 max_row=1.00)
    [ortho] step 3249 L2 W_o off_diag=0.21 diag_dev=0.0718
    [plan-I] step 3249 W_v approx_rank=18.0 (frob=17.90 max_row=1.00)
    [ortho] step 3249 L3 W_o off_diag=0.21 diag_dev=0.0718
    [plan-I] step 3249 W_v approx_rank=18.5 (frob=18.42 max_row=1.00)
    [ortho] step 3249 L4 W_o off_diag=0.21 diag_dev=0.0718
    [plan-I] step 3249 W_v approx_rank=18.4 (frob=18.39 max_row=1.00)
    [ortho] step 3249 L5 W_o off_diag=0.21 diag_dev=0.0718
    [plan-I] step 3249 W_v approx_rank=18.5 (frob=18.42 max_row=1.00)
    [ortho] step 3249 L6 W_o off_diag=0.21 diag_dev=0.0719
    [plan-I] step 3249 W_v approx_rank=17.9 (frob=17.85 max_row=1.00)
    [ortho] step 3249 L7 W_o off_diag=0.21 diag_dev=0.0718
  [DIVERSITY] max_cos=0.9604 n_collapsed=9/56 layers
  [LOGIC] mlp=-705.3872 attn=-62.8763 div=4.7527
  [TIME] CE=384ms logic_reg=2687ms
  step   930/1000 (global=930)  loss=4.3668  avg=5.7147  lr=0.000011  B=8  2214ms
  [WB] boundary=84/100  core_diff=2.9297  bin_diff=0.0424  ratio=69.02  prune_act=0.0000
  [WB] structure=14/16 (88%)  opp_sim=0.159
  [WB] BOUNDARY OK | CORE>BIN OK | PRUNE silent OK
  [DIVERSITY] max_cos=0.9604 n_collapsed=9/56 layers
  [LOGIC] mlp=-705.4556 attn=-62.8800 div=4.7549
  [TIME] CE=394ms logic_reg=2682ms
  step   940/1000 (global=940)  loss=4.7630  avg=5.7638  lr=0.000008  B=8  2214ms
  [WB] boundary=84/100  core_diff=2.9295  bin_diff=0.0424  ratio=69.06  prune_act=0.0000
  [WB] structure=14/16 (88%)  opp_sim=0.159
  [WB] BOUNDARY OK | CORE>BIN OK | PRUNE silent OK
  [DIVERSITY] max_cos=0.9604 n_collapsed=9/56 layers
  [LOGIC] mlp=-705.2500 attn=-62.8300 div=4.7567
  [TIME] CE=399ms logic_reg=2665ms
  step   950/1000 (global=950)  loss=6.6167  avg=5.8266  lr=0.000005  B=8  2214ms
  [WB] boundary=84/100  core_diff=2.9293  bin_diff=0.0424  ratio=69.06  prune_act=0.0000
  [WB] structure=14/16 (88%)  opp_sim=0.159
  [WB] BOUNDARY OK | CORE>BIN OK | PRUNE silent OK
[*] stateful inference started: window=9996, sinks=4, ctx=10240
[*] sliding window configured: W=9996, sinks=4 (effective context: 10000)
  [TRACE] "冷": L0[||x||=3.53 C268(+89.79--12.42) B1076(+38.57--46.25) P448(max0.000)] L4[||x||=1.11 C268(+131.30--12.48) B1076(+68.08--72.57) P448(max0.000)] L7[||x||=0.67 C268(+443.28--4.72) B1076(+350.83--33.52) P448(max0.000)] | H=6.36/15 top3=32039 31861 234 
  [DIVERSITY] max_cos=0.9604 n_collapsed=9/56 layers
  [LOGIC] mlp=-705.0189 attn=-62.7887 div=4.7571
  [TIME] CE=398ms logic_reg=2686ms
  step   960/1000 (global=960)  loss=7.9044  avg=5.8914  lr=0.000003  B=8  2215ms
  [WB] boundary=84/100  core_diff=2.9293  bin_diff=0.0425  ratio=69.00  prune_act=0.0000
  [WB] structure=14/16 (88%)  opp_sim=0.159
  [WB] BOUNDARY OK | CORE>BIN OK | PRUNE silent OK
  [DIVERSITY] max_cos=0.9604 n_collapsed=9/56 layers
  [LOGIC] mlp=-704.8827 attn=-62.7534 div=4.7582
  [TIME] CE=389ms logic_reg=2684ms
  step   970/1000 (global=970)  loss=6.2800  avg=5.8778  lr=0.000002  B=8  2215ms
  [WB] boundary=84/100  core_diff=2.9291  bin_diff=0.0425  ratio=68.98  prune_act=0.0000
  [WB] structure=14/16 (88%)  opp_sim=0.159
  [WB] BOUNDARY OK | CORE>BIN OK | PRUNE silent OK
    [plan-I] step 3299 W_v approx_rank=18.6 (frob=18.56 max_row=1.00)
    [ortho] step 3299 L0 W_o off_diag=0.21 diag_dev=0.0719
    [plan-I] step 3299 W_v approx_rank=18.3 (frob=18.23 max_row=1.00)
    [ortho] step 3299 L1 W_o off_diag=0.21 diag_dev=0.0720
    [plan-I] step 3299 W_v approx_rank=18.3 (frob=18.20 max_row=1.00)
    [ortho] step 3299 L2 W_o off_diag=0.21 diag_dev=0.0719
    [plan-I] step 3299 W_v approx_rank=18.0 (frob=17.90 max_row=1.00)
    [ortho] step 3299 L3 W_o off_diag=0.21 diag_dev=0.0719
    [plan-I] step 3299 W_v approx_rank=18.5 (frob=18.42 max_row=1.00)
    [ortho] step 3299 L4 W_o off_diag=0.21 diag_dev=0.0719
    [plan-I] step 3299 W_v approx_rank=18.4 (frob=18.39 max_row=1.00)
    [ortho] step 3299 L5 W_o off_diag=0.21 diag_dev=0.0719
    [plan-I] step 3299 W_v approx_rank=18.5 (frob=18.42 max_row=1.00)
    [ortho] step 3299 L6 W_o off_diag=0.21 diag_dev=0.0720
    [plan-I] step 3299 W_v approx_rank=17.9 (frob=17.85 max_row=1.00)
    [ortho] step 3299 L7 W_o off_diag=0.21 diag_dev=0.0719
  [DIVERSITY] max_cos=0.9604 n_collapsed=9/56 layers
  [LOGIC] mlp=-704.7772 attn=-62.7298 div=4.7591
  [TIME] CE=399ms logic_reg=2688ms
  step   980/1000 (global=980)  loss=5.6893  avg=5.9053  lr=0.000001  B=8  2215ms
  [WB] boundary=84/100  core_diff=2.9290  bin_diff=0.0425  ratio=68.96  prune_act=0.0000
  [WB] structure=14/16 (88%)  opp_sim=0.159
  [WB] BOUNDARY OK | CORE>BIN OK | PRUNE silent OK
  [DIVERSITY] max_cos=0.9604 n_collapsed=9/56 layers
  [LOGIC] mlp=-704.6669 attn=-62.7049 div=4.7597
  [TIME] CE=389ms logic_reg=2688ms
  step   990/1000 (global=990)  loss=4.2287  avg=6.0081  lr=0.000000  B=8  2215ms
  [WB] boundary=84/100  core_diff=2.9288  bin_diff=0.0425  ratio=68.94  prune_act=0.0000
  [WB] structure=14/16 (88%)  opp_sim=0.159
  [WB] BOUNDARY OK | CORE>BIN OK | PRUNE silent OK
  step   999/1000 (global=999)  loss=8.3856  avg=5.9851  lr=0.000000  B=8  2214ms

[*] STE training done in 2214.1s (2214.1 ms/step)
[*] Best recent loss: 5.1715

[*] Saving trained weights to model_v13l.ste...
[*] Saved 154491928 bytes
=== Post-Training Whitebox Analysis (surface) ===

=== LAL Whitebox Probe (step checkpoint) ===
Model: 8L, 448 embd, 1792 mlp

--- Embedding Concept Boundary ---

        热  冷  大  小  上  下  亮  暗  重  轻  快  慢  湿  干
  热  +1.00 +0.07 +0.03 +0.02 +0.01 +0.04 +0.11 -0.03 +0.05 -0.00 +0.00 +0.11 +0.05 +0.12
  冷  +0.07 +1.00 +0.03 -0.01 +0.05 +0.00 +0.08 -0.02 +0.01 +0.15 -0.02 -0.03 +0.09 -0.06
  大  +0.03 +0.03 +1.00 +0.04 +0.01 -0.01 +0.01 -0.01 +0.03 +0.00 +0.02 +0.01 +0.05 -0.03
  小  +0.02 -0.01 +0.04 +1.00 +0.09 -0.11 +0.06 -0.05 +0.03 +0.05 -0.07 -0.02 +0.05 -0.04
  上  +0.01 +0.05 +0.01 +0.09 +1.00 +0.08 +0.04 -0.06 -0.01 +0.09 -0.02 -0.02 +0.16 +0.04
  下  +0.04 +0.00 -0.01 -0.11 +0.08 +1.00 -0.00 +0.06 -0.06 -0.02 -0.02 -0.03 -0.04 +0.04
  亮  +0.11 +0.08 +0.01 +0.06 +0.04 -0.00 +1.00 -0.01 +0.09 -0.07 -0.05 -0.03 -0.04 +0.01
  暗  -0.03 -0.02 -0.01 -0.05 -0.06 +0.06 -0.01 +1.00 -0.01 +0.07 -0.03 +0.08 -0.03 -0.01
  重  +0.05 +0.01 +0.03 +0.03 -0.01 -0.06 +0.09 -0.01 +1.00 +0.32 +0.02 -0.01 +0.13 +0.20
  轻  -0.00 +0.15 +0.00 +0.05 +0.09 -0.02 -0.07 +0.07 +0.32 +1.00 -0.06 +0.00 +0.50 +0.13
  快  +0.00 -0.02 +0.02 -0.07 -0.02 -0.02 -0.05 -0.03 +0.02 -0.06 +1.00 +0.04 -0.04 +0.06
  慢  +0.11 -0.03 +0.01 -0.02 -0.02 -0.03 -0.03 +0.08 -0.01 +0.00 +0.04 +1.00 -0.05 -0.08
  湿  +0.05 +0.09 +0.05 +0.05 +0.16 -0.04 -0.04 -0.03 +0.13 +0.50 -0.04 -0.05 +1.00 +0.57
  干  +0.12 -0.06 -0.03 -0.04 +0.04 +0.04 +0.01 -0.01 +0.20 +0.13 +0.06 -0.08 +0.57 +1.00

  Opposite pairs (boundary clarity):
    热 vs 冷: +0.0689 CLEAR
    大 vs 小: +0.0446 CLEAR
    上 vs 下: +0.0834 CLEAR
    亮 vs 暗: -0.0064 CLEAR
    重 vs 轻: +0.3182 weak
    快 vs 慢: +0.0365 CLEAR
    湿 vs 干: +0.5670 weak

  Boundary score: 84/100 (STRONG)

--- CORE Activation (simulated, layer 0) ---

  热 vs 冷: CORE diff=3.1007 act=2.4258 OK | BIN diff=0.0236 | PRUNE act=0.0000
  大 vs 小: CORE diff=3.0066 act=2.5809 OK | BIN diff=0.0257 | PRUNE act=0.0000
  上 vs 下: CORE diff=2.9995 act=2.3846 OK | BIN diff=0.0251 | PRUNE act=0.0000
  亮 vs 暗: CORE diff=3.0796 act=2.6307 OK | BIN diff=0.0244 | PRUNE act=0.0000
  重 vs 轻: CORE diff=2.5825 act=2.5678 OK | BIN diff=0.1126 | PRUNE act=0.0000
  快 vs 慢: CORE diff=3.0363 act=2.5265 OK | BIN diff=0.0296 | PRUNE act=0.0000
  湿 vs 干: CORE diff=2.6959 act=2.9536 OK | BIN diff=0.0564 | PRUNE act=0.0000

--- Weight Structure ---

  L0 mlp: CORE=1.4695 BIN=0.4337 PRUNE=0.0000 OK | attn: CORE=0.7684 BIN=0.7294 PRUNE=0.0000 OK
  L1 mlp: CORE=1.3551 BIN=0.4065 PRUNE=0.0000 OK | attn: CORE=0.7794 BIN=0.7222 PRUNE=0.0000 OK
  ... (layers 2-6) ...
  L7 mlp: CORE=0.9293 BIN=0.4083 PRUNE=0.0000 OK | attn: CORE=0.7160 BIN=0.7171 PRUNE=0.0000 X

  Structure: 88% OK (14/16)

--- Embedding Concept Boundary ---

        热  冷  大  小  上  下  亮  暗  重  轻  快  慢  湿  干
  热  +1.00 +0.07 +0.03 +0.02 +0.01 +0.04 +0.11 -0.03 +0.05 -0.00 +0.00 +0.11 +0.05 +0.12
  冷  +0.07 +1.00 +0.03 -0.01 +0.05 +0.00 +0.08 -0.02 +0.01 +0.15 -0.02 -0.03 +0.09 -0.06
  大  +0.03 +0.03 +1.00 +0.04 +0.01 -0.01 +0.01 -0.01 +0.03 +0.00 +0.02 +0.01 +0.05 -0.03
  小  +0.02 -0.01 +0.04 +1.00 +0.09 -0.11 +0.06 -0.05 +0.03 +0.05 -0.07 -0.02 +0.05 -0.04
  上  +0.01 +0.05 +0.01 +0.09 +1.00 +0.08 +0.04 -0.06 -0.01 +0.09 -0.02 -0.02 +0.16 +0.04
  下  +0.04 +0.00 -0.01 -0.11 +0.08 +1.00 -0.00 +0.06 -0.06 -0.02 -0.02 -0.03 -0.04 +0.04
  亮  +0.11 +0.08 +0.01 +0.06 +0.04 -0.00 +1.00 -0.01 +0.09 -0.07 -0.05 -0.03 -0.04 +0.01
  暗  -0.03 -0.02 -0.01 -0.05 -0.06 +0.06 -0.01 +1.00 -0.01 +0.07 -0.03 +0.08 -0.03 -0.01
  重  +0.05 +0.01 +0.03 +0.03 -0.01 -0.06 +0.09 -0.01 +1.00 +0.32 +0.02 -0.01 +0.13 +0.20
  轻  -0.00 +0.15 +0.00 +0.05 +0.09 -0.02 -0.07 +0.07 +0.32 +1.00 -0.06 +0.00 +0.50 +0.13
  快  +0.00 -0.02 +0.02 -0.07 -0.02 -0.02 -0.05 -0.03 +0.02 -0.06 +1.00 +0.04 -0.04 +0.06
  慢  +0.11 -0.03 +0.01 -0.02 -0.02 -0.03 -0.03 +0.08 -0.01 +0.00 +0.04 +1.00 -0.05 -0.08
  湿  +0.05 +0.09 +0.05 +0.05 +0.16 -0.04 -0.04 -0.03 +0.13 +0.50 -0.04 -0.05 +1.00 +0.57
  干  +0.12 -0.06 -0.03 -0.04 +0.04 +0.04 +0.01 -0.01 +0.20 +0.13 +0.06 -0.08 +0.57 +1.00

  Opposite pairs (boundary clarity):
    热 vs 冷: +0.0689 CLEAR
    大 vs 小: +0.0446 CLEAR
    上 vs 下: +0.0834 CLEAR
    亮 vs 暗: -0.0064 CLEAR
    重 vs 轻: +0.3182 weak
    快 vs 慢: +0.0365 CLEAR
    湿 vs 干: +0.5670 weak

  Boundary score: 84/100 (STRONG)

--- Concept Similarity (mid-layer weights) ---

  Embedding similarity:
        热  冷  大  小  上  下  亮  暗  重  轻  快  慢  湿  干
  热  +1.00 +0.07 +0.03 +0.02 +0.01 +0.04 +0.11 -0.03 +0.05 -0.00 +0.00 +0.11 +0.05 +0.12
  冷  +0.07 +1.00 +0.03 -0.01 +0.05 +0.00 +0.08 -0.02 +0.01 +0.15 -0.02 -0.03 +0.09 -0.06
  大  +0.03 +0.03 +1.00 +0.04 +0.01 -0.01 +0.01 -0.01 +0.03 +0.00 +0.02 +0.01 +0.05 -0.03
  小  +0.02 -0.01 +0.04 +1.00 +0.09 -0.11 +0.06 -0.05 +0.03 +0.05 -0.07 -0.02 +0.05 -0.04
  上  +0.01 +0.05 +0.01 +0.09 +1.00 +0.08 +0.04 -0.06 -0.01 +0.09 -0.02 -0.02 +0.16 +0.04
  下  +0.04 +0.00 -0.01 -0.11 +0.08 +1.00 -0.00 +0.06 -0.06 -0.02 -0.02 -0.03 -0.04 +0.04
  亮  +0.11 +0.08 +0.01 +0.06 +0.04 -0.00 +1.00 -0.01 +0.09 -0.07 -0.05 -0.03 -0.04 +0.01
  暗  -0.03 -0.02 -0.01 -0.05 -0.06 +0.06 -0.01 +1.00 -0.01 +0.07 -0.03 +0.08 -0.03 -0.01
  重  +0.05 +0.01 +0.03 +0.03 -0.01 -0.06 +0.09 -0.01 +1.00 +0.32 +0.02 -0.01 +0.13 +0.20
  轻  -0.00 +0.15 +0.00 +0.05 +0.09 -0.02 -0.07 +0.07 +0.32 +1.00 -0.06 +0.00 +0.50 +0.13
  快  +0.00 -0.02 +0.02 -0.07 -0.02 -0.02 -0.05 -0.03 +0.02 -0.06 +1.00 +0.04 -0.04 +0.06
  慢  +0.11 -0.03 +0.01 -0.02 -0.02 -0.03 -0.03 +0.08 -0.01 +0.00 +0.04 +1.00 -0.05 -0.08
  湿  +0.05 +0.09 +0.05 +0.05 +0.16 -0.04 -0.04 -0.03 +0.13 +0.50 -0.04 -0.05 +1.00 +0.57
  干  +0.12 -0.06 -0.03 -0.04 +0.04 +0.04 +0.01 -0.01 +0.20 +0.13 +0.06 -0.08 +0.57 +1.00


========================================
  DEEP WHITEBOX DIAGNOSIS
  (explaining WHY generation is garbage)
========================================

--- 1. Embedding Space Differentiation ---

  Embedding norms:
    热=0.490 冷=0.497 大=0.500 小=0.500 上=0.496 下=0.500 亮=0.500 暗=0.500 火=0.500 水=0.500 

  Avg cosine similarity:
    Opposite pairs (should be LOW):  0.0319
    Unrelated pairs (should be ~0):  0.0101
    Gap (unrelated - opposite):       -0.0218  [OK]

--- 2. CORE Activation Magnitude ---

  Layer 0 mlp activation (for '热'):
    CORE  : max=4.1217 avg=2.4258  (n=268)
    BINARY: max=41.5373 avg=3.6991  (n=1076)
    CORE diff (热 vs 冷): 3.1007 (127.8% of avg)
    [OK]

--- 3. Weight Norm Layering (CORE > BINARY > PRUNE?) ---

  L0: CORE=1.4695 BIN=0.4337 PRUNE=0.0000  [OK layered]
  L1: CORE=1.3551 BIN=0.4065 PRUNE=0.0000  [OK layered]
  L2: CORE=1.3378 BIN=0.3969 PRUNE=0.0000  [OK layered]
  L3: CORE=1.2557 BIN=0.3972 PRUNE=0.0000  [OK layered]
  L4: CORE=1.1689 BIN=0.3967 PRUNE=0.0000  [OK layered]
  L5: CORE=1.0392 BIN=0.3968 PRUNE=0.0000  [OK layered]
  L6: CORE=0.9671 BIN=0.3963 PRUNE=0.0000  [OK layered]
  L7: CORE=0.9293 BIN=0.4083 PRUNE=0.0000  [OK layered]

--- 4. Logits Distribution (mode collapse check) ---

  Prompt '热' → top-5 next-token logits:
    token 32057 '代' logit=10.8415
    token 234 '�' logit=9.5425
    token 32226 '热' logit=5.9074
    token 31890 'a' logit=5.8818
    token 32298 '免' logit=5.7094

  Logit range: 25.4463 (max=10.8415 min=-14.6048)
  Softmax entropy: 6.9323 bits (uniform would be 15.00)
  [OK]

========================================
  DIAGNOSIS SUMMARY
========================================
  If generation is garbage, likely causes:
  1. Embeddings not spread (Section 1) → tokens sampled near-randomly
  2. CORE activation too weak (Section 2) → model can't distinguish inputs
  3. Weight norms not layered (Section 3) → logic mask is cosmetic
  4. Logits collapsed/flat (Section 4) → repetitive or random output
  Fix: train more steps, or increase logic_guided_regularization lr
========================================


========================================
  LAYER-BY-LAYER COLLAPSE DIAGNOSIS
  (火 vs 水 — cosine similarity per layer)
========================================

Layer         cosine_sim    l2_dist       ||a||       
-----         ----------    -------       ------      
emb           0.979207      0.717924      3.519562    
L0            0.960861      0.736770      2.635357    
L1            0.927043      0.746260      1.946639    
L2            0.867815      0.752279      1.456397    
L3            0.773758      0.761921      1.125557    
L4            0.628067      0.782661      0.908676    
L5            0.452493      0.805243      0.768196    
L6            0.409978      0.826929      0.746335    
L7            0.438855      0.840305      0.775672    
final_ln      0.518573      (final_ln output)

  (1.0=identical, 0.0=orthogonal)

--- L0 Weight Check ---
  L0 norm1_w[0:5]: 1.2056 1.4056 1.1191 1.2058 1.4669 
  L0 norm1_w mean: 1.2963
  L0 norm1_b[0:5]: 0.4060 0.0046 -0.0845 -0.2987 0.2729 

--- L0 Deep Diagnosis (norm1_out + V) ---
  embedding (火vs水) cosine: 0.979207  ||火||=3.5196 ||水||=3.5215
  norm1_out   (火vs水) cosine: 0.974976  ||火||=25.5795 ||水||=25.5559
  V=attn_v    (火vs水) cosine: 0.975667  ||火||=23.1836 ||水||=23.0548

  norm1_out 火 [0:5]: 0.3260 -1.8889 -1.6245 1.7961 -0.3903 
  norm1_out 水 [0:5]: -0.0398 -1.5533 -1.4838 1.4075 0.1281 
  V 火        [0:5]: 3.0021 -0.8370 -1.7583 -0.6094 0.5817 
  V 水        [0:5]: 2.3769 -0.8462 -1.7634 -0.5744 0.8953 

  attn_q (QKV merged) weights: mean=0.000032 min=-0.173847 max=0.172464 n=602112
  (如果 V 火vs水 cosine 高, 但 norm1_out cosine 低, 说明 W_v 把不同输入映射到相似输出)


[*] Done
