[*] Loaded 12227 vocab pieces from tokenizer/chinese_bpe_v2.vocab
=== LAL STE Whitebox-Supervised Training ===

[*] Method: Straight-Through Estimator + CORE/BINARY/PRUNE Logic Guidance
[*]   forward:  CORE = w_float * core_gain * K     (精确计算)
[*]             BINARY = sign(w) * alpha * K       (二值符号)
[*]             PRUNE = 0                           (静默剪枝)
[*]   backward: STE through w_float (CORE+BINARY), PRUNE 无梯度
[*]   update:   Adam on w_float
[*] Logic Guidance (每步,全层):
[*]             CORE  → maximize |act(a) - act(b)|  (差异化反义词)
[*]             BINARY → minimize (act(a) - act(b))^2 (收敛共性)
[*]             PRUNE → skip (保持静默)
[*] Whitebox probe: every 10 steps observe CORE/BINARY/PRUNE circuit

[*] Loaded 23638 samples from data/general_v2_bpe.bin
[*] Using Phase 0.5: 6L test (6L/512d) (~18M params, vocab=32768)
[*] Generated Phase 0.5: 6L test (6L/512d) weights: 6 layers, 512 embd, ~18M params
[*] Logic mask: Phase 1: Growing (20/65/15) (CORE=20% PRUNE=15%)
[*] loaded 76 tensors
[*] binarizing 6 layers (logic-guided)...
    [logic] CORE=307 (20%), BINARY=999 (65%), PRUNE=230 (15%)
[*] done
[*] freed 24 weight tensors (75 MB) after binarization
[*] Model loaded: 6 layers, 512 embd, k_cache=YES
[*] Resuming from model.ste...
[*] Resumed g_opt_step = 1489 (Adam bias correction preserved)
[*] Resumed weights loaded successfully


=== LAL STE Training (B=4, max_pos=256, steps=2000, start_step=1500, total_sched=3500, logic_lr=0.5000, logic_only=0) ===
[*] STE: forward=sign(w), backward=w_float gradient
[*] Whitebox probe every 10 steps
[*] Semantic regularization every step
  [LOGIC] mlp=-1089.8453 attn=-49.2730 div=4.6264
  [TIME] CE=179ms logic_reg=2649ms
  step     0/2000 (global=1500)  loss=7.4331  avg=7.4331  lr=0.000499  B=6  2872ms
  [WB] boundary=13/100  core_diff=2.6395  bin_diff=0.0315  ratio=83.69  prune_act=0.0000
  [WB] structure=7/12 (58%)  opp_sim=0.872
  [WB] NO BOUNDARY | CORE>BIN OK | PRUNE silent OK
    [plan-I] step 1499 W_v approx_rank=19.9 (frob=12.02 max_row=0.60)
    [ortho] step 1499 L0 W_o off_diag=0.50 diag_dev=0.0138
    [plan-I] step 1499 W_v approx_rank=19.6 (frob=11.98 max_row=0.61)
    [ortho] step 1499 L1 W_o off_diag=0.54 diag_dev=0.0128
    [plan-I] step 1499 W_v approx_rank=20.1 (frob=12.15 max_row=0.61)
    [ortho] step 1499 L2 W_o off_diag=0.55 diag_dev=0.0126
    [plan-I] step 1499 W_v approx_rank=19.2 (frob=11.87 max_row=0.62)
    [ortho] step 1499 L3 W_o off_diag=0.55 diag_dev=0.0126
    [plan-I] step 1499 W_v approx_rank=19.6 (frob=11.91 max_row=0.61)
    [ortho] step 1499 L4 W_o off_diag=0.55 diag_dev=0.0132
    [plan-I] step 1499 W_v approx_rank=19.8 (frob=11.98 max_row=0.61)
    [ortho] step 1499 L5 W_o off_diag=0.52 diag_dev=0.0133
  [LOGIC] mlp=-980.5079 attn=-41.7345 div=5.8928
  [TIME] CE=242ms logic_reg=2849ms
  step    10/2000 (global=1510)  loss=8.3573  avg=7.2149  lr=0.000496  B=8  2261ms
  [WB] boundary=13/100  core_diff=2.6113  bin_diff=0.0331  ratio=78.90  prune_act=0.0000
  [WB] structure=7/12 (58%)  opp_sim=0.870
  [WB] NO BOUNDARY | CORE>BIN OK | PRUNE silent OK
  [LOGIC] mlp=-959.6556 attn=-39.5018 div=6.5943
  [TIME] CE=236ms logic_reg=2592ms
  step    20/2000 (global=1520)  loss=5.2083  avg=6.8409  lr=0.000492  B=8  2216ms
  [WB] boundary=12/100  core_diff=2.5673  bin_diff=0.0375  ratio=68.52  prune_act=0.0000
  [WB] structure=7/12 (58%)  opp_sim=0.881
  [WB] NO BOUNDARY | CORE>BIN OK | PRUNE silent OK
  [LOGIC] mlp=-971.8899 attn=-38.2083 div=7.2888
  [TIME] CE=252ms logic_reg=2594ms
  step    30/2000 (global=1530)  loss=7.1560  avg=7.0270  lr=0.000489  B=8  2219ms
  [WB] boundary=11/100  core_diff=2.5888  bin_diff=0.0318  ratio=81.49  prune_act=0.0000
  [WB] structure=7/12 (58%)  opp_sim=0.887
  [WB] NO BOUNDARY | CORE>BIN OK | PRUNE silent OK
  [LOGIC] mlp=-1033.3878 attn=-41.7264 div=6.2507
  [TIME] CE=70ms logic_reg=2601ms
  step    40/2000 (global=1540)  loss=9.0995  avg=7.0928  lr=0.000485  B=2  2208ms
  [WB] boundary=11/100  core_diff=2.5942  bin_diff=0.0322  ratio=80.53  prune_act=0.0000
  [WB] structure=7/12 (58%)  opp_sim=0.890
  [WB] NO BOUNDARY | CORE>BIN OK | PRUNE silent OK
  [LOGIC] mlp=-980.8766 attn=-41.9564 div=6.5086
  [TIME] CE=183ms logic_reg=2601ms
  step    50/2000 (global=1550)  loss=6.2691  avg=7.2460  lr=0.000481  B=6  2200ms
  [WB] boundary=11/100  core_diff=2.5789  bin_diff=0.0305  ratio=84.67  prune_act=0.0000
  [WB] structure=7/12 (58%)  opp_sim=0.895
  [WB] NO BOUNDARY | CORE>BIN OK | PRUNE silent OK
[*] stateful inference started: window=9996, sinks=4, ctx=10240
[*] sliding window configured: W=9996, sinks=4 (effective context: 10000)
  [TRACE] "冷": L0[||x||=2.46 C409(+622.78--9.12) B1332(+3341.28--60.69) P307(max0.000)] L3[||x||=3.35 C409(+293.76--13.09) B1332(+235.25--80.51) P307(max0.000)] L5[||x||=3.89 C409(+299.84--18.03) B1332(+1471.00--66.24) P307(max0.000)] | H=7.40/15 top3=260 289 264 
    [plan-I] step 1549 W_v approx_rank=19.9 (frob=12.02 max_row=0.60)
    [ortho] step 1549 L0 W_o off_diag=0.31 diag_dev=0.0174
    [plan-I] step 1549 W_v approx_rank=19.6 (frob=11.98 max_row=0.61)
    [ortho] step 1549 L1 W_o off_diag=0.33 diag_dev=0.0166
    [plan-I] step 1549 W_v approx_rank=20.1 (frob=12.15 max_row=0.61)
    [ortho] step 1549 L2 W_o off_diag=0.34 diag_dev=0.0166
    [plan-I] step 1549 W_v approx_rank=19.2 (frob=11.87 max_row=0.62)
    [ortho] step 1549 L3 W_o off_diag=0.34 diag_dev=0.0169
    [plan-I] step 1549 W_v approx_rank=19.6 (frob=11.91 max_row=0.61)
    [ortho] step 1549 L4 W_o off_diag=0.34 diag_dev=0.0174
    [plan-I] step 1549 W_v approx_rank=19.8 (frob=11.98 max_row=0.61)
    [ortho] step 1549 L5 W_o off_diag=0.32 diag_dev=0.0174
  [LOGIC] mlp=-1019.4370 attn=-41.2372 div=6.9497
  [TIME] CE=180ms logic_reg=2601ms
  step    60/2000 (global=1560)  loss=7.6311  avg=7.3411  lr=0.000478  B=6  2197ms
  [WB] boundary=10/100  core_diff=2.5619  bin_diff=0.0310  ratio=82.63  prune_act=0.0000
  [WB] structure=7/12 (58%)  opp_sim=0.903
  [WB] NO BOUNDARY | CORE>BIN OK | PRUNE silent OK
  [LOGIC] mlp=-1059.6990 attn=-41.5820 div=6.9549
  [TIME] CE=180ms logic_reg=2619ms
  step    70/2000 (global=1570)  loss=8.0409  avg=7.2819  lr=0.000474  B=6  2193ms
  [WB] boundary=10/100  core_diff=2.5992  bin_diff=0.0281  ratio=92.41  prune_act=0.0000
  [WB] structure=7/12 (58%)  opp_sim=0.905
  [WB] NO BOUNDARY | CORE>BIN OK | PRUNE silent OK
  [LOGIC] mlp=-1061.4391 attn=-41.5866 div=6.8768
  [TIME] CE=187ms logic_reg=2680ms
  step    80/2000 (global=1580)  loss=6.6783  avg=7.2231  lr=0.000471  B=6  2188ms
  [WB] boundary=9/100  core_diff=2.6099  bin_diff=0.0292  ratio=89.34  prune_act=0.0000
  [WB] structure=7/12 (58%)  opp_sim=0.909
  [WB] NO BOUNDARY | CORE>BIN OK | PRUNE silent OK
  [LOGIC] mlp=-1034.4121 attn=-40.3412 div=6.9572
  [TIME] CE=171ms logic_reg=2662ms
  step    90/2000 (global=1590)  loss=7.3545  avg=7.3080  lr=0.000467  B=6  2186ms
  [WB] boundary=9/100  core_diff=2.6248  bin_diff=0.0296  ratio=88.61  prune_act=0.0000
  [WB] structure=7/12 (58%)  opp_sim=0.907
  [WB] NO BOUNDARY | CORE>BIN OK | PRUNE silent OK
  [LOGIC] mlp=-1037.9498 attn=-40.9341 div=6.8592
  [TIME] CE=171ms logic_reg=2625ms
  step   100/2000 (global=1600)  loss=4.9583  avg=7.2266  lr=0.000463  B=6  2183ms
  [WB] boundary=9/100  core_diff=2.6480  bin_diff=0.0302  ratio=87.59  prune_act=0.0000
  [WB] structure=7/12 (58%)  opp_sim=0.905
  [WB] NO BOUNDARY | CORE>BIN OK | PRUNE silent OK
[*] stateful inference started: window=9996, sinks=4, ctx=10240
[*] sliding window configured: W=9996, sinks=4 (effective context: 10000)
  [TRACE] "火": L0[||x||=2.54 C409(+650.75--8.72) B1332(+3745.64--60.12) P307(max0.000)] L3[||x||=3.83 C409(+359.97--12.31) B1332(+462.13--66.82) P307(max0.000)] L5[||x||=5.17 C409(+298.20--17.20) B1332(+1569.14--65.93) P307(max0.000)] | H=11.82/15 top3=260 264 289 
    [plan-I] step 1599 W_v approx_rank=19.9 (frob=12.02 max_row=0.60)
    [ortho] step 1599 L0 W_o off_diag=0.24 diag_dev=0.0203
    [plan-I] step 1599 W_v approx_rank=19.6 (frob=11.98 max_row=0.61)
    [ortho] step 1599 L1 W_o off_diag=0.25 diag_dev=0.0196
    [plan-I] step 1599 W_v approx_rank=20.1 (frob=12.15 max_row=0.61)
    [ortho] step 1599 L2 W_o off_diag=0.25 diag_dev=0.0195
    [plan-I] step 1599 W_v approx_rank=19.2 (frob=11.87 max_row=0.62)
    [ortho] step 1599 L3 W_o off_diag=0.26 diag_dev=0.0190
    [plan-I] step 1599 W_v approx_rank=19.6 (frob=11.91 max_row=0.61)
    [ortho] step 1599 L4 W_o off_diag=0.27 diag_dev=0.0195
    [plan-I] step 1599 W_v approx_rank=19.8 (frob=11.98 max_row=0.61)
    [ortho] step 1599 L5 W_o off_diag=0.26 diag_dev=0.0201
  [LOGIC] mlp=-1073.0653 attn=-41.3332 div=6.8795
  [TIME] CE=117ms logic_reg=2583ms
  step   110/2000 (global=1610)  loss=6.8069  avg=7.0661  lr=0.000460  B=4  2178ms
  [WB] boundary=10/100  core_diff=2.6500  bin_diff=0.0278  ratio=95.37  prune_act=0.0000
  [WB] structure=7/12 (58%)  opp_sim=0.903
  [WB] NO BOUNDARY | CORE>BIN OK | PRUNE silent OK
  [LOGIC] mlp=-1053.1956 attn=-39.5329 div=7.1616
  [TIME] CE=227ms logic_reg=2673ms
  step   120/2000 (global=1620)  loss=7.2008  avg=7.0413  lr=0.000456  B=8  2178ms
  [WB] boundary=10/100  core_diff=2.6710  bin_diff=0.0278  ratio=96.14  prune_act=0.0000
  [WB] structure=7/12 (58%)  opp_sim=0.902
  [WB] NO BOUNDARY | CORE>BIN OK | PRUNE silent OK
  [LOGIC] mlp=-1071.2432 attn=-40.4154 div=7.2825
  [TIME] CE=223ms logic_reg=2605ms
  step   130/2000 (global=1630)  loss=7.4088  avg=6.9476  lr=0.000453  B=8  2174ms
  [WB] boundary=10/100  core_diff=2.6832  bin_diff=0.0276  ratio=97.18  prune_act=0.0000
  [WB] structure=7/12 (58%)  opp_sim=0.903
  [WB] NO BOUNDARY | CORE>BIN OK | PRUNE silent OK
  [LOGIC] mlp=-1076.3197 attn=-40.8409 div=7.0903
  [TIME] CE=118ms logic_reg=2618ms
  step   140/2000 (global=1640)  loss=4.6766  avg=7.0032  lr=0.000449  B=4  2170ms
  [WB] boundary=10/100  core_diff=2.6887  bin_diff=0.0286  ratio=93.96  prune_act=0.0000
  [WB] structure=7/12 (58%)  opp_sim=0.904
  [WB] NO BOUNDARY | CORE>BIN OK | PRUNE silent OK
  [LOGIC] mlp=-1032.5354 attn=-37.0379 div=7.4993
  [TIME] CE=244ms logic_reg=2600ms
  step   150/2000 (global=1650)  loss=4.5668  avg=6.7638  lr=0.000445  B=4  2171ms
  [WB] boundary=10/100  core_diff=2.6868  bin_diff=0.0263  ratio=102.16  prune_act=0.0000
  [WB] structure=7/12 (58%)  opp_sim=0.904
  [WB] NO BOUNDARY | CORE>BIN OK | PRUNE silent OK
[*] stateful inference started: window=9996, sinks=4, ctx=10240
[*] sliding window configured: W=9996, sinks=4 (effective context: 10000)
  [TRACE] "水": L0[||x||=2.66 C409(+799.00--6.32) B1332(+4140.29--58.88) P307(max0.000)] L3[||x||=4.10 C409(+471.29--11.10) B1332(+628.51--61.78) P307(max0.000)] L5[||x||=5.74 C409(+347.78--17.03) B1332(+1961.17--73.41) P307(max0.000)] | H=10.74/15 top3=264 260 289 
    [plan-I] step 1649 W_v approx_rank=19.9 (frob=12.02 max_row=0.60)
    [ortho] step 1649 L0 W_o off_diag=0.22 diag_dev=0.0214
    [plan-I] step 1649 W_v approx_rank=19.6 (frob=11.98 max_row=0.61)
    [ortho] step 1649 L1 W_o off_diag=0.22 diag_dev=0.0211
    [plan-I] step 1649 W_v approx_rank=20.1 (frob=12.15 max_row=0.61)
    [ortho] step 1649 L2 W_o off_diag=0.22 diag_dev=0.0211
    [plan-I] step 1649 W_v approx_rank=19.2 (frob=11.87 max_row=0.62)
    [ortho] step 1649 L3 W_o off_diag=0.23 diag_dev=0.0208
    [plan-I] step 1649 W_v approx_rank=19.6 (frob=11.91 max_row=0.61)
    [ortho] step 1649 L4 W_o off_diag=0.23 diag_dev=0.0214
    [plan-I] step 1649 W_v approx_rank=19.8 (frob=11.98 max_row=0.61)
    [ortho] step 1649 L5 W_o off_diag=0.22 diag_dev=0.0223
  [LOGIC] mlp=-1062.7054 attn=-39.5259 div=7.6209
  [TIME] CE=232ms logic_reg=2579ms
  step   160/2000 (global=1660)  loss=8.9611  avg=6.5451  lr=0.000442  B=8  2169ms
  [WB] boundary=10/100  core_diff=2.6802  bin_diff=0.0256  ratio=104.83  prune_act=0.0000
  [WB] structure=7/12 (58%)  opp_sim=0.904
  [WB] NO BOUNDARY | CORE>BIN OK | PRUNE silent OK
  [LOGIC] mlp=-1069.4062 attn=-41.0030 div=7.3916
  [TIME] CE=175ms logic_reg=2607ms
  step   170/2000 (global=1670)  loss=6.0329  avg=6.4978  lr=0.000438  B=6  2167ms
  [WB] boundary=10/100  core_diff=2.6819  bin_diff=0.0264  ratio=101.65  prune_act=0.0000
  [WB] structure=7/12 (58%)  opp_sim=0.904
  [WB] NO BOUNDARY | CORE>BIN OK | PRUNE silent OK
  [LOGIC] mlp=-1078.8702 attn=-41.1574 div=7.2065
  [TIME] CE=62ms logic_reg=2579ms
  step   180/2000 (global=1680)  loss=6.0210  avg=6.4269  lr=0.000435  B=2  2165ms
  [WB] boundary=9/100  core_diff=2.6703  bin_diff=0.0261  ratio=102.24  prune_act=0.0000
  [WB] structure=7/12 (58%)  opp_sim=0.905
  [WB] NO BOUNDARY | CORE>BIN OK | PRUNE silent OK
  [LOGIC] mlp=-1037.2834 attn=-39.2809 div=7.0219
  [TIME] CE=171ms logic_reg=2686ms
  step   190/2000 (global=1690)  loss=4.7091  avg=6.3182  lr=0.000431  B=6  2163ms
  [WB] boundary=9/100  core_diff=2.6708  bin_diff=0.0262  ratio=101.82  prune_act=0.0000
  [WB] structure=7/12 (58%)  opp_sim=0.909
  [WB] NO BOUNDARY | CORE>BIN OK | PRUNE silent OK
  [LOGIC] mlp=-1071.3127 attn=-40.6937 div=7.1177
  [TIME] CE=171ms logic_reg=2615ms
  step   200/2000 (global=1700)  loss=6.7071  avg=6.3467  lr=0.000427  B=6  2162ms
  [WB] boundary=9/100  core_diff=2.6620  bin_diff=0.0276  ratio=96.44  prune_act=0.0000
  [WB] structure=7/12 (58%)  opp_sim=0.911
  [WB] NO BOUNDARY | CORE>BIN OK | PRUNE silent OK
[*] stateful inference started: window=9996, sinks=4, ctx=10240
[*] sliding window configured: W=9996, sinks=4 (effective context: 10000)
  [TRACE] "大": L0[||x||=2.67 C409(+730.39--7.34) B1332(+4063.96--57.58) P307(max0.000)] L3[||x||=3.59 C409(+425.73--11.88) B1332(+617.49--60.00) P307(max0.000)] L5[||x||=4.75 C409(+351.06--17.11) B1332(+1333.81--57.41) P307(max0.000)] | H=11.29/15 top3=264 260 289 
    [plan-I] step 1699 W_v approx_rank=19.9 (frob=12.02 max_row=0.60)
    [ortho] step 1699 L0 W_o off_diag=0.19 diag_dev=0.0230
    [plan-I] step 1699 W_v approx_rank=19.6 (frob=11.98 max_row=0.61)
    [ortho] step 1699 L1 W_o off_diag=0.20 diag_dev=0.0227
    [plan-I] step 1699 W_v approx_rank=20.1 (frob=12.15 max_row=0.61)
    [ortho] step 1699 L2 W_o off_diag=0.20 diag_dev=0.0228
    [plan-I] step 1699 W_v approx_rank=19.2 (frob=11.87 max_row=0.62)
    [ortho] step 1699 L3 W_o off_diag=0.20 diag_dev=0.0225
    [plan-I] step 1699 W_v approx_rank=19.6 (frob=11.91 max_row=0.61)
    [ortho] step 1699 L4 W_o off_diag=0.20 diag_dev=0.0228
    [plan-I] step 1699 W_v approx_rank=19.8 (frob=11.98 max_row=0.61)
    [ortho] step 1699 L5 W_o off_diag=0.20 diag_dev=0.0232
  [LOGIC] mlp=-1076.2023 attn=-40.7994 div=7.0355
  [TIME] CE=240ms logic_reg=2623ms
  step   210/2000 (global=1710)  loss=5.2315  avg=6.2999  lr=0.000424  B=8  2165ms
  [WB] boundary=9/100  core_diff=2.6665  bin_diff=0.0269  ratio=99.01  prune_act=0.0000
  [WB] structure=7/12 (58%)  opp_sim=0.913
  [WB] NO BOUNDARY | CORE>BIN OK | PRUNE silent OK
  [LOGIC] mlp=-1054.9091 attn=-40.3699 div=7.1100
  [TIME] CE=247ms logic_reg=2611ms
  step   220/2000 (global=1720)  loss=6.0371  avg=6.2874  lr=0.000420  B=8  2166ms
  [WB] boundary=9/100  core_diff=2.6620  bin_diff=0.0253  ratio=105.06  prune_act=0.0000
  [WB] structure=7/12 (58%)  opp_sim=0.913
  [WB] NO BOUNDARY | CORE>BIN OK | PRUNE silent OK
  [LOGIC] mlp=-1044.4257 attn=-39.8145 div=7.1319
  [TIME] CE=180ms logic_reg=2796ms
  step   230/2000 (global=1730)  loss=5.1886  avg=6.4278  lr=0.000416  B=6  2168ms
  [WB] boundary=9/100  core_diff=2.6563  bin_diff=0.0251  ratio=105.87  prune_act=0.0000
  [WB] structure=7/12 (58%)  opp_sim=0.914
  [WB] NO BOUNDARY | CORE>BIN OK | PRUNE silent OK
  [LOGIC] mlp=-1076.5032 attn=-39.2367 div=7.2469
  [TIME] CE=126ms logic_reg=2599ms
  step   240/2000 (global=1740)  loss=5.3981  avg=6.1967  lr=0.000413  B=4  2168ms
  [WB] boundary=9/100  core_diff=2.6540  bin_diff=0.0257  ratio=103.27  prune_act=0.0000
  [WB] structure=7/12 (58%)  opp_sim=0.914
  [WB] NO BOUNDARY | CORE>BIN OK | PRUNE silent OK
  [LOGIC] mlp=-1063.7501 attn=-38.6893 div=7.4580
  [TIME] CE=180ms logic_reg=2608ms
  step   250/2000 (global=1750)  loss=7.3931  avg=6.1947  lr=0.000409  B=6  2169ms
  [WB] boundary=9/100  core_diff=2.6479  bin_diff=0.0255  ratio=103.99  prune_act=0.0000
  [WB] structure=7/12 (58%)  opp_sim=0.914
  [WB] NO BOUNDARY | CORE>BIN OK | PRUNE silent OK
[*] stateful inference started: window=9996, sinks=4, ctx=10240
[*] sliding window configured: W=9996, sinks=4 (effective context: 10000)
  [TRACE] "小": L0[||x||=2.68 C409(+726.21--6.59) B1332(+4742.24--56.54) P307(max0.000)] L3[||x||=3.93 C409(+464.60--11.13) B1332(+734.81--56.61) P307(max0.000)] L5[||x||=5.19 C409(+379.48--16.67) B1332(+1420.33--58.10) P307(max0.000)] | H=10.35/15 top3=264 260 289 
    [plan-I] step 1749 W_v approx_rank=19.9 (frob=12.02 max_row=0.60)
    [ortho] step 1749 L0 W_o off_diag=0.19 diag_dev=0.0235
    [plan-I] step 1749 W_v approx_rank=19.6 (frob=11.98 max_row=0.61)
    [ortho] step 1749 L1 W_o off_diag=0.19 diag_dev=0.0233
    [plan-I] step 1749 W_v approx_rank=20.1 (frob=12.15 max_row=0.61)
    [ortho] step 1749 L2 W_o off_diag=0.19 diag_dev=0.0231
    [plan-I] step 1749 W_v approx_rank=19.2 (frob=11.87 max_row=0.62)
    [ortho] step 1749 L3 W_o off_diag=0.20 diag_dev=0.0228
    [plan-I] step 1749 W_v approx_rank=19.6 (frob=11.91 max_row=0.61)
    [ortho] step 1749 L4 W_o off_diag=0.20 diag_dev=0.0230
    [plan-I] step 1749 W_v approx_rank=19.8 (frob=11.98 max_row=0.61)
    [ortho] step 1749 L5 W_o off_diag=0.19 diag_dev=0.0239
  [LOGIC] mlp=-1078.8967 attn=-39.2877 div=7.4209
  [TIME] CE=243ms logic_reg=2926ms
  step   260/2000 (global=1760)  loss=6.4173  avg=6.1411  lr=0.000405  B=8  2172ms
  [WB] boundary=9/100  core_diff=2.6546  bin_diff=0.0255  ratio=104.29  prune_act=0.0000
  [WB] structure=7/12 (58%)  opp_sim=0.914
  [WB] NO BOUNDARY | CORE>BIN OK | PRUNE silent OK
  [LOGIC] mlp=-1082.3420 attn=-39.3625 div=7.3734
  [TIME] CE=235ms logic_reg=2673ms
  step   270/2000 (global=1770)  loss=7.7213  avg=6.0791  lr=0.000402  B=8  2171ms
  [WB] boundary=9/100  core_diff=2.6506  bin_diff=0.0255  ratio=104.04  prune_act=0.0000
  [WB] structure=7/12 (58%)  opp_sim=0.914
  [WB] NO BOUNDARY | CORE>BIN OK | PRUNE silent OK
  [LOGIC] mlp=-1060.0551 attn=-38.9987 div=7.2998
  [TIME] CE=68ms logic_reg=2597ms
  step   280/2000 (global=1780)  loss=6.5295  avg=6.1057  lr=0.000398  B=2  2170ms
  [WB] boundary=8/100  core_diff=2.6535  bin_diff=0.0257  ratio=103.43  prune_act=0.0000
  [WB] structure=7/12 (58%)  opp_sim=0.915
  [WB] NO BOUNDARY | CORE>BIN OK | PRUNE silent OK
  [LOGIC] mlp=-1076.1204 attn=-40.0978 div=7.1874
  [TIME] CE=186ms logic_reg=2647ms
  step   290/2000 (global=1790)  loss=7.0872  avg=5.9815  lr=0.000395  B=6  2170ms
  [WB] boundary=8/100  core_diff=2.6670  bin_diff=0.0260  ratio=102.51  prune_act=0.0000
  [WB] structure=7/12 (58%)  opp_sim=0.916
  [WB] NO BOUNDARY | CORE>BIN OK | PRUNE silent OK
  [LOGIC] mlp=-1080.7936 attn=-39.3744 div=7.1694
  [TIME] CE=136ms logic_reg=2635ms
  step   300/2000 (global=1800)  loss=5.0317  avg=5.9362  lr=0.000391  B=4  2163ms
  [WB] boundary=8/100  core_diff=2.6612  bin_diff=0.0271  ratio=98.34  prune_act=0.0000
  [WB] structure=7/12 (58%)  opp_sim=0.915
  [WB] NO BOUNDARY | CORE>BIN OK | PRUNE silent OK
[*] stateful inference started: window=9996, sinks=4, ctx=10240
[*] sliding window configured: W=9996, sinks=4 (effective context: 10000)
  [TRACE] "热": L0[||x||=2.77 C409(+821.82--6.59) B1332(+4713.94--55.57) P307(max0.000)] L3[||x||=3.94 C409(+533.42--10.51) B1332(+722.39--56.82) P307(max0.000)] L5[||x||=5.04 C409(+430.03--15.22) B1332(+1493.02--59.79) P307(max0.000)] | H=9.77/15 top3=264 260 289 
  [LOGIC] mlp=-1068.9213 attn=-38.4233 div=7.4295
  [TIME] CE=119ms logic_reg=2616ms
  step   310/2000 (global=1810)  loss=5.1225  avg=5.8867  lr=0.000387  B=4  2162ms
  [WB] boundary=8/100  core_diff=2.6506  bin_diff=0.0252  ratio=104.99  prune_act=0.0000
  [WB] structure=7/12 (58%)  opp_sim=0.915
  [WB] NO BOUNDARY | CORE>BIN OK | PRUNE silent OK
    [plan-I] step 1799 W_v approx_rank=19.9 (frob=12.02 max_row=0.60)
    [ortho] step 1799 L0 W_o off_diag=0.20 diag_dev=0.0228
    [plan-I] step 1799 W_v approx_rank=19.6 (frob=11.98 max_row=0.61)
    [ortho] step 1799 L1 W_o off_diag=0.20 diag_dev=0.0226
    [plan-I] step 1799 W_v approx_rank=20.1 (frob=12.15 max_row=0.61)
    [ortho] step 1799 L2 W_o off_diag=0.20 diag_dev=0.0225
    [plan-I] step 1799 W_v approx_rank=19.2 (frob=11.87 max_row=0.62)
    [ortho] step 1799 L3 W_o off_diag=0.21 diag_dev=0.0221
    [plan-I] step 1799 W_v approx_rank=19.6 (frob=11.91 max_row=0.61)
    [ortho] step 1799 L4 W_o off_diag=0.21 diag_dev=0.0224
    [plan-I] step 1799 W_v approx_rank=19.8 (frob=11.98 max_row=0.61)
    [ortho] step 1799 L5 W_o off_diag=0.20 diag_dev=0.0233
  [LOGIC] mlp=-1085.1556 attn=-39.9301 div=7.3146
  [TIME] CE=451ms logic_reg=2692ms
  step   320/2000 (global=1820)  loss=4.3486  avg=5.8171  lr=0.000384  B=6  2163ms
  [WB] boundary=8/100  core_diff=2.6472  bin_diff=0.0253  ratio=104.66  prune_act=0.0000
  [WB] structure=7/12 (58%)  opp_sim=0.916
  [WB] NO BOUNDARY | CORE>BIN OK | PRUNE silent OK
  [LOGIC] mlp=-1086.7059 attn=-39.3321 div=7.2402
  [TIME] CE=68ms logic_reg=2621ms
  step   330/2000 (global=1830)  loss=7.9532  avg=5.8915  lr=0.000380  B=2  2163ms
  [WB] boundary=8/100  core_diff=2.6498  bin_diff=0.0255  ratio=103.94  prune_act=0.0000
  [WB] structure=7/12 (58%)  opp_sim=0.916
  [WB] NO BOUNDARY | CORE>BIN OK | PRUNE silent OK
  [LOGIC] mlp=-1058.4109 attn=-38.3908 div=7.2255
  [TIME] CE=120ms logic_reg=2592ms
  step   340/2000 (global=1840)  loss=4.4305  avg=5.8922  lr=0.000376  B=4  2162ms
  [WB] boundary=8/100  core_diff=2.6458  bin_diff=0.0254  ratio=104.03  prune_act=0.0000
  [WB] structure=7/12 (58%)  opp_sim=0.917
  [WB] NO BOUNDARY | CORE>BIN OK | PRUNE silent OK
  [LOGIC] mlp=-1081.6155 attn=-38.7983 div=7.4107
  [TIME] CE=188ms logic_reg=2603ms
  step   350/2000 (global=1850)  loss=6.9553  avg=5.9289  lr=0.000373  B=6  2163ms
  [WB] boundary=8/100  core_diff=2.6496  bin_diff=0.0253  ratio=104.92  prune_act=0.0000
  [WB] structure=7/12 (58%)  opp_sim=0.917
  [WB] NO BOUNDARY | CORE>BIN OK | PRUNE silent OK
[*] stateful inference started: window=9996, sinks=4, ctx=10240
[*] sliding window configured: W=9996, sinks=4 (effective context: 10000)
  [TRACE] "冷": L0[||x||=2.83 C409(+836.54--6.83) B1332(+5106.34--55.91) P307(max0.000)] L3[||x||=4.02 C409(+542.93--10.09) B1332(+760.19--55.42) P307(max0.000)] L5[||x||=5.04 C409(+431.23--14.27) B1332(+1567.02--56.28) P307(max0.000)] | H=8.54/15 top3=260 264 289 
  [LOGIC] mlp=-1080.1143 attn=-38.0805 div=7.6306
  [TIME] CE=123ms logic_reg=2594ms
  step   360/2000 (global=1860)  loss=11.0823  avg=5.8609  lr=0.000369  B=4  2163ms
  [WB] boundary=8/100  core_diff=2.6415  bin_diff=0.0251  ratio=105.25  prune_act=0.0000
  [WB] structure=7/12 (58%)  opp_sim=0.918
  [WB] NO BOUNDARY | CORE>BIN OK | PRUNE silent OK
    [plan-I] step 1849 W_v approx_rank=19.9 (frob=12.02 max_row=0.60)
    [ortho] step 1849 L0 W_o off_diag=0.20 diag_dev=0.0230
    [plan-I] step 1849 W_v approx_rank=19.6 (frob=11.98 max_row=0.61)
    [ortho] step 1849 L1 W_o off_diag=0.20 diag_dev=0.0228
    [plan-I] step 1849 W_v approx_rank=20.1 (frob=12.15 max_row=0.61)
    [ortho] step 1849 L2 W_o off_diag=0.20 diag_dev=0.0227
    [plan-I] step 1849 W_v approx_rank=19.2 (frob=11.87 max_row=0.62)
    [ortho] step 1849 L3 W_o off_diag=0.21 diag_dev=0.0222
    [plan-I] step 1849 W_v approx_rank=19.6 (frob=11.91 max_row=0.61)
    [ortho] step 1849 L4 W_o off_diag=0.21 diag_dev=0.0226
    [plan-I] step 1849 W_v approx_rank=19.8 (frob=11.98 max_row=0.61)
    [ortho] step 1849 L5 W_o off_diag=0.20 diag_dev=0.0234
  [LOGIC] mlp=-1082.4823 attn=-38.7366 div=7.5351
  [TIME] CE=128ms logic_reg=2604ms
  step   370/2000 (global=1870)  loss=3.7410  avg=5.8498  lr=0.000365  B=4  2164ms
  [WB] boundary=8/100  core_diff=2.6294  bin_diff=0.0251  ratio=104.57  prune_act=0.0000
  [WB] structure=7/12 (58%)  opp_sim=0.920
  [WB] NO BOUNDARY | CORE>BIN OK | PRUNE silent OK
  [LOGIC] mlp=-1080.0587 attn=-38.6294 div=7.4359
  [TIME] CE=119ms logic_reg=2594ms
  step   380/2000 (global=1880)  loss=4.6806  avg=5.8070  lr=0.000362  B=4  2164ms
  [WB] boundary=8/100  core_diff=2.6222  bin_diff=0.0249  ratio=105.22  prune_act=0.0000
  [WB] structure=7/12 (58%)  opp_sim=0.921
  [WB] NO BOUNDARY | CORE>BIN OK | PRUNE silent OK
  [LOGIC] mlp=-1084.1879 attn=-38.6461 div=7.3106
  [TIME] CE=239ms logic_reg=2605ms
  step   390/2000 (global=1890)  loss=6.8923  avg=5.7625  lr=0.000358  B=8  2164ms
  [WB] boundary=8/100  core_diff=2.6218  bin_diff=0.0251  ratio=104.66  prune_act=0.0000
  [WB] structure=7/12 (58%)  opp_sim=0.922
  [WB] NO BOUNDARY | CORE>BIN OK | PRUNE silent OK
  [LOGIC] mlp=-1084.8087 attn=-38.2502 div=7.3354
  [TIME] CE=234ms logic_reg=2854ms
  step   400/2000 (global=1900)  loss=8.5333  avg=5.8480  lr=0.000355  B=8  2165ms
  [WB] boundary=8/100  core_diff=2.6223  bin_diff=0.0255  ratio=102.81  prune_act=0.0000
  [WB] structure=7/12 (58%)  opp_sim=0.923
  [WB] NO BOUNDARY | CORE>BIN OK | PRUNE silent OK
[*] stateful inference started: window=9996, sinks=4, ctx=10240
[*] sliding window configured: W=9996, sinks=4 (effective context: 10000)
  [TRACE] "火": L0[||x||=2.90 C409(+922.78--5.73) B1332(+5253.04--56.09) P307(max0.000)] L3[||x||=4.05 C409(+572.84--8.78) B1332(+749.83--53.15) P307(max0.000)] L5[||x||=4.92 C409(+458.87--12.68) B1332(+1454.05--51.71) P307(max0.000)] | H=9.12/15 top3=260 264 289 
  [LOGIC] mlp=-1085.4501 attn=-38.2700 div=7.2980
  [TIME] CE=232ms logic_reg=2594ms
  step   410/2000 (global=1910)  loss=5.3655  avg=5.9366  lr=0.000351  B=8  2165ms
  [WB] boundary=8/100  core_diff=2.6216  bin_diff=0.0248  ratio=105.73  prune_act=0.0000
  [WB] structure=7/12 (58%)  opp_sim=0.924
  [WB] NO BOUNDARY | CORE>BIN OK | PRUNE silent OK
    [plan-I] step 1899 W_v approx_rank=19.9 (frob=12.02 max_row=0.60)
    [ortho] step 1899 L0 W_o off_diag=0.18 diag_dev=0.0253
    [plan-I] step 1899 W_v approx_rank=19.6 (frob=11.98 max_row=0.61)
    [ortho] step 1899 L1 W_o off_diag=0.18 diag_dev=0.0252
    [plan-I] step 1899 W_v approx_rank=20.1 (frob=12.15 max_row=0.61)
    [ortho] step 1899 L2 W_o off_diag=0.18 diag_dev=0.0252
    [plan-I] step 1899 W_v approx_rank=19.2 (frob=11.87 max_row=0.62)
    [ortho] step 1899 L3 W_o off_diag=0.18 diag_dev=0.0249
    [plan-I] step 1899 W_v approx_rank=19.6 (frob=11.91 max_row=0.61)
    [ortho] step 1899 L4 W_o off_diag=0.18 diag_dev=0.0251
    [plan-I] step 1899 W_v approx_rank=19.8 (frob=11.98 max_row=0.61)
    [ortho] step 1899 L5 W_o off_diag=0.18 diag_dev=0.0257
  [LOGIC] mlp=-1081.1891 attn=-37.9063 div=7.3369
  [TIME] CE=175ms logic_reg=2662ms
  step   420/2000 (global=1920)  loss=6.3673  avg=6.0545  lr=0.000347  B=6  2165ms
  [WB] boundary=8/100  core_diff=2.6202  bin_diff=0.0251  ratio=104.52  prune_act=0.0000
  [WB] structure=7/12 (58%)  opp_sim=0.924
  [WB] NO BOUNDARY | CORE>BIN OK | PRUNE silent OK
  [LOGIC] mlp=-1086.1322 attn=-38.0250 div=7.3720
  [TIME] CE=237ms logic_reg=2601ms
  step   430/2000 (global=1930)  loss=6.7297  avg=6.2277  lr=0.000344  B=8  2165ms
  [WB] boundary=8/100  core_diff=2.6296  bin_diff=0.0251  ratio=104.92  prune_act=0.0000
  [WB] structure=7/12 (58%)  opp_sim=0.924
  [WB] NO BOUNDARY | CORE>BIN OK | PRUNE silent OK
  [LOGIC] mlp=-1085.6001 attn=-37.9020 div=7.4379
  [TIME] CE=172ms logic_reg=2697ms
  step   440/2000 (global=1940)  loss=4.1509  avg=6.0495  lr=0.000340  B=6  2160ms
  [WB] boundary=8/100  core_diff=2.6330  bin_diff=0.0246  ratio=107.11  prune_act=0.0000
  [WB] structure=7/12 (58%)  opp_sim=0.924
  [WB] NO BOUNDARY | CORE>BIN OK | PRUNE silent OK
  [LOGIC] mlp=-1077.2654 attn=-37.9852 div=7.5420
  [TIME] CE=267ms logic_reg=2593ms
  step   450/2000 (global=1950)  loss=4.5792  avg=5.9288  lr=0.000337  B=6  2160ms
  [WB] boundary=8/100  core_diff=2.6380  bin_diff=0.0249  ratio=106.13  prune_act=0.0000
  [WB] structure=7/12 (58%)  opp_sim=0.924
  [WB] NO BOUNDARY | CORE>BIN OK | PRUNE silent OK
[*] stateful inference started: window=9996, sinks=4, ctx=10240
[*] sliding window configured: W=9996, sinks=4 (effective context: 10000)
  [TRACE] "水": L0[||x||=2.99 C409(+1005.91--5.68) B1332(+5382.70--56.17) P307(max0.000)] L3[||x||=4.56 C409(+595.00--9.76) B1332(+757.16--52.23) P307(max0.000)] L5[||x||=5.72 C409(+432.72--14.98) B1332(+1824.18--59.33) P307(max0.000)] | H=7.94/15 top3=260 264 289 
  [LOGIC] mlp=-1084.2579 attn=-37.8947 div=7.5488
  [TIME] CE=60ms logic_reg=2592ms
  step   460/2000 (global=1960)  loss=4.6315  avg=5.9446  lr=0.000333  B=2  2159ms
  [WB] boundary=8/100  core_diff=2.6434  bin_diff=0.0252  ratio=104.84  prune_act=0.0000
  [WB] structure=7/12 (58%)  opp_sim=0.924
  [WB] NO BOUNDARY | CORE>BIN OK | PRUNE silent OK
    [plan-I] step 1949 W_v approx_rank=19.9 (frob=12.02 max_row=0.60)
    [ortho] step 1949 L0 W_o off_diag=0.20 diag_dev=0.0228
    [plan-I] step 1949 W_v approx_rank=19.6 (frob=11.98 max_row=0.61)
    [ortho] step 1949 L1 W_o off_diag=0.20 diag_dev=0.0226
    [plan-I] step 1949 W_v approx_rank=20.1 (frob=12.15 max_row=0.61)
    [ortho] step 1949 L2 W_o off_diag=0.21 diag_dev=0.0225
    [plan-I] step 1949 W_v approx_rank=19.2 (frob=11.87 max_row=0.62)
    [ortho] step 1949 L3 W_o off_diag=0.21 diag_dev=0.0220
    [plan-I] step 1949 W_v approx_rank=19.6 (frob=11.91 max_row=0.61)
    [ortho] step 1949 L4 W_o off_diag=0.22 diag_dev=0.0220
    [plan-I] step 1949 W_v approx_rank=19.8 (frob=11.98 max_row=0.61)
    [ortho] step 1949 L5 W_o off_diag=0.20 diag_dev=0.0234
  [LOGIC] mlp=-1061.6183 attn=-36.3798 div=7.5634
  [TIME] CE=182ms logic_reg=2690ms
  step   470/2000 (global=1970)  loss=7.2626  avg=5.9011  lr=0.000329  B=6  2158ms
  [WB] boundary=8/100  core_diff=2.6445  bin_diff=0.0250  ratio=105.86  prune_act=0.0000
  [WB] structure=7/12 (58%)  opp_sim=0.924
  [WB] NO BOUNDARY | CORE>BIN OK | PRUNE silent OK
  [LOGIC] mlp=-1084.0933 attn=-37.7709 div=7.2830
  [TIME] CE=184ms logic_reg=2605ms
  step   480/2000 (global=1980)  loss=4.9308  avg=5.9049  lr=0.000326  B=6  2157ms
  [WB] boundary=8/100  core_diff=2.6468  bin_diff=0.0254  ratio=104.09  prune_act=0.0000
  [WB] structure=7/12 (58%)  opp_sim=0.924
  [WB] NO BOUNDARY | CORE>BIN OK | PRUNE silent OK
  [LOGIC] mlp=-1087.9579 attn=-38.0348 div=7.1965
  [TIME] CE=67ms logic_reg=2696ms
  step   490/2000 (global=1990)  loss=1.9807  avg=5.4816  lr=0.000322  B=2  2157ms
  [WB] boundary=8/100  core_diff=2.6479  bin_diff=0.0252  ratio=105.20  prune_act=0.0000
  [WB] structure=7/12 (58%)  opp_sim=0.924
  [WB] NO BOUNDARY | CORE>BIN OK | PRUNE silent OK
  [LOGIC] mlp=-1074.4584 attn=-37.6371 div=7.3668
  [TIME] CE=115ms logic_reg=2652ms
  step   500/2000 (global=2000)  loss=8.4758  avg=5.5539  lr=0.000319  B=4  2157ms
  [WB] boundary=8/100  core_diff=2.6533  bin_diff=0.0264  ratio=100.56  prune_act=0.0000
  [WB] structure=7/12 (58%)  opp_sim=0.924
  [WB] NO BOUNDARY | CORE>BIN OK | PRUNE silent OK
[*] stateful inference started: window=9996, sinks=4, ctx=10240
[*] sliding window configured: W=9996, sinks=4 (effective context: 10000)
  [TRACE] "大": L0[||x||=2.99 C409(+947.10--6.43) B1332(+5333.73--55.69) P307(max0.000)] L3[||x||=4.35 C409(+605.31--8.44) B1332(+740.13--52.34) P307(max0.000)] L5[||x||=5.33 C409(+447.14--13.93) B1332(+1417.78--50.45) P307(max0.000)] | H=7.14/15 top3=260 289 264 
