[*] Loaded 32768 vocab pieces from tokenizer/chinese_bpe.vocab
=== LAL STE Whitebox-Supervised Training ===

[*] Method: Straight-Through Estimator + CORE/BINARY/PRUNE Logic Guidance
[*]   forward:  CORE = w_float * core_gain * K     (精确计算)
[*]             BINARY = sign(w) * alpha * K       (二值符号)
[*]             PRUNE = 0                           (静默剪枝)
[*]   backward: STE through w_float (CORE+BINARY), PRUNE 无梯度
[*]   update:   Adam on w_float
[*] Logic Guidance (每步,全层):
[*]             CORE  → maximize |act(a) - act(b)|  (差异化反义词)
[*]             BINARY → minimize (act(a) - act(b))^2 (收敛共性)
[*]             PRUNE → skip (保持静默)
[*] Whitebox probe: every 10 steps observe CORE/BINARY/PRUNE circuit

[*] Loaded 16482 samples from data/large_bpe.bin
[*] Using Phase 0.5: 6L test (6L/512d) (~18M params, vocab=32768)
[*] Generated Phase 0.5: 6L test (6L/512d) weights: 6 layers, 512 embd, ~18M params
[*] Logic mask: Phase 1: Growing (20/65/15) (CORE=20% PRUNE=15%)
[*] loaded 76 tensors
[*] binarizing 6 layers (logic-guided)...
    [logic] CORE=307 (20%), BINARY=999 (65%), PRUNE=230 (15%)
[*] done
[*] freed 24 weight tensors (75 MB) after binarization
[*] Model loaded: 6 layers, 512 embd, k_cache=YES
[*] Resuming from model_v13d.ste...
[*] Resumed weights loaded successfully


=== LAL STE Training (B=32, max_pos=256, steps=2000, start_step=5600, total_sched=7600, logic_lr=1.0000, logic_only=0) ===
[*] STE: forward=sign(w), backward=w_float gradient
[*] Whitebox probe every 10 steps
[*] Semantic regularization every step
  [LOGIC] mlp=10797424638213879599464448.0000 attn=0.0135
  [TIME] CE=17421ms logic_reg=3677ms
  step     0/2000 (global=5600)  loss=8.6223  avg=8.6223  lr=0.000082  B=64  21137ms
  [WB] boundary=92/100  core_diff=0.1691  bin_diff=0.0000  ratio=0.00  prune_act=0.0000
  [WB] structure=5/12 (42%)  opp_sim=0.080
  [WB] BOUNDARY OK | CORE<BIN X | PRUNE silent OK
  [TIME] CE=14139ms logic_reg=0ms
  step    10/2000 (global=5610)  loss=0.0000  avg=1.5713  lr=0.000081  B=0  14974ms
  [WB] boundary=92/100  core_diff=0.1692  bin_diff=0.0000  ratio=0.00  prune_act=0.0000
  [WB] structure=6/12 (50%)  opp_sim=0.080
  [WB] BOUNDARY OK | CORE<BIN X | PRUNE silent OK
  [TIME] CE=13199ms logic_reg=0ms
  step    20/2000 (global=5620)  loss=0.0000  avg=0.8231  lr=0.000080  B=0  14551ms
  [WB] boundary=92/100  core_diff=0.1692  bin_diff=0.0000  ratio=0.00  prune_act=0.0000
  [WB] structure=6/12 (50%)  opp_sim=0.080
  [WB] BOUNDARY OK | CORE<BIN X | PRUNE silent OK
