[*] Loaded 32768 vocab pieces from tokenizer/chinese_bpe.vocab
=== LAL STE Whitebox-Supervised Training ===

[*] Method: Straight-Through Estimator + CORE/BINARY/PRUNE Logic Guidance
[*]   forward:  CORE = w_float * core_gain * K     (精确计算)
[*]             BINARY = sign(w) * alpha * K       (二值符号)
[*]             PRUNE = 0                           (静默剪枝)
[*]   backward: STE through w_float (CORE+BINARY), PRUNE 无梯度
[*]   update:   Adam on w_float
[*] Logic Guidance (每步,全层):
[*]             CORE  → maximize |act(a) - act(b)|  (差异化反义词)
[*]             BINARY → minimize (act(a) - act(b))^2 (收敛共性)
[*]             PRUNE → skip (保持静默)
[*] Whitebox probe: every 10 steps observe CORE/BINARY/PRUNE circuit

[*] Loaded 6004 samples from data/cognitive_bpe.bin
[*] Using Phase 1: Sprout (10L/512d) (~35M params, vocab=32768)
[*] Generated Phase 1: Sprout (10L/512d) weights: 10 layers, 512 embd, ~35M params
[*] Logic mask: Phase 1: Growing (20/65/15) (CORE=20% PRUNE=15%)
[*] loaded 124 tensors
[*] binarizing 10 layers (logic-guided)...
    [logic] CORE=307 (20%), BINARY=999 (65%), PRUNE=230 (15%)
[*] done
[*] freed 40 weight tensors (126 MB) after binarization
[*] Model loaded: 10 layers, 512 embd, k_cache=YES


=== LAL STE Training (B=4, max_pos=64, steps=100, logic_lr=0.0020) ===
[*] STE: forward=sign(w), backward=w_float gradient
[*] Whitebox probe every 10 steps
[*] Semantic regularization every step

  step     0/100  loss=0.0000  avg=0.0000  lr=0.000020  B=0  23ms
  [WB] boundary=77/100  core_diff=0.0261  bin_diff=0.0001  ratio=358.80  prune_act=0.0000
  [WB] structure=20/20 (100%)  opp_sim=0.227
  [WB] BOUNDARY OK | CORE>BIN OK | PRUNE silent OK
  [WB] boundary=77/100  core_diff=0.0261  bin_diff=0.0001  ratio=358.80  prune_act=0.0000
  [WB] structure=20/20 (100%)  opp_sim=0.227
  [WB] BOUNDARY OK | CORE>BIN OK | PRUNE silent OK
  step    10/100  loss=0.0000  avg=1.9411  lr=0.000220  B=0  301ms
  [WB] boundary=77/100  core_diff=0.0262  bin_diff=0.0001  ratio=358.86  prune_act=0.0000
  [WB] structure=20/20 (100%)  opp_sim=0.227
  [WB] BOUNDARY OK | CORE>BIN OK | PRUNE silent OK
  [WB] boundary=77/100  core_diff=0.0262  bin_diff=0.0001  ratio=358.86  prune_act=0.0000
  [WB] structure=20/20 (100%)  opp_sim=0.227
  [WB] BOUNDARY OK | CORE>BIN OK | PRUNE silent OK
  step    20/100  loss=0.0000  avg=1.5282  lr=0.000420  B=0  224ms
  [WB] boundary=77/100  core_diff=0.0261  bin_diff=0.0001  ratio=358.83  prune_act=0.0000
  [WB] structure=20/20 (100%)  opp_sim=0.227
  [WB] BOUNDARY OK | CORE>BIN OK | PRUNE silent OK
  [WB] boundary=77/100  core_diff=0.0261  bin_diff=0.0001  ratio=358.83  prune_act=0.0000
  [WB] structure=20/20 (100%)  opp_sim=0.227
  [WB] BOUNDARY OK | CORE>BIN OK | PRUNE silent OK
  step    30/100  loss=0.0000  avg=1.0352  lr=0.000620  B=0  157ms
  [WB] boundary=77/100  core_diff=0.0261  bin_diff=0.0001  ratio=358.83  prune_act=0.0000
  [WB] structure=20/20 (100%)  opp_sim=0.227
  [WB] BOUNDARY OK | CORE>BIN OK | PRUNE silent OK
  [WB] boundary=77/100  core_diff=0.0261  bin_diff=0.0001  ratio=358.83  prune_act=0.0000
  [WB] structure=20/20 (100%)  opp_sim=0.227
  [WB] BOUNDARY OK | CORE>BIN OK | PRUNE silent OK
  step    40/100  loss=0.0000  avg=1.0381  lr=0.000820  B=0  161ms
  [WB] boundary=77/100  core_diff=0.0262  bin_diff=0.0001  ratio=358.89  prune_act=0.0000
  [WB] structure=20/20 (100%)  opp_sim=0.227
  [WB] BOUNDARY OK | CORE>BIN OK | PRUNE silent OK
  [WB] boundary=77/100  core_diff=0.0262  bin_diff=0.0001  ratio=358.89  prune_act=0.0000
  [WB] structure=20/20 (100%)  opp_sim=0.227
  [WB] BOUNDARY OK | CORE>BIN OK | PRUNE silent OK
  step    50/100  loss=0.0000  avg=1.6069  lr=0.001000  B=0  268ms
  [WB] boundary=77/100  core_diff=0.0263  bin_diff=0.0001  ratio=360.46  prune_act=0.0000
  [WB] structure=20/20 (100%)  opp_sim=0.227
  [WB] BOUNDARY OK | CORE>BIN OK | PRUNE silent OK
  [WB] boundary=77/100  core_diff=0.0263  bin_diff=0.0001  ratio=360.46  prune_act=0.0000
  [WB] structure=20/20 (100%)  opp_sim=0.227
  [WB] BOUNDARY OK | CORE>BIN OK | PRUNE silent OK
[*] stateful inference started: window=256, sinks=4, ctx=512
[*] sliding window configured: W=256, sinks=4 (effective context: 260)
  [TRACE] "冷": L0[||x||=0.84 C409(+139.95--26.23) B1332(+52.85--38.41) P307(max0.000)] L5[||x||=77.92 C409(+210.23--20.94) B1332(+77.12--48.22) P307(max0.000)] L9[||x||=129.06 C409(+216.18--21.04) B1332(+89.53--52.56) P307(max0.000)] | H=14.74/15 top3=0x7C79 0x9A 0x7C82 
  step    60/100  loss=0.0000  avg=1.3435  lr=0.000905  B=0  228ms
  [WB] boundary=77/100  core_diff=0.0263  bin_diff=0.0001  ratio=360.46  prune_act=0.0000
  [WB] structure=20/20 (100%)  opp_sim=0.227
  [WB] BOUNDARY OK | CORE>BIN OK | PRUNE silent OK
  [WB] boundary=77/100  core_diff=0.0263  bin_diff=0.0001  ratio=360.46  prune_act=0.0000
  [WB] structure=20/20 (100%)  opp_sim=0.227
  [WB] BOUNDARY OK | CORE>BIN OK | PRUNE silent OK
  step    70/100  loss=0.0000  avg=1.4302  lr=0.000655  B=0  227ms
  [WB] boundary=77/100  core_diff=0.0264  bin_diff=0.0001  ratio=361.30  prune_act=0.0000
  [WB] structure=20/20 (100%)  opp_sim=0.227
  [WB] BOUNDARY OK | CORE>BIN OK | PRUNE silent OK
  [WB] boundary=77/100  core_diff=0.0264  bin_diff=0.0001  ratio=361.30  prune_act=0.0000
  [WB] structure=20/20 (100%)  opp_sim=0.227
  [WB] BOUNDARY OK | CORE>BIN OK | PRUNE silent OK
  step    80/100  loss=0.0000  avg=1.3864  lr=0.000345  B=0  220ms
  [WB] boundary=77/100  core_diff=0.0264  bin_diff=0.0001  ratio=361.92  prune_act=0.0000
  [WB] structure=20/20 (100%)  opp_sim=0.228
  [WB] BOUNDARY OK | CORE>BIN OK | PRUNE silent OK
  [WB] boundary=77/100  core_diff=0.0264  bin_diff=0.0001  ratio=361.92  prune_act=0.0000
  [WB] structure=20/20 (100%)  opp_sim=0.228
  [WB] BOUNDARY OK | CORE>BIN OK | PRUNE silent OK
  step    90/100  loss=0.0000  avg=1.5329  lr=0.000095  B=0  206ms
  [WB] boundary=77/100  core_diff=0.0264  bin_diff=0.0001  ratio=362.12  prune_act=0.0000
  [WB] structure=20/20 (100%)  opp_sim=0.228
  [WB] BOUNDARY OK | CORE>BIN OK | PRUNE silent OK
  [WB] boundary=77/100  core_diff=0.0264  bin_diff=0.0001  ratio=362.12  prune_act=0.0000
  [WB] structure=20/20 (100%)  opp_sim=0.228
  [WB] BOUNDARY OK | CORE>BIN OK | PRUNE silent OK
  step    99/100  loss=0.0000  avg=1.6545  lr=0.000001  B=0  204ms

[*] STE training done in 20.4s (204.5 ms/step)
[*] Best recent loss: 0.0000

[*] Saving trained weights to model_fix4.ste...
[*] Saved 194487316 bytes
=== Post-Training Whitebox Analysis (surface) ===

=== LAL Whitebox Probe (step checkpoint) ===
Model: 10L, 512 embd, 2048 mlp

--- Embedding Concept Boundary ---

        热  冷  大  小  上  下  亮  暗  重  轻  快  慢  湿  干
  热  +1.00 +0.08 +0.04 +0.02 -0.12 -0.07 -0.01 -0.07 -0.06 -0.03 +0.07 +0.12 +0.04 +0.03
  冷  +0.08 +1.00 +0.28 +0.31 -0.06 -0.07 -0.03 -0.01 +0.03 -0.15 +0.38 -0.02 +0.05 +0.28
  大  +0.04 +0.28 +1.00 +0.40 -0.01 +0.02 +0.01 +0.04 -0.02 +0.01 +0.31 -0.04 +0.01 +0.31
  小  +0.02 +0.31 +0.40 +1.00 -0.05 -0.05 -0.07 +0.07 +0.05 -0.02 +0.35 +0.02 +0.03 +0.30
  上  -0.12 -0.06 -0.01 -0.05 +1.00 +0.69 +0.35 +0.07 -0.06 -0.00 -0.07 -0.02 +0.01 -0.02
  下  -0.07 -0.07 +0.02 -0.05 +0.69 +1.00 +0.31 +0.03 -0.07 -0.03 -0.04 -0.04 +0.02 +0.01
  亮  -0.01 -0.03 +0.01 -0.07 +0.35 +0.31 +1.00 +0.05 +0.00 -0.04 -0.02 +0.03 -0.01 -0.02
  暗  -0.07 -0.01 +0.04 +0.07 +0.07 +0.03 +0.05 +1.00 +0.04 -0.02 +0.06 +0.33 +0.37 +0.05
  重  -0.06 +0.03 -0.02 +0.05 -0.06 -0.07 +0.00 +0.04 +1.00 +0.06 +0.01 +0.03 +0.01 +0.00
  轻  -0.03 -0.15 +0.01 -0.02 -0.00 -0.03 -0.04 -0.02 +0.06 +1.00 -0.01 -0.03 -0.02 -0.04
  快  +0.07 +0.38 +0.31 +0.35 -0.07 -0.04 -0.02 +0.06 +0.01 -0.01 +1.00 -0.04 +0.34 +0.34
  慢  +0.12 -0.02 -0.04 +0.02 -0.02 -0.04 +0.03 +0.33 +0.03 -0.03 -0.04 +1.00 +0.31 -0.01
  湿  +0.04 +0.05 +0.01 +0.03 +0.01 +0.02 -0.01 +0.37 +0.01 -0.02 +0.34 +0.31 +1.00 +0.35
  干  +0.03 +0.28 +0.31 +0.30 -0.02 +0.01 -0.02 +0.05 +0.00 -0.04 +0.34 -0.01 +0.35 +1.00

  Opposite pairs (boundary clarity):
    热 vs 冷: +0.0792 CLEAR
    大 vs 小: +0.4048 weak
    上 vs 下: +0.6891 weak
    亮 vs 暗: +0.0508 CLEAR
    重 vs 轻: +0.0567 CLEAR
    快 vs 慢: -0.0397 CLEAR
    湿 vs 干: +0.3529 weak

  Boundary score: 77/100 (STRONG)

--- CORE Activation (simulated, layer 0) ---

  热 vs 冷: CORE diff=0.0271 act=0.0221 OK | BIN diff=0.0001 | PRUNE act=0.0000
  大 vs 小: CORE diff=0.0234 act=0.0222 OK | BIN diff=0.0001 | PRUNE act=0.0000
  上 vs 下: CORE diff=0.0179 act=0.0203 OK | BIN diff=0.0000 | PRUNE act=0.0000
  亮 vs 暗: CORE diff=0.0283 act=0.0212 OK | BIN diff=0.0001 | PRUNE act=0.0000
  重 vs 轻: CORE diff=0.0320 act=0.0222 OK | BIN diff=0.0001 | PRUNE act=0.0000
  快 vs 慢: CORE diff=0.0303 act=0.0225 OK | BIN diff=0.0001 | PRUNE act=0.0000
  湿 vs 干: CORE diff=0.0262 act=0.0216 OK | BIN diff=0.0001 | PRUNE act=0.0000

--- Weight Structure ---

  L0 mlp: CORE=0.3685 BIN=0.3582 PRUNE=0.3475 OK | attn: CORE=0.5816 BIN=0.5651 PRUNE=0.5486 OK
  L1 mlp: CORE=0.3682 BIN=0.3581 PRUNE=0.3475 OK | attn: CORE=0.5827 BIN=0.5660 PRUNE=0.5491 OK
  ... (layers 2-8) ...
  L9 mlp: CORE=0.3690 BIN=0.3582 PRUNE=0.3479 OK | attn: CORE=0.5825 BIN=0.5659 PRUNE=0.5487 OK

  Structure: 100% OK (20/20)

--- Embedding Concept Boundary ---

        热  冷  大  小  上  下  亮  暗  重  轻  快  慢  湿  干
  热  +1.00 +0.08 +0.04 +0.02 -0.12 -0.07 -0.01 -0.07 -0.06 -0.03 +0.07 +0.12 +0.04 +0.03
  冷  +0.08 +1.00 +0.28 +0.31 -0.06 -0.07 -0.03 -0.01 +0.03 -0.15 +0.38 -0.02 +0.05 +0.28
  大  +0.04 +0.28 +1.00 +0.40 -0.01 +0.02 +0.01 +0.04 -0.02 +0.01 +0.31 -0.04 +0.01 +0.31
  小  +0.02 +0.31 +0.40 +1.00 -0.05 -0.05 -0.07 +0.07 +0.05 -0.02 +0.35 +0.02 +0.03 +0.30
  上  -0.12 -0.06 -0.01 -0.05 +1.00 +0.69 +0.35 +0.07 -0.06 -0.00 -0.07 -0.02 +0.01 -0.02
  下  -0.07 -0.07 +0.02 -0.05 +0.69 +1.00 +0.31 +0.03 -0.07 -0.03 -0.04 -0.04 +0.02 +0.01
  亮  -0.01 -0.03 +0.01 -0.07 +0.35 +0.31 +1.00 +0.05 +0.00 -0.04 -0.02 +0.03 -0.01 -0.02
  暗  -0.07 -0.01 +0.04 +0.07 +0.07 +0.03 +0.05 +1.00 +0.04 -0.02 +0.06 +0.33 +0.37 +0.05
  重  -0.06 +0.03 -0.02 +0.05 -0.06 -0.07 +0.00 +0.04 +1.00 +0.06 +0.01 +0.03 +0.01 +0.00
  轻  -0.03 -0.15 +0.01 -0.02 -0.00 -0.03 -0.04 -0.02 +0.06 +1.00 -0.01 -0.03 -0.02 -0.04
  快  +0.07 +0.38 +0.31 +0.35 -0.07 -0.04 -0.02 +0.06 +0.01 -0.01 +1.00 -0.04 +0.34 +0.34
  慢  +0.12 -0.02 -0.04 +0.02 -0.02 -0.04 +0.03 +0.33 +0.03 -0.03 -0.04 +1.00 +0.31 -0.01
  湿  +0.04 +0.05 +0.01 +0.03 +0.01 +0.02 -0.01 +0.37 +0.01 -0.02 +0.34 +0.31 +1.00 +0.35
  干  +0.03 +0.28 +0.31 +0.30 -0.02 +0.01 -0.02 +0.05 +0.00 -0.04 +0.34 -0.01 +0.35 +1.00

  Opposite pairs (boundary clarity):
    热 vs 冷: +0.0792 CLEAR
    大 vs 小: +0.4048 weak
    上 vs 下: +0.6891 weak
    亮 vs 暗: +0.0508 CLEAR
    重 vs 轻: +0.0567 CLEAR
    快 vs 慢: -0.0397 CLEAR
    湿 vs 干: +0.3529 weak

  Boundary score: 77/100 (STRONG)

--- Concept Similarity (mid-layer weights) ---

  Embedding similarity:
        热  冷  大  小  上  下  亮  暗  重  轻  快  慢  湿  干
  热  +1.00 +0.08 +0.04 +0.02 -0.12 -0.07 -0.01 -0.07 -0.06 -0.03 +0.07 +0.12 +0.04 +0.03
  冷  +0.08 +1.00 +0.28 +0.31 -0.06 -0.07 -0.03 -0.01 +0.03 -0.15 +0.38 -0.02 +0.05 +0.28
  大  +0.04 +0.28 +1.00 +0.40 -0.01 +0.02 +0.01 +0.04 -0.02 +0.01 +0.31 -0.04 +0.01 +0.31
  小  +0.02 +0.31 +0.40 +1.00 -0.05 -0.05 -0.07 +0.07 +0.05 -0.02 +0.35 +0.02 +0.03 +0.30
  上  -0.12 -0.06 -0.01 -0.05 +1.00 +0.69 +0.35 +0.07 -0.06 -0.00 -0.07 -0.02 +0.01 -0.02
  下  -0.07 -0.07 +0.02 -0.05 +0.69 +1.00 +0.31 +0.03 -0.07 -0.03 -0.04 -0.04 +0.02 +0.01
  亮  -0.01 -0.03 +0.01 -0.07 +0.35 +0.31 +1.00 +0.05 +0.00 -0.04 -0.02 +0.03 -0.01 -0.02
  暗  -0.07 -0.01 +0.04 +0.07 +0.07 +0.03 +0.05 +1.00 +0.04 -0.02 +0.06 +0.33 +0.37 +0.05
  重  -0.06 +0.03 -0.02 +0.05 -0.06 -0.07 +0.00 +0.04 +1.00 +0.06 +0.01 +0.03 +0.01 +0.00
  轻  -0.03 -0.15 +0.01 -0.02 -0.00 -0.03 -0.04 -0.02 +0.06 +1.00 -0.01 -0.03 -0.02 -0.04
  快  +0.07 +0.38 +0.31 +0.35 -0.07 -0.04 -0.02 +0.06 +0.01 -0.01 +1.00 -0.04 +0.34 +0.34
  慢  +0.12 -0.02 -0.04 +0.02 -0.02 -0.04 +0.03 +0.33 +0.03 -0.03 -0.04 +1.00 +0.31 -0.01
  湿  +0.04 +0.05 +0.01 +0.03 +0.01 +0.02 -0.01 +0.37 +0.01 -0.02 +0.34 +0.31 +1.00 +0.35
  干  +0.03 +0.28 +0.31 +0.30 -0.02 +0.01 -0.02 +0.05 +0.00 -0.04 +0.34 -0.01 +0.35 +1.00


========================================
  DEEP WHITEBOX DIAGNOSIS
  (explaining WHY generation is garbage)
========================================

--- 1. Embedding Space Differentiation ---

  Embedding norms:
    热=0.332 冷=0.316 大=0.341 小=0.318 上=0.337 下=0.347 亮=0.335 暗=0.331 火=0.331 水=0.329 

  Avg cosine similarity:
    Opposite pairs (should be LOW):  0.2415
    Unrelated pairs (should be ~0):  0.0561
    Gap (unrelated - opposite):       -0.1854  [FAIL] embeddings clustered — concepts not separated
           → generation will produce near-random tokens

--- 2. CORE Activation Magnitude ---

  Layer 0 mlp activation (for '热'):
    CORE  : max=0.1045 avg=0.0221  (n=409)
    BINARY: max=0.0003 avg=0.0001  (n=1332)
    CORE diff (热 vs 冷): 0.0271 (122.7% of avg)
    [FAIL] CORE diff too small — cannot drive distinct logits

--- 3. Weight Norm Layering (CORE > BINARY > PRUNE?) ---

  L0: CORE=0.3682 BIN=0.3652 PRUNE=0.3143  [FAIL: not layered]
  L1: CORE=0.3674 BIN=0.3655 PRUNE=0.3137  [FAIL: not layered]
  L2: CORE=0.3679 BIN=0.3651 PRUNE=0.3142  [FAIL: not layered]
  L3: CORE=0.3678 BIN=0.3655 PRUNE=0.3136  [FAIL: not layered]
  L4: CORE=0.3677 BIN=0.3653 PRUNE=0.3140  [FAIL: not layered]
  L5: CORE=0.3673 BIN=0.3654 PRUNE=0.3139  [FAIL: not layered]
  L6: CORE=0.3680 BIN=0.3653 PRUNE=0.3139  [FAIL: not layered]
  L7: CORE=0.3671 BIN=0.3652 PRUNE=0.3140  [FAIL: not layered]
  L8: CORE=0.3675 BIN=0.3653 PRUNE=0.3136  [FAIL: not layered]
  L9: CORE=0.3674 BIN=0.3658 PRUNE=0.3138  [FAIL: not layered]

  → Weight norms not differentiated → logic mask is cosmetic, not functional

--- 4. Logits Distribution (mode collapse check) ---

  Prompt '热' → top-5 next-token logits:
    token 31865 ',' logit=6.1097
    token 154 '<0x97>' logit=5.8524
    token 31874 '的' logit=4.7084
    token 155 '<0x98>' logit=3.5704
    token 31888 '是' logit=2.6812

  Logit range: 8.5880 (max=6.1097 min=-2.4782)
  Softmax entropy: 14.6057 bits (uniform would be 8.00)
  [OK]

========================================
  DIAGNOSIS SUMMARY
========================================
  If generation is garbage, likely causes:
  1. Embeddings not spread (Section 1) → tokens sampled near-randomly
  2. CORE activation too weak (Section 2) → model can't distinguish inputs
  3. Weight norms not layered (Section 3) → logic mask is cosmetic
  4. Logits collapsed/flat (Section 4) → repetitive or random output
  Fix: train more steps, or increase logic_guided_regularization lr
========================================


[*] Done
