[*] Loaded 32768 vocab pieces from tokenizer/chinese_bpe.vocab
=== LAL STE Whitebox-Supervised Training ===

[*] Method: Straight-Through Estimator + CORE/BINARY/PRUNE Logic Guidance
[*]   forward:  CORE = w_float * core_gain * K     (精确计算)
[*]             BINARY = sign(w) * alpha * K       (二值符号)
[*]             PRUNE = 0                           (静默剪枝)
[*]   backward: STE through w_float (CORE+BINARY), PRUNE 无梯度
[*]   update:   Adam on w_float
[*] Logic Guidance (每步,全层):
[*]             CORE  → maximize |act(a) - act(b)|  (差异化反义词)
[*]             BINARY → minimize (act(a) - act(b))^2 (收敛共性)
[*]             PRUNE → skip (保持静默)
[*] Whitebox probe: every 10 steps observe CORE/BINARY/PRUNE circuit

[*] Loaded 1996 samples from data/cognitive_bpe.bin
[*] Using Phase 0: Seed (8L/448d) (~22M params, vocab=32768)
[*] Generated Phase 0: Seed (8L/448d) weights: 8 layers, 448 embd, ~22M params
[*] Logic mask: Phase 0: Moderate (15/60/25) (CORE=15% PRUNE=25%)
[*] loaded 100 tensors
[*] binarizing 8 layers (logic-guided)...
    [logic] CORE=201 (15%), BINARY=807 (60%), PRUNE=336 (25%)
[*] done
[*] freed 32 weight tensors (77 MB) after binarization
[*] Model loaded: 8 layers, 448 embd, k_cache=YES


=== LAL STE Training (B=4, max_pos=64, steps=200, logic_lr=0.0020) ===
[*] STE: forward=sign(w), backward=w_float gradient
[*] Whitebox probe every 10 steps
[*] Semantic regularization every step

  step     0/200  loss=10.7085  avg=10.7085  lr=0.000020  B=4  658ms
  [WB] boundary=83/100  core_diff=0.0291  bin_diff=0.0001  ratio=332.30  prune_act=0.0000
  [WB] structure=16/16 (100%)  opp_sim=0.170
  [WB] BOUNDARY OK | CORE>BIN OK | PRUNE silent OK
  [WB] boundary=83/100  core_diff=0.0291  bin_diff=0.0001  ratio=332.30  prune_act=0.0000
  [WB] structure=16/16 (100%)  opp_sim=0.170
  [WB] BOUNDARY OK | CORE>BIN OK | PRUNE silent OK
  step    10/200  loss=0.0000  avg=5.7732  lr=0.000220  B=0  455ms
  [WB] boundary=83/100  core_diff=0.0291  bin_diff=0.0001  ratio=332.35  prune_act=0.0000
  [WB] structure=16/16 (100%)  opp_sim=0.170
  [WB] BOUNDARY OK | CORE>BIN OK | PRUNE silent OK
  [WB] boundary=83/100  core_diff=0.0291  bin_diff=0.0001  ratio=332.35  prune_act=0.0000
  [WB] structure=16/16 (100%)  opp_sim=0.170
  [WB] BOUNDARY OK | CORE>BIN OK | PRUNE silent OK
  step    20/200  loss=0.0000  avg=4.9512  lr=0.000420  B=0  431ms
  [WB] boundary=83/100  core_diff=0.0292  bin_diff=0.0001  ratio=332.90  prune_act=0.0000
  [WB] structure=16/16 (100%)  opp_sim=0.170
  [WB] BOUNDARY OK | CORE>BIN OK | PRUNE silent OK
  [WB] boundary=83/100  core_diff=0.0292  bin_diff=0.0001  ratio=332.90  prune_act=0.0000
  [WB] structure=16/16 (100%)  opp_sim=0.170
  [WB] BOUNDARY OK | CORE>BIN OK | PRUNE silent OK
  step    30/200  loss=0.0000  avg=4.5364  lr=0.000620  B=0  373ms
  [WB] boundary=83/100  core_diff=0.0293  bin_diff=0.0001  ratio=333.85  prune_act=0.0000
  [WB] structure=16/16 (100%)  opp_sim=0.171
  [WB] BOUNDARY OK | CORE>BIN OK | PRUNE silent OK
  [WB] boundary=83/100  core_diff=0.0293  bin_diff=0.0001  ratio=333.85  prune_act=0.0000
  [WB] structure=16/16 (100%)  opp_sim=0.171
  [WB] BOUNDARY OK | CORE>BIN OK | PRUNE silent OK
  step    40/200  loss=0.0000  avg=5.0047  lr=0.000820  B=0  422ms
  [WB] boundary=83/100  core_diff=0.0297  bin_diff=0.0001  ratio=338.19  prune_act=0.0000
  [WB] structure=16/16 (100%)  opp_sim=0.171
  [WB] BOUNDARY OK | CORE>BIN OK | PRUNE silent OK
  [WB] boundary=83/100  core_diff=0.0297  bin_diff=0.0001  ratio=338.19  prune_act=0.0000
  [WB] structure=16/16 (100%)  opp_sim=0.171
  [WB] BOUNDARY OK | CORE>BIN OK | PRUNE silent OK
  step    50/200  loss=7.7916  avg=4.9285  lr=0.001000  B=4  412ms
  [WB] boundary=83/100  core_diff=0.0304  bin_diff=0.0001  ratio=344.26  prune_act=0.0000
  [WB] structure=16/16 (100%)  opp_sim=0.172
  [WB] BOUNDARY OK | CORE>BIN OK | PRUNE silent OK
  [WB] boundary=83/100  core_diff=0.0304  bin_diff=0.0001  ratio=344.26  prune_act=0.0000
  [WB] structure=16/16 (100%)  opp_sim=0.172
  [WB] BOUNDARY OK | CORE>BIN OK | PRUNE silent OK
[*] stateful inference started: window=256, sinks=4, ctx=512
[*] sliding window configured: W=256, sinks=4 (effective context: 260)
  [TRACE] "冷": L0[||x||=0.83 C268(+93.37--15.09) B1076(+42.35--29.26) P448(max0.000)] L4[||x||=23.94 C268(+118.42--15.06) B1076(+58.42--40.52) P448(max0.000)] L7[||x||=39.23 C268(+143.50--13.38) B1076(+58.11--37.93) P448(max0.000)] | H=14.76/15 top3=0x4D8F 0x236A 0x2DD0 
  step    60/200  loss=9.1848  avg=4.4468  lr=0.000989  B=4  360ms
  [WB] boundary=83/100  core_diff=0.0308  bin_diff=0.0001  ratio=347.27  prune_act=0.0000
  [WB] structure=16/16 (100%)  opp_sim=0.172
  [WB] BOUNDARY OK | CORE>BIN OK | PRUNE silent OK
  [WB] boundary=83/100  core_diff=0.0308  bin_diff=0.0001  ratio=347.27  prune_act=0.0000
  [WB] structure=16/16 (100%)  opp_sim=0.172
  [WB] BOUNDARY OK | CORE>BIN OK | PRUNE silent OK
  step    70/200  loss=0.0000  avg=3.8698  lr=0.000957  B=0  322ms
  [WB] boundary=83/100  core_diff=0.0312  bin_diff=0.0001  ratio=351.01  prune_act=0.0000
  [WB] structure=16/16 (100%)  opp_sim=0.172
  [WB] BOUNDARY OK | CORE>BIN OK | PRUNE silent OK
  [WB] boundary=83/100  core_diff=0.0312  bin_diff=0.0001  ratio=351.01  prune_act=0.0000
  [WB] structure=16/16 (100%)  opp_sim=0.172
  [WB] BOUNDARY OK | CORE>BIN OK | PRUNE silent OK
  step    80/200  loss=0.0000  avg=3.4884  lr=0.000905  B=0  295ms
  [WB] boundary=83/100  core_diff=0.0318  bin_diff=0.0001  ratio=355.59  prune_act=0.0000
  [WB] structure=16/16 (100%)  opp_sim=0.172
  [WB] BOUNDARY OK | CORE>BIN OK | PRUNE silent OK
  [WB] boundary=83/100  core_diff=0.0318  bin_diff=0.0001  ratio=355.59  prune_act=0.0000
  [WB] structure=16/16 (100%)  opp_sim=0.172
  [WB] BOUNDARY OK | CORE>BIN OK | PRUNE silent OK
  step    90/200  loss=9.2908  avg=3.6462  lr=0.000835  B=12  302ms
  [WB] boundary=83/100  core_diff=0.0333  bin_diff=0.0001  ratio=369.73  prune_act=0.0000
  [WB] structure=16/16 (100%)  opp_sim=0.174
  [WB] BOUNDARY OK | CORE>BIN OK | PRUNE silent OK
  [WB] boundary=83/100  core_diff=0.0333  bin_diff=0.0001  ratio=369.73  prune_act=0.0000
  [WB] structure=16/16 (100%)  opp_sim=0.174
  [WB] BOUNDARY OK | CORE>BIN OK | PRUNE silent OK
  step   100/200  loss=9.6856  avg=3.5171  lr=0.000750  B=8  292ms
  [WB] boundary=83/100  core_diff=0.0349  bin_diff=0.0001  ratio=384.72  prune_act=0.0000
  [WB] structure=16/16 (100%)  opp_sim=0.175
  [WB] BOUNDARY OK | CORE>BIN OK | PRUNE silent OK
  [WB] boundary=83/100  core_diff=0.0349  bin_diff=0.0001  ratio=384.72  prune_act=0.0000
  [WB] structure=16/16 (100%)  opp_sim=0.175
  [WB] BOUNDARY OK | CORE>BIN OK | PRUNE silent OK
[*] stateful inference started: window=256, sinks=4, ctx=512
[*] sliding window configured: W=256, sinks=4 (effective context: 260)
  [TRACE] "火": L0[||x||=0.86 C268(+824.01--6.97) B1076(+73.02--26.63) P448(max0.000)] L4[||x||=203.76 C268(+976.03--8.36) B1076(+71.91--31.17) P448(max0.000)] L7[||x||=204.78 C268(+339.70--13.32) B1076(+46.24--26.77) P448(max0.000)] | H=14.74/15 top3=0x7C75 0x7C90 0x439 
  step   110/200  loss=0.0000  avg=3.4486  lr=0.000655  B=0  287ms
  [WB] boundary=82/100  core_diff=0.0435  bin_diff=0.0001  ratio=472.70  prune_act=0.0000
  [WB] structure=16/16 (100%)  opp_sim=0.175
  [WB] BOUNDARY OK | CORE>BIN OK | PRUNE silent OK
  [WB] boundary=82/100  core_diff=0.0435  bin_diff=0.0001  ratio=472.70  prune_act=0.0000
  [WB] structure=16/16 (100%)  opp_sim=0.175
  [WB] BOUNDARY OK | CORE>BIN OK | PRUNE silent OK
  step   120/200  loss=0.0000  avg=3.4517  lr=0.000552  B=0  277ms
  [WB] boundary=82/100  core_diff=0.0565  bin_diff=0.0001  ratio=604.09  prune_act=0.0000
  [WB] structure=15/16 (94%)  opp_sim=0.175
  [WB] BOUNDARY OK | CORE>BIN OK | PRUNE silent OK
  [WB] boundary=82/100  core_diff=0.0565  bin_diff=0.0001  ratio=604.09  prune_act=0.0000
  [WB] structure=15/16 (94%)  opp_sim=0.175
  [WB] BOUNDARY OK | CORE>BIN OK | PRUNE silent OK
  step   130/200  loss=0.0000  avg=3.5927  lr=0.000448  B=0  267ms
  [WB] boundary=82/100  core_diff=0.0645  bin_diff=0.0001  ratio=681.46  prune_act=0.0000
  [WB] structure=15/16 (94%)  opp_sim=0.175
  [WB] BOUNDARY OK | CORE>BIN OK | PRUNE silent OK
  [WB] boundary=82/100  core_diff=0.0645  bin_diff=0.0001  ratio=681.46  prune_act=0.0000
  [WB] structure=15/16 (94%)  opp_sim=0.175
  [WB] BOUNDARY OK | CORE>BIN OK | PRUNE silent OK
  step   140/200  loss=0.0000  avg=3.6356  lr=0.000345  B=0  255ms
  [WB] boundary=82/100  core_diff=0.0689  bin_diff=0.0001  ratio=722.74  prune_act=0.0000
  [WB] structure=15/16 (94%)  opp_sim=0.175
  [WB] BOUNDARY OK | CORE>BIN OK | PRUNE silent OK
  [WB] boundary=82/100  core_diff=0.0689  bin_diff=0.0001  ratio=722.74  prune_act=0.0000
  [WB] structure=15/16 (94%)  opp_sim=0.175
  [WB] BOUNDARY OK | CORE>BIN OK | PRUNE silent OK
  step   150/200  loss=0.0000  avg=3.5417  lr=0.000250  B=0  250ms
  [WB] boundary=82/100  core_diff=0.0736  bin_diff=0.0001  ratio=766.68  prune_act=0.0000
  [WB] structure=15/16 (94%)  opp_sim=0.175
  [WB] BOUNDARY OK | CORE>BIN OK | PRUNE silent OK
  [WB] boundary=82/100  core_diff=0.0736  bin_diff=0.0001  ratio=766.68  prune_act=0.0000
  [WB] structure=15/16 (94%)  opp_sim=0.175
  [WB] BOUNDARY OK | CORE>BIN OK | PRUNE silent OK
[*] stateful inference started: window=256, sinks=4, ctx=512
[*] sliding window configured: W=256, sinks=4 (effective context: 260)
  [TRACE] "水": L0[||x||=0.81 C268(+5481.32--3.06) B1076(+146.68--35.45) P448(max0.000)] L4[||x||=210.66 C268(+6743.79--3.74) B1076(+130.04--39.16) P448(max0.000)] L7[||x||=209.41 C268(+1339.99--7.37) B1076(+64.02--28.93) P448(max0.000)] | H=14.71/15 top3=0x7C75 0x7C90 0xEC 
  step   160/200  loss=0.0000  avg=3.2039  lr=0.000165  B=0  240ms
  [WB] boundary=82/100  core_diff=0.0757  bin_diff=0.0001  ratio=786.18  prune_act=0.0000
  [WB] structure=15/16 (94%)  opp_sim=0.176
  [WB] BOUNDARY OK | CORE>BIN OK | PRUNE silent OK
  [WB] boundary=82/100  core_diff=0.0757  bin_diff=0.0001  ratio=786.18  prune_act=0.0000
  [WB] structure=15/16 (94%)  opp_sim=0.176
  [WB] BOUNDARY OK | CORE>BIN OK | PRUNE silent OK
  step   170/200  loss=0.0000  avg=3.0536  lr=0.000095  B=0  238ms
  [WB] boundary=82/100  core_diff=0.0792  bin_diff=0.0001  ratio=818.18  prune_act=0.0000
  [WB] structure=14/16 (88%)  opp_sim=0.176
  [WB] BOUNDARY OK | CORE>BIN OK | PRUNE silent OK
  [WB] boundary=82/100  core_diff=0.0792  bin_diff=0.0001  ratio=818.18  prune_act=0.0000
  [WB] structure=14/16 (88%)  opp_sim=0.176
  [WB] BOUNDARY OK | CORE>BIN OK | PRUNE silent OK
  step   180/200  loss=10.2029  avg=2.3733  lr=0.000043  B=4  227ms
  [WB] boundary=82/100  core_diff=0.0795  bin_diff=0.0001  ratio=821.03  prune_act=0.0000
  [WB] structure=14/16 (88%)  opp_sim=0.176
  [WB] BOUNDARY OK | CORE>BIN OK | PRUNE silent OK
  [WB] boundary=82/100  core_diff=0.0795  bin_diff=0.0001  ratio=821.03  prune_act=0.0000
  [WB] structure=14/16 (88%)  opp_sim=0.176
  [WB] BOUNDARY OK | CORE>BIN OK | PRUNE silent OK
  step   190/200  loss=0.0000  avg=2.5660  lr=0.000011  B=0  223ms
  [WB] boundary=82/100  core_diff=0.0799  bin_diff=0.0001  ratio=824.28  prune_act=0.0000
  [WB] structure=14/16 (88%)  opp_sim=0.176
  [WB] BOUNDARY OK | CORE>BIN OK | PRUNE silent OK
  [WB] boundary=82/100  core_diff=0.0799  bin_diff=0.0001  ratio=824.28  prune_act=0.0000
  [WB] structure=14/16 (88%)  opp_sim=0.176
  [WB] BOUNDARY OK | CORE>BIN OK | PRUNE silent OK
  step   199/200  loss=0.0000  avg=2.4046  lr=0.000000  B=0  217ms

[*] STE training done in 43.4s (217.2 ms/step)
[*] Best recent loss: 2.3733

[*] Saving trained weights to model_200.ste...
[*] Saved 136141844 bytes
=== Post-Training Whitebox Analysis (surface) ===

=== LAL Whitebox Probe (step checkpoint) ===
Model: 8L, 448 embd, 1792 mlp

--- Embedding Concept Boundary ---

        热  冷  大  小  上  下  亮  暗  重  轻  快  慢  湿  干
  热  +1.00 -0.02 -0.03 +0.06 -0.02 -0.02 -0.04 +0.05 +0.00 +0.00 +0.02 -0.02 +0.02 -0.06
  冷  -0.02 +1.00 +0.40 +0.26 -0.02 +0.10 +0.02 +0.00 +0.08 +0.01 +0.32 -0.02 -0.02 +0.38
  大  -0.03 +0.40 +1.00 +0.28 +0.03 +0.09 -0.06 +0.08 +0.01 +0.06 +0.28 +0.05 +0.08 +0.34
  小  +0.06 +0.26 +0.28 +1.00 -0.01 +0.03 -0.00 -0.03 -0.05 -0.00 +0.26 +0.02 -0.03 +0.27
  上  -0.02 -0.02 +0.03 -0.01 +1.00 +0.65 +0.38 -0.01 -0.04 -0.03 -0.02 +0.07 +0.08 +0.03
  下  -0.02 +0.10 +0.09 +0.03 +0.65 +1.00 +0.32 -0.05 +0.01 -0.04 +0.09 +0.03 +0.05 +0.09
  亮  -0.04 +0.02 -0.06 -0.00 +0.38 +0.32 +1.00 -0.08 +0.06 -0.03 +0.03 +0.03 -0.02 +0.02
  暗  +0.05 +0.00 +0.08 -0.03 -0.01 -0.05 -0.08 +1.00 -0.04 -0.03 -0.06 +0.34 +0.30 +0.02
  重  +0.00 +0.08 +0.01 -0.05 -0.04 +0.01 +0.06 -0.04 +1.00 -0.01 +0.03 +0.02 +0.03 +0.04
  轻  +0.00 +0.01 +0.06 -0.00 -0.03 -0.04 -0.03 -0.03 -0.01 +1.00 -0.14 -0.06 -0.06 +0.06
  快  +0.02 +0.32 +0.28 +0.26 -0.02 +0.09 +0.03 -0.06 +0.03 -0.14 +1.00 +0.04 +0.37 +0.35
  慢  -0.02 -0.02 +0.05 +0.02 +0.07 +0.03 +0.03 +0.34 +0.02 -0.06 +0.04 +1.00 +0.40 +0.09
  湿  +0.02 -0.02 +0.08 -0.03 +0.08 +0.05 -0.02 +0.30 +0.03 -0.06 +0.37 +0.40 +1.00 +0.36
  干  -0.06 +0.38 +0.34 +0.27 +0.03 +0.09 +0.02 +0.02 +0.04 +0.06 +0.35 +0.09 +0.36 +1.00

  Opposite pairs (boundary clarity):
    热 vs 冷: -0.0155 CLEAR
    大 vs 小: +0.2845 CLEAR
    上 vs 下: +0.6526 weak
    亮 vs 暗: -0.0780 CLEAR
    重 vs 轻: -0.0102 CLEAR
    快 vs 慢: +0.0362 CLEAR
    湿 vs 干: +0.3606 weak

  Boundary score: 82/100 (STRONG)

--- CORE Activation (simulated, layer 0) ---

  热 vs 冷: CORE diff=0.0347 act=0.0527 OK | BIN diff=0.0001 | PRUNE act=0.0000
  大 vs 小: CORE diff=0.0701 act=0.0440 OK | BIN diff=0.0001 | PRUNE act=0.0000
  上 vs 下: CORE diff=0.0584 act=0.0576 OK | BIN diff=0.0001 | PRUNE act=0.0000
  亮 vs 暗: CORE diff=0.0568 act=0.0325 OK | BIN diff=0.0001 | PRUNE act=0.0000
  重 vs 轻: CORE diff=0.1475 act=0.0290 OK | BIN diff=0.0001 | PRUNE act=0.0000
  快 vs 慢: CORE diff=0.1112 act=0.0731 OK | BIN diff=0.0001 | PRUNE act=0.0000
  湿 vs 干: CORE diff=0.0804 act=0.0271 OK | BIN diff=0.0001 | PRUNE act=0.0000

--- Weight Structure ---

  L0 mlp: CORE=0.4249 BIN=0.4087 PRUNE=0.4018 OK | attn: CORE=0.5406 BIN=0.5255 PRUNE=0.5101 OK
  L1 mlp: CORE=0.4115 BIN=0.3979 PRUNE=0.3886 OK | attn: CORE=0.5472 BIN=0.5324 PRUNE=0.5161 OK
  ... (layers 2-6) ...
  L7 mlp: CORE=0.3536 BIN=0.3442 PRUNE=0.3336 OK | attn: CORE=0.5438 BIN=0.5273 PRUNE=0.5133 OK

  Structure: 88% OK (14/16)

--- Embedding Concept Boundary ---

        热  冷  大  小  上  下  亮  暗  重  轻  快  慢  湿  干
  热  +1.00 -0.02 -0.03 +0.06 -0.02 -0.02 -0.04 +0.05 +0.00 +0.00 +0.02 -0.02 +0.02 -0.06
  冷  -0.02 +1.00 +0.40 +0.26 -0.02 +0.10 +0.02 +0.00 +0.08 +0.01 +0.32 -0.02 -0.02 +0.38
  大  -0.03 +0.40 +1.00 +0.28 +0.03 +0.09 -0.06 +0.08 +0.01 +0.06 +0.28 +0.05 +0.08 +0.34
  小  +0.06 +0.26 +0.28 +1.00 -0.01 +0.03 -0.00 -0.03 -0.05 -0.00 +0.26 +0.02 -0.03 +0.27
  上  -0.02 -0.02 +0.03 -0.01 +1.00 +0.65 +0.38 -0.01 -0.04 -0.03 -0.02 +0.07 +0.08 +0.03
  下  -0.02 +0.10 +0.09 +0.03 +0.65 +1.00 +0.32 -0.05 +0.01 -0.04 +0.09 +0.03 +0.05 +0.09
  亮  -0.04 +0.02 -0.06 -0.00 +0.38 +0.32 +1.00 -0.08 +0.06 -0.03 +0.03 +0.03 -0.02 +0.02
  暗  +0.05 +0.00 +0.08 -0.03 -0.01 -0.05 -0.08 +1.00 -0.04 -0.03 -0.06 +0.34 +0.30 +0.02
  重  +0.00 +0.08 +0.01 -0.05 -0.04 +0.01 +0.06 -0.04 +1.00 -0.01 +0.03 +0.02 +0.03 +0.04
  轻  +0.00 +0.01 +0.06 -0.00 -0.03 -0.04 -0.03 -0.03 -0.01 +1.00 -0.14 -0.06 -0.06 +0.06
  快  +0.02 +0.32 +0.28 +0.26 -0.02 +0.09 +0.03 -0.06 +0.03 -0.14 +1.00 +0.04 +0.37 +0.35
  慢  -0.02 -0.02 +0.05 +0.02 +0.07 +0.03 +0.03 +0.34 +0.02 -0.06 +0.04 +1.00 +0.40 +0.09
  湿  +0.02 -0.02 +0.08 -0.03 +0.08 +0.05 -0.02 +0.30 +0.03 -0.06 +0.37 +0.40 +1.00 +0.36
  干  -0.06 +0.38 +0.34 +0.27 +0.03 +0.09 +0.02 +0.02 +0.04 +0.06 +0.35 +0.09 +0.36 +1.00

  Opposite pairs (boundary clarity):
    热 vs 冷: -0.0155 CLEAR
    大 vs 小: +0.2845 CLEAR
    上 vs 下: +0.6526 weak
    亮 vs 暗: -0.0780 CLEAR
    重 vs 轻: -0.0102 CLEAR
    快 vs 慢: +0.0362 CLEAR
    湿 vs 干: +0.3606 weak

  Boundary score: 82/100 (STRONG)

--- Concept Similarity (mid-layer weights) ---

  Embedding similarity:
        热  冷  大  小  上  下  亮  暗  重  轻  快  慢  湿  干
  热  +1.00 -0.02 -0.03 +0.06 -0.02 -0.02 -0.04 +0.05 +0.00 +0.00 +0.02 -0.02 +0.02 -0.06
  冷  -0.02 +1.00 +0.40 +0.26 -0.02 +0.10 +0.02 +0.00 +0.08 +0.01 +0.32 -0.02 -0.02 +0.38
  大  -0.03 +0.40 +1.00 +0.28 +0.03 +0.09 -0.06 +0.08 +0.01 +0.06 +0.28 +0.05 +0.08 +0.34
  小  +0.06 +0.26 +0.28 +1.00 -0.01 +0.03 -0.00 -0.03 -0.05 -0.00 +0.26 +0.02 -0.03 +0.27
  上  -0.02 -0.02 +0.03 -0.01 +1.00 +0.65 +0.38 -0.01 -0.04 -0.03 -0.02 +0.07 +0.08 +0.03
  下  -0.02 +0.10 +0.09 +0.03 +0.65 +1.00 +0.32 -0.05 +0.01 -0.04 +0.09 +0.03 +0.05 +0.09
  亮  -0.04 +0.02 -0.06 -0.00 +0.38 +0.32 +1.00 -0.08 +0.06 -0.03 +0.03 +0.03 -0.02 +0.02
  暗  +0.05 +0.00 +0.08 -0.03 -0.01 -0.05 -0.08 +1.00 -0.04 -0.03 -0.06 +0.34 +0.30 +0.02
  重  +0.00 +0.08 +0.01 -0.05 -0.04 +0.01 +0.06 -0.04 +1.00 -0.01 +0.03 +0.02 +0.03 +0.04
  轻  +0.00 +0.01 +0.06 -0.00 -0.03 -0.04 -0.03 -0.03 -0.01 +1.00 -0.14 -0.06 -0.06 +0.06
  快  +0.02 +0.32 +0.28 +0.26 -0.02 +0.09 +0.03 -0.06 +0.03 -0.14 +1.00 +0.04 +0.37 +0.35
  慢  -0.02 -0.02 +0.05 +0.02 +0.07 +0.03 +0.03 +0.34 +0.02 -0.06 +0.04 +1.00 +0.40 +0.09
  湿  +0.02 -0.02 +0.08 -0.03 +0.08 +0.05 -0.02 +0.30 +0.03 -0.06 +0.37 +0.40 +1.00 +0.36
  干  -0.06 +0.38 +0.34 +0.27 +0.03 +0.09 +0.02 +0.02 +0.04 +0.06 +0.35 +0.09 +0.36 +1.00


========================================
  DEEP WHITEBOX DIAGNOSIS
  (explaining WHY generation is garbage)
========================================

--- 1. Embedding Space Differentiation ---

  Embedding norms:
    热=0.352 冷=0.333 大=0.342 小=0.319 上=0.345 下=0.321 亮=0.324 暗=0.345 火=0.356 水=0.323 

  Avg cosine similarity:
    Opposite pairs (should be LOW):  0.1696
    Unrelated pairs (should be ~0):  0.0591
    Gap (unrelated - opposite):       -0.1105  [FAIL] embeddings clustered — concepts not separated
           → generation will produce near-random tokens

--- 2. CORE Activation Magnitude ---

  Layer 0 mlp activation (for '热'):
    CORE  : max=0.2155 avg=0.0527  (n=268)
    BINARY: max=0.0003 avg=0.0001  (n=1076)
    CORE diff (热 vs 冷): 0.0347 (65.9% of avg)
    [FAIL] CORE diff too small — cannot drive distinct logits

--- 3. Weight Norm Layering (CORE > BINARY > PRUNE?) ---

  L0: CORE=0.7622 BIN=0.3782 PRUNE=0.1788  [OK layered]
  L1: CORE=0.5873 BIN=0.3829 PRUNE=0.1789  [OK layered]
  L2: CORE=0.6270 BIN=0.3822 PRUNE=0.1789  [OK layered]
  L3: CORE=0.7457 BIN=0.3808 PRUNE=0.1786  [OK layered]
  L4: CORE=0.8746 BIN=0.3772 PRUNE=0.1790  [OK layered]
  L5: CORE=0.7259 BIN=0.3735 PRUNE=0.1787  [OK layered]
  L6: CORE=0.5408 BIN=0.3694 PRUNE=0.1786  [OK layered]
  L7: CORE=0.4360 BIN=0.3682 PRUNE=0.1788  [OK layered]

--- 4. Logits Distribution (mode collapse check) ---

  Prompt '热' → top-5 next-token logits:
    token 31861 '。' logit=5.0508
    token 31888 '是' logit=2.9972
    token 236 '<0xE9>' logit=2.8530
    token 22634 ',20▁+▁48▁=▁68;' logit=2.4712
    token 16120 '▁=▁-32▁-▁(' logit=2.3470

  Logit range: 7.4293 (max=5.0508 min=-2.3785)
  Softmax entropy: 14.7208 bits (uniform would be 8.00)
  [OK]

========================================
  DIAGNOSIS SUMMARY
========================================
  If generation is garbage, likely causes:
  1. Embeddings not spread (Section 1) → tokens sampled near-randomly
  2. CORE activation too weak (Section 2) → model can't distinguish inputs
  3. Weight norms not layered (Section 3) → logic mask is cosmetic
  4. Logits collapsed/flat (Section 4) → repetitive or random output
  Fix: train more steps, or increase logic_guided_regularization lr
========================================


[*] Done
