[*] Loaded 32768 vocab pieces from tokenizer/chinese_bpe.vocab
=== LAL STE Whitebox-Supervised Training ===

[*] Method: Straight-Through Estimator + CORE/BINARY/PRUNE Logic Guidance
[*]   forward:  CORE = w_float * core_gain * K     (精确计算)
[*]             BINARY = sign(w) * alpha * K       (二值符号)
[*]             PRUNE = 0                           (静默剪枝)
[*]   backward: STE through w_float (CORE+BINARY), PRUNE 无梯度
[*]   update:   Adam on w_float
[*] Logic Guidance (每步,全层):
[*]             CORE  → maximize |act(a) - act(b)|  (差异化反义词)
[*]             BINARY → minimize (act(a) - act(b))^2 (收敛共性)
[*]             PRUNE → skip (保持静默)
[*] Whitebox probe: every 10 steps observe CORE/BINARY/PRUNE circuit

[*] Loaded 6004 samples from data/cognitive_bpe.bin
[*] Using Phase 1: Sprout (10L/512d) (~35M params, vocab=32768)
[*] Generated Phase 1: Sprout (10L/512d) weights: 10 layers, 512 embd, ~35M params
[*] Logic mask: Phase 1: Growing (20/65/15) (CORE=20% PRUNE=15%)
[*] loaded 124 tensors
[*] binarizing 10 layers (logic-guided)...
    [logic] CORE=307 (20%), BINARY=999 (65%), PRUNE=230 (15%)
[*] done
[*] freed 40 weight tensors (126 MB) after binarization
[*] Model loaded: 10 layers, 512 embd, k_cache=YES


=== LAL STE Training (B=4, max_pos=64, steps=100, logic_lr=0.0020) ===
[*] STE: forward=sign(w), backward=w_float gradient
[*] Whitebox probe every 10 steps
[*] Semantic regularization every step

  [LOGIC] loss=-21.2603
  step     0/100  loss=10.2470  avg=10.2470  lr=0.000020  B=4  1288ms
  [WB] boundary=100/100  core_diff=0.0523  bin_diff=0.0001  ratio=358.94  prune_act=0.0000
  [WB] structure=20/20 (100%)  opp_sim=0.003
  [WB] BOUNDARY OK | CORE>BIN OK | PRUNE silent OK
  [WB] boundary=100/100  core_diff=0.0523  bin_diff=0.0001  ratio=358.94  prune_act=0.0000
  [WB] structure=20/20 (100%)  opp_sim=0.003
  [WB] BOUNDARY OK | CORE>BIN OK | PRUNE silent OK
  [LOGIC] loss=-21.2604
  step    10/100  loss=11.3742  avg=1.9656  lr=0.000220  B=4  232ms
  [WB] boundary=100/100  core_diff=0.0523  bin_diff=0.0001  ratio=358.99  prune_act=0.0000
  [WB] structure=20/20 (100%)  opp_sim=0.003
  [WB] BOUNDARY OK | CORE>BIN OK | PRUNE silent OK
  [WB] boundary=100/100  core_diff=0.0523  bin_diff=0.0001  ratio=358.99  prune_act=0.0000
  [WB] structure=20/20 (100%)  opp_sim=0.003
  [WB] BOUNDARY OK | CORE>BIN OK | PRUNE silent OK
  step    20/100  loss=0.0000  avg=2.8654  lr=0.000420  B=0  398ms
  [WB] boundary=100/100  core_diff=0.0523  bin_diff=0.0001  ratio=359.36  prune_act=0.0000
  [WB] structure=20/20 (100%)  opp_sim=0.003
  [WB] BOUNDARY OK | CORE>BIN OK | PRUNE silent OK
  [WB] boundary=100/100  core_diff=0.0523  bin_diff=0.0001  ratio=359.36  prune_act=0.0000
  [WB] structure=20/20 (100%)  opp_sim=0.003
  [WB] BOUNDARY OK | CORE>BIN OK | PRUNE silent OK
  step    30/100  loss=0.0000  avg=2.9184  lr=0.000620  B=0  428ms
  [WB] boundary=100/100  core_diff=0.0524  bin_diff=0.0001  ratio=360.00  prune_act=0.0000
  [WB] structure=20/20 (100%)  opp_sim=0.003
  [WB] BOUNDARY OK | CORE>BIN OK | PRUNE silent OK
  [WB] boundary=100/100  core_diff=0.0524  bin_diff=0.0001  ratio=360.00  prune_act=0.0000
  [WB] structure=20/20 (100%)  opp_sim=0.003
  [WB] BOUNDARY OK | CORE>BIN OK | PRUNE silent OK
  step    40/100  loss=0.0000  avg=3.1105  lr=0.000820  B=0  459ms
  [WB] boundary=100/100  core_diff=0.0527  bin_diff=0.0001  ratio=361.41  prune_act=0.0000
  [WB] structure=20/20 (100%)  opp_sim=0.003
  [WB] BOUNDARY OK | CORE>BIN OK | PRUNE silent OK
  [WB] boundary=100/100  core_diff=0.0527  bin_diff=0.0001  ratio=361.41  prune_act=0.0000
  [WB] structure=20/20 (100%)  opp_sim=0.003
  [WB] BOUNDARY OK | CORE>BIN OK | PRUNE silent OK
  step    50/100  loss=0.0000  avg=2.6868  lr=0.001000  B=0  395ms
  [WB] boundary=100/100  core_diff=0.0528  bin_diff=0.0001  ratio=362.17  prune_act=0.0000
  [WB] structure=20/20 (100%)  opp_sim=0.003
  [WB] BOUNDARY OK | CORE>BIN OK | PRUNE silent OK
  [WB] boundary=100/100  core_diff=0.0528  bin_diff=0.0001  ratio=362.17  prune_act=0.0000
  [WB] structure=20/20 (100%)  opp_sim=0.003
  [WB] BOUNDARY OK | CORE>BIN OK | PRUNE silent OK
[*] stateful inference started: window=256, sinks=4, ctx=512
[*] sliding window configured: W=256, sinks=4 (effective context: 260)
  [TRACE] "冷": L0[||x||=0.78 C409(+144.72--24.99) B1332(+55.75--36.92) P307(max0.000)] L5[||x||=110.60 C409(+366.92--16.59) B1332(+89.57--52.12) P307(max0.000)] L9[||x||=172.52 C409(+329.28--16.86) B1332(+95.18--53.05) P307(max0.000)] | H=14.74/15 top3=0x7C75 0x7C82 0x7D22 
  step    60/100  loss=0.0000  avg=2.5762  lr=0.000905  B=0  361ms
  [WB] boundary=100/100  core_diff=0.0531  bin_diff=0.0001  ratio=363.91  prune_act=0.0000
  [WB] structure=20/20 (100%)  opp_sim=0.003
  [WB] BOUNDARY OK | CORE>BIN OK | PRUNE silent OK
  [WB] boundary=100/100  core_diff=0.0531  bin_diff=0.0001  ratio=363.91  prune_act=0.0000
  [WB] structure=20/20 (100%)  opp_sim=0.003
  [WB] BOUNDARY OK | CORE>BIN OK | PRUNE silent OK
  step    70/100  loss=0.0000  avg=2.7408  lr=0.000655  B=0  358ms
  [WB] boundary=100/100  core_diff=0.0536  bin_diff=0.0001  ratio=366.88  prune_act=0.0000
  [WB] structure=20/20 (100%)  opp_sim=0.003
  [WB] BOUNDARY OK | CORE>BIN OK | PRUNE silent OK
  [WB] boundary=100/100  core_diff=0.0536  bin_diff=0.0001  ratio=366.88  prune_act=0.0000
  [WB] structure=20/20 (100%)  opp_sim=0.003
  [WB] BOUNDARY OK | CORE>BIN OK | PRUNE silent OK
  step    80/100  loss=0.0000  avg=2.2414  lr=0.000345  B=0  315ms
  [WB] boundary=100/100  core_diff=0.0536  bin_diff=0.0001  ratio=366.88  prune_act=0.0000
  [WB] structure=20/20 (100%)  opp_sim=0.003
  [WB] BOUNDARY OK | CORE>BIN OK | PRUNE silent OK
  [WB] boundary=100/100  core_diff=0.0536  bin_diff=0.0001  ratio=366.88  prune_act=0.0000
  [WB] structure=20/20 (100%)  opp_sim=0.003
  [WB] BOUNDARY OK | CORE>BIN OK | PRUNE silent OK
  step    90/100  loss=0.0000  avg=2.2465  lr=0.000095  B=0  316ms
  [WB] boundary=100/100  core_diff=0.0538  bin_diff=0.0001  ratio=368.15  prune_act=0.0000
  [WB] structure=20/20 (100%)  opp_sim=0.003
  [WB] BOUNDARY OK | CORE>BIN OK | PRUNE silent OK
  [WB] boundary=100/100  core_diff=0.0538  bin_diff=0.0001  ratio=368.15  prune_act=0.0000
  [WB] structure=20/20 (100%)  opp_sim=0.003
  [WB] BOUNDARY OK | CORE>BIN OK | PRUNE silent OK
  step    99/100  loss=0.0000  avg=1.6730  lr=0.000001  B=0  297ms

[*] STE training done in 29.7s (297.0 ms/step)
[*] Best recent loss: 1.6730

[*] Saving trained weights to model_fix7.ste...
[*] Saved 194487316 bytes
=== Post-Training Whitebox Analysis (surface) ===

=== LAL Whitebox Probe (step checkpoint) ===
Model: 10L, 512 embd, 2048 mlp

--- Embedding Concept Boundary ---

        热  冷  大  小  上  下  亮  暗  重  轻  快  慢  湿  干
  热  +1.00 +0.04 +0.05 +0.08 +0.02 +0.13 -0.01 -0.10 +0.05 -0.03 +0.07 +0.03 +0.09 +0.04
  冷  +0.04 +1.00 -0.09 +0.02 -0.03 +0.02 -0.03 -0.03 -0.06 +0.01 -0.01 -0.02 -0.01 -0.04
  大  +0.05 -0.09 +1.00 +0.02 +0.04 +0.01 -0.03 +0.04 -0.01 -0.08 -0.05 +0.04 +0.06 -0.01
  小  +0.08 +0.02 +0.02 +1.00 -0.02 +0.06 +0.00 -0.06 -0.01 +0.02 +0.00 +0.03 -0.02 +0.01
  上  +0.02 -0.03 +0.04 -0.02 +1.00 +0.02 +0.07 -0.01 -0.05 -0.01 -0.04 +0.08 -0.03 -0.04
  下  +0.13 +0.02 +0.01 +0.06 +0.02 +1.00 -0.02 -0.09 +0.03 +0.01 +0.03 +0.05 +0.05 -0.04
  亮  -0.01 -0.03 -0.03 +0.00 +0.07 -0.02 +1.00 -0.01 +0.02 -0.06 +0.01 -0.03 -0.02 -0.01
  暗  -0.10 -0.03 +0.04 -0.06 -0.01 -0.09 -0.01 +1.00 +0.00 -0.02 -0.08 +0.00 -0.07 -0.01
  重  +0.05 -0.06 -0.01 -0.01 -0.05 +0.03 +0.02 +0.00 +1.00 +0.03 +0.06 +0.09 +0.00 -0.08
  轻  -0.03 +0.01 -0.08 +0.02 -0.01 +0.01 -0.06 -0.02 +0.03 +1.00 +0.00 +0.03 -0.03 -0.10
  快  +0.07 -0.01 -0.05 +0.00 -0.04 +0.03 +0.01 -0.08 +0.06 +0.00 +1.00 -0.11 +0.01 +0.03
  慢  +0.03 -0.02 +0.04 +0.03 +0.08 +0.05 -0.03 +0.00 +0.09 +0.03 -0.11 +1.00 +0.01 +0.01
  湿  +0.09 -0.01 +0.06 -0.02 -0.03 +0.05 -0.02 -0.07 +0.00 -0.03 +0.01 +0.01 +1.00 +0.03
  干  +0.04 -0.04 -0.01 +0.01 -0.04 -0.04 -0.01 -0.01 -0.08 -0.10 +0.03 +0.01 +0.03 +1.00

  Opposite pairs (boundary clarity):
    热 vs 冷: +0.0367 CLEAR
    大 vs 小: +0.0246 CLEAR
    上 vs 下: +0.0226 CLEAR
    亮 vs 暗: -0.0120 CLEAR
    重 vs 轻: +0.0281 CLEAR
    快 vs 慢: -0.1082 CLEAR
    湿 vs 干: +0.0282 CLEAR

  Boundary score: 100/100 (STRONG)

--- CORE Activation (simulated, layer 0) ---

  热 vs 冷: CORE diff=0.0517 act=0.0366 OK | BIN diff=0.0001 | PRUNE act=0.0000
  大 vs 小: CORE diff=0.0543 act=0.0361 OK | BIN diff=0.0001 | PRUNE act=0.0000
  上 vs 下: CORE diff=0.0547 act=0.0411 OK | BIN diff=0.0001 | PRUNE act=0.0000
  亮 vs 暗: CORE diff=0.0553 act=0.0373 OK | BIN diff=0.0001 | PRUNE act=0.0000
  重 vs 轻: CORE diff=0.0564 act=0.0396 OK | BIN diff=0.0001 | PRUNE act=0.0000
  快 vs 慢: CORE diff=0.0542 act=0.0361 OK | BIN diff=0.0002 | PRUNE act=0.0000
  湿 vs 干: CORE diff=0.0501 act=0.0348 OK | BIN diff=0.0001 | PRUNE act=0.0000

--- Weight Structure ---

  L0 mlp: CORE=0.3658 BIN=0.3556 PRUNE=0.3449 OK | attn: CORE=0.5759 BIN=0.5603 PRUNE=0.5441 OK
  L1 mlp: CORE=0.3658 BIN=0.3559 PRUNE=0.3458 OK | attn: CORE=0.5766 BIN=0.5608 PRUNE=0.5446 OK
  ... (layers 2-8) ...
  L9 mlp: CORE=0.3652 BIN=0.3554 PRUNE=0.3449 OK | attn: CORE=0.5762 BIN=0.5605 PRUNE=0.5448 OK

  Structure: 100% OK (20/20)

--- Embedding Concept Boundary ---

        热  冷  大  小  上  下  亮  暗  重  轻  快  慢  湿  干
  热  +1.00 +0.04 +0.05 +0.08 +0.02 +0.13 -0.01 -0.10 +0.05 -0.03 +0.07 +0.03 +0.09 +0.04
  冷  +0.04 +1.00 -0.09 +0.02 -0.03 +0.02 -0.03 -0.03 -0.06 +0.01 -0.01 -0.02 -0.01 -0.04
  大  +0.05 -0.09 +1.00 +0.02 +0.04 +0.01 -0.03 +0.04 -0.01 -0.08 -0.05 +0.04 +0.06 -0.01
  小  +0.08 +0.02 +0.02 +1.00 -0.02 +0.06 +0.00 -0.06 -0.01 +0.02 +0.00 +0.03 -0.02 +0.01
  上  +0.02 -0.03 +0.04 -0.02 +1.00 +0.02 +0.07 -0.01 -0.05 -0.01 -0.04 +0.08 -0.03 -0.04
  下  +0.13 +0.02 +0.01 +0.06 +0.02 +1.00 -0.02 -0.09 +0.03 +0.01 +0.03 +0.05 +0.05 -0.04
  亮  -0.01 -0.03 -0.03 +0.00 +0.07 -0.02 +1.00 -0.01 +0.02 -0.06 +0.01 -0.03 -0.02 -0.01
  暗  -0.10 -0.03 +0.04 -0.06 -0.01 -0.09 -0.01 +1.00 +0.00 -0.02 -0.08 +0.00 -0.07 -0.01
  重  +0.05 -0.06 -0.01 -0.01 -0.05 +0.03 +0.02 +0.00 +1.00 +0.03 +0.06 +0.09 +0.00 -0.08
  轻  -0.03 +0.01 -0.08 +0.02 -0.01 +0.01 -0.06 -0.02 +0.03 +1.00 +0.00 +0.03 -0.03 -0.10
  快  +0.07 -0.01 -0.05 +0.00 -0.04 +0.03 +0.01 -0.08 +0.06 +0.00 +1.00 -0.11 +0.01 +0.03
  慢  +0.03 -0.02 +0.04 +0.03 +0.08 +0.05 -0.03 +0.00 +0.09 +0.03 -0.11 +1.00 +0.01 +0.01
  湿  +0.09 -0.01 +0.06 -0.02 -0.03 +0.05 -0.02 -0.07 +0.00 -0.03 +0.01 +0.01 +1.00 +0.03
  干  +0.04 -0.04 -0.01 +0.01 -0.04 -0.04 -0.01 -0.01 -0.08 -0.10 +0.03 +0.01 +0.03 +1.00

  Opposite pairs (boundary clarity):
    热 vs 冷: +0.0367 CLEAR
    大 vs 小: +0.0246 CLEAR
    上 vs 下: +0.0226 CLEAR
    亮 vs 暗: -0.0120 CLEAR
    重 vs 轻: +0.0281 CLEAR
    快 vs 慢: -0.1082 CLEAR
    湿 vs 干: +0.0282 CLEAR

  Boundary score: 100/100 (STRONG)

--- Concept Similarity (mid-layer weights) ---

  Embedding similarity:
        热  冷  大  小  上  下  亮  暗  重  轻  快  慢  湿  干
  热  +1.00 +0.04 +0.05 +0.08 +0.02 +0.13 -0.01 -0.10 +0.05 -0.03 +0.07 +0.03 +0.09 +0.04
  冷  +0.04 +1.00 -0.09 +0.02 -0.03 +0.02 -0.03 -0.03 -0.06 +0.01 -0.01 -0.02 -0.01 -0.04
  大  +0.05 -0.09 +1.00 +0.02 +0.04 +0.01 -0.03 +0.04 -0.01 -0.08 -0.05 +0.04 +0.06 -0.01
  小  +0.08 +0.02 +0.02 +1.00 -0.02 +0.06 +0.00 -0.06 -0.01 +0.02 +0.00 +0.03 -0.02 +0.01
  上  +0.02 -0.03 +0.04 -0.02 +1.00 +0.02 +0.07 -0.01 -0.05 -0.01 -0.04 +0.08 -0.03 -0.04
  下  +0.13 +0.02 +0.01 +0.06 +0.02 +1.00 -0.02 -0.09 +0.03 +0.01 +0.03 +0.05 +0.05 -0.04
  亮  -0.01 -0.03 -0.03 +0.00 +0.07 -0.02 +1.00 -0.01 +0.02 -0.06 +0.01 -0.03 -0.02 -0.01
  暗  -0.10 -0.03 +0.04 -0.06 -0.01 -0.09 -0.01 +1.00 +0.00 -0.02 -0.08 +0.00 -0.07 -0.01
  重  +0.05 -0.06 -0.01 -0.01 -0.05 +0.03 +0.02 +0.00 +1.00 +0.03 +0.06 +0.09 +0.00 -0.08
  轻  -0.03 +0.01 -0.08 +0.02 -0.01 +0.01 -0.06 -0.02 +0.03 +1.00 +0.00 +0.03 -0.03 -0.10
  快  +0.07 -0.01 -0.05 +0.00 -0.04 +0.03 +0.01 -0.08 +0.06 +0.00 +1.00 -0.11 +0.01 +0.03
  慢  +0.03 -0.02 +0.04 +0.03 +0.08 +0.05 -0.03 +0.00 +0.09 +0.03 -0.11 +1.00 +0.01 +0.01
  湿  +0.09 -0.01 +0.06 -0.02 -0.03 +0.05 -0.02 -0.07 +0.00 -0.03 +0.01 +0.01 +1.00 +0.03
  干  +0.04 -0.04 -0.01 +0.01 -0.04 -0.04 -0.01 -0.01 -0.08 -0.10 +0.03 +0.01 +0.03 +1.00


========================================
  DEEP WHITEBOX DIAGNOSIS
  (explaining WHY generation is garbage)
========================================

--- 1. Embedding Space Differentiation ---

  Embedding norms:
    热=0.563 冷=0.587 大=0.580 小=0.583 上=0.564 下=0.576 亮=0.580 暗=0.569 火=0.000 水=0.000 

  Avg cosine similarity:
    Opposite pairs (should be LOW):  0.0144
    Unrelated pairs (should be ~0):  0.0008
    Gap (unrelated - opposite):       -0.0135  [OK]

--- 2. CORE Activation Magnitude ---

  Layer 0 mlp activation (for '热'):
    CORE  : max=0.1380 avg=0.0366  (n=409)
    BINARY: max=0.0004 avg=0.0001  (n=1332)
    CORE diff (热 vs 冷): 0.0517 (141.4% of avg)
    [WEAK] CORE diff marginal — weak discrimination

--- 3. Weight Norm Layering (CORE > BINARY > PRUNE?) ---

  L0: CORE=0.3712 BIN=0.3656 PRUNE=0.2864  [FAIL: not layered]
  L1: CORE=0.3712 BIN=0.3660 PRUNE=0.2867  [FAIL: not layered]
  L2: CORE=0.3722 BIN=0.3656 PRUNE=0.2866  [FAIL: not layered]
  L3: CORE=0.3715 BIN=0.3660 PRUNE=0.2868  [FAIL: not layered]
  L4: CORE=0.3713 BIN=0.3658 PRUNE=0.2869  [FAIL: not layered]
  L5: CORE=0.3706 BIN=0.3656 PRUNE=0.2869  [FAIL: not layered]
  L6: CORE=0.3702 BIN=0.3659 PRUNE=0.2870  [FAIL: not layered]
  L7: CORE=0.3688 BIN=0.3659 PRUNE=0.2873  [FAIL: not layered]
  L8: CORE=0.3697 BIN=0.3656 PRUNE=0.2862  [FAIL: not layered]
  L9: CORE=0.3693 BIN=0.3657 PRUNE=0.2871  [FAIL: not layered]

  → Weight norms not differentiated → logic mask is cosmetic, not functional

--- 4. Logits Distribution (mode collapse check) ---

  Prompt '热' → top-5 next-token logits:
    token 31861 '。' logit=4.2576
    token 31874 '的' logit=4.0363
    token 31865 ',' logit=3.4524
    token 32034 '会' logit=3.2925
    token 31950 '在' logit=2.7294

  Logit range: 6.5576 (max=4.2576 min=-2.3000)
  Softmax entropy: 14.7343 bits (uniform would be 8.00)
  [OK]

========================================
  DIAGNOSIS SUMMARY
========================================
  If generation is garbage, likely causes:
  1. Embeddings not spread (Section 1) → tokens sampled near-randomly
  2. CORE activation too weak (Section 2) → model can't distinguish inputs
  3. Weight norms not layered (Section 3) → logic mask is cosmetic
  4. Logits collapsed/flat (Section 4) → repetitive or random output
  Fix: train more steps, or increase logic_guided_regularization lr
========================================


[*] Done
