[*] Loaded 32768 vocab pieces from tokenizer/chinese_bpe.vocab
=== LAL STE Whitebox-Supervised Training ===

[*] Method: Straight-Through Estimator + CORE/BINARY/PRUNE Logic Guidance
[*]   forward:  CORE = w_float * core_gain * K     (精确计算)
[*]             BINARY = sign(w) * alpha * K       (二值符号)
[*]             PRUNE = 0                           (静默剪枝)
[*]   backward: STE through w_float (CORE+BINARY), PRUNE 无梯度
[*]   update:   Adam on w_float
[*] Logic Guidance (每步,全层):
[*]             CORE  → maximize |act(a) - act(b)|  (差异化反义词)
[*]             BINARY → minimize (act(a) - act(b))^2 (收敛共性)
[*]             PRUNE → skip (保持静默)
[*] Whitebox probe: every 10 steps observe CORE/BINARY/PRUNE circuit

[*] Loaded 69990 samples from data/general_bpe.bin
[*] Using Phase 0.5: 6L test (6L/512d) (~18M params, vocab=32768)
[*] Generated Phase 0.5: 6L test (6L/512d) weights: 6 layers, 512 embd, ~18M params
[*] Logic mask: Phase 1: Growing (20/65/15) (CORE=20% PRUNE=15%)
[*] loaded 76 tensors
[*] binarizing 6 layers (logic-guided)...
    [logic] CORE=409 (20%), BINARY=1332 (65%), PRUNE=307 (15%)
[*] done
[*] freed 24 weight tensors (75 MB) after binarization
[*] Model loaded: 6 layers, 512 embd, k_cache=YES
[*] Resuming from model_v13d.ste...
[*] Resumed g_opt_step = 600 (Adam bias correction preserved)
[*] Resumed weights loaded successfully


=== LAL STE Training (B=4, max_pos=64, steps=1000, start_step=600, total_sched=1600, logic_lr=1.0000) ===
[*] STE: forward=sign(w), backward=w_float gradient
[*] Whitebox probe every 10 steps
[*] Semantic regularization every step

  [LOGIC] loss=-890.5034
  step     0/1000 (global=600)  loss=6.5396  avg=6.5396  lr=0.000720  B=16  15576ms
  [WB] boundary=96/100  core_diff=2.2016  bin_diff=0.0063  ratio=349.46  prune_act=0.0000
  [WB] structure=6/12 (50%)  opp_sim=0.045
  [WB] BOUNDARY OK | CORE>BIN OK | PRUNE silent OK
  [LOGIC] loss=-899.7523
  step    10/1000 (global=610)  loss=7.5032  avg=7.1383  lr=0.000711  B=16  15286ms
  [WB] boundary=96/100  core_diff=2.2200  bin_diff=0.0057  ratio=392.92  prune_act=0.0000
  [WB] structure=6/12 (50%)  opp_sim=0.043
  [WB] BOUNDARY OK | CORE>BIN OK | PRUNE silent OK
  [LOGIC] loss=-934.4181
  step    20/1000 (global=620)  loss=7.4560  avg=7.0982  lr=0.000702  B=16  15358ms
  [WB] boundary=96/100  core_diff=2.3142  bin_diff=0.0042  ratio=551.44  prune_act=0.0000
  [WB] structure=6/12 (50%)  opp_sim=0.043
  [WB] BOUNDARY OK | CORE>BIN OK | PRUNE silent OK
  [LOGIC] loss=-933.1954
  step    30/1000 (global=630)  loss=6.3213  avg=6.9826  lr=0.000693  B=16  15195ms
  [WB] boundary=96/100  core_diff=2.2738  bin_diff=0.0055  ratio=410.31  prune_act=0.0000
  [WB] structure=6/12 (50%)  opp_sim=0.042
  [WB] BOUNDARY OK | CORE>BIN OK | PRUNE silent OK
  [LOGIC] loss=-969.7074
  step    40/1000 (global=640)  loss=7.7070  avg=6.9449  lr=0.000683  B=16  15144ms
  [WB] boundary=96/100  core_diff=2.3531  bin_diff=0.0037  ratio=635.62  prune_act=0.0000
  [WB] structure=6/12 (50%)  opp_sim=0.039
  [WB] BOUNDARY OK | CORE>BIN OK | PRUNE silent OK
    [plan-I] step 649 W_v approx_rank=22.3 (frob=22.61 max_row=1.01)
    [ortho] step 649 L0 W_v off_diag=6.62 diag_dev=0.0201
    [ortho] step 649 L0 W_o off_diag=6.54 diag_dev=0.0284
    [plan-I] step 649 W_v approx_rank=22.2 (frob=22.61 max_row=1.02)
    [ortho] step 649 L1 W_v off_diag=6.83 diag_dev=0.0205
    [ortho] step 649 L1 W_o off_diag=6.19 diag_dev=0.0270
    [plan-I] step 649 W_v approx_rank=22.2 (frob=22.61 max_row=1.02)
    [ortho] step 649 L2 W_v off_diag=7.13 diag_dev=0.0234
    [ortho] step 649 L2 W_o off_diag=6.04 diag_dev=0.0221
    [plan-I] step 649 W_v approx_rank=22.0 (frob=22.58 max_row=1.03)
    [ortho] step 649 L3 W_v off_diag=5.25 diag_dev=0.0321
    [ortho] step 649 L3 W_o off_diag=5.68 diag_dev=0.0210
    [plan-I] step 649 W_v approx_rank=22.3 (frob=22.59 max_row=1.01)
    [ortho] step 649 L4 W_v off_diag=6.55 diag_dev=0.0268
    [ortho] step 649 L4 W_o off_diag=5.90 diag_dev=0.0214
    [plan-I] step 649 W_v approx_rank=22.2 (frob=22.58 max_row=1.02)
    [ortho] step 649 L5 W_v off_diag=5.94 diag_dev=0.0285
    [ortho] step 649 L5 W_o off_diag=6.00 diag_dev=0.0207
  [LOGIC] loss=-963.0353
  step    50/1000 (global=650)  loss=5.7041  avg=6.8841  lr=0.000674  B=16  15122ms
  [WB] boundary=96/100  core_diff=2.3368  bin_diff=0.0055  ratio=426.13  prune_act=0.0000
  [WB] structure=6/12 (50%)  opp_sim=0.039
  [WB] BOUNDARY OK | CORE>BIN OK | PRUNE silent OK
[*] stateful inference started: window=9996, sinks=4, ctx=10240
[*] sliding window configured: W=9996, sinks=4 (effective context: 10000)
  [TRACE] "冷": L0[||x||=2.41 C409(+119.36--11.28) B1332(+2975.90--66.19) P307(max0.000)] L3[||x||=3.65 C409(+109.81--18.70) B1332(+3333.03--74.15) P307(max0.000)] L5[||x||=4.47 C409(+112.77--22.15) B1332(+3610.31--72.34) P307(max0.000)] | H=12.71/15 top3=232 178 146 
  [LOGIC] loss=-976.6639
  step    60/1000 (global=660)  loss=6.2487  avg=6.9058  lr=0.000664  B=16  15086ms
  [WB] boundary=95/100  core_diff=2.3226  bin_diff=0.0038  ratio=618.42  prune_act=0.0000
  [WB] structure=6/12 (50%)  opp_sim=0.045
  [WB] BOUNDARY OK | CORE>BIN OK | PRUNE silent OK
  [LOGIC] loss=-980.6706
  step    70/1000 (global=670)  loss=7.2913  avg=6.8408  lr=0.000655  B=16  15095ms
  [WB] boundary=95/100  core_diff=2.3221  bin_diff=0.0049  ratio=472.30  prune_act=0.0000
  [WB] structure=6/12 (50%)  opp_sim=0.050
  [WB] BOUNDARY OK | CORE>BIN OK | PRUNE silent OK
  [LOGIC] loss=-989.7772
  step    80/1000 (global=680)  loss=5.9215  avg=6.7306  lr=0.000645  B=16  15034ms
  [WB] boundary=95/100  core_diff=2.3373  bin_diff=0.0045  ratio=522.41  prune_act=0.0000
  [WB] structure=6/12 (50%)  opp_sim=0.050
  [WB] BOUNDARY OK | CORE>BIN OK | PRUNE silent OK
  [LOGIC] loss=-1026.2419
  step    90/1000 (global=690)  loss=7.8122  avg=6.7280  lr=0.000635  B=16  15044ms
  [WB] boundary=95/100  core_diff=2.4403  bin_diff=0.0063  ratio=388.21  prune_act=0.0000
  [WB] structure=6/12 (50%)  opp_sim=0.048
  [WB] BOUNDARY OK | CORE>BIN OK | PRUNE silent OK
    [plan-I] step 699 W_v approx_rank=22.2 (frob=22.58 max_row=1.01)
    [ortho] step 699 L0 W_v off_diag=4.28 diag_dev=0.0287
    [ortho] step 699 L0 W_o off_diag=3.36 diag_dev=0.0160
    [plan-I] step 699 W_v approx_rank=22.2 (frob=22.58 max_row=1.02)
    [ortho] step 699 L1 W_v off_diag=4.05 diag_dev=0.0289
    [ortho] step 699 L1 W_o off_diag=3.18 diag_dev=0.0143
    [plan-I] step 699 W_v approx_rank=22.3 (frob=22.57 max_row=1.01)
    [ortho] step 699 L2 W_v off_diag=4.02 diag_dev=0.0311
    [ortho] step 699 L2 W_o off_diag=3.14 diag_dev=0.0127
    [plan-I] step 699 W_v approx_rank=22.2 (frob=22.57 max_row=1.01)
    [ortho] step 699 L3 W_v off_diag=3.91 diag_dev=0.0375
    [ortho] step 699 L3 W_o off_diag=2.88 diag_dev=0.0119
    [plan-I] step 699 W_v approx_rank=22.3 (frob=22.57 max_row=1.01)
    [ortho] step 699 L4 W_v off_diag=4.62 diag_dev=0.0327
    [ortho] step 699 L4 W_o off_diag=3.28 diag_dev=0.0129
    [plan-I] step 699 W_v approx_rank=22.3 (frob=22.57 max_row=1.01)
    [ortho] step 699 L5 W_v off_diag=4.24 diag_dev=0.0341
    [ortho] step 699 L5 W_o off_diag=3.54 diag_dev=0.0142
  [LOGIC] loss=-1019.6507
  step   100/1000 (global=700)  loss=7.1884  avg=6.7083  lr=0.000625  B=16  15078ms
  [WB] boundary=95/100  core_diff=2.4234  bin_diff=0.0075  ratio=323.66  prune_act=0.0000
  [WB] structure=6/12 (50%)  opp_sim=0.050
  [WB] BOUNDARY OK | CORE>BIN OK | PRUNE silent OK
[*] stateful inference started: window=9996, sinks=4, ctx=10240
[*] sliding window configured: W=9996, sinks=4 (effective context: 10000)
  [TRACE] "火": L0[||x||=2.63 C409(+166.18--28.92) B1332(+3494.60--64.83) P307(max0.000)] L3[||x||=3.61 C409(+117.12--30.23) B1332(+3690.12--72.75) P307(max0.000)] L5[||x||=4.25 C409(+82.53--24.33) B1332(+4287.66--71.67) P307(max0.000)] | H=12.33/15 top3=232 178 146 
  [LOGIC] loss=-1013.0609
  step   110/1000 (global=710)  loss=5.5122  avg=6.6024  lr=0.000615  B=16  15106ms
  [WB] boundary=95/100  core_diff=2.3943  bin_diff=0.0053  ratio=452.96  prune_act=0.0000
  [WB] structure=6/12 (50%)  opp_sim=0.051
  [WB] BOUNDARY OK | CORE>BIN OK | PRUNE silent OK
  [LOGIC] loss=-1008.9696
  step   120/1000 (global=720)  loss=6.4125  avg=6.5159  lr=0.000606  B=16  15089ms
  [WB] boundary=95/100  core_diff=2.3878  bin_diff=0.0033  ratio=717.12  prune_act=0.0000
  [WB] structure=6/12 (50%)  opp_sim=0.055
  [WB] BOUNDARY OK | CORE>BIN OK | PRUNE silent OK
  [LOGIC] loss=-1017.4254
  step   130/1000 (global=730)  loss=7.4385  avg=6.4905  lr=0.000596  B=16  15095ms
  [WB] boundary=95/100  core_diff=2.3955  bin_diff=0.0033  ratio=727.29  prune_act=0.0000
  [WB] structure=6/12 (50%)  opp_sim=0.054
  [WB] BOUNDARY OK | CORE>BIN OK | PRUNE silent OK
  [LOGIC] loss=-1020.0519
  step   140/1000 (global=740)  loss=7.0439  avg=6.4786  lr=0.000586  B=16  15064ms
  [WB] boundary=94/100  core_diff=2.3942  bin_diff=0.0032  ratio=738.06  prune_act=0.0000
  [WB] structure=6/12 (50%)  opp_sim=0.056
  [WB] BOUNDARY OK | CORE>BIN OK | PRUNE silent OK
    [plan-I] step 749 W_v approx_rank=22.4 (frob=22.57 max_row=1.01)
    [ortho] step 749 L0 W_v off_diag=2.74 diag_dev=0.0327
    [ortho] step 749 L0 W_o off_diag=2.29 diag_dev=0.0112
    [plan-I] step 749 W_v approx_rank=22.4 (frob=22.57 max_row=1.01)
    [ortho] step 749 L1 W_v off_diag=2.99 diag_dev=0.0309
    [ortho] step 749 L1 W_o off_diag=2.24 diag_dev=0.0099
    [plan-I] step 749 W_v approx_rank=22.4 (frob=22.57 max_row=1.01)
    [ortho] step 749 L2 W_v off_diag=3.45 diag_dev=0.0305
    [ortho] step 749 L2 W_o off_diag=2.16 diag_dev=0.0091
    [plan-I] step 749 W_v approx_rank=22.3 (frob=22.57 max_row=1.01)
    [ortho] step 749 L3 W_v off_diag=3.19 diag_dev=0.0353
    [ortho] step 749 L3 W_o off_diag=2.10 diag_dev=0.0084
    [plan-I] step 749 W_v approx_rank=22.4 (frob=22.56 max_row=1.01)
    [ortho] step 749 L4 W_v off_diag=2.87 diag_dev=0.0372
    [ortho] step 749 L4 W_o off_diag=2.19 diag_dev=0.0090
    [plan-I] step 749 W_v approx_rank=22.5 (frob=22.55 max_row=1.00)
    [ortho] step 749 L5 W_v off_diag=2.73 diag_dev=0.0421
    [ortho] step 749 L5 W_o off_diag=1.89 diag_dev=0.0069
  [LOGIC] loss=-1028.6592
  step   150/1000 (global=750)  loss=6.8121  avg=6.4357  lr=0.000576  B=16  15073ms
  [WB] boundary=94/100  core_diff=2.4290  bin_diff=0.0035  ratio=692.66  prune_act=0.0000
  [WB] structure=6/12 (50%)  opp_sim=0.056
  [WB] BOUNDARY OK | CORE>BIN OK | PRUNE silent OK
[*] stateful inference started: window=9996, sinks=4, ctx=10240
[*] sliding window configured: W=9996, sinks=4 (effective context: 10000)
  [TRACE] "水": L0[||x||=2.85 C409(+147.12--29.41) B1332(+3759.80--64.13) P307(max0.000)] L3[||x||=3.79 C409(+120.16--32.83) B1332(+3787.70--71.85) P307(max0.000)] L5[||x||=4.43 C409(+95.67--29.97) B1332(+4697.38--71.15) P307(max0.000)] | H=11.93/15 top3=232 31865 146 
  [LOGIC] loss=-1026.1233
  step   160/1000 (global=760)  loss=6.3868  avg=6.4290  lr=0.000566  B=16  15044ms
  [WB] boundary=94/100  core_diff=2.4375  bin_diff=0.0042  ratio=576.10  prune_act=0.0000
  [WB] structure=6/12 (50%)  opp_sim=0.059
  [WB] BOUNDARY OK | CORE>BIN OK | PRUNE silent OK
  [LOGIC] loss=-1041.7488
  step   170/1000 (global=770)  loss=6.0192  avg=6.4542  lr=0.000556  B=16  15037ms
  [WB] boundary=94/100  core_diff=2.4897  bin_diff=0.0034  ratio=731.85  prune_act=0.0000
  [WB] structure=6/12 (50%)  opp_sim=0.060
  [WB] BOUNDARY OK | CORE>BIN OK | PRUNE silent OK
  [LOGIC] loss=-1018.1904
  step   180/1000 (global=780)  loss=6.6557  avg=6.4955  lr=0.000546  B=16  15026ms
  [WB] boundary=94/100  core_diff=2.4100  bin_diff=0.0034  ratio=698.59  prune_act=0.0000
  [WB] structure=6/12 (50%)  opp_sim=0.060
  [WB] BOUNDARY OK | CORE>BIN OK | PRUNE silent OK
  [LOGIC] loss=-1035.9514
  step   190/1000 (global=790)  loss=7.6534  avg=6.5440  lr=0.000535  B=16  15019ms
  [WB] boundary=94/100  core_diff=2.4472  bin_diff=0.0035  ratio=696.12  prune_act=0.0000
  [WB] structure=6/12 (50%)  opp_sim=0.062
  [WB] BOUNDARY OK | CORE>BIN OK | PRUNE silent OK
    [plan-I] step 799 W_v approx_rank=22.3 (frob=22.56 max_row=1.01)
    [ortho] step 799 L0 W_v off_diag=2.39 diag_dev=0.0354
    [ortho] step 799 L0 W_o off_diag=1.57 diag_dev=0.0087
    [plan-I] step 799 W_v approx_rank=22.4 (frob=22.56 max_row=1.01)
    [ortho] step 799 L1 W_v off_diag=2.20 diag_dev=0.0371
    [ortho] step 799 L1 W_o off_diag=1.56 diag_dev=0.0068
    [plan-I] step 799 W_v approx_rank=22.5 (frob=22.56 max_row=1.00)
    [ortho] step 799 L2 W_v off_diag=2.38 diag_dev=0.0385
    [ortho] step 799 L2 W_o off_diag=1.54 diag_dev=0.0062
    [plan-I] step 799 W_v approx_rank=22.2 (frob=22.55 max_row=1.02)
    [ortho] step 799 L3 W_v off_diag=2.38 diag_dev=0.0407
    [ortho] step 799 L3 W_o off_diag=1.48 diag_dev=0.0059
    [plan-I] step 799 W_v approx_rank=22.4 (frob=22.55 max_row=1.01)
    [ortho] step 799 L4 W_v off_diag=2.28 diag_dev=0.0428
    [ortho] step 799 L4 W_o off_diag=1.53 diag_dev=0.0065
    [plan-I] step 799 W_v approx_rank=22.5 (frob=22.54 max_row=1.00)
    [ortho] step 799 L5 W_v off_diag=2.01 diag_dev=0.0493
    [ortho] step 799 L5 W_o off_diag=1.34 diag_dev=0.0052
  [LOGIC] loss=-1023.0649
  step   200/1000 (global=800)  loss=7.9152  avg=6.5674  lr=0.000525  B=16  15001ms
  [WB] boundary=94/100  core_diff=2.4136  bin_diff=0.0029  ratio=831.36  prune_act=0.0000
  [WB] structure=6/12 (50%)  opp_sim=0.062
  [WB] BOUNDARY OK | CORE>BIN OK | PRUNE silent OK
[*] stateful inference started: window=9996, sinks=4, ctx=10240
[*] sliding window configured: W=9996, sinks=4 (effective context: 10000)
  [TRACE] "大": L0[||x||=3.00 C409(+333.85--17.11) B1332(+3966.52--64.29) P307(max0.000)] L3[||x||=4.00 C409(+265.25--19.55) B1332(+3906.65--72.13) P307(max0.000)] L5[||x||=4.62 C409(+210.39--25.91) B1332(+5044.09--70.94) P307(max0.000)] | H=10.70/15 top3=232 147 146 
  [LOGIC] loss=-1034.6331
  step   210/1000 (global=810)  loss=7.6837  avg=6.5304  lr=0.000515  B=16  14998ms
  [WB] boundary=94/100  core_diff=2.4320  bin_diff=0.0035  ratio=687.24  prune_act=0.0000
  [WB] structure=6/12 (50%)  opp_sim=0.063
  [WB] BOUNDARY OK | CORE>BIN OK | PRUNE silent OK
  [LOGIC] loss=-1047.5381
  step   220/1000 (global=820)  loss=6.6134  avg=6.5792  lr=0.000505  B=16  14980ms
  [WB] boundary=94/100  core_diff=2.4817  bin_diff=0.0036  ratio=686.77  prune_act=0.0000
  [WB] structure=6/12 (50%)  opp_sim=0.063
  [WB] BOUNDARY OK | CORE>BIN OK | PRUNE silent OK
  [LOGIC] loss=-1040.7745
  step   230/1000 (global=830)  loss=6.8358  avg=6.5371  lr=0.000495  B=16  14970ms
  [WB] boundary=94/100  core_diff=2.4577  bin_diff=0.0030  ratio=832.48  prune_act=0.0000
  [WB] structure=6/12 (50%)  opp_sim=0.063
  [WB] BOUNDARY OK | CORE>BIN OK | PRUNE silent OK
  [LOGIC] loss=-1030.3669
  step   240/1000 (global=840)  loss=6.3693  avg=6.5664  lr=0.000485  B=16  14958ms
  [WB] boundary=94/100  core_diff=2.4289  bin_diff=0.0033  ratio=726.10  prune_act=0.0000
  [WB] structure=6/12 (50%)  opp_sim=0.063
  [WB] BOUNDARY OK | CORE>BIN OK | PRUNE silent OK
    [plan-I] step 849 W_v approx_rank=22.4 (frob=22.55 max_row=1.01)
    [ortho] step 849 L0 W_v off_diag=1.71 diag_dev=0.0436
    [ortho] step 849 L0 W_o off_diag=0.99 diag_dev=0.0049
    [plan-I] step 849 W_v approx_rank=22.4 (frob=22.55 max_row=1.01)
    [ortho] step 849 L1 W_v off_diag=1.80 diag_dev=0.0453
    [ortho] step 849 L1 W_o off_diag=1.02 diag_dev=0.0046
    [plan-I] step 849 W_v approx_rank=22.5 (frob=22.54 max_row=1.00)
    [ortho] step 849 L2 W_v off_diag=1.73 diag_dev=0.0492
    [ortho] step 849 L2 W_o off_diag=1.05 diag_dev=0.0043
    [plan-I] step 849 W_v approx_rank=22.4 (frob=22.54 max_row=1.01)
    [ortho] step 849 L3 W_v off_diag=1.65 diag_dev=0.0488
    [ortho] step 849 L3 W_o off_diag=1.00 diag_dev=0.0041
    [plan-I] step 849 W_v approx_rank=22.3 (frob=22.54 max_row=1.01)
    [ortho] step 849 L4 W_v off_diag=1.70 diag_dev=0.0517
    [ortho] step 849 L4 W_o off_diag=1.06 diag_dev=0.0041
    [plan-I] step 849 W_v approx_rank=22.4 (frob=22.53 max_row=1.00)
    [ortho] step 849 L5 W_v off_diag=1.55 diag_dev=0.0564
    [ortho] step 849 L5 W_o off_diag=0.94 diag_dev=0.0040
  [LOGIC] loss=-1028.9152
  step   250/1000 (global=850)  loss=5.8054  avg=6.5156  lr=0.000475  B=16  14954ms
  [WB] boundary=94/100  core_diff=2.4204  bin_diff=0.0024  ratio=1004.56  prune_act=0.0000
  [WB] structure=6/12 (50%)  opp_sim=0.064
  [WB] BOUNDARY OK | CORE>BIN OK | PRUNE silent OK
[*] stateful inference started: window=9996, sinks=4, ctx=10240
[*] sliding window configured: W=9996, sinks=4 (effective context: 10000)
  [TRACE] "小": L0[||x||=2.96 C409(+121.98--14.34) B1332(+4072.60--64.02) P307(max0.000)] L3[||x||=3.98 C409(+108.20--22.61) B1332(+3953.92--71.40) P307(max0.000)] L5[||x||=4.61 C409(+116.73--20.42) B1332(+5198.66--70.98) P307(max0.000)] | H=11.57/15 top3=232 147 168 
  [LOGIC] loss=-1032.8547
  step   260/1000 (global=860)  loss=6.3152  avg=6.4669  lr=0.000465  B=16  14955ms
  [WB] boundary=94/100  core_diff=2.4223  bin_diff=0.0025  ratio=974.28  prune_act=0.0000
  [WB] structure=6/12 (50%)  opp_sim=0.065
  [WB] BOUNDARY OK | CORE>BIN OK | PRUNE silent OK
  [LOGIC] loss=-1029.4072
  step   270/1000 (global=870)  loss=7.2732  avg=6.3893  lr=0.000454  B=16  14972ms
  [WB] boundary=94/100  core_diff=2.4183  bin_diff=0.0024  ratio=1017.74  prune_act=0.0000
  [WB] structure=6/12 (50%)  opp_sim=0.064
  [WB] BOUNDARY OK | CORE>BIN OK | PRUNE silent OK
  [LOGIC] loss=-1043.7354
  step   280/1000 (global=880)  loss=7.8566  avg=6.3386  lr=0.000444  B=16  14970ms
  [WB] boundary=94/100  core_diff=2.4627  bin_diff=0.0017  ratio=1409.66  prune_act=0.0000
  [WB] structure=6/12 (50%)  opp_sim=0.065
  [WB] BOUNDARY OK | CORE>BIN OK | PRUNE silent OK
  [LOGIC] loss=-1048.8097
  step   290/1000 (global=890)  loss=6.2714  avg=6.3565  lr=0.000434  B=16  14973ms
  [WB] boundary=93/100  core_diff=2.4811  bin_diff=0.0023  ratio=1083.07  prune_act=0.0000
  [WB] structure=6/12 (50%)  opp_sim=0.065
  [WB] BOUNDARY OK | CORE>BIN OK | PRUNE silent OK
    [plan-I] step 899 W_v approx_rank=22.4 (frob=22.55 max_row=1.01)
    [ortho] step 899 L0 W_v off_diag=1.72 diag_dev=0.0451
    [ortho] step 899 L0 W_o off_diag=0.93 diag_dev=0.0049
    [plan-I] step 899 W_v approx_rank=22.5 (frob=22.54 max_row=1.00)
    [ortho] step 899 L1 W_v off_diag=1.52 diag_dev=0.0498
    [ortho] step 899 L1 W_o off_diag=0.93 diag_dev=0.0041
    [plan-I] step 899 W_v approx_rank=22.4 (frob=22.54 max_row=1.01)
    [ortho] step 899 L2 W_v off_diag=1.53 diag_dev=0.0482
    [ortho] step 899 L2 W_o off_diag=0.92 diag_dev=0.0036
    [plan-I] step 899 W_v approx_rank=22.4 (frob=22.54 max_row=1.00)
    [ortho] step 899 L3 W_v off_diag=1.37 diag_dev=0.0556
    [ortho] step 899 L3 W_o off_diag=0.89 diag_dev=0.0034
    [plan-I] step 899 W_v approx_rank=22.4 (frob=22.53 max_row=1.01)
    [ortho] step 899 L4 W_v off_diag=1.49 diag_dev=0.0561
    [ortho] step 899 L4 W_o off_diag=1.00 diag_dev=0.0037
    [plan-I] step 899 W_v approx_rank=22.4 (frob=22.53 max_row=1.00)
    [ortho] step 899 L5 W_v off_diag=1.54 diag_dev=0.0561
    [ortho] step 899 L5 W_o off_diag=0.98 diag_dev=0.0042
  [LOGIC] loss=-1042.5620
  step   300/1000 (global=900)  loss=7.3479  avg=6.3020  lr=0.000424  B=12  14960ms
  [WB] boundary=94/100  core_diff=2.4653  bin_diff=0.0032  ratio=762.18  prune_act=0.0000
  [WB] structure=6/12 (50%)  opp_sim=0.064
  [WB] BOUNDARY OK | CORE>BIN OK | PRUNE silent OK
[*] stateful inference started: window=9996, sinks=4, ctx=10240
[*] sliding window configured: W=9996, sinks=4 (effective context: 10000)
  [TRACE] "热": L0[||x||=3.02 C409(+380.59--14.03) B1332(+4073.92--63.59) P307(max0.000)] L3[||x||=3.93 C409(+280.42--15.21) B1332(+3902.60--70.21) P307(max0.000)] L5[||x||=4.53 C409(+227.17--19.70) B1332(+5150.61--70.71) P307(max0.000)] | H=12.11/15 top3=232 146 233 
  [LOGIC] loss=-1048.5736
  step   310/1000 (global=910)  loss=6.7351  avg=6.3773  lr=0.000414  B=16  14958ms
  [WB] boundary=94/100  core_diff=2.4842  bin_diff=0.0022  ratio=1110.96  prune_act=0.0000
  [WB] structure=6/12 (50%)  opp_sim=0.064
  [WB] BOUNDARY OK | CORE>BIN OK | PRUNE silent OK
  [LOGIC] loss=-1045.3756
  step   320/1000 (global=920)  loss=5.4658  avg=6.3322  lr=0.000404  B=16  14959ms
  [WB] boundary=94/100  core_diff=2.4787  bin_diff=0.0014  ratio=1727.72  prune_act=0.0000
  [WB] structure=6/12 (50%)  opp_sim=0.063
  [WB] BOUNDARY OK | CORE>BIN OK | PRUNE silent OK
  [LOGIC] loss=-1052.2035
  step   330/1000 (global=930)  loss=6.5629  avg=6.4048  lr=0.000394  B=16  14955ms
  [WB] boundary=94/100  core_diff=2.4928  bin_diff=0.0024  ratio=1023.18  prune_act=0.0000
  [WB] structure=6/12 (50%)  opp_sim=0.063
  [WB] BOUNDARY OK | CORE>BIN OK | PRUNE silent OK
  [LOGIC] loss=-1047.7450
  step   340/1000 (global=940)  loss=5.8614  avg=6.3893  lr=0.000385  B=16  14964ms
  [WB] boundary=94/100  core_diff=2.4926  bin_diff=0.0032  ratio=776.04  prune_act=0.0000
  [WB] structure=6/12 (50%)  opp_sim=0.064
  [WB] BOUNDARY OK | CORE>BIN OK | PRUNE silent OK
    [plan-I] step 949 W_v approx_rank=22.5 (frob=22.53 max_row=1.00)
    [ortho] step 949 L0 W_v off_diag=1.02 diag_dev=0.0578
    [ortho] step 949 L0 W_o off_diag=0.62 diag_dev=0.0026
    [plan-I] step 949 W_v approx_rank=22.5 (frob=22.53 max_row=1.00)
    [ortho] step 949 L1 W_v off_diag=1.03 diag_dev=0.0580
    [ortho] step 949 L1 W_o off_diag=0.63 diag_dev=0.0025
    [plan-I] step 949 W_v approx_rank=22.5 (frob=22.53 max_row=1.00)
    [ortho] step 949 L2 W_v off_diag=1.12 diag_dev=0.0558
    [ortho] step 949 L2 W_o off_diag=0.64 diag_dev=0.0022
    [plan-I] step 949 W_v approx_rank=22.5 (frob=22.53 max_row=1.00)
    [ortho] step 949 L3 W_v off_diag=0.97 diag_dev=0.0629
    [ortho] step 949 L3 W_o off_diag=0.62 diag_dev=0.0023
    [plan-I] step 949 W_v approx_rank=22.5 (frob=22.53 max_row=1.00)
    [ortho] step 949 L4 W_v off_diag=1.04 diag_dev=0.0624
    [ortho] step 949 L4 W_o off_diag=0.67 diag_dev=0.0026
    [plan-I] step 949 W_v approx_rank=22.5 (frob=22.53 max_row=1.00)
    [ortho] step 949 L5 W_v off_diag=1.01 diag_dev=0.0617
    [ortho] step 949 L5 W_o off_diag=0.47 diag_dev=0.0018
  [LOGIC] loss=-1050.3976
  step   350/1000 (global=950)  loss=6.0657  avg=6.3713  lr=0.000375  B=16  14966ms
  [WB] boundary=94/100  core_diff=2.4894  bin_diff=0.0020  ratio=1236.12  prune_act=0.0000
  [WB] structure=6/12 (50%)  opp_sim=0.064
  [WB] BOUNDARY OK | CORE>BIN OK | PRUNE silent OK
[*] stateful inference started: window=9996, sinks=4, ctx=10240
[*] sliding window configured: W=9996, sinks=4 (effective context: 10000)
  [TRACE] "冷": L0[||x||=3.04 C409(+112.84--12.02) B1332(+4079.72--63.73) P307(max0.000)] L3[||x||=3.94 C409(+126.12--18.44) B1332(+3915.35--69.70) P307(max0.000)] L5[||x||=4.52 C409(+126.58--21.19) B1332(+5199.63--69.73) P307(max0.000)] | H=11.48/15 top3=232 147 184 
  [LOGIC] loss=-1043.5288
  step   360/1000 (global=960)  loss=6.5614  avg=6.3826  lr=0.000365  B=16  14952ms
  [WB] boundary=94/100  core_diff=2.4731  bin_diff=0.0019  ratio=1316.41  prune_act=0.0000
  [WB] structure=6/12 (50%)  opp_sim=0.064
  [WB] BOUNDARY OK | CORE>BIN OK | PRUNE silent OK
  [LOGIC] loss=-1051.3663
  step   370/1000 (global=970)  loss=6.5558  avg=6.3797  lr=0.000355  B=16  14944ms
  [WB] boundary=94/100  core_diff=2.4915  bin_diff=0.0030  ratio=843.55  prune_act=0.0000
  [WB] structure=6/12 (50%)  opp_sim=0.063
  [WB] BOUNDARY OK | CORE>BIN OK | PRUNE silent OK
  [LOGIC] loss=-1055.8604
  step   380/1000 (global=980)  loss=7.7685  avg=6.4046  lr=0.000345  B=16  14936ms
  [WB] boundary=94/100  core_diff=2.5069  bin_diff=0.0022  ratio=1150.33  prune_act=0.0000
  [WB] structure=6/12 (50%)  opp_sim=0.062
  [WB] BOUNDARY OK | CORE>BIN OK | PRUNE silent OK
  [LOGIC] loss=-1048.3740
  step   390/1000 (global=990)  loss=6.2902  avg=6.3197  lr=0.000336  B=16  14935ms
  [WB] boundary=94/100  core_diff=2.4839  bin_diff=0.0023  ratio=1096.14  prune_act=0.0000
  [WB] structure=6/12 (50%)  opp_sim=0.062
  [WB] BOUNDARY OK | CORE>BIN OK | PRUNE silent OK
    [plan-I] step 999 W_v approx_rank=22.5 (frob=22.53 max_row=1.00)
    [ortho] step 999 L0 W_v off_diag=0.99 diag_dev=0.0565
    [ortho] step 999 L0 W_o off_diag=0.56 diag_dev=0.0026
    [plan-I] step 999 W_v approx_rank=22.5 (frob=22.53 max_row=1.00)
    [ortho] step 999 L1 W_v off_diag=1.08 diag_dev=0.0557
    [ortho] step 999 L1 W_o off_diag=0.57 diag_dev=0.0024
    [plan-I] step 999 W_v approx_rank=22.5 (frob=22.53 max_row=1.00)
    [ortho] step 999 L2 W_v off_diag=1.09 diag_dev=0.0549
    [ortho] step 999 L2 W_o off_diag=0.60 diag_dev=0.0023
    [plan-I] step 999 W_v approx_rank=22.4 (frob=22.53 max_row=1.00)
    [ortho] step 999 L3 W_v off_diag=1.01 diag_dev=0.0589
    [ortho] step 999 L3 W_o off_diag=0.61 diag_dev=0.0025
    [plan-I] step 999 W_v approx_rank=22.5 (frob=22.53 max_row=1.00)
    [ortho] step 999 L4 W_v off_diag=1.11 diag_dev=0.0587
    [ortho] step 999 L4 W_o off_diag=0.64 diag_dev=0.0025
    [plan-I] step 999 W_v approx_rank=22.5 (frob=22.52 max_row=1.00)
    [ortho] step 999 L5 W_v off_diag=0.95 diag_dev=0.0645
    [ortho] step 999 L5 W_o off_diag=0.43 diag_dev=0.0017
  [LOGIC] loss=-1044.6885
  step   400/1000 (global=1000)  loss=6.0589  avg=6.3525  lr=0.000326  B=16  14942ms
  [WB] boundary=94/100  core_diff=2.4676  bin_diff=0.0022  ratio=1130.02  prune_act=0.0000
  [WB] structure=6/12 (50%)  opp_sim=0.062
  [WB] BOUNDARY OK | CORE>BIN OK | PRUNE silent OK
[*] stateful inference started: window=9996, sinks=4, ctx=10240
[*] sliding window configured: W=9996, sinks=4 (effective context: 10000)
  [TRACE] "火": L0[||x||=3.08 C409(+163.19--28.25) B1332(+4088.18--63.30) P307(max0.000)] L3[||x||=4.05 C409(+139.56--32.61) B1332(+3943.09--68.83) P307(max0.000)] L5[||x||=4.66 C409(+118.36--29.69) B1332(+5221.58--70.08) P307(max0.000)] | H=11.46/15 top3=232 184 147 
  [LOGIC] loss=-1050.9185
  step   410/1000 (global=1010)  loss=5.7108  avg=6.3835  lr=0.000317  B=16  14928ms
  [WB] boundary=94/100  core_diff=2.4808  bin_diff=0.0021  ratio=1168.09  prune_act=0.0000
  [WB] structure=6/12 (50%)  opp_sim=0.063
  [WB] BOUNDARY OK | CORE>BIN OK | PRUNE silent OK
  [LOGIC] loss=-1048.4224
  step   420/1000 (global=1020)  loss=5.6938  avg=6.3601  lr=0.000307  B=16  14922ms
  [WB] boundary=94/100  core_diff=2.4732  bin_diff=0.0017  ratio=1436.27  prune_act=0.0000
  [WB] structure=6/12 (50%)  opp_sim=0.063
  [WB] BOUNDARY OK | CORE>BIN OK | PRUNE silent OK
  [LOGIC] loss=-1043.6638
  step   430/1000 (global=1030)  loss=5.8651  avg=6.1759  lr=0.000298  B=16  14926ms
  [WB] boundary=94/100  core_diff=2.4560  bin_diff=0.0021  ratio=1184.99  prune_act=0.0000
  [WB] structure=6/12 (50%)  opp_sim=0.063
  [WB] BOUNDARY OK | CORE>BIN OK | PRUNE silent OK
  [LOGIC] loss=-1041.8158
  step   440/1000 (global=1040)  loss=5.7835  avg=6.1380  lr=0.000289  B=16  14919ms
  [WB] boundary=94/100  core_diff=2.4589  bin_diff=0.0017  ratio=1465.56  prune_act=0.0000
  [WB] structure=6/12 (50%)  opp_sim=0.063
  [WB] BOUNDARY OK | CORE>BIN OK | PRUNE silent OK
    [plan-I] step 1049 W_v approx_rank=22.5 (frob=22.53 max_row=1.00)
    [ortho] step 1049 L0 W_v off_diag=0.96 diag_dev=0.0598
    [ortho] step 1049 L0 W_o off_diag=0.49 diag_dev=0.0021
    [plan-I] step 1049 W_v approx_rank=22.5 (frob=22.53 max_row=1.00)
    [ortho] step 1049 L1 W_v off_diag=0.88 diag_dev=0.0628
    [ortho] step 1049 L1 W_o off_diag=0.46 diag_dev=0.0018
    [plan-I] step 1049 W_v approx_rank=22.5 (frob=22.53 max_row=1.00)
    [ortho] step 1049 L2 W_v off_diag=0.95 diag_dev=0.0613
    [ortho] step 1049 L2 W_o off_diag=0.48 diag_dev=0.0019
    [plan-I] step 1049 W_v approx_rank=22.5 (frob=22.52 max_row=1.00)
    [ortho] step 1049 L3 W_v off_diag=0.83 diag_dev=0.0669
    [ortho] step 1049 L3 W_o off_diag=0.48 diag_dev=0.0017
    [plan-I] step 1049 W_v approx_rank=22.5 (frob=22.53 max_row=1.00)
    [ortho] step 1049 L4 W_v off_diag=0.94 diag_dev=0.0631
    [ortho] step 1049 L4 W_o off_diag=0.50 diag_dev=0.0020
    [plan-I] step 1049 W_v approx_rank=22.5 (frob=22.52 max_row=1.00)
    [ortho] step 1049 L5 W_v off_diag=0.84 diag_dev=0.0698
    [ortho] step 1049 L5 W_o off_diag=0.35 diag_dev=0.0013
  [LOGIC] loss=-1050.4115
  step   450/1000 (global=1050)  loss=7.3849  avg=6.1051  lr=0.000280  B=16  14927ms
  [WB] boundary=94/100  core_diff=2.4836  bin_diff=0.0031  ratio=799.79  prune_act=0.0000
  [WB] structure=6/12 (50%)  opp_sim=0.063
  [WB] BOUNDARY OK | CORE>BIN OK | PRUNE silent OK
[*] stateful inference started: window=9996, sinks=4, ctx=10240
[*] sliding window configured: W=9996, sinks=4 (effective context: 10000)
  [TRACE] "水": L0[||x||=3.17 C409(+139.64--25.95) B1332(+4058.23--62.99) P307(max0.000)] L3[||x||=4.05 C409(+113.81--29.29) B1332(+3912.38--68.06) P307(max0.000)] L5[||x||=4.63 C409(+107.38--28.75) B1332(+5177.03--69.90) P307(max0.000)] | H=11.23/15 top3=232 147 184 
  [LOGIC] loss=-1058.0729
  step   460/1000 (global=1060)  loss=5.9079  avg=6.1409  lr=0.000271  B=16  14929ms
  [WB] boundary=94/100  core_diff=2.5008  bin_diff=0.0018  ratio=1353.65  prune_act=0.0000
  [WB] structure=6/12 (50%)  opp_sim=0.064
  [WB] BOUNDARY OK | CORE>BIN OK | PRUNE silent OK
  [LOGIC] loss=-1049.1013
  step   470/1000 (global=1070)  loss=5.7428  avg=6.0492  lr=0.000262  B=16  14929ms
  [WB] boundary=94/100  core_diff=2.4917  bin_diff=0.0026  ratio=950.51  prune_act=0.0000
  [WB] structure=6/12 (50%)  opp_sim=0.064
  [WB] BOUNDARY OK | CORE>BIN OK | PRUNE silent OK
  [LOGIC] loss=-1055.9932
  step   480/1000 (global=1080)  loss=5.6960  avg=6.0044  lr=0.000253  B=16  14930ms
  [WB] boundary=94/100  core_diff=2.4986  bin_diff=0.0025  ratio=1006.59  prune_act=0.0000
  [WB] structure=6/12 (50%)  opp_sim=0.064
  [WB] BOUNDARY OK | CORE>BIN OK | PRUNE silent OK
  [LOGIC] loss=-1058.5367
  step   490/1000 (global=1090)  loss=5.5829  avg=6.0483  lr=0.000244  B=16  14937ms
  [WB] boundary=94/100  core_diff=2.5043  bin_diff=0.0020  ratio=1279.46  prune_act=0.0000
  [WB] structure=6/12 (50%)  opp_sim=0.064
  [WB] BOUNDARY OK | CORE>BIN OK | PRUNE silent OK
    [plan-I] step 1099 W_v approx_rank=22.5 (frob=22.53 max_row=1.00)
    [ortho] step 1099 L0 W_v off_diag=0.88 diag_dev=0.0628
    [ortho] step 1099 L0 W_o off_diag=0.33 diag_dev=0.0014
    [plan-I] step 1099 W_v approx_rank=22.5 (frob=22.52 max_row=1.00)
    [ortho] step 1099 L1 W_v off_diag=0.81 diag_dev=0.0640
    [ortho] step 1099 L1 W_o off_diag=0.33 diag_dev=0.0013
    [plan-I] step 1099 W_v approx_rank=22.5 (frob=22.52 max_row=1.00)
    [ortho] step 1099 L2 W_v off_diag=0.88 diag_dev=0.0643
    [ortho] step 1099 L2 W_o off_diag=0.35 diag_dev=0.0013
    [plan-I] step 1099 W_v approx_rank=22.5 (frob=22.52 max_row=1.00)
    [ortho] step 1099 L3 W_v off_diag=0.78 diag_dev=0.0694
    [ortho] step 1099 L3 W_o off_diag=0.35 diag_dev=0.0013
    [plan-I] step 1099 W_v approx_rank=22.5 (frob=22.52 max_row=1.00)
    [ortho] step 1099 L4 W_v off_diag=0.79 diag_dev=0.0681
    [ortho] step 1099 L4 W_o off_diag=0.36 diag_dev=0.0014
    [plan-I] step 1099 W_v approx_rank=22.6 (frob=22.52 max_row=1.00)
    [ortho] step 1099 L5 W_v off_diag=0.73 diag_dev=0.0706
    [ortho] step 1099 L5 W_o off_diag=0.25 diag_dev=0.0010
  [LOGIC] loss=-1059.5105
  step   500/1000 (global=1100)  loss=5.2990  avg=6.0861  lr=0.000236  B=16  14935ms
  [WB] boundary=94/100  core_diff=2.5061  bin_diff=0.0030  ratio=828.58  prune_act=0.0000
  [WB] structure=6/12 (50%)  opp_sim=0.065
  [WB] BOUNDARY OK | CORE>BIN OK | PRUNE silent OK
[*] stateful inference started: window=9996, sinks=4, ctx=10240
[*] sliding window configured: W=9996, sinks=4 (effective context: 10000)
  [TRACE] "大": L0[||x||=3.36 C409(+358.91--15.29) B1332(+4065.49--63.91) P307(max0.000)] L3[||x||=4.13 C409(+307.44--15.25) B1332(+3917.79--67.60) P307(max0.000)] L5[||x||=4.67 C409(+272.16--19.16) B1332(+5195.37--69.33) P307(max0.000)] | H=7.94/15 top3=232 147 184 
  [LOGIC] loss=-1057.4524
  step   510/1000 (global=1110)  loss=5.4154  avg=6.1045  lr=0.000227  B=16  14938ms
  [WB] boundary=93/100  core_diff=2.4979  bin_diff=0.0016  ratio=1546.43  prune_act=0.0000
  [WB] structure=6/12 (50%)  opp_sim=0.065
  [WB] BOUNDARY OK | CORE>BIN OK | PRUNE silent OK
  [LOGIC] loss=-1051.9054
  step   520/1000 (global=1120)  loss=6.5600  avg=6.0440  lr=0.000219  B=16  14942ms
  [WB] boundary=93/100  core_diff=2.4793  bin_diff=0.0014  ratio=1766.64  prune_act=0.0000
  [WB] structure=6/12 (50%)  opp_sim=0.066
  [WB] BOUNDARY OK | CORE>BIN OK | PRUNE silent OK
  [LOGIC] loss=-1053.1169
  step   530/1000 (global=1130)  loss=7.2800  avg=6.0828  lr=0.000210  B=16  14937ms
  [WB] boundary=93/100  core_diff=2.4758  bin_diff=0.0014  ratio=1768.63  prune_act=0.0000
  [WB] structure=6/12 (50%)  opp_sim=0.066
  [WB] BOUNDARY OK | CORE>BIN OK | PRUNE silent OK
  [LOGIC] loss=-1057.4153
  step   540/1000 (global=1140)  loss=5.9334  avg=6.0943  lr=0.000202  B=16  14936ms
  [WB] boundary=93/100  core_diff=2.4875  bin_diff=0.0012  ratio=2022.75  prune_act=0.0000
  [WB] structure=6/12 (50%)  opp_sim=0.067
  [WB] BOUNDARY OK | CORE>BIN OK | PRUNE silent OK
    [plan-I] step 1149 W_v approx_rank=22.5 (frob=22.52 max_row=1.00)
    [ortho] step 1149 L0 W_v off_diag=0.76 diag_dev=0.0686
    [ortho] step 1149 L0 W_o off_diag=0.18 diag_dev=0.0008
    [plan-I] step 1149 W_v approx_rank=22.6 (frob=22.52 max_row=1.00)
    [ortho] step 1149 L1 W_v off_diag=0.70 diag_dev=0.0711
    [ortho] step 1149 L1 W_o off_diag=0.19 diag_dev=0.0007
    [plan-I] step 1149 W_v approx_rank=22.5 (frob=22.52 max_row=1.00)
    [ortho] step 1149 L2 W_v off_diag=0.73 diag_dev=0.0679
    [ortho] step 1149 L2 W_o off_diag=0.19 diag_dev=0.0007
    [plan-I] step 1149 W_v approx_rank=22.6 (frob=22.51 max_row=1.00)
    [ortho] step 1149 L3 W_v off_diag=0.69 diag_dev=0.0735
    [ortho] step 1149 L3 W_o off_diag=0.20 diag_dev=0.0008
    [plan-I] step 1149 W_v approx_rank=22.5 (frob=22.52 max_row=1.00)
    [ortho] step 1149 L4 W_v off_diag=0.78 diag_dev=0.0667
    [ortho] step 1149 L4 W_o off_diag=0.21 diag_dev=0.0008
    [plan-I] step 1149 W_v approx_rank=22.5 (frob=22.52 max_row=1.00)
    [ortho] step 1149 L5 W_v off_diag=0.74 diag_dev=0.0696
    [ortho] step 1149 L5 W_o off_diag=0.18 diag_dev=0.0007
  [LOGIC] loss=-1060.5081
  step   550/1000 (global=1150)  loss=5.1339  avg=6.0926  lr=0.000194  B=16  14940ms
  [WB] boundary=93/100  core_diff=2.5045  bin_diff=0.0014  ratio=1735.44  prune_act=0.0000
  [WB] structure=6/12 (50%)  opp_sim=0.068
  [WB] BOUNDARY OK | CORE>BIN OK | PRUNE silent OK
[*] stateful inference started: window=9996, sinks=4, ctx=10240
[*] sliding window configured: W=9996, sinks=4 (effective context: 10000)
  [TRACE] "小": L0[||x||=3.13 C409(+129.46--14.35) B1332(+4044.88--63.94) P307(max0.000)] L3[||x||=3.91 C409(+142.49--16.30) B1332(+3908.67--67.63) P307(max0.000)] L5[||x||=4.44 C409(+161.76--17.96) B1332(+5164.11--69.05) P307(max0.000)] | H=11.99/15 top3=232 184 233 
  [LOGIC] loss=-1058.2903
  step   560/1000 (global=1160)  loss=5.0826  avg=6.0262  lr=0.000186  B=16  14947ms
  [WB] boundary=93/100  core_diff=2.4917  bin_diff=0.0025  ratio=991.49  prune_act=0.0000
  [WB] structure=6/12 (50%)  opp_sim=0.069
  [WB] BOUNDARY OK | CORE>BIN OK | PRUNE silent OK
  [LOGIC] loss=-1056.2759
  step   570/1000 (global=1170)  loss=7.1122  avg=6.0914  lr=0.000178  B=16  14945ms
  [WB] boundary=93/100  core_diff=2.4851  bin_diff=0.0021  ratio=1182.75  prune_act=0.0000
  [WB] structure=6/12 (50%)  opp_sim=0.069
  [WB] BOUNDARY OK | CORE>BIN OK | PRUNE silent OK
  [LOGIC] loss=-1057.1254
  step   580/1000 (global=1180)  loss=5.8315  avg=6.1688  lr=0.000170  B=16  14941ms
  [WB] boundary=93/100  core_diff=2.4778  bin_diff=0.0014  ratio=1795.51  prune_act=0.0000
  [WB] structure=6/12 (50%)  opp_sim=0.070
  [WB] BOUNDARY OK | CORE>BIN OK | PRUNE silent OK
  [LOGIC] loss=-1052.5542
  step   590/1000 (global=1190)  loss=6.9926  avg=6.2594  lr=0.000163  B=16  14938ms
  [WB] boundary=93/100  core_diff=2.4667  bin_diff=0.0022  ratio=1110.97  prune_act=0.0000
  [WB] structure=6/12 (50%)  opp_sim=0.070
  [WB] BOUNDARY OK | CORE>BIN OK | PRUNE silent OK
    [plan-I] step 1199 W_v approx_rank=22.5 (frob=22.52 max_row=1.00)
    [ortho] step 1199 L0 W_v off_diag=0.67 diag_dev=0.0725
    [ortho] step 1199 L0 W_o off_diag=0.13 diag_dev=0.0005
    [plan-I] step 1199 W_v approx_rank=22.5 (frob=22.51 max_row=1.00)
    [ortho] step 1199 L1 W_v off_diag=0.67 diag_dev=0.0730
    [ortho] step 1199 L1 W_o off_diag=0.14 diag_dev=0.0005
    [plan-I] step 1199 W_v approx_rank=22.5 (frob=22.52 max_row=1.00)
    [ortho] step 1199 L2 W_v off_diag=0.67 diag_dev=0.0714
    [ortho] step 1199 L2 W_o off_diag=0.14 diag_dev=0.0005
    [plan-I] step 1199 W_v approx_rank=22.5 (frob=22.51 max_row=1.00)
    [ortho] step 1199 L3 W_v off_diag=0.65 diag_dev=0.0758
    [ortho] step 1199 L3 W_o off_diag=0.14 diag_dev=0.0005
    [plan-I] step 1199 W_v approx_rank=22.5 (frob=22.51 max_row=1.00)
    [ortho] step 1199 L4 W_v off_diag=0.66 diag_dev=0.0734
    [ortho] step 1199 L4 W_o off_diag=0.15 diag_dev=0.0006
    [plan-I] step 1199 W_v approx_rank=22.6 (frob=22.51 max_row=1.00)
    [ortho] step 1199 L5 W_v off_diag=0.67 diag_dev=0.0717
    [ortho] step 1199 L5 W_o off_diag=0.12 diag_dev=0.0004
  [LOGIC] loss=-1053.0522
  step   600/1000 (global=1200)  loss=6.4067  avg=6.2385  lr=0.000156  B=16  14932ms
  [WB] boundary=93/100  core_diff=2.4670  bin_diff=0.0013  ratio=1938.24  prune_act=0.0000
  [WB] structure=6/12 (50%)  opp_sim=0.071
  [WB] BOUNDARY OK | CORE>BIN OK | PRUNE silent OK
[*] stateful inference started: window=9996, sinks=4, ctx=10240
[*] sliding window configured: W=9996, sinks=4 (effective context: 10000)
  [TRACE] "热": L0[||x||=3.14 C409(+386.92--13.82) B1332(+4015.77--63.17) P307(max0.000)] L3[||x||=4.02 C409(+301.91--14.67) B1332(+3862.36--67.24) P307(max0.000)] L5[||x||=4.58 C409(+255.53--18.02) B1332(+5069.94--67.96) P307(max0.000)] | H=11.92/15 top3=232 233 184 
  [LOGIC] loss=-1049.6439
  step   610/1000 (global=1210)  loss=5.9720  avg=6.2815  lr=0.000148  B=16  14927ms
  [WB] boundary=93/100  core_diff=2.4529  bin_diff=0.0014  ratio=1741.79  prune_act=0.0000
  [WB] structure=6/12 (50%)  opp_sim=0.071
  [WB] BOUNDARY OK | CORE>BIN OK | PRUNE silent OK
  [LOGIC] loss=-1045.7513
  step   620/1000 (global=1220)  loss=4.8682  avg=6.3107  lr=0.000141  B=16  14925ms
  [WB] boundary=93/100  core_diff=2.4426  bin_diff=0.0010  ratio=2386.23  prune_act=0.0000
  [WB] structure=6/12 (50%)  opp_sim=0.072
  [WB] BOUNDARY OK | CORE>BIN OK | PRUNE silent OK
  [LOGIC] loss=-1044.6361
  step   630/1000 (global=1230)  loss=5.3477  avg=6.3431  lr=0.000134  B=16  14923ms
  [WB] boundary=93/100  core_diff=2.4382  bin_diff=0.0013  ratio=1859.65  prune_act=0.0000
  [WB] structure=6/12 (50%)  opp_sim=0.072
  [WB] BOUNDARY OK | CORE>BIN OK | PRUNE silent OK
  [LOGIC] loss=-1046.2227
  step   640/1000 (global=1240)  loss=5.6634  avg=6.2894  lr=0.000127  B=16  14919ms
  [WB] boundary=93/100  core_diff=2.4371  bin_diff=0.0012  ratio=2052.20  prune_act=0.0000
  [WB] structure=6/12 (50%)  opp_sim=0.072
  [WB] BOUNDARY OK | CORE>BIN OK | PRUNE silent OK
    [plan-I] step 1249 W_v approx_rank=22.6 (frob=22.51 max_row=1.00)
    [ortho] step 1249 L0 W_v off_diag=0.65 diag_dev=0.0748
    [ortho] step 1249 L0 W_o off_diag=0.08 diag_dev=0.0003
    [plan-I] step 1249 W_v approx_rank=22.6 (frob=22.51 max_row=1.00)
    [ortho] step 1249 L1 W_v off_diag=0.64 diag_dev=0.0751
    [ortho] step 1249 L1 W_o off_diag=0.08 diag_dev=0.0003
    [plan-I] step 1249 W_v approx_rank=22.6 (frob=22.51 max_row=1.00)
    [ortho] step 1249 L2 W_v off_diag=0.66 diag_dev=0.0743
    [ortho] step 1249 L2 W_o off_diag=0.09 diag_dev=0.0003
    [plan-I] step 1249 W_v approx_rank=22.6 (frob=22.52 max_row=1.00)
    [ortho] step 1249 L3 W_v off_diag=0.64 diag_dev=0.0718
    [ortho] step 1249 L3 W_o off_diag=0.09 diag_dev=0.0003
    [plan-I] step 1249 W_v approx_rank=22.6 (frob=22.51 max_row=1.00)
    [ortho] step 1249 L4 W_v off_diag=0.66 diag_dev=0.0741
    [ortho] step 1249 L4 W_o off_diag=0.09 diag_dev=0.0003
    [plan-I] step 1249 W_v approx_rank=22.5 (frob=22.51 max_row=1.00)
    [ortho] step 1249 L5 W_v off_diag=0.64 diag_dev=0.0759
    [ortho] step 1249 L5 W_o off_diag=0.06 diag_dev=0.0002
  [LOGIC] loss=-1045.6451
  step   650/1000 (global=1250)  loss=5.6526  avg=6.2277  lr=0.000121  B=16  14918ms
  [WB] boundary=93/100  core_diff=2.4324  bin_diff=0.0015  ratio=1625.67  prune_act=0.0000
  [WB] structure=6/12 (50%)  opp_sim=0.072
  [WB] BOUNDARY OK | CORE>BIN OK | PRUNE silent OK
[*] stateful inference started: window=9996, sinks=4, ctx=10240
[*] sliding window configured: W=9996, sinks=4 (effective context: 10000)
  [TRACE] "冷": L0[||x||=3.17 C409(+105.64--13.03) B1332(+4061.41--63.16) P307(max0.000)] L3[||x||=4.12 C409(+112.24--15.93) B1332(+3949.04--67.33) P307(max0.000)] L5[||x||=4.71 C409(+123.17--17.64) B1332(+5200.30--68.16) P307(max0.000)] | H=11.22/15 top3=232 184 233 
  [LOGIC] loss=-1044.5391
  step   660/1000 (global=1260)  loss=6.0313  avg=6.2004  lr=0.000114  B=16  14918ms
  [WB] boundary=93/100  core_diff=2.4263  bin_diff=0.0019  ratio=1288.89  prune_act=0.0000
  [WB] structure=6/12 (50%)  opp_sim=0.072
  [WB] BOUNDARY OK | CORE>BIN OK | PRUNE silent OK
  [LOGIC] loss=-1044.9135
  step   670/1000 (global=1270)  loss=5.2933  avg=6.2076  lr=0.000108  B=16  14923ms
  [WB] boundary=93/100  core_diff=2.4244  bin_diff=0.0017  ratio=1453.39  prune_act=0.0000
  [WB] structure=6/12 (50%)  opp_sim=0.072
  [WB] BOUNDARY OK | CORE>BIN OK | PRUNE silent OK
  [LOGIC] loss=-1045.4320
  step   680/1000 (global=1280)  loss=6.4011  avg=6.1878  lr=0.000102  B=16  14927ms
  [WB] boundary=93/100  core_diff=2.4253  bin_diff=0.0011  ratio=2119.97  prune_act=0.0000
  [WB] structure=6/12 (50%)  opp_sim=0.073
  [WB] BOUNDARY OK | CORE>BIN OK | PRUNE silent OK
  [LOGIC] loss=-1046.0325
  step   690/1000 (global=1290)  loss=5.8812  avg=6.1913  lr=0.000095  B=16  14924ms
  [WB] boundary=93/100  core_diff=2.4276  bin_diff=0.0010  ratio=2393.68  prune_act=0.0000
  [WB] structure=6/12 (50%)  opp_sim=0.073
  [WB] BOUNDARY OK | CORE>BIN OK | PRUNE silent OK
    [plan-I] step 1299 W_v approx_rank=22.6 (frob=22.51 max_row=1.00)
    [ortho] step 1299 L0 W_v off_diag=0.63 diag_dev=0.0753
    [ortho] step 1299 L0 W_o off_diag=0.04 diag_dev=0.0002
    [plan-I] step 1299 W_v approx_rank=22.5 (frob=22.51 max_row=1.00)
    [ortho] step 1299 L1 W_v off_diag=0.63 diag_dev=0.0746
    [ortho] step 1299 L1 W_o off_diag=0.04 diag_dev=0.0002
    [plan-I] step 1299 W_v approx_rank=22.6 (frob=22.51 max_row=1.00)
    [ortho] step 1299 L2 W_v off_diag=0.63 diag_dev=0.0747
    [ortho] step 1299 L2 W_o off_diag=0.04 diag_dev=0.0002
    [plan-I] step 1299 W_v approx_rank=22.6 (frob=22.51 max_row=1.00)
    [ortho] step 1299 L3 W_v off_diag=0.63 diag_dev=0.0763
    [ortho] step 1299 L3 W_o off_diag=0.04 diag_dev=0.0002
    [plan-I] step 1299 W_v approx_rank=22.5 (frob=22.51 max_row=1.00)
    [ortho] step 1299 L4 W_v off_diag=0.63 diag_dev=0.0753
    [ortho] step 1299 L4 W_o off_diag=0.04 diag_dev=0.0002
    [plan-I] step 1299 W_v approx_rank=22.6 (frob=22.51 max_row=1.00)
    [ortho] step 1299 L5 W_v off_diag=0.62 diag_dev=0.0782
    [ortho] step 1299 L5 W_o off_diag=0.03 diag_dev=0.0001
  [LOGIC] loss=-1046.8273
  step   700/1000 (global=1300)  loss=7.2139  avg=6.1704  lr=0.000090  B=16  14925ms
  [WB] boundary=93/100  core_diff=2.4285  bin_diff=0.0010  ratio=2555.88  prune_act=0.0000
  [WB] structure=6/12 (50%)  opp_sim=0.073
  [WB] BOUNDARY OK | CORE>BIN OK | PRUNE silent OK
[*] stateful inference started: window=9996, sinks=4, ctx=10240
[*] sliding window configured: W=9996, sinks=4 (effective context: 10000)
  [TRACE] "火": L0[||x||=3.17 C409(+155.19--27.14) B1332(+4055.28--62.87) P307(max0.000)] L3[||x||=4.09 C409(+152.35--31.12) B1332(+3952.28--67.03) P307(max0.000)] L5[||x||=4.66 C409(+134.40--28.98) B1332(+5199.55--67.92) P307(max0.000)] | H=11.57/15 top3=232 233 184 
  [LOGIC] loss=-1050.4738
  step   710/1000 (global=1310)  loss=6.7616  avg=6.1832  lr=0.000084  B=16  14928ms
  [WB] boundary=93/100  core_diff=2.4370  bin_diff=0.0014  ratio=1804.27  prune_act=0.0000
  [WB] structure=6/12 (50%)  opp_sim=0.073
  [WB] BOUNDARY OK | CORE>BIN OK | PRUNE silent OK
  [LOGIC] loss=-1051.8112
  step   720/1000 (global=1320)  loss=6.0269  avg=6.2049  lr=0.000078  B=16  14935ms
  [WB] boundary=93/100  core_diff=2.4390  bin_diff=0.0014  ratio=1689.51  prune_act=0.0000
  [WB] structure=6/12 (50%)  opp_sim=0.073
  [WB] BOUNDARY OK | CORE>BIN OK | PRUNE silent OK
  [LOGIC] loss=-1050.5366
  step   730/1000 (global=1330)  loss=5.3306  avg=6.1412  lr=0.000073  B=16  14937ms
  [WB] boundary=93/100  core_diff=2.4322  bin_diff=0.0009  ratio=2779.80  prune_act=0.0000
  [WB] structure=6/12 (50%)  opp_sim=0.073
  [WB] BOUNDARY OK | CORE>BIN OK | PRUNE silent OK
  [LOGIC] loss=-1048.2128
  step   740/1000 (global=1340)  loss=6.1600  avg=6.1287  lr=0.000068  B=16  14941ms
  [WB] boundary=93/100  core_diff=2.4281  bin_diff=0.0010  ratio=2505.41  prune_act=0.0000
  [WB] structure=6/12 (50%)  opp_sim=0.073
  [WB] BOUNDARY OK | CORE>BIN OK | PRUNE silent OK
    [plan-I] step 1349 W_v approx_rank=22.6 (frob=22.51 max_row=1.00)
    [ortho] step 1349 L0 W_v off_diag=0.60 diag_dev=0.0806
    [ortho] step 1349 L0 W_o off_diag=0.02 diag_dev=0.0001
    [plan-I] step 1349 W_v approx_rank=22.6 (frob=22.51 max_row=1.00)
    [ortho] step 1349 L1 W_v off_diag=0.60 diag_dev=0.0787
    [ortho] step 1349 L1 W_o off_diag=0.02 diag_dev=0.0001
    [plan-I] step 1349 W_v approx_rank=22.6 (frob=22.51 max_row=1.00)
    [ortho] step 1349 L2 W_v off_diag=0.60 diag_dev=0.0796
    [ortho] step 1349 L2 W_o off_diag=0.03 diag_dev=0.0001
    [plan-I] step 1349 W_v approx_rank=22.5 (frob=22.51 max_row=1.00)
    [ortho] step 1349 L3 W_v off_diag=0.60 diag_dev=0.0783
    [ortho] step 1349 L3 W_o off_diag=0.03 diag_dev=0.0001
    [plan-I] step 1349 W_v approx_rank=22.6 (frob=22.51 max_row=1.00)
    [ortho] step 1349 L4 W_v off_diag=0.61 diag_dev=0.0780
    [ortho] step 1349 L4 W_o off_diag=0.03 diag_dev=0.0001
    [plan-I] step 1349 W_v approx_rank=22.6 (frob=22.51 max_row=1.00)
    [ortho] step 1349 L5 W_v off_diag=0.60 diag_dev=0.0803
    [ortho] step 1349 L5 W_o off_diag=0.02 diag_dev=0.0001
  [LOGIC] loss=-1048.3942
  step   750/1000 (global=1350)  loss=5.9376  avg=6.1225  lr=0.000063  B=16  14940ms
  [WB] boundary=93/100  core_diff=2.4279  bin_diff=0.0011  ratio=2168.29  prune_act=0.0000
  [WB] structure=6/12 (50%)  opp_sim=0.073
  [WB] BOUNDARY OK | CORE>BIN OK | PRUNE silent OK
[*] stateful inference started: window=9996, sinks=4, ctx=10240
[*] sliding window configured: W=9996, sinks=4 (effective context: 10000)
  [TRACE] "水": L0[||x||=3.23 C409(+135.46--24.55) B1332(+4024.30--62.97) P307(max0.000)] L3[||x||=4.13 C409(+127.40--30.14) B1332(+3938.87--66.87) P307(max0.000)] L5[||x||=4.68 C409(+128.47--30.34) B1332(+5178.62--68.03) P307(max0.000)] | H=11.82/15 top3=232 184 159 
  [LOGIC] loss=-1048.2896
  step   760/1000 (global=1360)  loss=5.6797  avg=6.1415  lr=0.000058  B=16  14941ms
  [WB] boundary=93/100  core_diff=2.4247  bin_diff=0.0008  ratio=2945.93  prune_act=0.0000
  [WB] structure=6/12 (50%)  opp_sim=0.073
  [WB] BOUNDARY OK | CORE>BIN OK | PRUNE silent OK
  [LOGIC] loss=-1046.0858
  step   770/1000 (global=1370)  loss=5.8774  avg=6.1276  lr=0.000053  B=16  14937ms
  [WB] boundary=93/100  core_diff=2.4212  bin_diff=0.0011  ratio=2269.22  prune_act=0.0000
  [WB] structure=6/12 (50%)  opp_sim=0.072
  [WB] BOUNDARY OK | CORE>BIN OK | PRUNE silent OK
  [LOGIC] loss=-1046.2029
  step   780/1000 (global=1380)  loss=6.3882  avg=6.1105  lr=0.000049  B=16  14939ms
  [WB] boundary=93/100  core_diff=2.4211  bin_diff=0.0010  ratio=2489.06  prune_act=0.0000
  [WB] structure=6/12 (50%)  opp_sim=0.072
  [WB] BOUNDARY OK | CORE>BIN OK | PRUNE silent OK
  [LOGIC] loss=-1046.2130
  step   790/1000 (global=1390)  loss=6.0710  avg=6.1804  lr=0.000045  B=16  14935ms
  [WB] boundary=93/100  core_diff=2.4185  bin_diff=0.0008  ratio=2976.84  prune_act=0.0000
  [WB] structure=6/12 (50%)  opp_sim=0.072
  [WB] BOUNDARY OK | CORE>BIN OK | PRUNE silent OK
    [plan-I] step 1399 W_v approx_rank=22.6 (frob=22.51 max_row=1.00)
    [ortho] step 1399 L0 W_v off_diag=0.60 diag_dev=0.0795
    [ortho] step 1399 L0 W_o off_diag=0.01 diag_dev=0.0000
    [plan-I] step 1399 W_v approx_rank=22.6 (frob=22.51 max_row=1.00)
    [ortho] step 1399 L1 W_v off_diag=0.60 diag_dev=0.0816
    [ortho] step 1399 L1 W_o off_diag=0.01 diag_dev=0.0000
    [plan-I] step 1399 W_v approx_rank=22.6 (frob=22.51 max_row=1.00)
    [ortho] step 1399 L2 W_v off_diag=0.59 diag_dev=0.0803
    [ortho] step 1399 L2 W_o off_diag=0.01 diag_dev=0.0000
    [plan-I] step 1399 W_v approx_rank=22.6 (frob=22.51 max_row=1.00)
    [ortho] step 1399 L3 W_v off_diag=0.60 diag_dev=0.0789
    [ortho] step 1399 L3 W_o off_diag=0.01 diag_dev=0.0000
    [plan-I] step 1399 W_v approx_rank=22.6 (frob=22.51 max_row=1.00)
    [ortho] step 1399 L4 W_v off_diag=0.59 diag_dev=0.0783
    [ortho] step 1399 L4 W_o off_diag=0.01 diag_dev=0.0000
    [plan-I] step 1399 W_v approx_rank=22.6 (frob=22.51 max_row=1.00)
    [ortho] step 1399 L5 W_v off_diag=0.60 diag_dev=0.0795
    [ortho] step 1399 L5 W_o off_diag=0.01 diag_dev=0.0000
  [LOGIC] loss=-1046.2402
  step   800/1000 (global=1400)  loss=7.0521  avg=6.1939  lr=0.000041  B=16  14935ms
  [WB] boundary=93/100  core_diff=2.4178  bin_diff=0.0009  ratio=2696.95  prune_act=0.0000
  [WB] structure=6/12 (50%)  opp_sim=0.072
  [WB] BOUNDARY OK | CORE>BIN OK | PRUNE silent OK
[*] stateful inference started: window=9996, sinks=4, ctx=10240
[*] sliding window configured: W=9996, sinks=4 (effective context: 10000)
  [TRACE] "大": L0[||x||=3.42 C409(+350.78--15.72) B1332(+4089.01--63.71) P307(max0.000)] L3[||x||=4.31 C409(+304.34--14.81) B1332(+4007.78--67.16) P307(max0.000)] L5[||x||=4.85 C409(+272.08--19.65) B1332(+5252.22--68.18) P307(max0.000)] | H=8.45/15 top3=232 147 184 
  [LOGIC] loss=-1046.2639
  step   810/1000 (global=1410)  loss=5.5624  avg=6.2072  lr=0.000037  B=16  14933ms
  [WB] boundary=93/100  core_diff=2.4148  bin_diff=0.0009  ratio=2717.95  prune_act=0.0000
  [WB] structure=6/12 (50%)  opp_sim=0.072
  [WB] BOUNDARY OK | CORE>BIN OK | PRUNE silent OK
  [LOGIC] loss=-1046.3357
  step   820/1000 (global=1420)  loss=7.3826  avg=6.2452  lr=0.000033  B=16  14933ms
  [WB] boundary=93/100  core_diff=2.4139  bin_diff=0.0009  ratio=2617.35  prune_act=0.0000
  [WB] structure=6/12 (50%)  opp_sim=0.072
  [WB] BOUNDARY OK | CORE>BIN OK | PRUNE silent OK
  [LOGIC] loss=-1045.6196
  step   830/1000 (global=1430)  loss=6.8959  avg=6.2833  lr=0.000029  B=16  14926ms
  [WB] boundary=93/100  core_diff=2.4114  bin_diff=0.0010  ratio=2481.50  prune_act=0.0000
  [WB] structure=6/12 (50%)  opp_sim=0.072
  [WB] BOUNDARY OK | CORE>BIN OK | PRUNE silent OK
  [LOGIC] loss=-1045.2484
  step   840/1000 (global=1440)  loss=6.2030  avg=6.2693  lr=0.000026  B=16  14928ms
  [WB] boundary=93/100  core_diff=2.4086  bin_diff=0.0010  ratio=2402.96  prune_act=0.0000
  [WB] structure=6/12 (50%)  opp_sim=0.072
  [WB] BOUNDARY OK | CORE>BIN OK | PRUNE silent OK
    [plan-I] step 1449 W_v approx_rank=22.5 (frob=22.51 max_row=1.00)
    [ortho] step 1449 L0 W_v off_diag=0.59 diag_dev=0.0791
    [ortho] step 1449 L0 W_o off_diag=0.00 diag_dev=0.0000
    [plan-I] step 1449 W_v approx_rank=22.6 (frob=22.51 max_row=1.00)
    [ortho] step 1449 L1 W_v off_diag=0.59 diag_dev=0.0807
    [ortho] step 1449 L1 W_o off_diag=0.00 diag_dev=0.0000
    [plan-I] step 1449 W_v approx_rank=22.6 (frob=22.51 max_row=1.00)
    [ortho] step 1449 L2 W_v off_diag=0.59 diag_dev=0.0834
    [ortho] step 1449 L2 W_o off_diag=0.00 diag_dev=0.0000
    [plan-I] step 1449 W_v approx_rank=22.6 (frob=22.51 max_row=1.00)
    [ortho] step 1449 L3 W_v off_diag=0.59 diag_dev=0.0803
    [ortho] step 1449 L3 W_o off_diag=0.00 diag_dev=0.0000
    [plan-I] step 1449 W_v approx_rank=22.6 (frob=22.51 max_row=1.00)
    [ortho] step 1449 L4 W_v off_diag=0.59 diag_dev=0.0809
    [ortho] step 1449 L4 W_o off_diag=0.00 diag_dev=0.0000
    [plan-I] step 1449 W_v approx_rank=22.6 (frob=22.51 max_row=1.00)
    [ortho] step 1449 L5 W_v off_diag=0.60 diag_dev=0.0806
    [ortho] step 1449 L5 W_o off_diag=0.00 diag_dev=0.0000
  [LOGIC] loss=-1045.3380
  step   850/1000 (global=1450)  loss=5.9742  avg=6.3235  lr=0.000023  B=16  14926ms
  [WB] boundary=93/100  core_diff=2.4084  bin_diff=0.0010  ratio=2487.02  prune_act=0.0000
  [WB] structure=6/12 (50%)  opp_sim=0.072
  [WB] BOUNDARY OK | CORE>BIN OK | PRUNE silent OK
[*] stateful inference started: window=9996, sinks=4, ctx=10240
[*] sliding window configured: W=9996, sinks=4 (effective context: 10000)
  [TRACE] "小": L0[||x||=3.18 C409(+122.12--14.86) B1332(+4091.03--63.71) P307(max0.000)] L3[||x||=4.12 C409(+124.64--16.05) B1332(+4007.08--67.20) P307(max0.000)] L5[||x||=4.70 C409(+141.57--14.84) B1332(+5236.07--68.15) P307(max0.000)] | H=12.01/15 top3=232 233 184 
  [LOGIC] loss=-1044.7444
  step   860/1000 (global=1460)  loss=6.5575  avg=6.2930  lr=0.000020  B=16  14924ms
  [WB] boundary=93/100  core_diff=2.4052  bin_diff=0.0010  ratio=2477.42  prune_act=0.0000
  [WB] structure=6/12 (50%)  opp_sim=0.072
  [WB] BOUNDARY OK | CORE>BIN OK | PRUNE silent OK
  [LOGIC] loss=-1044.6503
  step   870/1000 (global=1470)  loss=5.4644  avg=6.2123  lr=0.000017  B=16  14927ms
  [WB] boundary=93/100  core_diff=2.4030  bin_diff=0.0010  ratio=2447.20  prune_act=0.0000
  [WB] structure=6/12 (50%)  opp_sim=0.072
  [WB] BOUNDARY OK | CORE>BIN OK | PRUNE silent OK
  [LOGIC] loss=-1044.2743
  step   880/1000 (global=1480)  loss=6.5458  avg=6.2397  lr=0.000015  B=16  14925ms
  [WB] boundary=93/100  core_diff=2.4011  bin_diff=0.0011  ratio=2208.15  prune_act=0.0000
  [WB] structure=6/12 (50%)  opp_sim=0.072
  [WB] BOUNDARY OK | CORE>BIN OK | PRUNE silent OK
  [LOGIC] loss=-1043.7924
  step   890/1000 (global=1490)  loss=5.4888  avg=6.1735  lr=0.000012  B=16  14925ms
  [WB] boundary=93/100  core_diff=2.3987  bin_diff=0.0011  ratio=2086.19  prune_act=0.0000
  [WB] structure=6/12 (50%)  opp_sim=0.072
  [WB] BOUNDARY OK | CORE>BIN OK | PRUNE silent OK
    [plan-I] step 1499 W_v approx_rank=22.6 (frob=22.51 max_row=1.00)
    [ortho] step 1499 L0 W_v off_diag=0.59 diag_dev=0.0814
    [ortho] step 1499 L0 W_o off_diag=0.00 diag_dev=0.0000
    [plan-I] step 1499 W_v approx_rank=22.6 (frob=22.51 max_row=1.00)
    [ortho] step 1499 L1 W_v off_diag=0.59 diag_dev=0.0803
    [ortho] step 1499 L1 W_o off_diag=0.00 diag_dev=0.0000
    [plan-I] step 1499 W_v approx_rank=22.6 (frob=22.51 max_row=1.00)
    [ortho] step 1499 L2 W_v off_diag=0.59 diag_dev=0.0785
    [ortho] step 1499 L2 W_o off_diag=0.00 diag_dev=0.0000
    [plan-I] step 1499 W_v approx_rank=22.6 (frob=22.51 max_row=1.00)
    [ortho] step 1499 L3 W_v off_diag=0.59 diag_dev=0.0821
    [ortho] step 1499 L3 W_o off_diag=0.00 diag_dev=0.0000
    [plan-I] step 1499 W_v approx_rank=22.6 (frob=22.51 max_row=1.00)
    [ortho] step 1499 L4 W_v off_diag=0.60 diag_dev=0.0825
    [ortho] step 1499 L4 W_o off_diag=0.00 diag_dev=0.0000
    [plan-I] step 1499 W_v approx_rank=22.6 (frob=22.51 max_row=1.00)
    [ortho] step 1499 L5 W_v off_diag=0.60 diag_dev=0.0820
    [ortho] step 1499 L5 W_o off_diag=0.00 diag_dev=0.0000
  [LOGIC] loss=-1043.5181
  step   900/1000 (global=1500)  loss=6.2796  avg=6.1552  lr=0.000010  B=16  14924ms
  [WB] boundary=93/100  core_diff=2.3969  bin_diff=0.0011  ratio=2144.97  prune_act=0.0000
  [WB] structure=6/12 (50%)  opp_sim=0.072
  [WB] BOUNDARY OK | CORE>BIN OK | PRUNE silent OK
[*] stateful inference started: window=9996, sinks=4, ctx=10240
[*] sliding window configured: W=9996, sinks=4 (effective context: 10000)
  [TRACE] "热": L0[||x||=3.19 C409(+378.46--14.19) B1332(+4066.25--63.03) P307(max0.000)] L3[||x||=4.13 C409(+297.26--14.47) B1332(+3971.83--67.14) P307(max0.000)] L5[||x||=4.71 C409(+256.72--17.17) B1332(+5207.80--67.69) P307(max0.000)] | H=11.95/15 top3=232 233 184 
  [LOGIC] loss=-1043.0345
  step   910/1000 (global=1510)  loss=6.7211  avg=6.0234  lr=0.000008  B=16  14923ms
  [WB] boundary=93/100  core_diff=2.3948  bin_diff=0.0011  ratio=2254.62  prune_act=0.0000
  [WB] structure=6/12 (50%)  opp_sim=0.072
  [WB] BOUNDARY OK | CORE>BIN OK | PRUNE silent OK
  [LOGIC] loss=-1042.4871
  step   920/1000 (global=1520)  loss=7.2567  avg=5.9983  lr=0.000007  B=16  14924ms
  [WB] boundary=93/100  core_diff=2.3928  bin_diff=0.0011  ratio=2186.14  prune_act=0.0000
  [WB] structure=6/12 (50%)  opp_sim=0.072
  [WB] BOUNDARY OK | CORE>BIN OK | PRUNE silent OK
  [LOGIC] loss=-1042.2709
  step   930/1000 (global=1530)  loss=5.6880  avg=6.0191  lr=0.000005  B=16  14922ms
  [WB] boundary=93/100  core_diff=2.3912  bin_diff=0.0011  ratio=2091.83  prune_act=0.0000
  [WB] structure=6/12 (50%)  opp_sim=0.072
  [WB] BOUNDARY OK | CORE>BIN OK | PRUNE silent OK
  [LOGIC] loss=-1042.2318
  step   940/1000 (global=1540)  loss=5.7567  avg=6.0824  lr=0.000004  B=16  14922ms
  [WB] boundary=93/100  core_diff=2.3897  bin_diff=0.0012  ratio=1988.58  prune_act=0.0000
  [WB] structure=6/12 (50%)  opp_sim=0.072
  [WB] BOUNDARY OK | CORE>BIN OK | PRUNE silent OK
    [plan-I] step 1549 W_v approx_rank=22.6 (frob=22.51 max_row=1.00)
    [ortho] step 1549 L0 W_v off_diag=0.59 diag_dev=0.0837
    [ortho] step 1549 L0 W_o off_diag=0.00 diag_dev=0.0000
    [plan-I] step 1549 W_v approx_rank=22.6 (frob=22.51 max_row=1.00)
    [ortho] step 1549 L1 W_v off_diag=0.59 diag_dev=0.0796
    [ortho] step 1549 L1 W_o off_diag=0.00 diag_dev=0.0000
    [plan-I] step 1549 W_v approx_rank=22.6 (frob=22.51 max_row=1.00)
    [ortho] step 1549 L2 W_v off_diag=0.60 diag_dev=0.0793
    [ortho] step 1549 L2 W_o off_diag=0.00 diag_dev=0.0000
    [plan-I] step 1549 W_v approx_rank=22.6 (frob=22.51 max_row=1.00)
    [ortho] step 1549 L3 W_v off_diag=0.59 diag_dev=0.0802
    [ortho] step 1549 L3 W_o off_diag=0.00 diag_dev=0.0000
    [plan-I] step 1549 W_v approx_rank=22.6 (frob=22.51 max_row=1.00)
    [ortho] step 1549 L4 W_v off_diag=0.59 diag_dev=0.0806
    [ortho] step 1549 L4 W_o off_diag=0.00 diag_dev=0.0000
    [plan-I] step 1549 W_v approx_rank=22.6 (frob=22.51 max_row=1.00)
    [ortho] step 1549 L5 W_v off_diag=0.59 diag_dev=0.0807
    [ortho] step 1549 L5 W_o off_diag=0.00 diag_dev=0.0000
  [LOGIC] loss=-1042.2006
  step   950/1000 (global=1550)  loss=6.4539  avg=6.1564  lr=0.000003  B=16  14921ms
  [WB] boundary=93/100  core_diff=2.3884  bin_diff=0.0012  ratio=1929.88  prune_act=0.0000
  [WB] structure=6/12 (50%)  opp_sim=0.072
  [WB] BOUNDARY OK | CORE>BIN OK | PRUNE silent OK
[*] stateful inference started: window=9996, sinks=4, ctx=10240
[*] sliding window configured: W=9996, sinks=4 (effective context: 10000)
  [TRACE] "冷": L0[||x||=3.19 C409(+101.41--12.60) B1332(+4072.34--63.05) P307(max0.000)] L3[||x||=4.13 C409(+105.67--13.12) B1332(+3981.92--67.17) P307(max0.000)] L5[||x||=4.71 C409(+115.35--13.32) B1332(+5221.56--67.72) P307(max0.000)] | H=11.71/15 top3=232 233 184 
  [LOGIC] loss=-1042.0415
  step   960/1000 (global=1560)  loss=5.4785  avg=6.2077  lr=0.000002  B=16  14919ms
  [WB] boundary=93/100  core_diff=2.3869  bin_diff=0.0012  ratio=1917.89  prune_act=0.0000
  [WB] structure=6/12 (50%)  opp_sim=0.072
  [WB] BOUNDARY OK | CORE>BIN OK | PRUNE silent OK
  [LOGIC] loss=-1041.7556
  step   970/1000 (global=1570)  loss=7.2281  avg=6.2860  lr=0.000001  B=16  14917ms
  [WB] boundary=93/100  core_diff=2.3853  bin_diff=0.0013  ratio=1818.02  prune_act=0.0000
  [WB] structure=6/12 (50%)  opp_sim=0.072
  [WB] BOUNDARY OK | CORE>BIN OK | PRUNE silent OK
  [LOGIC] loss=-1041.5210
  step   980/1000 (global=1580)  loss=5.9746  avg=6.3267  lr=0.000000  B=16  14915ms
  [WB] boundary=93/100  core_diff=2.3839  bin_diff=0.0014  ratio=1754.41  prune_act=0.0000
  [WB] structure=6/12 (50%)  opp_sim=0.072
  [WB] BOUNDARY OK | CORE>BIN OK | PRUNE silent OK
  [LOGIC] loss=-1041.1945
  step   990/1000 (global=1590)  loss=6.1013  avg=6.3228  lr=0.000000  B=16  14917ms
  [WB] boundary=93/100  core_diff=2.3824  bin_diff=0.0014  ratio=1704.54  prune_act=0.0000
  [WB] structure=6/12 (50%)  opp_sim=0.072
  [WB] BOUNDARY OK | CORE>BIN OK | PRUNE silent OK
    [plan-I] step 1599 W_v approx_rank=22.6 (frob=22.51 max_row=1.00)
    [ortho] step 1599 L0 W_v off_diag=0.59 diag_dev=0.0827
    [ortho] step 1599 L0 W_o off_diag=0.00 diag_dev=0.0000
    [plan-I] step 1599 W_v approx_rank=22.6 (frob=22.51 max_row=1.00)
    [ortho] step 1599 L1 W_v off_diag=0.59 diag_dev=0.0819
    [ortho] step 1599 L1 W_o off_diag=0.00 diag_dev=0.0000
    [plan-I] step 1599 W_v approx_rank=22.6 (frob=22.51 max_row=1.00)
    [ortho] step 1599 L2 W_v off_diag=0.59 diag_dev=0.0822
    [ortho] step 1599 L2 W_o off_diag=0.00 diag_dev=0.0000
    [plan-I] step 1599 W_v approx_rank=22.6 (frob=22.51 max_row=1.00)
    [ortho] step 1599 L3 W_v off_diag=0.60 diag_dev=0.0802
    [ortho] step 1599 L3 W_o off_diag=0.00 diag_dev=0.0000
    [plan-I] step 1599 W_v approx_rank=22.6 (frob=22.51 max_row=1.00)
    [ortho] step 1599 L4 W_v off_diag=0.59 diag_dev=0.0813
    [ortho] step 1599 L4 W_o off_diag=0.00 diag_dev=0.0000
    [plan-I] step 1599 W_v approx_rank=22.6 (frob=22.51 max_row=1.00)
    [ortho] step 1599 L5 W_v off_diag=0.59 diag_dev=0.0830
    [ortho] step 1599 L5 W_o off_diag=0.00 diag_dev=0.0000
  step   999/1000 (global=1599)  loss=5.7341  avg=6.3617  lr=0.000000  B=16  14913ms

[*] STE training done in 14912.7s (14912.7 ms/step)
[*] Best recent loss: 5.9983

[*] Saving trained weights to model_v13d.ste...
[*] Saved 163867672 bytes
=== Post-Training Whitebox Analysis (surface) ===

=== LAL Whitebox Probe (step checkpoint) ===
Model: 6L, 512 embd, 2048 mlp

--- Embedding Concept Boundary ---

        热  冷  大  小  上  下  亮  暗  重  轻  快  慢  湿  干
  热  +1.00 -0.04 -0.07 -0.10 -0.06 +0.03 +0.06 +0.04 +0.03 -0.05 -0.02 -0.03 -0.01 -0.06
  冷  -0.04 +1.00 +0.02 +0.02 -0.01 +0.01 -0.00 -0.07 -0.06 +0.06 +0.02 -0.03 +0.05 +0.04
  大  -0.07 +0.02 +1.00 +0.01 +0.06 -0.03 -0.04 +0.05 +0.05 -0.05 -0.00 +0.08 -0.01 +0.33
  小  -0.10 +0.02 +0.01 +1.00 -0.02 -0.01 -0.03 -0.06 +0.00 -0.05 +0.01 -0.01 +0.00 -0.03
  上  -0.06 -0.01 +0.06 -0.02 +1.00 -0.03 +0.00 -0.01 -0.02 -0.05 +0.04 +0.03 +0.01 -0.00
  下  +0.03 +0.01 -0.03 -0.01 -0.03 +1.00 +0.02 -0.05 +0.00 +0.03 -0.01 -0.01 -0.02 +0.03
  亮  +0.06 -0.00 -0.04 -0.03 +0.00 +0.02 +1.00 -0.05 -0.05 +0.07 -0.01 -0.04 +0.04 -0.00
  暗  +0.04 -0.07 +0.05 -0.06 -0.01 -0.05 -0.05 +1.00 +0.06 -0.09 +0.03 +0.01 -0.02 +0.01
  重  +0.03 -0.06 +0.05 +0.00 -0.02 +0.00 -0.05 +0.06 +1.00 +0.00 -0.00 -0.02 -0.06 -0.01
  轻  -0.05 +0.06 -0.05 -0.05 -0.05 +0.03 +0.07 -0.09 +0.00 +1.00 -0.00 +0.04 +0.38 +0.33
  快  -0.02 +0.02 -0.00 +0.01 +0.04 -0.01 -0.01 +0.03 -0.00 -0.00 +1.00 +0.01 -0.01 -0.02
  慢  -0.03 -0.03 +0.08 -0.01 +0.03 -0.01 -0.04 +0.01 -0.02 +0.04 +0.01 +1.00 +0.06 +0.08
  湿  -0.01 +0.05 -0.01 +0.00 +0.01 -0.02 +0.04 -0.02 -0.06 +0.38 -0.01 +0.06 +1.00 +0.60
  干  -0.06 +0.04 +0.33 -0.03 -0.00 +0.03 -0.00 +0.01 -0.01 +0.33 -0.02 +0.08 +0.60 +1.00

  Opposite pairs (boundary clarity):
    热 vs 冷: -0.0395 CLEAR
    大 vs 小: +0.0124 CLEAR
    上 vs 下: -0.0296 CLEAR
    亮 vs 暗: -0.0472 CLEAR
    重 vs 轻: +0.0045 CLEAR
    快 vs 慢: +0.0067 CLEAR
    湿 vs 干: +0.5977 weak

  Boundary score: 93/100 (STRONG)

--- CORE Activation (simulated, layer 0) ---

  热 vs 冷: CORE diff=2.3637 act=1.8245 OK | BIN diff=0.0014 | PRUNE act=0.0000
  大 vs 小: CORE diff=2.3700 act=1.7601 OK | BIN diff=0.0012 | PRUNE act=0.0000
  上 vs 下: CORE diff=2.3976 act=1.8454 OK | BIN diff=0.0017 | PRUNE act=0.0000
  亮 vs 暗: CORE diff=2.3720 act=1.7282 OK | BIN diff=0.0019 | PRUNE act=0.0000
  重 vs 轻: CORE diff=2.3020 act=1.6998 OK | BIN diff=0.0019 | PRUNE act=0.0000
  快 vs 慢: CORE diff=2.3502 act=1.7418 OK | BIN diff=0.0009 | PRUNE act=0.0000
  湿 vs 干: CORE diff=2.5157 act=2.5145 OK | BIN diff=0.0011 | PRUNE act=0.0000

--- Weight Structure ---

  L0 mlp: CORE=1.1136 BIN=0.4121 PRUNE=0.0000 OK | attn: CORE=0.0000 BIN=0.0000 PRUNE=0.0000 X
  L1 mlp: CORE=1.1518 BIN=0.4249 PRUNE=0.0000 OK | attn: CORE=0.0000 BIN=0.0000 PRUNE=0.0000 X
  ... (layers 2-4) ...
  L5 mlp: CORE=1.2602 BIN=0.4426 PRUNE=0.0000 OK | attn: CORE=0.0000 BIN=0.0000 PRUNE=0.0000 X

  Structure: 50% OK (6/12)

--- Embedding Concept Boundary ---

        热  冷  大  小  上  下  亮  暗  重  轻  快  慢  湿  干
  热  +1.00 -0.04 -0.07 -0.10 -0.06 +0.03 +0.06 +0.04 +0.03 -0.05 -0.02 -0.03 -0.01 -0.06
  冷  -0.04 +1.00 +0.02 +0.02 -0.01 +0.01 -0.00 -0.07 -0.06 +0.06 +0.02 -0.03 +0.05 +0.04
  大  -0.07 +0.02 +1.00 +0.01 +0.06 -0.03 -0.04 +0.05 +0.05 -0.05 -0.00 +0.08 -0.01 +0.33
  小  -0.10 +0.02 +0.01 +1.00 -0.02 -0.01 -0.03 -0.06 +0.00 -0.05 +0.01 -0.01 +0.00 -0.03
  上  -0.06 -0.01 +0.06 -0.02 +1.00 -0.03 +0.00 -0.01 -0.02 -0.05 +0.04 +0.03 +0.01 -0.00
  下  +0.03 +0.01 -0.03 -0.01 -0.03 +1.00 +0.02 -0.05 +0.00 +0.03 -0.01 -0.01 -0.02 +0.03
  亮  +0.06 -0.00 -0.04 -0.03 +0.00 +0.02 +1.00 -0.05 -0.05 +0.07 -0.01 -0.04 +0.04 -0.00
  暗  +0.04 -0.07 +0.05 -0.06 -0.01 -0.05 -0.05 +1.00 +0.06 -0.09 +0.03 +0.01 -0.02 +0.01
  重  +0.03 -0.06 +0.05 +0.00 -0.02 +0.00 -0.05 +0.06 +1.00 +0.00 -0.00 -0.02 -0.06 -0.01
  轻  -0.05 +0.06 -0.05 -0.05 -0.05 +0.03 +0.07 -0.09 +0.00 +1.00 -0.00 +0.04 +0.38 +0.33
  快  -0.02 +0.02 -0.00 +0.01 +0.04 -0.01 -0.01 +0.03 -0.00 -0.00 +1.00 +0.01 -0.01 -0.02
  慢  -0.03 -0.03 +0.08 -0.01 +0.03 -0.01 -0.04 +0.01 -0.02 +0.04 +0.01 +1.00 +0.06 +0.08
  湿  -0.01 +0.05 -0.01 +0.00 +0.01 -0.02 +0.04 -0.02 -0.06 +0.38 -0.01 +0.06 +1.00 +0.60
  干  -0.06 +0.04 +0.33 -0.03 -0.00 +0.03 -0.00 +0.01 -0.01 +0.33 -0.02 +0.08 +0.60 +1.00

  Opposite pairs (boundary clarity):
    热 vs 冷: -0.0395 CLEAR
    大 vs 小: +0.0124 CLEAR
    上 vs 下: -0.0296 CLEAR
    亮 vs 暗: -0.0472 CLEAR
    重 vs 轻: +0.0045 CLEAR
    快 vs 慢: +0.0067 CLEAR
    湿 vs 干: +0.5977 weak

  Boundary score: 93/100 (STRONG)

--- Concept Similarity (mid-layer weights) ---

  Embedding similarity:
        热  冷  大  小  上  下  亮  暗  重  轻  快  慢  湿  干
  热  +1.00 -0.04 -0.07 -0.10 -0.06 +0.03 +0.06 +0.04 +0.03 -0.05 -0.02 -0.03 -0.01 -0.06
  冷  -0.04 +1.00 +0.02 +0.02 -0.01 +0.01 -0.00 -0.07 -0.06 +0.06 +0.02 -0.03 +0.05 +0.04
  大  -0.07 +0.02 +1.00 +0.01 +0.06 -0.03 -0.04 +0.05 +0.05 -0.05 -0.00 +0.08 -0.01 +0.33
  小  -0.10 +0.02 +0.01 +1.00 -0.02 -0.01 -0.03 -0.06 +0.00 -0.05 +0.01 -0.01 +0.00 -0.03
  上  -0.06 -0.01 +0.06 -0.02 +1.00 -0.03 +0.00 -0.01 -0.02 -0.05 +0.04 +0.03 +0.01 -0.00
  下  +0.03 +0.01 -0.03 -0.01 -0.03 +1.00 +0.02 -0.05 +0.00 +0.03 -0.01 -0.01 -0.02 +0.03
  亮  +0.06 -0.00 -0.04 -0.03 +0.00 +0.02 +1.00 -0.05 -0.05 +0.07 -0.01 -0.04 +0.04 -0.00
  暗  +0.04 -0.07 +0.05 -0.06 -0.01 -0.05 -0.05 +1.00 +0.06 -0.09 +0.03 +0.01 -0.02 +0.01
  重  +0.03 -0.06 +0.05 +0.00 -0.02 +0.00 -0.05 +0.06 +1.00 +0.00 -0.00 -0.02 -0.06 -0.01
  轻  -0.05 +0.06 -0.05 -0.05 -0.05 +0.03 +0.07 -0.09 +0.00 +1.00 -0.00 +0.04 +0.38 +0.33
  快  -0.02 +0.02 -0.00 +0.01 +0.04 -0.01 -0.01 +0.03 -0.00 -0.00 +1.00 +0.01 -0.01 -0.02
  慢  -0.03 -0.03 +0.08 -0.01 +0.03 -0.01 -0.04 +0.01 -0.02 +0.04 +0.01 +1.00 +0.06 +0.08
  湿  -0.01 +0.05 -0.01 +0.00 +0.01 -0.02 +0.04 -0.02 -0.06 +0.38 -0.01 +0.06 +1.00 +0.60
  干  -0.06 +0.04 +0.33 -0.03 -0.00 +0.03 -0.00 +0.01 -0.01 +0.33 -0.02 +0.08 +0.60 +1.00


========================================
  DEEP WHITEBOX DIAGNOSIS
  (explaining WHY generation is garbage)
========================================

--- 1. Embedding Space Differentiation ---

  Embedding norms:
    热=0.500 冷=0.500 大=0.759 小=0.620 上=0.500 下=0.514 亮=0.503 暗=0.500 火=0.500 水=0.555 

  Avg cosine similarity:
    Opposite pairs (should be LOW):  -0.0157
    Unrelated pairs (should be ~0):  -0.0079
    Gap (unrelated - opposite):       0.0077  [OK]

--- 2. CORE Activation Magnitude ---

  Layer 0 mlp activation (for '热'):
    CORE  : max=2.5926 avg=1.8245  (n=409)
    BINARY: max=28.3535 avg=3.3539  (n=1332)
    CORE diff (热 vs 冷): 2.3637 (129.5% of avg)
    [OK]

--- 3. Weight Norm Layering (CORE > BINARY > PRUNE?) ---

  L0: CORE=1.1136 BIN=0.4121 PRUNE=0.0000  [OK layered]
  L1: CORE=1.1518 BIN=0.4249 PRUNE=0.0000  [OK layered]
  L2: CORE=1.1964 BIN=0.4175 PRUNE=0.0000  [OK layered]
  L3: CORE=1.2263 BIN=0.4162 PRUNE=0.0000  [OK layered]
  L4: CORE=1.2514 BIN=0.4141 PRUNE=0.0000  [OK layered]
  L5: CORE=1.2602 BIN=0.4426 PRUNE=0.0000  [OK layered]

--- 4. Logits Distribution (mode collapse check) ---

  Prompt '热' → top-5 next-token logits:
    token 232 '�' logit=8.4200
    token 233 '�' logit=7.5517
    token 184 '�' logit=7.2746
    token 159 '�' logit=7.1826
    token 183 '�' logit=6.5798

  Logit range: 10.9259 (max=8.4200 min=-2.5058)
  Softmax entropy: 12.0032 bits (uniform would be 15.00)
  [OK]

========================================
  DIAGNOSIS SUMMARY
========================================
  If generation is garbage, likely causes:
  1. Embeddings not spread (Section 1) → tokens sampled near-randomly
  2. CORE activation too weak (Section 2) → model can't distinguish inputs
  3. Weight norms not layered (Section 3) → logic mask is cosmetic
  4. Logits collapsed/flat (Section 4) → repetitive or random output
  Fix: train more steps, or increase logic_guided_regularization lr
========================================


========================================
  LAYER-BY-LAYER COLLAPSE DIAGNOSIS
  (火 vs 水 — cosine similarity per layer)
========================================

Layer         cosine_sim    l2_dist       ||a||       
-----         ----------    -------       ------      
emb           0.973841      0.737182      3.182076    
L0            0.977972      0.745711      3.510748    
L1            0.981111      0.750450      3.819295    
L2            0.983609      0.753544      4.124283    
L3            0.985700      0.753393      4.417247    
L4            0.987430      0.750226      4.698989    
L5            0.988742      0.754176      4.997483    
final_ln      0.991355      (final_ln output)

  (1.0=identical, 0.0=orthogonal)

--- L0 Weight Check ---
  L0 norm1_w[0:5]: 1.2402 1.2832 1.2748 1.2665 1.3086 
  L0 norm1_w mean: 1.2851
  L0 norm1_b[0:5]: 0.1226 -0.0761 -0.2012 -0.2838 -0.2260 

--- L0 Deep Diagnosis (norm1_out + V) ---
  embedding (火vs水) cosine: 0.973841  ||火||=3.1821 ||水||=3.2425
  norm1_out   (火vs水) cosine: 0.978339  ||火||=32.0436 ||水||=32.0147
  V=attn_v    (火vs水) cosine: 0.978407  ||火||=31.8961 ||水||=31.8864

  norm1_out 火 [0:5]: 0.0240 0.2576 -0.0650 -0.8920 0.6906 
  norm1_out 水 [0:5]: 0.6492 0.4533 -0.1590 -0.9099 0.5512 
  V 火        [0:5]: -1.2184 -0.3085 -0.0437 -0.7460 2.8763 
  V 水        [0:5]: -1.5941 0.2033 0.4395 -0.8166 2.6102 

  attn_q (QKV merged) weights: mean=-0.000036 min=-0.194049 max=0.194796 n=786432
  (如果 V 火vs水 cosine 高, 但 norm1_out cosine 低, 说明 W_v 把不同输入映射到相似输出)


[*] Done
