[*] Loaded 12227 vocab pieces from tokenizer/chinese_bpe_v2.vocab
=== LAL STE Whitebox-Supervised Training ===

[*] Method: Straight-Through Estimator + CORE/BINARY/PRUNE Logic Guidance
[*]   forward:  CORE = w_float * core_gain * K     (精确计算)
[*]             BINARY = sign(w) * alpha * K       (二值符号)
[*]             PRUNE = 0                           (静默剪枝)
[*]   backward: STE through w_float (CORE+BINARY), PRUNE 无梯度
[*]   update:   Adam on w_float
[*] Logic Guidance (每步,全层):
[*]             CORE  → maximize |act(a) - act(b)|  (差异化反义词)
[*]             BINARY → minimize (act(a) - act(b))^2 (收敛共性)
[*]             PRUNE → skip (保持静默)
[*] Whitebox probe: every 10 steps observe CORE/BINARY/PRUNE circuit

[*] Loaded 23638 samples from data/general_v2_bpe.bin
[*] Using Phase 0.5: 6L test (6L/512d) (~18M params, vocab=32768)
[*] Generated Phase 0.5: 6L test (6L/512d) weights: 6 layers, 512 embd, ~18M params
[*] Logic mask: Phase 1: Growing (20/65/15) (CORE=20% PRUNE=15%)
[*] loaded 76 tensors
[*] binarizing 6 layers (logic-guided)...
    [logic] CORE=307 (20%), BINARY=999 (65%), PRUNE=230 (15%)
[*] done
[*] freed 24 weight tensors (75 MB) after binarization
[*] Model loaded: 6 layers, 512 embd, k_cache=YES
[*] Resuming from model.ste...
[*] Resumed g_opt_step = 496 (Adam bias correction preserved)
[*] Resumed weights loaded successfully


=== LAL STE Training (B=4, max_pos=256, steps=1000, start_step=500, total_sched=1500, logic_lr=1.0000, logic_only=0) ===
[*] STE: forward=sign(w), backward=w_float gradient
[*] Whitebox probe every 10 steps
[*] Semantic regularization every step
  [LOGIC] mlp=-1098.5891 attn=-66.4291 div=2.5012
  [TIME] CE=229ms logic_reg=2673ms
  step     0/1000 (global=500)  loss=5.7721  avg=5.7721  lr=0.000390  B=8  2941ms
  [WB] boundary=34/100  core_diff=2.7266  bin_diff=0.0373  ratio=73.07  prune_act=0.0000
  [WB] structure=7/12 (58%)  opp_sim=0.656
  [WB] NO BOUNDARY | CORE>BIN OK | PRUNE silent OK
    [plan-I] step 499 W_v approx_rank=19.9 (frob=12.02 max_row=0.60)
    [ortho] step 499 L0 W_o off_diag=0.24 diag_dev=0.0200
    [plan-I] step 499 W_v approx_rank=19.6 (frob=11.98 max_row=0.61)
    [ortho] step 499 L1 W_o off_diag=0.24 diag_dev=0.0201
    [plan-I] step 499 W_v approx_rank=20.1 (frob=12.15 max_row=0.61)
    [ortho] step 499 L2 W_o off_diag=0.24 diag_dev=0.0199
    [plan-I] step 499 W_v approx_rank=19.2 (frob=11.87 max_row=0.62)
    [ortho] step 499 L3 W_o off_diag=0.25 diag_dev=0.0203
    [plan-I] step 499 W_v approx_rank=19.6 (frob=11.91 max_row=0.61)
    [ortho] step 499 L4 W_o off_diag=0.24 diag_dev=0.0212
    [plan-I] step 499 W_v approx_rank=19.8 (frob=11.98 max_row=0.61)
    [ortho] step 499 L5 W_o off_diag=0.24 diag_dev=0.0209
  [LOGIC] mlp=-1071.3988 attn=-64.7913 div=3.8315
  [TIME] CE=177ms logic_reg=2624ms
  step    10/1000 (global=510)  loss=8.8398  avg=7.2771  lr=0.000386  B=6  2211ms
  [WB] boundary=35/100  core_diff=2.7261  bin_diff=0.0470  ratio=57.95  prune_act=0.0000
  [WB] structure=7/12 (58%)  opp_sim=0.654
  [WB] NO BOUNDARY | CORE>BIN OK | PRUNE silent OK
  [LOGIC] mlp=-1054.2300 attn=-65.5059 div=2.6652
  [TIME] CE=239ms logic_reg=2635ms
  step    20/1000 (global=520)  loss=7.3381  avg=7.5785  lr=0.000381  B=8  2178ms
  [WB] boundary=34/100  core_diff=2.7854  bin_diff=0.0433  ratio=64.39  prune_act=0.0000
  [WB] structure=7/12 (58%)  opp_sim=0.662
  [WB] NO BOUNDARY | CORE>BIN OK | PRUNE silent OK
  [LOGIC] mlp=-1090.2255 attn=-65.0657 div=2.6204
  [TIME] CE=176ms logic_reg=2596ms
  step    30/1000 (global=530)  loss=8.7384  avg=7.9891  lr=0.000377  B=6  2178ms
  [WB] boundary=33/100  core_diff=2.8241  bin_diff=0.0456  ratio=61.96  prune_act=0.0000
  [WB] structure=7/12 (58%)  opp_sim=0.670
  [WB] NO BOUNDARY | CORE>BIN OK | PRUNE silent OK
  [LOGIC] mlp=-1088.0161 attn=-63.9223 div=2.6896
  [TIME] CE=175ms logic_reg=2733ms
  step    40/1000 (global=540)  loss=7.2840  avg=7.9797  lr=0.000372  B=6  2172ms
  [WB] boundary=33/100  core_diff=2.8051  bin_diff=0.0358  ratio=78.38  prune_act=0.0000
  [WB] structure=7/12 (58%)  opp_sim=0.673
  [WB] NO BOUNDARY | CORE>BIN OK | PRUNE silent OK
  [LOGIC] mlp=-1095.5051 attn=-63.3143 div=2.9005
  [TIME] CE=175ms logic_reg=2675ms
  step    50/1000 (global=550)  loss=8.3978  avg=8.0052  lr=0.000367  B=6  2158ms
  [WB] boundary=32/100  core_diff=2.7833  bin_diff=0.0370  ratio=75.19  prune_act=0.0000
  [WB] structure=7/12 (58%)  opp_sim=0.678
  [WB] NO BOUNDARY | CORE>BIN OK | PRUNE silent OK
[*] stateful inference started: window=9996, sinks=4, ctx=10240
[*] sliding window configured: W=9996, sinks=4 (effective context: 10000)
  [TRACE] "小": L0[||x||=1.68 C409(+219.67--19.88) B1332(+2545.88--66.41) P307(max0.000)] L3[||x||=3.00 C409(+187.30--24.21) B1332(+288.31--90.37) P307(max0.000)] L5[||x||=3.16 C409(+138.20--27.99) B1332(+1808.76--80.26) P307(max0.000)] | H=14.24/15 top3=264 297 289 
    [plan-I] step 549 W_v approx_rank=19.9 (frob=12.02 max_row=0.60)
    [ortho] step 549 L0 W_o off_diag=0.26 diag_dev=0.0187
    [plan-I] step 549 W_v approx_rank=19.6 (frob=11.98 max_row=0.61)
    [ortho] step 549 L1 W_o off_diag=0.27 diag_dev=0.0183
    [plan-I] step 549 W_v approx_rank=20.1 (frob=12.15 max_row=0.61)
    [ortho] step 549 L2 W_o off_diag=0.28 diag_dev=0.0181
    [plan-I] step 549 W_v approx_rank=19.2 (frob=11.87 max_row=0.62)
    [ortho] step 549 L3 W_o off_diag=0.28 diag_dev=0.0185
    [plan-I] step 549 W_v approx_rank=19.6 (frob=11.91 max_row=0.61)
    [ortho] step 549 L4 W_o off_diag=0.26 diag_dev=0.0198
    [plan-I] step 549 W_v approx_rank=19.8 (frob=11.98 max_row=0.61)
    [ortho] step 549 L5 W_o off_diag=0.26 diag_dev=0.0191
  [LOGIC] mlp=-1094.5261 attn=-62.1352 div=3.0734
  [TIME] CE=64ms logic_reg=2602ms
  step    60/1000 (global=560)  loss=5.9408  avg=8.0217  lr=0.000362  B=2  2162ms
  [WB] boundary=31/100  core_diff=2.7611  bin_diff=0.0348  ratio=79.38  prune_act=0.0000
  [WB] structure=7/12 (58%)  opp_sim=0.695
  [WB] NO BOUNDARY | CORE>BIN OK | PRUNE silent OK
  [LOGIC] mlp=-1071.2463 attn=-61.2563 div=3.2041
  [TIME] CE=229ms logic_reg=2639ms
  step    70/1000 (global=570)  loss=6.3954  avg=7.9614  lr=0.000357  B=8  2164ms
  [WB] boundary=30/100  core_diff=2.7322  bin_diff=0.0342  ratio=79.80  prune_act=0.0000
  [WB] structure=7/12 (58%)  opp_sim=0.699
  [WB] NO BOUNDARY | CORE>BIN OK | PRUNE silent OK
  [LOGIC] mlp=-1083.6760 attn=-59.7458 div=3.5167
  [TIME] CE=175ms logic_reg=2713ms
  step    80/1000 (global=580)  loss=6.2234  avg=8.0254  lr=0.000353  B=6  2162ms
  [WB] boundary=29/100  core_diff=2.7067  bin_diff=0.0335  ratio=80.68  prune_act=0.0000
  [WB] structure=7/12 (58%)  opp_sim=0.708
  [WB] NO BOUNDARY | CORE>BIN OK | PRUNE silent OK
  [LOGIC] mlp=-1092.9515 attn=-59.4609 div=3.3078
  [TIME] CE=227ms logic_reg=2746ms
  step    90/1000 (global=590)  loss=8.2799  avg=7.9570  lr=0.000348  B=8  2162ms
  [WB] boundary=28/100  core_diff=2.7081  bin_diff=0.0333  ratio=81.33  prune_act=0.0000
  [WB] structure=7/12 (58%)  opp_sim=0.716
  [WB] NO BOUNDARY | CORE>BIN OK | PRUNE silent OK
  [LOGIC] mlp=-1091.9575 attn=-59.1725 div=3.3639
  [TIME] CE=175ms logic_reg=2600ms
  step   100/1000 (global=600)  loss=4.8251  avg=7.8104  lr=0.000343  B=6  2165ms
  [WB] boundary=28/100  core_diff=2.6949  bin_diff=0.0336  ratio=80.20  prune_act=0.0000
  [WB] structure=7/12 (58%)  opp_sim=0.718
  [WB] NO BOUNDARY | CORE>BIN OK | PRUNE silent OK
[*] stateful inference started: window=9996, sinks=4, ctx=10240
[*] sliding window configured: W=9996, sinks=4 (effective context: 10000)
  [TRACE] "热": L0[||x||=1.93 C409(+351.29--16.67) B1332(+2691.63--65.28) P307(max0.000)] L3[||x||=3.00 C409(+291.28--17.10) B1332(+116.97--96.47) P307(max0.000)] L5[||x||=3.00 C409(+224.49--22.55) B1332(+1934.78--79.59) P307(max0.000)] | H=14.15/15 top3=264 297 1662 
    [plan-I] step 599 W_v approx_rank=19.9 (frob=12.02 max_row=0.60)
    [ortho] step 599 L0 W_o off_diag=0.19 diag_dev=0.0231
    [plan-I] step 599 W_v approx_rank=19.6 (frob=11.98 max_row=0.61)
    [ortho] step 599 L1 W_o off_diag=0.19 diag_dev=0.0232
    [plan-I] step 599 W_v approx_rank=20.1 (frob=12.15 max_row=0.61)
    [ortho] step 599 L2 W_o off_diag=0.19 diag_dev=0.0233
    [plan-I] step 599 W_v approx_rank=19.2 (frob=11.87 max_row=0.62)
    [ortho] step 599 L3 W_o off_diag=0.20 diag_dev=0.0229
    [plan-I] step 599 W_v approx_rank=19.6 (frob=11.91 max_row=0.61)
    [ortho] step 599 L4 W_o off_diag=0.19 diag_dev=0.0236
    [plan-I] step 599 W_v approx_rank=19.8 (frob=11.98 max_row=0.61)
    [ortho] step 599 L5 W_o off_diag=0.20 diag_dev=0.0229
  [LOGIC] mlp=-1087.2286 attn=-58.5587 div=3.6039
  [TIME] CE=226ms logic_reg=2586ms
  step   110/1000 (global=610)  loss=7.7994  avg=7.7282  lr=0.000337  B=8  2164ms
  [WB] boundary=28/100  core_diff=2.6768  bin_diff=0.0336  ratio=79.63  prune_act=0.0000
  [WB] structure=7/12 (58%)  opp_sim=0.723
  [WB] NO BOUNDARY | CORE>BIN OK | PRUNE silent OK
  [LOGIC] mlp=-1093.0134 attn=-58.2709 div=3.4210
  [TIME] CE=180ms logic_reg=2664ms
  step   120/1000 (global=620)  loss=7.7877  avg=7.6260  lr=0.000332  B=6  2164ms
  [WB] boundary=26/100  core_diff=2.6857  bin_diff=0.0326  ratio=82.28  prune_act=0.0000
  [WB] structure=7/12 (58%)  opp_sim=0.743
  [WB] NO BOUNDARY | CORE>BIN OK | PRUNE silent OK
  [LOGIC] mlp=-1089.6881 attn=-57.9742 div=3.5212
  [TIME] CE=245ms logic_reg=2745ms
  step   130/1000 (global=630)  loss=7.8633  avg=7.7374  lr=0.000327  B=8  2165ms
  [WB] boundary=26/100  core_diff=2.6719  bin_diff=0.0328  ratio=81.42  prune_act=0.0000
  [WB] structure=7/12 (58%)  opp_sim=0.743
  [WB] NO BOUNDARY | CORE>BIN OK | PRUNE silent OK
  [LOGIC] mlp=-1077.1593 attn=-57.2584 div=3.4844
  [TIME] CE=65ms logic_reg=2626ms
  step   140/1000 (global=640)  loss=6.4443  avg=7.7363  lr=0.000322  B=2  2164ms
  [WB] boundary=26/100  core_diff=2.6820  bin_diff=0.0328  ratio=81.79  prune_act=0.0000
  [WB] structure=7/12 (58%)  opp_sim=0.745
  [WB] NO BOUNDARY | CORE>BIN OK | PRUNE silent OK
  [TIME] CE=1ms logic_reg=0ms
  step   150/1000 (global=650)  loss=0.0000  avg=7.5569  lr=0.000317  B=0  2146ms
  [WB] boundary=26/100  core_diff=2.6922  bin_diff=0.0330  ratio=81.65  prune_act=0.0000
  [WB] structure=7/12 (58%)  opp_sim=0.745
  [WB] NO BOUNDARY | CORE>BIN OK | PRUNE silent OK
[*] stateful inference started: window=9996, sinks=4, ctx=10240
[*] sliding window configured: W=9996, sinks=4 (effective context: 10000)
  [TRACE] "冷": L0[||x||=2.05 C409(+305.59--16.21) B1332(+2970.25--64.89) P307(max0.000)] L3[||x||=3.00 C409(+235.28--21.11) B1332(+121.59--88.66) P307(max0.000)] L5[||x||=3.00 C409(+211.75--24.09) B1332(+2337.87--79.53) P307(max0.000)] | H=13.75/15 top3=264 269 287 
    [plan-I] step 649 W_v approx_rank=19.9 (frob=12.02 max_row=0.60)
    [ortho] step 649 L0 W_o off_diag=0.19 diag_dev=0.0234
    [plan-I] step 649 W_v approx_rank=19.6 (frob=11.98 max_row=0.61)
    [ortho] step 649 L1 W_o off_diag=0.19 diag_dev=0.0234
    [plan-I] step 649 W_v approx_rank=20.1 (frob=12.15 max_row=0.61)
    [ortho] step 649 L2 W_o off_diag=0.19 diag_dev=0.0233
    [plan-I] step 649 W_v approx_rank=19.2 (frob=11.87 max_row=0.62)
    [ortho] step 649 L3 W_o off_diag=0.19 diag_dev=0.0230
    [plan-I] step 649 W_v approx_rank=19.6 (frob=11.91 max_row=0.61)
    [ortho] step 649 L4 W_o off_diag=0.19 diag_dev=0.0238
    [plan-I] step 649 W_v approx_rank=19.8 (frob=11.98 max_row=0.61)
    [ortho] step 649 L5 W_o off_diag=0.20 diag_dev=0.0231
  [DIVERSITY] max_cos=0.9188 n_collapsed=7/42 layers
  [LOGIC] mlp=-1088.3010 attn=-56.4241 div=3.5425
  [TIME] CE=118ms logic_reg=2595ms
  step   160/1000 (global=660)  loss=7.6762  avg=7.5542  lr=0.000312  B=4  2146ms
  [WB] boundary=25/100  core_diff=2.6986  bin_diff=0.0326  ratio=82.84  prune_act=0.0000
  [WB] structure=7/12 (58%)  opp_sim=0.747
  [WB] NO BOUNDARY | CORE>BIN OK | PRUNE silent OK
  [DIVERSITY] max_cos=0.9200 n_collapsed=7/42 layers
  [LOGIC] mlp=-1090.1533 attn=-56.2690 div=3.4859
  [TIME] CE=204ms logic_reg=2596ms
  step   170/1000 (global=670)  loss=7.9131  avg=7.5503  lr=0.000306  B=6  2146ms
  [WB] boundary=25/100  core_diff=2.7117  bin_diff=0.0322  ratio=84.22  prune_act=0.0000
  [WB] structure=7/12 (58%)  opp_sim=0.752
  [WB] NO BOUNDARY | CORE>BIN OK | PRUNE silent OK
  [DIVERSITY] max_cos=0.9206 n_collapsed=7/42 layers
  [LOGIC] mlp=-1088.2520 attn=-55.4686 div=3.5490
  [TIME] CE=148ms logic_reg=2700ms
  step   180/1000 (global=680)  loss=7.4069  avg=7.4812  lr=0.000301  B=4  2146ms
  [WB] boundary=24/100  core_diff=2.7129  bin_diff=0.0323  ratio=84.06  prune_act=0.0000
  [WB] structure=7/12 (58%)  opp_sim=0.756
  [WB] NO BOUNDARY | CORE>BIN OK | PRUNE silent OK
  [DIVERSITY] max_cos=0.9220 n_collapsed=7/42 layers
  [LOGIC] mlp=-1087.8452 attn=-54.7642 div=3.6389
  [TIME] CE=173ms logic_reg=2623ms
  step   190/1000 (global=690)  loss=6.5224  avg=7.5561  lr=0.000296  B=6  2144ms
  [WB] boundary=24/100  core_diff=2.7190  bin_diff=0.0326  ratio=83.45  prune_act=0.0000
  [WB] structure=7/12 (58%)  opp_sim=0.762
  [WB] NO BOUNDARY | CORE>BIN OK | PRUNE silent OK
  [DIVERSITY] max_cos=0.9228 n_collapsed=7/42 layers
  [LOGIC] mlp=-1090.0955 attn=-54.3867 div=3.7375
  [TIME] CE=173ms logic_reg=2577ms
  step   200/1000 (global=700)  loss=8.9778  avg=7.3759  lr=0.000290  B=6  2133ms
  [WB] boundary=23/100  core_diff=2.7195  bin_diff=0.0323  ratio=84.29  prune_act=0.0000
  [WB] structure=7/12 (58%)  opp_sim=0.769
  [WB] NO BOUNDARY | CORE>BIN OK | PRUNE silent OK
[*] stateful inference started: window=9996, sinks=4, ctx=10240
[*] sliding window configured: W=9996, sinks=4 (effective context: 10000)
  [TRACE] "火": L0[||x||=2.12 C409(+376.33--14.09) B1332(+3195.37--64.78) P307(max0.000)] L3[||x||=3.00 C409(+219.20--20.57) B1332(+179.04--76.42) P307(max0.000)] L5[||x||=3.00 C409(+255.00--21.12) B1332(+2451.62--80.72) P307(max0.000)] | H=13.79/15 top3=264 269 297 
    [plan-I] step 699 W_v approx_rank=19.9 (frob=12.02 max_row=0.60)
    [ortho] step 699 L0 W_o off_diag=0.18 diag_dev=0.0243
    [plan-I] step 699 W_v approx_rank=19.6 (frob=11.98 max_row=0.61)
    [ortho] step 699 L1 W_o off_diag=0.18 diag_dev=0.0244
    [plan-I] step 699 W_v approx_rank=20.1 (frob=12.15 max_row=0.61)
    [ortho] step 699 L2 W_o off_diag=0.18 diag_dev=0.0244
    [plan-I] step 699 W_v approx_rank=19.2 (frob=11.87 max_row=0.62)
    [ortho] step 699 L3 W_o off_diag=0.18 diag_dev=0.0243
    [plan-I] step 699 W_v approx_rank=19.6 (frob=11.91 max_row=0.61)
    [ortho] step 699 L4 W_o off_diag=0.18 diag_dev=0.0246
    [plan-I] step 699 W_v approx_rank=19.8 (frob=11.98 max_row=0.61)
    [ortho] step 699 L5 W_o off_diag=0.18 diag_dev=0.0243
  [LOGIC] mlp=-1088.4294 attn=-53.7679 div=3.8174
  [TIME] CE=216ms logic_reg=2715ms
  step   210/1000 (global=710)  loss=6.2017  avg=7.4109  lr=0.000285  B=6  2134ms
  [WB] boundary=23/100  core_diff=2.7218  bin_diff=0.0322  ratio=84.42  prune_act=0.0000
  [WB] structure=7/12 (58%)  opp_sim=0.772
  [WB] NO BOUNDARY | CORE>BIN OK | PRUNE silent OK
  [LOGIC] mlp=-1084.8748 attn=-53.1281 div=3.8914
  [TIME] CE=117ms logic_reg=2711ms
  step   220/1000 (global=720)  loss=7.5421  avg=7.5014  lr=0.000280  B=4  2134ms
  [WB] boundary=23/100  core_diff=2.7257  bin_diff=0.0318  ratio=85.73  prune_act=0.0000
  [WB] structure=7/12 (58%)  opp_sim=0.774
  [WB] NO BOUNDARY | CORE>BIN OK | PRUNE silent OK
  [LOGIC] mlp=-1084.2408 attn=-52.6453 div=3.9274
  [TIME] CE=227ms logic_reg=2627ms
  step   230/1000 (global=730)  loss=6.9383  avg=7.5590  lr=0.000274  B=8  2135ms
  [WB] boundary=22/100  core_diff=2.7308  bin_diff=0.0319  ratio=85.48  prune_act=0.0000
  [WB] structure=7/12 (58%)  opp_sim=0.779
  [WB] NO BOUNDARY | CORE>BIN OK | PRUNE silent OK
  [LOGIC] mlp=-1074.8854 attn=-51.8854 div=3.9789
  [TIME] CE=119ms logic_reg=2606ms
  step   240/1000 (global=740)  loss=8.9506  avg=7.6726  lr=0.000269  B=4  2136ms
  [WB] boundary=22/100  core_diff=2.7343  bin_diff=0.0316  ratio=86.49  prune_act=0.0000
  [WB] structure=7/12 (58%)  opp_sim=0.782
  [WB] NO BOUNDARY | CORE>BIN OK | PRUNE silent OK
  [LOGIC] mlp=-1073.1085 attn=-50.9668 div=4.1062
  [TIME] CE=178ms logic_reg=2611ms
  step   250/1000 (global=750)  loss=6.1862  avg=7.4567  lr=0.000264  B=6  2125ms
  [WB] boundary=22/100  core_diff=2.7275  bin_diff=0.0317  ratio=85.99  prune_act=0.0000
  [WB] structure=7/12 (58%)  opp_sim=0.785
  [WB] NO BOUNDARY | CORE>BIN OK | PRUNE silent OK
[*] stateful inference started: window=9996, sinks=4, ctx=10240
[*] sliding window configured: W=9996, sinks=4 (effective context: 10000)
  [TRACE] "水": L0[||x||=2.24 C409(+432.35--12.35) B1332(+3447.04--63.29) P307(max0.000)] L3[||x||=3.03 C409(+240.96--17.99) B1332(+235.10--67.24) P307(max0.000)] L5[||x||=3.00 C409(+283.42--21.91) B1332(+2514.04--81.32) P307(max0.000)] | H=13.09/15 top3=264 297 269 
    [plan-I] step 749 W_v approx_rank=19.9 (frob=12.02 max_row=0.60)
    [ortho] step 749 L0 W_o off_diag=0.18 diag_dev=0.0245
    [plan-I] step 749 W_v approx_rank=19.6 (frob=11.98 max_row=0.61)
    [ortho] step 749 L1 W_o off_diag=0.18 diag_dev=0.0245
    [plan-I] step 749 W_v approx_rank=20.1 (frob=12.15 max_row=0.61)
    [ortho] step 749 L2 W_o off_diag=0.18 diag_dev=0.0245
    [plan-I] step 749 W_v approx_rank=19.2 (frob=11.87 max_row=0.62)
    [ortho] step 749 L3 W_o off_diag=0.18 diag_dev=0.0242
    [plan-I] step 749 W_v approx_rank=19.6 (frob=11.91 max_row=0.61)
    [ortho] step 749 L4 W_o off_diag=0.19 diag_dev=0.0240
    [plan-I] step 749 W_v approx_rank=19.8 (frob=11.98 max_row=0.61)
    [ortho] step 749 L5 W_o off_diag=0.18 diag_dev=0.0242
  [LOGIC] mlp=-1086.1484 attn=-51.2479 div=3.9601
  [TIME] CE=176ms logic_reg=2609ms
  step   260/1000 (global=760)  loss=8.5897  avg=7.7668  lr=0.000258  B=6  2126ms
  [WB] boundary=21/100  core_diff=2.7423  bin_diff=0.0317  ratio=86.39  prune_act=0.0000
  [WB] structure=7/12 (58%)  opp_sim=0.791
  [WB] NO BOUNDARY | CORE>BIN OK | PRUNE silent OK
  [LOGIC] mlp=-1087.8021 attn=-51.3465 div=3.9296
  [TIME] CE=118ms logic_reg=2642ms
  step   270/1000 (global=770)  loss=8.6903  avg=7.7072  lr=0.000253  B=4  2127ms
  [WB] boundary=21/100  core_diff=2.7387  bin_diff=0.0317  ratio=86.43  prune_act=0.0000
  [WB] structure=7/12 (58%)  opp_sim=0.793
  [WB] NO BOUNDARY | CORE>BIN OK | PRUNE silent OK
  [LOGIC] mlp=-1087.0770 attn=-51.4222 div=3.9245
  [TIME] CE=231ms logic_reg=2795ms
  step   280/1000 (global=780)  loss=5.9819  avg=7.6751  lr=0.000247  B=8  2128ms
  [WB] boundary=20/100  core_diff=2.7393  bin_diff=0.0317  ratio=86.48  prune_act=0.0000
  [WB] structure=7/12 (58%)  opp_sim=0.796
  [WB] NO BOUNDARY | CORE>BIN OK | PRUNE silent OK
  [LOGIC] mlp=-1089.5883 attn=-51.4851 div=3.9358
  [TIME] CE=121ms logic_reg=2696ms
  step   290/1000 (global=790)  loss=6.1182  avg=7.6810  lr=0.000242  B=4  2129ms
  [WB] boundary=20/100  core_diff=2.7356  bin_diff=0.0316  ratio=86.67  prune_act=0.0000
  [WB] structure=7/12 (58%)  opp_sim=0.799
  [WB] NO BOUNDARY | CORE>BIN OK | PRUNE silent OK
  [LOGIC] mlp=-1089.1970 attn=-51.2588 div=3.9072
  [TIME] CE=121ms logic_reg=2598ms
  step   300/1000 (global=800)  loss=6.6059  avg=7.5265  lr=0.000236  B=4  2130ms
  [WB] boundary=20/100  core_diff=2.7343  bin_diff=0.0312  ratio=87.59  prune_act=0.0000
  [WB] structure=7/12 (58%)  opp_sim=0.801
  [WB] NO BOUNDARY | CORE>BIN OK | PRUNE silent OK
[*] stateful inference started: window=9996, sinks=4, ctx=10240
[*] sliding window configured: W=9996, sinks=4 (effective context: 10000)
  [TRACE] "大": L0[||x||=2.27 C409(+447.85--12.97) B1332(+3571.35--63.22) P307(max0.000)] L3[||x||=3.00 C409(+235.19--18.37) B1332(+236.93--65.03) P307(max0.000)] L5[||x||=3.00 C409(+288.90--21.25) B1332(+2800.74--79.65) P307(max0.000)] | H=13.75/15 top3=264 269 297 
    [plan-I] step 799 W_v approx_rank=19.9 (frob=12.02 max_row=0.60)
    [ortho] step 799 L0 W_o off_diag=0.18 diag_dev=0.0251
    [plan-I] step 799 W_v approx_rank=19.6 (frob=11.98 max_row=0.61)
    [ortho] step 799 L1 W_o off_diag=0.18 diag_dev=0.0253
    [plan-I] step 799 W_v approx_rank=20.1 (frob=12.15 max_row=0.61)
    [ortho] step 799 L2 W_o off_diag=0.18 diag_dev=0.0252
    [plan-I] step 799 W_v approx_rank=19.2 (frob=11.87 max_row=0.62)
    [ortho] step 799 L3 W_o off_diag=0.18 diag_dev=0.0250
    [plan-I] step 799 W_v approx_rank=19.6 (frob=11.91 max_row=0.61)
    [ortho] step 799 L4 W_o off_diag=0.18 diag_dev=0.0251
    [plan-I] step 799 W_v approx_rank=19.8 (frob=11.98 max_row=0.61)
    [ortho] step 799 L5 W_o off_diag=0.18 diag_dev=0.0250
  [LOGIC] mlp=-1089.1282 attn=-51.3034 div=3.8921
  [TIME] CE=247ms logic_reg=2625ms
  step   310/1000 (global=810)  loss=9.0512  avg=7.7705  lr=0.000231  B=8  2132ms
  [WB] boundary=20/100  core_diff=2.7306  bin_diff=0.0312  ratio=87.52  prune_act=0.0000
  [WB] structure=7/12 (58%)  opp_sim=0.803
  [WB] NO BOUNDARY | CORE>BIN OK | PRUNE silent OK
  [LOGIC] mlp=-1091.5981 attn=-51.0625 div=3.9028
  [TIME] CE=190ms logic_reg=2618ms
  step   320/1000 (global=820)  loss=9.0207  avg=7.6857  lr=0.000226  B=6  2134ms
  [WB] boundary=19/100  core_diff=2.7267  bin_diff=0.0313  ratio=87.08  prune_act=0.0000
  [WB] structure=7/12 (58%)  opp_sim=0.807
  [WB] NO BOUNDARY | CORE>BIN OK | PRUNE silent OK
  [LOGIC] mlp=-1089.9514 attn=-50.9385 div=3.9140
  [TIME] CE=319ms logic_reg=2664ms
  step   330/1000 (global=830)  loss=5.9238  avg=7.7364  lr=0.000220  B=8  2134ms
  [WB] boundary=19/100  core_diff=2.7294  bin_diff=0.0317  ratio=86.23  prune_act=0.0000
  [WB] structure=7/12 (58%)  opp_sim=0.808
  [WB] NO BOUNDARY | CORE>BIN OK | PRUNE silent OK
  [LOGIC] mlp=-1093.2092 attn=-51.3146 div=3.9175
  [TIME] CE=195ms logic_reg=2605ms
  step   340/1000 (global=840)  loss=8.5571  avg=7.5716  lr=0.000215  B=6  2129ms
  [WB] boundary=19/100  core_diff=2.7383  bin_diff=0.0315  ratio=87.06  prune_act=0.0000
  [WB] structure=7/12 (58%)  opp_sim=0.812
  [WB] NO BOUNDARY | CORE>BIN OK | PRUNE silent OK
  [LOGIC] mlp=-1091.1696 attn=-51.2644 div=3.9035
  [TIME] CE=129ms logic_reg=2666ms
  step   350/1000 (global=850)  loss=9.1516  avg=7.5889  lr=0.000210  B=4  2130ms
  [WB] boundary=19/100  core_diff=2.7328  bin_diff=0.0311  ratio=87.91  prune_act=0.0000
  [WB] structure=7/12 (58%)  opp_sim=0.812
  [WB] NO BOUNDARY | CORE>BIN OK | PRUNE silent OK
[*] stateful inference started: window=9996, sinks=4, ctx=10240
[*] sliding window configured: W=9996, sinks=4 (effective context: 10000)
  [TRACE] "小": L0[||x||=2.22 C409(+379.96--15.08) B1332(+3752.10--63.13) P307(max0.000)] L3[||x||=3.00 C409(+207.08--18.42) B1332(+243.45--62.49) P307(max0.000)] L5[||x||=3.00 C409(+241.59--24.07) B1332(+2978.79--82.03) P307(max0.000)] | H=13.27/15 top3=264 297 269 
    [plan-I] step 849 W_v approx_rank=19.9 (frob=12.02 max_row=0.60)
    [ortho] step 849 L0 W_o off_diag=0.17 diag_dev=0.0256
    [plan-I] step 849 W_v approx_rank=19.6 (frob=11.98 max_row=0.61)
    [ortho] step 849 L1 W_o off_diag=0.17 diag_dev=0.0256
    [plan-I] step 849 W_v approx_rank=20.1 (frob=12.15 max_row=0.61)
    [ortho] step 849 L2 W_o off_diag=0.17 diag_dev=0.0255
    [plan-I] step 849 W_v approx_rank=19.2 (frob=11.87 max_row=0.62)
    [ortho] step 849 L3 W_o off_diag=0.18 diag_dev=0.0253
    [plan-I] step 849 W_v approx_rank=19.6 (frob=11.91 max_row=0.61)
    [ortho] step 849 L4 W_o off_diag=0.18 diag_dev=0.0254
    [plan-I] step 849 W_v approx_rank=19.8 (frob=11.98 max_row=0.61)
    [ortho] step 849 L5 W_o off_diag=0.18 diag_dev=0.0253
  [LOGIC] mlp=-1091.7068 attn=-50.9212 div=3.9501
  [TIME] CE=180ms logic_reg=2619ms
  step   360/1000 (global=860)  loss=9.0286  avg=7.6869  lr=0.000204  B=6  2130ms
  [WB] boundary=18/100  core_diff=2.7352  bin_diff=0.0312  ratio=87.67  prune_act=0.0000
  [WB] structure=7/12 (58%)  opp_sim=0.816
  [WB] NO BOUNDARY | CORE>BIN OK | PRUNE silent OK
  [LOGIC] mlp=-1085.6072 attn=-50.9179 div=3.9123
  [TIME] CE=126ms logic_reg=2669ms
  step   370/1000 (global=870)  loss=7.0416  avg=7.6570  lr=0.000199  B=4  2132ms
  [WB] boundary=18/100  core_diff=2.7384  bin_diff=0.0312  ratio=87.81  prune_act=0.0000
  [WB] structure=7/12 (58%)  opp_sim=0.817
  [WB] NO BOUNDARY | CORE>BIN OK | PRUNE silent OK
  [LOGIC] mlp=-1092.6377 attn=-51.1504 div=3.9500
  [TIME] CE=186ms logic_reg=2599ms
  step   380/1000 (global=880)  loss=8.9828  avg=7.5613  lr=0.000194  B=6  2134ms
  [WB] boundary=18/100  core_diff=2.7402  bin_diff=0.0317  ratio=86.52  prune_act=0.0000
  [WB] structure=7/12 (58%)  opp_sim=0.820
  [WB] NO BOUNDARY | CORE>BIN OK | PRUNE silent OK
  [LOGIC] mlp=-1092.9188 attn=-51.2467 div=3.9142
  [TIME] CE=191ms logic_reg=2699ms
  step   390/1000 (global=890)  loss=7.9999  avg=7.5169  lr=0.000188  B=6  2135ms
  [WB] boundary=18/100  core_diff=2.7361  bin_diff=0.0315  ratio=86.98  prune_act=0.0000
  [WB] structure=7/12 (58%)  opp_sim=0.822
  [WB] NO BOUNDARY | CORE>BIN OK | PRUNE silent OK
  [LOGIC] mlp=-1092.6760 attn=-50.8709 div=3.9438
  [TIME] CE=240ms logic_reg=2727ms
  step   400/1000 (global=900)  loss=7.6107  avg=7.6108  lr=0.000183  B=8  2135ms
  [WB] boundary=18/100  core_diff=2.7334  bin_diff=0.0310  ratio=88.05  prune_act=0.0000
  [WB] structure=7/12 (58%)  opp_sim=0.823
  [WB] NO BOUNDARY | CORE>BIN OK | PRUNE silent OK
[*] stateful inference started: window=9996, sinks=4, ctx=10240
[*] sliding window configured: W=9996, sinks=4 (effective context: 10000)
  [TRACE] "热": L0[||x||=2.33 C409(+503.86--11.22) B1332(+3742.95--61.73) P307(max0.000)] L3[||x||=3.00 C409(+275.69--15.97) B1332(+255.88--64.14) P307(max0.000)] L5[||x||=3.00 C409(+307.47--20.53) B1332(+2889.42--81.34) P307(max0.000)] | H=13.44/15 top3=264 297 269 
    [plan-I] step 899 W_v approx_rank=19.9 (frob=12.02 max_row=0.60)
    [ortho] step 899 L0 W_o off_diag=0.17 diag_dev=0.0262
    [plan-I] step 899 W_v approx_rank=19.6 (frob=11.98 max_row=0.61)
    [ortho] step 899 L1 W_o off_diag=0.17 diag_dev=0.0262
    [plan-I] step 899 W_v approx_rank=20.1 (frob=12.15 max_row=0.61)
    [ortho] step 899 L2 W_o off_diag=0.17 diag_dev=0.0262
    [plan-I] step 899 W_v approx_rank=19.2 (frob=11.87 max_row=0.62)
    [ortho] step 899 L3 W_o off_diag=0.17 diag_dev=0.0260
    [plan-I] step 899 W_v approx_rank=19.6 (frob=11.91 max_row=0.61)
    [ortho] step 899 L4 W_o off_diag=0.17 diag_dev=0.0260
    [plan-I] step 899 W_v approx_rank=19.8 (frob=11.98 max_row=0.61)
    [ortho] step 899 L5 W_o off_diag=0.17 diag_dev=0.0260
  [LOGIC] mlp=-1093.3162 attn=-50.6761 div=3.9760
  [TIME] CE=184ms logic_reg=2598ms
  step   410/1000 (global=910)  loss=7.2337  avg=7.5867  lr=0.000178  B=6  2137ms
  [WB] boundary=17/100  core_diff=2.7320  bin_diff=0.0308  ratio=88.58  prune_act=0.0000
  [WB] structure=7/12 (58%)  opp_sim=0.826
  [WB] NO BOUNDARY | CORE>BIN OK | PRUNE silent OK
  [LOGIC] mlp=-1093.5590 attn=-50.7556 div=4.0028
  [TIME] CE=188ms logic_reg=2597ms
  step   420/1000 (global=920)  loss=8.5923  avg=7.5975  lr=0.000173  B=6  2138ms
  [WB] boundary=17/100  core_diff=2.7325  bin_diff=0.0309  ratio=88.45  prune_act=0.0000
  [WB] structure=7/12 (58%)  opp_sim=0.829
  [WB] NO BOUNDARY | CORE>BIN OK | PRUNE silent OK
  [LOGIC] mlp=-1093.1897 attn=-50.6058 div=4.0143
  [TIME] CE=248ms logic_reg=2708ms
  step   430/1000 (global=930)  loss=8.0413  avg=7.6770  lr=0.000168  B=8  2139ms
  [WB] boundary=17/100  core_diff=2.7319  bin_diff=0.0309  ratio=88.47  prune_act=0.0000
  [WB] structure=7/12 (58%)  opp_sim=0.832
  [WB] NO BOUNDARY | CORE>BIN OK | PRUNE silent OK
  [LOGIC] mlp=-1093.7437 attn=-50.6731 div=3.9986
  [TIME] CE=126ms logic_reg=2688ms
  step   440/1000 (global=940)  loss=7.8375  avg=7.6232  lr=0.000163  B=4  2139ms
  [WB] boundary=17/100  core_diff=2.7283  bin_diff=0.0309  ratio=88.42  prune_act=0.0000
  [WB] structure=7/12 (58%)  opp_sim=0.832
  [WB] NO BOUNDARY | CORE>BIN OK | PRUNE silent OK
  [LOGIC] mlp=-1091.5112 attn=-50.5032 div=3.9821
  [TIME] CE=245ms logic_reg=2666ms
  step   450/1000 (global=950)  loss=8.4449  avg=7.6612  lr=0.000157  B=8  2141ms
  [WB] boundary=17/100  core_diff=2.7250  bin_diff=0.0309  ratio=88.30  prune_act=0.0000
  [WB] structure=7/12 (58%)  opp_sim=0.833
  [WB] NO BOUNDARY | CORE>BIN OK | PRUNE silent OK
[*] stateful inference started: window=9996, sinks=4, ctx=10240
[*] sliding window configured: W=9996, sinks=4 (effective context: 10000)
  [TRACE] "冷": L0[||x||=2.35 C409(+510.21--10.68) B1332(+3859.57--61.92) P307(max0.000)] L3[||x||=3.00 C409(+292.42--15.29) B1332(+282.48--64.23) P307(max0.000)] L5[||x||=3.00 C409(+310.54--20.32) B1332(+3015.96--79.77) P307(max0.000)] | H=13.10/15 top3=264 297 269 
    [plan-I] step 949 W_v approx_rank=19.9 (frob=12.02 max_row=0.60)
    [ortho] step 949 L0 W_o off_diag=0.17 diag_dev=0.0270
    [plan-I] step 949 W_v approx_rank=19.6 (frob=11.98 max_row=0.61)
    [ortho] step 949 L1 W_o off_diag=0.17 diag_dev=0.0271
    [plan-I] step 949 W_v approx_rank=20.1 (frob=12.15 max_row=0.61)
    [ortho] step 949 L2 W_o off_diag=0.17 diag_dev=0.0270
    [plan-I] step 949 W_v approx_rank=19.2 (frob=11.87 max_row=0.62)
    [ortho] step 949 L3 W_o off_diag=0.17 diag_dev=0.0269
    [plan-I] step 949 W_v approx_rank=19.6 (frob=11.91 max_row=0.61)
    [ortho] step 949 L4 W_o off_diag=0.17 diag_dev=0.0270
    [plan-I] step 949 W_v approx_rank=19.8 (frob=11.98 max_row=0.61)
    [ortho] step 949 L5 W_o off_diag=0.17 diag_dev=0.0268
  [LOGIC] mlp=-1092.1952 attn=-50.6065 div=3.9820
  [TIME] CE=243ms logic_reg=2714ms
  step   460/1000 (global=960)  loss=6.6999  avg=7.4562  lr=0.000152  B=8  2142ms
  [WB] boundary=16/100  core_diff=2.7203  bin_diff=0.0308  ratio=88.29  prune_act=0.0000
  [WB] structure=7/12 (58%)  opp_sim=0.835
  [WB] NO BOUNDARY | CORE>BIN OK | PRUNE silent OK
  [LOGIC] mlp=-1088.9171 attn=-50.5353 div=3.9763
  [TIME] CE=180ms logic_reg=2815ms
  step   470/1000 (global=970)  loss=5.3738  avg=7.3414  lr=0.000147  B=6  2142ms
  [WB] boundary=16/100  core_diff=2.7140  bin_diff=0.0306  ratio=88.58  prune_act=0.0000
  [WB] structure=7/12 (58%)  opp_sim=0.836
  [WB] NO BOUNDARY | CORE>BIN OK | PRUNE silent OK
  [LOGIC] mlp=-1089.6560 attn=-50.2361 div=4.0135
  [TIME] CE=237ms logic_reg=2747ms
  step   480/1000 (global=980)  loss=7.8323  avg=7.2439  lr=0.000143  B=8  2144ms
  [WB] boundary=16/100  core_diff=2.7096  bin_diff=0.0305  ratio=88.85  prune_act=0.0000
  [WB] structure=7/12 (58%)  opp_sim=0.840
  [WB] NO BOUNDARY | CORE>BIN OK | PRUNE silent OK
  [LOGIC] mlp=-1091.6396 attn=-50.1242 div=4.0477
  [TIME] CE=125ms logic_reg=2629ms
  step   490/1000 (global=990)  loss=7.4966  avg=7.1702  lr=0.000138  B=4  2145ms
  [WB] boundary=16/100  core_diff=2.7082  bin_diff=0.0306  ratio=88.37  prune_act=0.0000
  [WB] structure=7/12 (58%)  opp_sim=0.842
  [WB] NO BOUNDARY | CORE>BIN OK | PRUNE silent OK
  [LOGIC] mlp=-1091.9807 attn=-50.2157 div=4.0489
  [TIME] CE=244ms logic_reg=2744ms
  step   500/1000 (global=1000)  loss=5.8843  avg=7.1389  lr=0.000133  B=8  2146ms
  [WB] boundary=16/100  core_diff=2.7076  bin_diff=0.0306  ratio=88.55  prune_act=0.0000
  [WB] structure=7/12 (58%)  opp_sim=0.842
  [WB] NO BOUNDARY | CORE>BIN OK | PRUNE silent OK
[*] stateful inference started: window=9996, sinks=4, ctx=10240
[*] sliding window configured: W=9996, sinks=4 (effective context: 10000)
  [TRACE] "火": L0[||x||=2.40 C409(+545.61--9.72) B1332(+3896.14--62.66) P307(max0.000)] L3[||x||=3.03 C409(+319.41--14.36) B1332(+311.14--65.04) P307(max0.000)] L5[||x||=3.00 C409(+348.80--19.08) B1332(+3117.86--81.07) P307(max0.000)] | H=12.78/15 top3=264 297 269 
    [plan-I] step 999 W_v approx_rank=19.9 (frob=12.02 max_row=0.60)
    [ortho] step 999 L0 W_o off_diag=0.17 diag_dev=0.0264
    [plan-I] step 999 W_v approx_rank=19.6 (frob=11.98 max_row=0.61)
    [ortho] step 999 L1 W_o off_diag=0.17 diag_dev=0.0263
    [plan-I] step 999 W_v approx_rank=20.1 (frob=12.15 max_row=0.61)
    [ortho] step 999 L2 W_o off_diag=0.17 diag_dev=0.0263
    [plan-I] step 999 W_v approx_rank=19.2 (frob=11.87 max_row=0.62)
    [ortho] step 999 L3 W_o off_diag=0.17 diag_dev=0.0260
    [plan-I] step 999 W_v approx_rank=19.6 (frob=11.91 max_row=0.61)
    [ortho] step 999 L4 W_o off_diag=0.17 diag_dev=0.0261
    [plan-I] step 999 W_v approx_rank=19.8 (frob=11.98 max_row=0.61)
    [ortho] step 999 L5 W_o off_diag=0.17 diag_dev=0.0262
  [LOGIC] mlp=-1090.0399 attn=-50.3269 div=4.0815
  [TIME] CE=182ms logic_reg=2724ms
  step   510/1000 (global=1010)  loss=5.2765  avg=7.0813  lr=0.000128  B=6  2146ms
  [WB] boundary=16/100  core_diff=2.7074  bin_diff=0.0305  ratio=88.86  prune_act=0.0000
  [WB] structure=7/12 (58%)  opp_sim=0.844
  [WB] NO BOUNDARY | CORE>BIN OK | PRUNE silent OK
  [LOGIC] mlp=-1093.4302 attn=-50.4695 div=4.1590
  [TIME] CE=242ms logic_reg=2633ms
  step   520/1000 (global=1020)  loss=6.0151  avg=6.9891  lr=0.000123  B=8  2148ms
  [WB] boundary=15/100  core_diff=2.7079  bin_diff=0.0304  ratio=89.10  prune_act=0.0000
  [WB] structure=7/12 (58%)  opp_sim=0.847
  [WB] NO BOUNDARY | CORE>BIN OK | PRUNE silent OK
  [LOGIC] mlp=-1093.9554 attn=-50.5669 div=4.2495
  [TIME] CE=179ms logic_reg=2595ms
  step   530/1000 (global=1030)  loss=6.6754  avg=7.0254  lr=0.000119  B=6  2148ms
  [WB] boundary=15/100  core_diff=2.7063  bin_diff=0.0302  ratio=89.63  prune_act=0.0000
  [WB] structure=7/12 (58%)  opp_sim=0.848
  [WB] NO BOUNDARY | CORE>BIN OK | PRUNE silent OK
  [LOGIC] mlp=-1094.2635 attn=-50.5260 div=4.2942
  [TIME] CE=120ms logic_reg=2593ms
  step   540/1000 (global=1040)  loss=4.9542  avg=7.1570  lr=0.000114  B=4  2147ms
  [WB] boundary=15/100  core_diff=2.7059  bin_diff=0.0304  ratio=89.09  prune_act=0.0000
  [WB] structure=7/12 (58%)  opp_sim=0.850
  [WB] NO BOUNDARY | CORE>BIN OK | PRUNE silent OK
  [LOGIC] mlp=-1092.5892 attn=-50.5289 div=4.1874
  [TIME] CE=117ms logic_reg=2648ms
  step   550/1000 (global=1050)  loss=6.4505  avg=6.9953  lr=0.000110  B=4  2148ms
  [WB] boundary=15/100  core_diff=2.7055  bin_diff=0.0305  ratio=88.80  prune_act=0.0000
  [WB] structure=7/12 (58%)  opp_sim=0.851
  [WB] NO BOUNDARY | CORE>BIN OK | PRUNE silent OK
[*] stateful inference started: window=9996, sinks=4, ctx=10240
[*] sliding window configured: W=9996, sinks=4 (effective context: 10000)
  [TRACE] "水": L0[||x||=2.45 C409(+606.88--8.14) B1332(+3911.41--62.04) P307(max0.000)] L3[||x||=3.03 C409(+351.97--12.98) B1332(+324.06--64.65) P307(max0.000)] L5[||x||=3.00 C409(+357.26--18.07) B1332(+3059.76--81.01) P307(max0.000)] | H=12.25/15 top3=264 297 291 
    [plan-I] step 1049 W_v approx_rank=19.9 (frob=12.02 max_row=0.60)
    [ortho] step 1049 L0 W_o off_diag=0.17 diag_dev=0.0275
    [plan-I] step 1049 W_v approx_rank=19.6 (frob=11.98 max_row=0.61)
    [ortho] step 1049 L1 W_o off_diag=0.17 diag_dev=0.0275
    [plan-I] step 1049 W_v approx_rank=20.1 (frob=12.15 max_row=0.61)
    [ortho] step 1049 L2 W_o off_diag=0.17 diag_dev=0.0274
    [plan-I] step 1049 W_v approx_rank=19.2 (frob=11.87 max_row=0.62)
    [ortho] step 1049 L3 W_o off_diag=0.17 diag_dev=0.0273
    [plan-I] step 1049 W_v approx_rank=19.6 (frob=11.91 max_row=0.61)
    [ortho] step 1049 L4 W_o off_diag=0.17 diag_dev=0.0272
    [plan-I] step 1049 W_v approx_rank=19.8 (frob=11.98 max_row=0.61)
    [ortho] step 1049 L5 W_o off_diag=0.17 diag_dev=0.0274
  [LOGIC] mlp=-1093.2289 attn=-50.2350 div=4.2946
  [TIME] CE=180ms logic_reg=2599ms
  step   560/1000 (global=1060)  loss=9.0744  avg=7.0334  lr=0.000105  B=6  2148ms
  [WB] boundary=15/100  core_diff=2.7070  bin_diff=0.0306  ratio=88.39  prune_act=0.0000
  [WB] structure=7/12 (58%)  opp_sim=0.854
  [WB] NO BOUNDARY | CORE>BIN OK | PRUNE silent OK
  [LOGIC] mlp=-1093.4221 attn=-50.1884 div=4.2966
  [TIME] CE=227ms logic_reg=2729ms
  step   570/1000 (global=1070)  loss=9.0283  avg=7.0254  lr=0.000101  B=8  2149ms
  [WB] boundary=15/100  core_diff=2.7063  bin_diff=0.0307  ratio=88.19  prune_act=0.0000
  [WB] structure=7/12 (58%)  opp_sim=0.855
  [WB] NO BOUNDARY | CORE>BIN OK | PRUNE silent OK
  [LOGIC] mlp=-1093.9413 attn=-50.0472 div=4.3986
  [TIME] CE=117ms logic_reg=2640ms
  step   580/1000 (global=1080)  loss=8.7084  avg=7.2156  lr=0.000097  B=4  2149ms
  [WB] boundary=14/100  core_diff=2.7041  bin_diff=0.0309  ratio=87.51  prune_act=0.0000
  [WB] structure=7/12 (58%)  opp_sim=0.856
  [WB] NO BOUNDARY | CORE>BIN OK | PRUNE silent OK
  [LOGIC] mlp=-1094.3287 attn=-50.2332 div=4.4031
  [TIME] CE=129ms logic_reg=2616ms
  step   590/1000 (global=1090)  loss=4.3462  avg=7.1642  lr=0.000092  B=4  2149ms
  [WB] boundary=14/100  core_diff=2.7023  bin_diff=0.0309  ratio=87.58  prune_act=0.0000
  [WB] structure=7/12 (58%)  opp_sim=0.858
  [WB] NO BOUNDARY | CORE>BIN OK | PRUNE silent OK
  [LOGIC] mlp=-1092.8497 attn=-50.3344 div=4.3249
  [TIME] CE=245ms logic_reg=2623ms
  step   600/1000 (global=1100)  loss=7.7564  avg=7.1740  lr=0.000088  B=8  2150ms
  [WB] boundary=14/100  core_diff=2.7001  bin_diff=0.0308  ratio=87.76  prune_act=0.0000
  [WB] structure=7/12 (58%)  opp_sim=0.859
  [WB] NO BOUNDARY | CORE>BIN OK | PRUNE silent OK
[*] stateful inference started: window=9996, sinks=4, ctx=10240
[*] sliding window configured: W=9996, sinks=4 (effective context: 10000)
  [TRACE] "大": L0[||x||=2.42 C409(+602.27--9.01) B1332(+3902.62--62.11) P307(max0.000)] L3[||x||=3.04 C409(+337.30--13.11) B1332(+339.05--63.83) P307(max0.000)] L5[||x||=3.00 C409(+354.33--18.32) B1332(+3187.42--79.94) P307(max0.000)] | H=12.35/15 top3=264 297 269 
    [plan-I] step 1099 W_v approx_rank=19.9 (frob=12.02 max_row=0.60)
    [ortho] step 1099 L0 W_o off_diag=0.16 diag_dev=0.0280
    [plan-I] step 1099 W_v approx_rank=19.6 (frob=11.98 max_row=0.61)
    [ortho] step 1099 L1 W_o off_diag=0.16 diag_dev=0.0280
    [plan-I] step 1099 W_v approx_rank=20.1 (frob=12.15 max_row=0.61)
    [ortho] step 1099 L2 W_o off_diag=0.16 diag_dev=0.0280
    [plan-I] step 1099 W_v approx_rank=19.2 (frob=11.87 max_row=0.62)
    [ortho] step 1099 L3 W_o off_diag=0.17 diag_dev=0.0279
    [plan-I] step 1099 W_v approx_rank=19.6 (frob=11.91 max_row=0.61)
    [ortho] step 1099 L4 W_o off_diag=0.17 diag_dev=0.0278
    [plan-I] step 1099 W_v approx_rank=19.8 (frob=11.98 max_row=0.61)
    [ortho] step 1099 L5 W_o off_diag=0.17 diag_dev=0.0279
  [LOGIC] mlp=-1093.7881 attn=-50.1374 div=4.4481
  [TIME] CE=303ms logic_reg=2646ms
  step   610/1000 (global=1110)  loss=5.2232  avg=7.2651  lr=0.000084  B=8  2152ms
  [WB] boundary=14/100  core_diff=2.6979  bin_diff=0.0311  ratio=86.65  prune_act=0.0000
  [WB] structure=7/12 (58%)  opp_sim=0.861
  [WB] NO BOUNDARY | CORE>BIN OK | PRUNE silent OK
  [LOGIC] mlp=-1093.8146 attn=-50.0822 div=4.5372
  [TIME] CE=188ms logic_reg=2686ms
  step   620/1000 (global=1120)  loss=7.4401  avg=7.2985  lr=0.000080  B=6  2152ms
  [WB] boundary=14/100  core_diff=2.6968  bin_diff=0.0312  ratio=86.50  prune_act=0.0000
  [WB] structure=7/12 (58%)  opp_sim=0.862
  [WB] NO BOUNDARY | CORE>BIN OK | PRUNE silent OK
  [LOGIC] mlp=-1093.8271 attn=-50.2095 div=4.5029
  [TIME] CE=128ms logic_reg=2614ms
  step   630/1000 (global=1130)  loss=6.8242  avg=7.2861  lr=0.000076  B=4  2153ms
  [WB] boundary=14/100  core_diff=2.6960  bin_diff=0.0310  ratio=87.07  prune_act=0.0000
  [WB] structure=7/12 (58%)  opp_sim=0.863
  [WB] NO BOUNDARY | CORE>BIN OK | PRUNE silent OK
  [LOGIC] mlp=-1093.3051 attn=-50.0244 div=4.5371
  [TIME] CE=266ms logic_reg=2620ms
  step   640/1000 (global=1140)  loss=9.4421  avg=7.2484  lr=0.000072  B=6  2154ms
  [WB] boundary=14/100  core_diff=2.6956  bin_diff=0.0308  ratio=87.56  prune_act=0.0000
  [WB] structure=7/12 (58%)  opp_sim=0.864
  [WB] NO BOUNDARY | CORE>BIN OK | PRUNE silent OK
  [LOGIC] mlp=-1093.9651 attn=-50.0281 div=4.6210
  [TIME] CE=253ms logic_reg=2671ms
  step   650/1000 (global=1150)  loss=6.9049  avg=7.3700  lr=0.000069  B=8  2155ms
  [WB] boundary=13/100  core_diff=2.6943  bin_diff=0.0308  ratio=87.38  prune_act=0.0000
  [WB] structure=7/12 (58%)  opp_sim=0.866
  [WB] NO BOUNDARY | CORE>BIN OK | PRUNE silent OK
[*] stateful inference started: window=9996, sinks=4, ctx=10240
[*] sliding window configured: W=9996, sinks=4 (effective context: 10000)
  [TRACE] "小": L0[||x||=2.33 C409(+516.82--10.20) B1332(+4017.84--62.31) P307(max0.000)] L3[||x||=3.03 C409(+296.11--13.62) B1332(+342.32--64.23) P307(max0.000)] L5[||x||=3.00 C409(+302.85--20.49) B1332(+3161.01--81.46) P307(max0.000)] | H=12.17/15 top3=264 297 289 
    [plan-I] step 1149 W_v approx_rank=19.9 (frob=12.02 max_row=0.60)
    [ortho] step 1149 L0 W_o off_diag=0.16 diag_dev=0.0283
    [plan-I] step 1149 W_v approx_rank=19.6 (frob=11.98 max_row=0.61)
    [ortho] step 1149 L1 W_o off_diag=0.16 diag_dev=0.0283
    [plan-I] step 1149 W_v approx_rank=20.1 (frob=12.15 max_row=0.61)
    [ortho] step 1149 L2 W_o off_diag=0.16 diag_dev=0.0283
    [plan-I] step 1149 W_v approx_rank=19.2 (frob=11.87 max_row=0.62)
    [ortho] step 1149 L3 W_o off_diag=0.16 diag_dev=0.0283
    [plan-I] step 1149 W_v approx_rank=19.6 (frob=11.91 max_row=0.61)
    [ortho] step 1149 L4 W_o off_diag=0.16 diag_dev=0.0282
    [plan-I] step 1149 W_v approx_rank=19.8 (frob=11.98 max_row=0.61)
    [ortho] step 1149 L5 W_o off_diag=0.16 diag_dev=0.0283
  [LOGIC] mlp=-1093.5002 attn=-49.9475 div=4.6471
  [TIME] CE=132ms logic_reg=2619ms
  step   660/1000 (global=1160)  loss=4.8304  avg=7.4667  lr=0.000065  B=4  2156ms
  [WB] boundary=13/100  core_diff=2.6922  bin_diff=0.0308  ratio=87.33  prune_act=0.0000
  [WB] structure=7/12 (58%)  opp_sim=0.866
  [WB] NO BOUNDARY | CORE>BIN OK | PRUNE silent OK
  [LOGIC] mlp=-1093.2673 attn=-50.0089 div=4.6008
  [TIME] CE=267ms logic_reg=2622ms
  step   670/1000 (global=1170)  loss=7.1072  avg=7.4410  lr=0.000061  B=6  2157ms
  [WB] boundary=13/100  core_diff=2.6903  bin_diff=0.0307  ratio=87.54  prune_act=0.0000
  [WB] structure=7/12 (58%)  opp_sim=0.867
  [WB] NO BOUNDARY | CORE>BIN OK | PRUNE silent OK
  [LOGIC] mlp=-1092.9795 attn=-50.0379 div=4.5586
  [TIME] CE=245ms logic_reg=2625ms
  step   680/1000 (global=1180)  loss=5.9051  avg=7.1990  lr=0.000058  B=8  2158ms
  [WB] boundary=13/100  core_diff=2.6876  bin_diff=0.0306  ratio=87.73  prune_act=0.0000
  [WB] structure=7/12 (58%)  opp_sim=0.867
  [WB] NO BOUNDARY | CORE>BIN OK | PRUNE silent OK
  [LOGIC] mlp=-1093.1473 attn=-49.9607 div=4.5496
  [TIME] CE=126ms logic_reg=2689ms
  step   690/1000 (global=1190)  loss=11.5700  avg=7.2545  lr=0.000054  B=4  2158ms
  [WB] boundary=13/100  core_diff=2.6851  bin_diff=0.0306  ratio=87.74  prune_act=0.0000
  [WB] structure=7/12 (58%)  opp_sim=0.868
  [WB] NO BOUNDARY | CORE>BIN OK | PRUNE silent OK
  [LOGIC] mlp=-1093.3658 attn=-49.8867 div=4.6093
  [TIME] CE=245ms logic_reg=2627ms
  step   700/1000 (global=1200)  loss=4.7674  avg=7.1436  lr=0.000051  B=8  2159ms
  [WB] boundary=13/100  core_diff=2.6832  bin_diff=0.0307  ratio=87.47  prune_act=0.0000
  [WB] structure=7/12 (58%)  opp_sim=0.869
  [WB] NO BOUNDARY | CORE>BIN OK | PRUNE silent OK
[*] stateful inference started: window=9996, sinks=4, ctx=10240
[*] sliding window configured: W=9996, sinks=4 (effective context: 10000)
  [TRACE] "热": L0[||x||=2.41 C409(+631.85--8.54) B1332(+3928.01--61.02) P307(max0.000)] L3[||x||=3.08 C409(+362.57--12.45) B1332(+341.64--64.29) P307(max0.000)] L5[||x||=3.00 C409(+358.21--17.83) B1332(+3078.65--80.86) P307(max0.000)] | H=12.53/15 top3=264 297 289 
    [plan-I] step 1199 W_v approx_rank=19.9 (frob=12.02 max_row=0.60)
    [ortho] step 1199 L0 W_o off_diag=0.16 diag_dev=0.0284
    [plan-I] step 1199 W_v approx_rank=19.6 (frob=11.98 max_row=0.61)
    [ortho] step 1199 L1 W_o off_diag=0.16 diag_dev=0.0284
    [plan-I] step 1199 W_v approx_rank=20.1 (frob=12.15 max_row=0.61)
    [ortho] step 1199 L2 W_o off_diag=0.16 diag_dev=0.0283
    [plan-I] step 1199 W_v approx_rank=19.2 (frob=11.87 max_row=0.62)
    [ortho] step 1199 L3 W_o off_diag=0.16 diag_dev=0.0283
    [plan-I] step 1199 W_v approx_rank=19.6 (frob=11.91 max_row=0.61)
    [ortho] step 1199 L4 W_o off_diag=0.16 diag_dev=0.0283
    [plan-I] step 1199 W_v approx_rank=19.8 (frob=11.98 max_row=0.61)
    [ortho] step 1199 L5 W_o off_diag=0.16 diag_dev=0.0283
  [LOGIC] mlp=-1093.3939 attn=-49.8653 div=4.6338
  [TIME] CE=253ms logic_reg=2611ms
  step   710/1000 (global=1210)  loss=6.2388  avg=7.2005  lr=0.000048  B=8  2159ms
  [WB] boundary=13/100  core_diff=2.6816  bin_diff=0.0307  ratio=87.24  prune_act=0.0000
  [WB] structure=7/12 (58%)  opp_sim=0.869
  [WB] NO BOUNDARY | CORE>BIN OK | PRUNE silent OK
  [LOGIC] mlp=-1093.2942 attn=-49.8141 div=4.6644
  [TIME] CE=328ms logic_reg=2710ms
  step   720/1000 (global=1220)  loss=7.4466  avg=7.1132  lr=0.000045  B=4  2160ms
  [WB] boundary=13/100  core_diff=2.6795  bin_diff=0.0307  ratio=87.16  prune_act=0.0000
  [WB] structure=7/12 (58%)  opp_sim=0.869
  [WB] NO BOUNDARY | CORE>BIN OK | PRUNE silent OK
  [LOGIC] mlp=-1092.7783 attn=-49.7887 div=4.6775
  [TIME] CE=128ms logic_reg=2602ms
  step   730/1000 (global=1230)  loss=7.5843  avg=7.2656  lr=0.000042  B=4  2160ms
  [WB] boundary=13/100  core_diff=2.6778  bin_diff=0.0307  ratio=87.36  prune_act=0.0000
  [WB] structure=7/12 (58%)  opp_sim=0.870
  [WB] NO BOUNDARY | CORE>BIN OK | PRUNE silent OK
  [LOGIC] mlp=-1092.9948 attn=-49.8383 div=4.6706
  [TIME] CE=64ms logic_reg=2597ms
  step   740/1000 (global=1240)  loss=3.9569  avg=7.1801  lr=0.000039  B=2  2160ms
  [WB] boundary=13/100  core_diff=2.6753  bin_diff=0.0306  ratio=87.54  prune_act=0.0000
  [WB] structure=7/12 (58%)  opp_sim=0.870
  [WB] NO BOUNDARY | CORE>BIN OK | PRUNE silent OK
  [LOGIC] mlp=-1091.3541 attn=-49.8935 div=4.6152
  [TIME] CE=63ms logic_reg=2595ms
  step   750/1000 (global=1250)  loss=10.5012  avg=7.1889  lr=0.000036  B=2  2160ms
  [WB] boundary=13/100  core_diff=2.6733  bin_diff=0.0304  ratio=87.83  prune_act=0.0000
  [WB] structure=7/12 (58%)  opp_sim=0.870
  [WB] NO BOUNDARY | CORE>BIN OK | PRUNE silent OK
[*] stateful inference started: window=9996, sinks=4, ctx=10240
[*] sliding window configured: W=9996, sinks=4 (effective context: 10000)
  [TRACE] "冷": L0[||x||=2.41 C409(+608.87--8.52) B1332(+3987.27--61.42) P307(max0.000)] L3[||x||=3.06 C409(+361.13--12.50) B1332(+353.45--63.97) P307(max0.000)] L5[||x||=3.00 C409(+344.69--18.70) B1332(+3089.40--79.64) P307(max0.000)] | H=12.37/15 top3=264 297 289 
    [plan-I] step 1249 W_v approx_rank=19.9 (frob=12.02 max_row=0.60)
    [ortho] step 1249 L0 W_o off_diag=0.16 diag_dev=0.0283
    [plan-I] step 1249 W_v approx_rank=19.6 (frob=11.98 max_row=0.61)
    [ortho] step 1249 L1 W_o off_diag=0.16 diag_dev=0.0283
    [plan-I] step 1249 W_v approx_rank=20.1 (frob=12.15 max_row=0.61)
    [ortho] step 1249 L2 W_o off_diag=0.16 diag_dev=0.0283
    [plan-I] step 1249 W_v approx_rank=19.2 (frob=11.87 max_row=0.62)
    [ortho] step 1249 L3 W_o off_diag=0.16 diag_dev=0.0283
    [plan-I] step 1249 W_v approx_rank=19.6 (frob=11.91 max_row=0.61)
    [ortho] step 1249 L4 W_o off_diag=0.16 diag_dev=0.0283
    [plan-I] step 1249 W_v approx_rank=19.8 (frob=11.98 max_row=0.61)
    [ortho] step 1249 L5 W_o off_diag=0.16 diag_dev=0.0283
  [LOGIC] mlp=-1092.8147 attn=-49.9152 div=4.6461
  [TIME] CE=228ms logic_reg=2681ms
  step   760/1000 (global=1260)  loss=5.9467  avg=7.1409  lr=0.000033  B=8  2160ms
  [WB] boundary=13/100  core_diff=2.6717  bin_diff=0.0303  ratio=88.10  prune_act=0.0000
  [WB] structure=7/12 (58%)  opp_sim=0.871
  [WB] NO BOUNDARY | CORE>BIN OK | PRUNE silent OK
  [LOGIC] mlp=-1092.9529 attn=-49.8240 div=4.6553
  [TIME] CE=128ms logic_reg=2707ms
  step   770/1000 (global=1270)  loss=8.6726  avg=7.2172  lr=0.000030  B=4  2160ms
  [WB] boundary=13/100  core_diff=2.6699  bin_diff=0.0303  ratio=88.13  prune_act=0.0000
  [WB] structure=7/12 (58%)  opp_sim=0.871
  [WB] NO BOUNDARY | CORE>BIN OK | PRUNE silent OK
  [LOGIC] mlp=-1092.8092 attn=-49.7474 div=4.6350
  [TIME] CE=173ms logic_reg=2645ms
  step   780/1000 (global=1280)  loss=6.2455  avg=7.1117  lr=0.000028  B=6  2160ms
  [WB] boundary=13/100  core_diff=2.6680  bin_diff=0.0303  ratio=88.16  prune_act=0.0000
  [WB] structure=7/12 (58%)  opp_sim=0.871
  [WB] NO BOUNDARY | CORE>BIN OK | PRUNE silent OK
  [LOGIC] mlp=-1092.6532 attn=-49.6566 div=4.6482
  [TIME] CE=226ms logic_reg=2682ms
  step   790/1000 (global=1290)  loss=6.5884  avg=7.1166  lr=0.000025  B=8  2160ms
  [WB] boundary=13/100  core_diff=2.6655  bin_diff=0.0303  ratio=88.07  prune_act=0.0000
  [WB] structure=7/12 (58%)  opp_sim=0.871
  [WB] NO BOUNDARY | CORE>BIN OK | PRUNE silent OK
  [TIME] CE=0ms logic_reg=0ms
  step   800/1000 (global=1300)  loss=0.0000  avg=7.0937  lr=0.000023  B=0  2156ms
  [WB] boundary=13/100  core_diff=2.6639  bin_diff=0.0303  ratio=88.04  prune_act=0.0000
  [WB] structure=7/12 (58%)  opp_sim=0.871
  [WB] NO BOUNDARY | CORE>BIN OK | PRUNE silent OK
[*] stateful inference started: window=9996, sinks=4, ctx=10240
[*] sliding window configured: W=9996, sinks=4 (effective context: 10000)
  [TRACE] "火": L0[||x||=2.43 C409(+619.55--8.42) B1332(+3952.39--62.42) P307(max0.000)] L3[||x||=3.07 C409(+371.38--12.63) B1332(+353.87--63.50) P307(max0.000)] L5[||x||=3.00 C409(+370.51--18.00) B1332(+3133.44--80.55) P307(max0.000)] | H=12.28/15 top3=264 297 269 
    [plan-I] step 1299 W_v approx_rank=19.9 (frob=12.02 max_row=0.60)
    [ortho] step 1299 L0 W_o off_diag=0.16 diag_dev=0.0288
    [plan-I] step 1299 W_v approx_rank=19.6 (frob=11.98 max_row=0.61)
    [ortho] step 1299 L1 W_o off_diag=0.16 diag_dev=0.0287
    [plan-I] step 1299 W_v approx_rank=20.1 (frob=12.15 max_row=0.61)
    [ortho] step 1299 L2 W_o off_diag=0.16 diag_dev=0.0288
    [plan-I] step 1299 W_v approx_rank=19.2 (frob=11.87 max_row=0.62)
    [ortho] step 1299 L3 W_o off_diag=0.16 diag_dev=0.0287
    [plan-I] step 1299 W_v approx_rank=19.6 (frob=11.91 max_row=0.61)
    [ortho] step 1299 L4 W_o off_diag=0.16 diag_dev=0.0288
    [plan-I] step 1299 W_v approx_rank=19.8 (frob=11.98 max_row=0.61)
    [ortho] step 1299 L5 W_o off_diag=0.16 diag_dev=0.0288
  [LOGIC] mlp=-1092.4122 attn=-49.5943 div=4.6578
  [TIME] CE=166ms logic_reg=2591ms
  step   810/1000 (global=1310)  loss=7.2527  avg=7.3061  lr=0.000021  B=6  2156ms
  [WB] boundary=13/100  core_diff=2.6622  bin_diff=0.0302  ratio=88.06  prune_act=0.0000
  [WB] structure=7/12 (58%)  opp_sim=0.871
  [WB] NO BOUNDARY | CORE>BIN OK | PRUNE silent OK
  [LOGIC] mlp=-1092.2018 attn=-49.5437 div=4.6614
  [TIME] CE=226ms logic_reg=2588ms
  step   820/1000 (global=1320)  loss=6.6741  avg=7.1624  lr=0.000019  B=8  2155ms
  [WB] boundary=13/100  core_diff=2.6602  bin_diff=0.0302  ratio=88.09  prune_act=0.0000
  [WB] structure=7/12 (58%)  opp_sim=0.872
  [WB] NO BOUNDARY | CORE>BIN OK | PRUNE silent OK
  [LOGIC] mlp=-1091.9801 attn=-49.4894 div=4.6608
  [TIME] CE=171ms logic_reg=2647ms
  step   830/1000 (global=1330)  loss=6.6547  avg=7.1577  lr=0.000017  B=6  2155ms
  [WB] boundary=13/100  core_diff=2.6581  bin_diff=0.0301  ratio=88.17  prune_act=0.0000
  [WB] structure=7/12 (58%)  opp_sim=0.872
  [WB] NO BOUNDARY | CORE>BIN OK | PRUNE silent OK
  [LOGIC] mlp=-1091.8112 attn=-49.4994 div=4.6502
  [TIME] CE=170ms logic_reg=2659ms
  step   840/1000 (global=1340)  loss=9.3576  avg=7.1364  lr=0.000015  B=6  2155ms
  [WB] boundary=13/100  core_diff=2.6563  bin_diff=0.0301  ratio=88.19  prune_act=0.0000
  [WB] structure=7/12 (58%)  opp_sim=0.872
  [WB] NO BOUNDARY | CORE>BIN OK | PRUNE silent OK
  [LOGIC] mlp=-1091.8927 attn=-49.4751 div=4.6593
  [TIME] CE=183ms logic_reg=2669ms
  step   850/1000 (global=1350)  loss=6.2482  avg=7.1446  lr=0.000013  B=6  2155ms
  [WB] boundary=13/100  core_diff=2.6545  bin_diff=0.0301  ratio=88.20  prune_act=0.0000
  [WB] structure=7/12 (58%)  opp_sim=0.872
  [WB] NO BOUNDARY | CORE>BIN OK | PRUNE silent OK
[*] stateful inference started: window=9996, sinks=4, ctx=10240
[*] sliding window configured: W=9996, sinks=4 (effective context: 10000)
  [TRACE] "水": L0[||x||=2.47 C409(+661.74--7.44) B1332(+3910.98--61.86) P307(max0.000)] L3[||x||=3.07 C409(+397.96--11.42) B1332(+348.40--64.54) P307(max0.000)] L5[||x||=3.00 C409(+380.86--17.06) B1332(+3054.03--80.64) P307(max0.000)] | H=12.13/15 top3=264 297 289 
    [plan-I] step 1349 W_v approx_rank=19.9 (frob=12.02 max_row=0.60)
    [ortho] step 1349 L0 W_o off_diag=0.16 diag_dev=0.0289
    [plan-I] step 1349 W_v approx_rank=19.6 (frob=11.98 max_row=0.61)
    [ortho] step 1349 L1 W_o off_diag=0.16 diag_dev=0.0289
    [plan-I] step 1349 W_v approx_rank=20.1 (frob=12.15 max_row=0.61)
    [ortho] step 1349 L2 W_o off_diag=0.16 diag_dev=0.0289
    [plan-I] step 1349 W_v approx_rank=19.2 (frob=11.87 max_row=0.62)
    [ortho] step 1349 L3 W_o off_diag=0.16 diag_dev=0.0289
    [plan-I] step 1349 W_v approx_rank=19.6 (frob=11.91 max_row=0.61)
    [ortho] step 1349 L4 W_o off_diag=0.16 diag_dev=0.0289
    [plan-I] step 1349 W_v approx_rank=19.8 (frob=11.98 max_row=0.61)
    [ortho] step 1349 L5 W_o off_diag=0.16 diag_dev=0.0289
  [DIVERSITY] max_cos=0.9472 n_collapsed=13/42 layers
  [LOGIC] mlp=-1091.8250 attn=-49.4440 div=4.6657
  [TIME] CE=118ms logic_reg=2668ms
  step   860/1000 (global=1360)  loss=4.3800  avg=6.8497  lr=0.000011  B=4  2152ms
  [WB] boundary=13/100  core_diff=2.6528  bin_diff=0.0301  ratio=88.19  prune_act=0.0000
  [WB] structure=7/12 (58%)  opp_sim=0.872
  [WB] NO BOUNDARY | CORE>BIN OK | PRUNE silent OK
  [DIVERSITY] max_cos=0.9473 n_collapsed=13/42 layers
  [LOGIC] mlp=-1091.5862 attn=-49.4119 div=4.6634
  [TIME] CE=121ms logic_reg=2702ms
  step   870/1000 (global=1370)  loss=6.2952  avg=6.9796  lr=0.000010  B=4  2152ms
  [WB] boundary=13/100  core_diff=2.6510  bin_diff=0.0301  ratio=88.06  prune_act=0.0000
  [WB] structure=7/12 (58%)  opp_sim=0.872
  [WB] NO BOUNDARY | CORE>BIN OK | PRUNE silent OK
  [LOGIC] mlp=-1091.2822 attn=-49.4282 div=4.6505
  [TIME] CE=174ms logic_reg=2612ms
  step   880/1000 (global=1380)  loss=5.0974  avg=6.8424  lr=0.000008  B=6  2149ms
  [WB] boundary=13/100  core_diff=2.6495  bin_diff=0.0301  ratio=88.16  prune_act=0.0000
  [WB] structure=7/12 (58%)  opp_sim=0.872
  [WB] NO BOUNDARY | CORE>BIN OK | PRUNE silent OK
  [LOGIC] mlp=-1091.3800 attn=-49.3940 div=4.6522
  [TIME] CE=237ms logic_reg=2675ms
  step   890/1000 (global=1390)  loss=10.0870  avg=6.9819  lr=0.000007  B=8  2149ms
  [WB] boundary=13/100  core_diff=2.6477  bin_diff=0.0300  ratio=88.24  prune_act=0.0000
  [WB] structure=7/12 (58%)  opp_sim=0.872
  [WB] NO BOUNDARY | CORE>BIN OK | PRUNE silent OK
  [LOGIC] mlp=-1091.2776 attn=-49.3483 div=4.6547
  [TIME] CE=237ms logic_reg=2631ms
  step   900/1000 (global=1400)  loss=5.6587  avg=6.8883  lr=0.000006  B=8  2149ms
  [WB] boundary=13/100  core_diff=2.6460  bin_diff=0.0300  ratio=88.34  prune_act=0.0000
  [WB] structure=7/12 (58%)  opp_sim=0.872
  [WB] NO BOUNDARY | CORE>BIN OK | PRUNE silent OK
[*] stateful inference started: window=9996, sinks=4, ctx=10240
[*] sliding window configured: W=9996, sinks=4 (effective context: 10000)
  [TRACE] "大": L0[||x||=2.44 C409(+631.92--8.46) B1332(+3906.26--61.93) P307(max0.000)] L3[||x||=3.07 C409(+366.04--12.17) B1332(+351.86--64.44) P307(max0.000)] L5[||x||=3.00 C409(+365.90--17.35) B1332(+3140.29--79.49) P307(max0.000)] | H=12.33/15 top3=264 297 269 
    [plan-I] step 1399 W_v approx_rank=19.9 (frob=12.02 max_row=0.60)
    [ortho] step 1399 L0 W_o off_diag=0.16 diag_dev=0.0289
    [plan-I] step 1399 W_v approx_rank=19.6 (frob=11.98 max_row=0.61)
    [ortho] step 1399 L1 W_o off_diag=0.16 diag_dev=0.0289
    [plan-I] step 1399 W_v approx_rank=20.1 (frob=12.15 max_row=0.61)
    [ortho] step 1399 L2 W_o off_diag=0.16 diag_dev=0.0289
    [plan-I] step 1399 W_v approx_rank=19.2 (frob=11.87 max_row=0.62)
    [ortho] step 1399 L3 W_o off_diag=0.16 diag_dev=0.0289
    [plan-I] step 1399 W_v approx_rank=19.6 (frob=11.91 max_row=0.61)
    [ortho] step 1399 L4 W_o off_diag=0.16 diag_dev=0.0290
    [plan-I] step 1399 W_v approx_rank=19.8 (frob=11.98 max_row=0.61)
    [ortho] step 1399 L5 W_o off_diag=0.16 diag_dev=0.0290
  [LOGIC] mlp=-1091.2108 attn=-49.3504 div=4.6480
  [TIME] CE=226ms logic_reg=2590ms
  step   910/1000 (global=1410)  loss=7.6811  avg=6.8299  lr=0.000005  B=8  2149ms
  [WB] boundary=13/100  core_diff=2.6443  bin_diff=0.0299  ratio=88.43  prune_act=0.0000
  [WB] structure=7/12 (58%)  opp_sim=0.872
  [WB] NO BOUNDARY | CORE>BIN OK | PRUNE silent OK
  [LOGIC] mlp=-1091.0817 attn=-49.3336 div=4.6466
  [TIME] CE=240ms logic_reg=2612ms
  step   920/1000 (global=1420)  loss=6.5309  avg=6.9264  lr=0.000004  B=8  2149ms
  [WB] boundary=13/100  core_diff=2.6426  bin_diff=0.0299  ratio=88.51  prune_act=0.0000
  [WB] structure=7/12 (58%)  opp_sim=0.872
  [WB] NO BOUNDARY | CORE>BIN OK | PRUNE silent OK
  [LOGIC] mlp=-1090.9475 attn=-49.3193 div=4.6445
  [TIME] CE=177ms logic_reg=2681ms
  step   930/1000 (global=1430)  loss=6.3181  avg=6.9608  lr=0.000003  B=6  2150ms
  [WB] boundary=13/100  core_diff=2.6409  bin_diff=0.0298  ratio=88.58  prune_act=0.0000
  [WB] structure=7/12 (58%)  opp_sim=0.873
  [WB] NO BOUNDARY | CORE>BIN OK | PRUNE silent OK
  [LOGIC] mlp=-1090.9052 attn=-49.2980 div=4.6469
  [TIME] CE=118ms logic_reg=2658ms
  step   940/1000 (global=1440)  loss=9.5836  avg=7.3042  lr=0.000002  B=4  2150ms
  [WB] boundary=13/100  core_diff=2.6392  bin_diff=0.0298  ratio=88.64  prune_act=0.0000
  [WB] structure=7/12 (58%)  opp_sim=0.873
  [WB] NO BOUNDARY | CORE>BIN OK | PRUNE silent OK
  [LOGIC] mlp=-1090.8151 attn=-49.2903 div=4.6451
  [TIME] CE=237ms logic_reg=2678ms
  step   950/1000 (global=1450)  loss=4.3682  avg=7.1747  lr=0.000001  B=8  2150ms
  [WB] boundary=13/100  core_diff=2.6377  bin_diff=0.0297  ratio=88.68  prune_act=0.0000
  [WB] structure=7/12 (58%)  opp_sim=0.873
  [WB] NO BOUNDARY | CORE>BIN OK | PRUNE silent OK
[*] stateful inference started: window=9996, sinks=4, ctx=10240
[*] sliding window configured: W=9996, sinks=4 (effective context: 10000)
  [TRACE] "小": L0[||x||=2.34 C409(+531.68--9.81) B1332(+4011.11--62.17) P307(max0.000)] L3[||x||=3.06 C409(+317.72--12.92) B1332(+350.65--64.71) P307(max0.000)] L5[||x||=3.00 C409(+313.86--19.61) B1332(+3128.83--80.93) P307(max0.000)] | H=12.40/15 top3=264 297 289 
    [plan-I] step 1449 W_v approx_rank=19.9 (frob=12.02 max_row=0.60)
    [ortho] step 1449 L0 W_o off_diag=0.16 diag_dev=0.0290
    [plan-I] step 1449 W_v approx_rank=19.6 (frob=11.98 max_row=0.61)
    [ortho] step 1449 L1 W_o off_diag=0.16 diag_dev=0.0290
    [plan-I] step 1449 W_v approx_rank=20.1 (frob=12.15 max_row=0.61)
    [ortho] step 1449 L2 W_o off_diag=0.16 diag_dev=0.0290
    [plan-I] step 1449 W_v approx_rank=19.2 (frob=11.87 max_row=0.62)
    [ortho] step 1449 L3 W_o off_diag=0.16 diag_dev=0.0290
    [plan-I] step 1449 W_v approx_rank=19.6 (frob=11.91 max_row=0.61)
    [ortho] step 1449 L4 W_o off_diag=0.16 diag_dev=0.0290
    [plan-I] step 1449 W_v approx_rank=19.8 (frob=11.98 max_row=0.61)
    [ortho] step 1449 L5 W_o off_diag=0.16 diag_dev=0.0290
  [LOGIC] mlp=-1090.6724 attn=-49.2870 div=4.6414
  [TIME] CE=119ms logic_reg=2648ms
  step   960/1000 (global=1460)  loss=7.9073  avg=7.1181  lr=0.000001  B=4  2150ms
  [WB] boundary=13/100  core_diff=2.6366  bin_diff=0.0297  ratio=88.77  prune_act=0.0000
  [WB] structure=7/12 (58%)  opp_sim=0.872
  [WB] NO BOUNDARY | CORE>BIN OK | PRUNE silent OK
  [LOGIC] mlp=-1090.5129 attn=-49.2843 div=4.6372
  [TIME] CE=175ms logic_reg=2630ms
  step   970/1000 (global=1470)  loss=4.1198  avg=7.0311  lr=0.000001  B=6  2150ms
  [WB] boundary=13/100  core_diff=2.6354  bin_diff=0.0297  ratio=88.86  prune_act=0.0000
  [WB] structure=7/12 (58%)  opp_sim=0.872
  [WB] NO BOUNDARY | CORE>BIN OK | PRUNE silent OK
  [LOGIC] mlp=-1090.3280 attn=-49.2764 div=4.6348
  [TIME] CE=232ms logic_reg=2587ms
  step   980/1000 (global=1480)  loss=7.0064  avg=7.1133  lr=0.000000  B=8  2150ms
  [WB] boundary=13/100  core_diff=2.6340  bin_diff=0.0296  ratio=88.92  prune_act=0.0000
  [WB] structure=7/12 (58%)  opp_sim=0.872
  [WB] NO BOUNDARY | CORE>BIN OK | PRUNE silent OK
  [LOGIC] mlp=-1090.0736 attn=-49.2759 div=4.6299
  [TIME] CE=170ms logic_reg=2600ms
  step   990/1000 (global=1490)  loss=7.8676  avg=7.1184  lr=0.000000  B=6  2151ms
  [WB] boundary=13/100  core_diff=2.6330  bin_diff=0.0296  ratio=88.97  prune_act=0.0000
  [WB] structure=7/12 (58%)  opp_sim=0.872
  [WB] NO BOUNDARY | CORE>BIN OK | PRUNE silent OK
  step   999/1000 (global=1499)  loss=6.0392  avg=7.1453  lr=0.000000  B=6  2150ms

[*] STE training done in 2149.8s (2149.8 ms/step)
[*] Best recent loss: 5.7721

[*] Saving trained weights to model.ste...
[*] Saved 163879960 bytes
=== Post-Training Whitebox Analysis (surface) ===

=== LAL Whitebox Probe (step checkpoint) ===
Model: 6L, 512 embd, 2048 mlp

--- Embedding Concept Boundary ---

        热  冷  大  小  上  下  亮  暗  重  轻  快  慢  湿  干
  热  +1.00 +0.87 +0.86 +0.88 +0.87 +0.87 +0.86 +0.87 +0.87 +0.87 +0.86 +0.88 +0.86 +0.88
  冷  +0.87 +1.00 +0.87 +0.89 +0.87 +0.87 +0.88 +0.87 +0.87 +0.88 +0.86 +0.87 +0.88 +0.87
  大  +0.86 +0.87 +1.00 +0.87 +0.85 +0.87 +0.87 +0.87 +0.85 +0.88 +0.84 +0.86 +0.86 +0.88
  小  +0.88 +0.89 +0.87 +1.00 +0.87 +0.88 +0.87 +0.88 +0.87 +0.87 +0.88 +0.88 +0.88 +0.88
  上  +0.87 +0.87 +0.85 +0.87 +1.00 +0.87 +0.86 +0.87 +0.86 +0.87 +0.85 +0.86 +0.86 +0.87
  下  +0.87 +0.87 +0.87 +0.88 +0.87 +1.00 +0.88 +0.88 +0.87 +0.88 +0.87 +0.88 +0.88 +0.89
  亮  +0.86 +0.88 +0.87 +0.87 +0.86 +0.88 +1.00 +0.87 +0.86 +0.88 +0.87 +0.86 +0.85 +0.87
  暗  +0.87 +0.87 +0.87 +0.88 +0.87 +0.88 +0.87 +1.00 +0.86 +0.88 +0.88 +0.87 +0.88 +0.89
  重  +0.87 +0.87 +0.85 +0.87 +0.86 +0.87 +0.86 +0.86 +1.00 +0.87 +0.86 +0.87 +0.88 +0.86
  轻  +0.87 +0.88 +0.88 +0.87 +0.87 +0.88 +0.88 +0.88 +0.87 +1.00 +0.87 +0.87 +0.88 +0.88
  快  +0.86 +0.86 +0.84 +0.88 +0.85 +0.87 +0.87 +0.88 +0.86 +0.87 +1.00 +0.87 +0.86 +0.88
  慢  +0.88 +0.87 +0.86 +0.88 +0.86 +0.88 +0.86 +0.87 +0.87 +0.87 +0.87 +1.00 +0.87 +0.88
  湿  +0.86 +0.88 +0.86 +0.88 +0.86 +0.88 +0.85 +0.88 +0.88 +0.88 +0.86 +0.87 +1.00 +0.88
  干  +0.88 +0.87 +0.88 +0.88 +0.87 +0.89 +0.87 +0.89 +0.86 +0.88 +0.88 +0.88 +0.88 +1.00

  Opposite pairs (boundary clarity):
    热 vs 冷: +0.8721 NONE
    大 vs 小: +0.8708 NONE
    上 vs 下: +0.8667 NONE
    亮 vs 暗: +0.8719 NONE
    重 vs 轻: +0.8691 NONE
    快 vs 慢: +0.8722 NONE
    湿 vs 干: +0.8836 NONE

  Boundary score: 13/100 (WEAK)

--- CORE Activation (simulated, layer 0) ---

  热 vs 冷: CORE diff=2.5727 act=2.0380 OK | BIN diff=0.0253 | PRUNE act=0.0000
  大 vs 小: CORE diff=2.6587 act=2.2092 OK | BIN diff=0.0380 | PRUNE act=0.0000
  上 vs 下: CORE diff=2.6294 act=2.0476 OK | BIN diff=0.0383 | PRUNE act=0.0000
  亮 vs 暗: CORE diff=2.6570 act=2.0598 OK | BIN diff=0.0245 | PRUNE act=0.0000
  重 vs 轻: CORE diff=2.6873 act=2.0333 OK | BIN diff=0.0246 | PRUNE act=0.0000
  快 vs 慢: CORE diff=2.6577 act=2.0722 OK | BIN diff=0.0243 | PRUNE act=0.0000
  湿 vs 干: CORE diff=2.5613 act=1.9193 OK | BIN diff=0.0320 | PRUNE act=0.0000

--- Weight Structure ---

  L0 mlp: CORE=0.9578 BIN=0.4079 PRUNE=0.0000 OK | attn: CORE=0.5770 BIN=0.5771 PRUNE=0.0000 X
  L1 mlp: CORE=0.9768 BIN=0.4107 PRUNE=0.0000 OK | attn: CORE=0.5774 BIN=0.5776 PRUNE=0.0000 X
  ... (layers 2-4) ...
  L5 mlp: CORE=0.6428 BIN=0.4089 PRUNE=0.0000 OK | attn: CORE=0.5760 BIN=0.5772 PRUNE=0.0000 X

  Structure: 58% OK (7/12)

--- Embedding Concept Boundary ---

        热  冷  大  小  上  下  亮  暗  重  轻  快  慢  湿  干
  热  +1.00 +0.87 +0.86 +0.88 +0.87 +0.87 +0.86 +0.87 +0.87 +0.87 +0.86 +0.88 +0.86 +0.88
  冷  +0.87 +1.00 +0.87 +0.89 +0.87 +0.87 +0.88 +0.87 +0.87 +0.88 +0.86 +0.87 +0.88 +0.87
  大  +0.86 +0.87 +1.00 +0.87 +0.85 +0.87 +0.87 +0.87 +0.85 +0.88 +0.84 +0.86 +0.86 +0.88
  小  +0.88 +0.89 +0.87 +1.00 +0.87 +0.88 +0.87 +0.88 +0.87 +0.87 +0.88 +0.88 +0.88 +0.88
  上  +0.87 +0.87 +0.85 +0.87 +1.00 +0.87 +0.86 +0.87 +0.86 +0.87 +0.85 +0.86 +0.86 +0.87
  下  +0.87 +0.87 +0.87 +0.88 +0.87 +1.00 +0.88 +0.88 +0.87 +0.88 +0.87 +0.88 +0.88 +0.89
  亮  +0.86 +0.88 +0.87 +0.87 +0.86 +0.88 +1.00 +0.87 +0.86 +0.88 +0.87 +0.86 +0.85 +0.87
  暗  +0.87 +0.87 +0.87 +0.88 +0.87 +0.88 +0.87 +1.00 +0.86 +0.88 +0.88 +0.87 +0.88 +0.89
  重  +0.87 +0.87 +0.85 +0.87 +0.86 +0.87 +0.86 +0.86 +1.00 +0.87 +0.86 +0.87 +0.88 +0.86
  轻  +0.87 +0.88 +0.88 +0.87 +0.87 +0.88 +0.88 +0.88 +0.87 +1.00 +0.87 +0.87 +0.88 +0.88
  快  +0.86 +0.86 +0.84 +0.88 +0.85 +0.87 +0.87 +0.88 +0.86 +0.87 +1.00 +0.87 +0.86 +0.88
  慢  +0.88 +0.87 +0.86 +0.88 +0.86 +0.88 +0.86 +0.87 +0.87 +0.87 +0.87 +1.00 +0.87 +0.88
  湿  +0.86 +0.88 +0.86 +0.88 +0.86 +0.88 +0.85 +0.88 +0.88 +0.88 +0.86 +0.87 +1.00 +0.88
  干  +0.88 +0.87 +0.88 +0.88 +0.87 +0.89 +0.87 +0.89 +0.86 +0.88 +0.88 +0.88 +0.88 +1.00

  Opposite pairs (boundary clarity):
    热 vs 冷: +0.8721 NONE
    大 vs 小: +0.8708 NONE
    上 vs 下: +0.8667 NONE
    亮 vs 暗: +0.8719 NONE
    重 vs 轻: +0.8691 NONE
    快 vs 慢: +0.8722 NONE
    湿 vs 干: +0.8836 NONE

  Boundary score: 13/100 (WEAK)

--- Concept Similarity (mid-layer weights) ---

  Embedding similarity:
        热  冷  大  小  上  下  亮  暗  重  轻  快  慢  湿  干
  热  +1.00 +0.87 +0.86 +0.88 +0.87 +0.87 +0.86 +0.87 +0.87 +0.87 +0.86 +0.88 +0.86 +0.88
  冷  +0.87 +1.00 +0.87 +0.89 +0.87 +0.87 +0.88 +0.87 +0.87 +0.88 +0.86 +0.87 +0.88 +0.87
  大  +0.86 +0.87 +1.00 +0.87 +0.85 +0.87 +0.87 +0.87 +0.85 +0.88 +0.84 +0.86 +0.86 +0.88
  小  +0.88 +0.89 +0.87 +1.00 +0.87 +0.88 +0.87 +0.88 +0.87 +0.87 +0.88 +0.88 +0.88 +0.88
  上  +0.87 +0.87 +0.85 +0.87 +1.00 +0.87 +0.86 +0.87 +0.86 +0.87 +0.85 +0.86 +0.86 +0.87
  下  +0.87 +0.87 +0.87 +0.88 +0.87 +1.00 +0.88 +0.88 +0.87 +0.88 +0.87 +0.88 +0.88 +0.89
  亮  +0.86 +0.88 +0.87 +0.87 +0.86 +0.88 +1.00 +0.87 +0.86 +0.88 +0.87 +0.86 +0.85 +0.87
  暗  +0.87 +0.87 +0.87 +0.88 +0.87 +0.88 +0.87 +1.00 +0.86 +0.88 +0.88 +0.87 +0.88 +0.89
  重  +0.87 +0.87 +0.85 +0.87 +0.86 +0.87 +0.86 +0.86 +1.00 +0.87 +0.86 +0.87 +0.88 +0.86
  轻  +0.87 +0.88 +0.88 +0.87 +0.87 +0.88 +0.88 +0.88 +0.87 +1.00 +0.87 +0.87 +0.88 +0.88
  快  +0.86 +0.86 +0.84 +0.88 +0.85 +0.87 +0.87 +0.88 +0.86 +0.87 +1.00 +0.87 +0.86 +0.88
  慢  +0.88 +0.87 +0.86 +0.88 +0.86 +0.88 +0.86 +0.87 +0.87 +0.87 +0.87 +1.00 +0.87 +0.88
  湿  +0.86 +0.88 +0.86 +0.88 +0.86 +0.88 +0.85 +0.88 +0.88 +0.88 +0.86 +0.87 +1.00 +0.88
  干  +0.88 +0.87 +0.88 +0.88 +0.87 +0.89 +0.87 +0.89 +0.86 +0.88 +0.88 +0.88 +0.88 +1.00


========================================
  DEEP WHITEBOX DIAGNOSIS
  (explaining WHY generation is garbage)
========================================

--- 1. Embedding Space Differentiation ---

  Embedding norms:
    热=1.384 冷=1.443 大=1.343 小=1.445 上=1.328 下=1.435 亮=1.358 暗=1.421 火=1.406 水=1.393 

  Avg cosine similarity:
    Opposite pairs (should be LOW):  0.8711
    Unrelated pairs (should be ~0):  0.8712
    Gap (unrelated - opposite):       0.0001  [FAIL] embeddings clustered — concepts not separated
           → generation will produce near-random tokens

--- 2. CORE Activation Magnitude ---

  Layer 0 mlp activation (for '热'):
    CORE  : max=3.1392 avg=2.0380  (n=409)
    BINARY: max=19.9377 avg=2.7559  (n=1332)
    CORE diff (热 vs 冷): 2.5727 (126.2% of avg)
    [OK]

--- 3. Weight Norm Layering (CORE > BINARY > PRUNE?) ---

  L0: CORE=0.9578 BIN=0.4079 PRUNE=0.0000  [OK layered]
  L1: CORE=0.9768 BIN=0.4107 PRUNE=0.0000  [OK layered]
  L2: CORE=0.8896 BIN=0.4670 PRUNE=0.0000  [OK layered]
  L3: CORE=0.7734 BIN=0.4079 PRUNE=0.0000  [OK layered]
  L4: CORE=0.6944 BIN=0.3732 PRUNE=0.0000  [OK layered]
  L5: CORE=0.6428 BIN=0.4089 PRUNE=0.0000  [OK layered]

--- 4. Logits Distribution (mode collapse check) ---

  Prompt '热' → top-5 next-token logits:
    token 264 '。' logit=8.7679
    token 297 '?' logit=7.5433
    token 289 '▁解' logit=6.5391
    token 269 '0' logit=5.9704
    token 261 ':' logit=5.7704

  Logit range: 11.3179 (max=8.7679 min=-2.5500)
  Softmax entropy: 12.7691 bits (uniform would be 15.00)
  [OK]

========================================
  DIAGNOSIS SUMMARY
========================================
  If generation is garbage, likely causes:
  1. Embeddings not spread (Section 1) → tokens sampled near-randomly
  2. CORE activation too weak (Section 2) → model can't distinguish inputs
  3. Weight norms not layered (Section 3) → logic mask is cosmetic
  4. Logits collapsed/flat (Section 4) → repetitive or random output
  Fix: train more steps, or increase logic_guided_regularization lr
========================================


========================================
  RELATION PROBE (concept relationships)
========================================

  relation          rel_sim  unrel_sim  score   status
  --------          -------  ---------  -----   ------
  fire→hot        +0.8751   +0.8718     +0.0033  WEAK
  water→cold      +0.8676   +0.8691     -0.0016  WEAK
  ice→cold        -0.0303   -0.0219     -0.0085  WEAK
  sun→bright      -0.0476   -0.0312     -0.0165  FAIL
  snow→cold       +0.8776   +0.8703     +0.0073  WEAK
  cat→animal      +0.0272   -0.0214     +0.0486  OK
  fish→animal     +0.8764   +0.8672     +0.0092  WEAK
  flower→plant    +0.8530   +0.8636     -0.0106  FAIL
  tree→plant      +0.8696   +0.8650     +0.0046  WEAK
  fire→red        +0.8637   +0.8628     +0.0008  WEAK
  water→blue      +0.8699   +0.8736     -0.0037  WEAK
  fire→light      +0.8617   +0.8658     -0.0041  WEAK
  rain→water      +0.8637   +0.8668     -0.0030  WEAK
  wind→cloud      +0.8706   +0.8853     -0.0148  FAIL

  Average:  rel_sim=0.6784  unrel_sim=0.6776  score=0.0008  (1/14 correct)

  [RELATION] WEAK — relations barely distinguishable from unrelated

  --- Layer-wise relation amplification (火→热 vs 火→冷) ---
  Layer    sim(火,热)  sim(火,冷)  gap     status
  -----    ----------  ----------  ---     ------
========================================

========================================
  LAYER-BY-LAYER COLLAPSE DIAGNOSIS
  (火 vs 水 — cosine similarity per layer)
========================================

Layer         cosine_sim    l2_dist       ||a||       
-----         ----------    -------       ------      
emb           0.958801      0.702768      2.445018    
L0            0.957735      0.872224      3.000001    
L1            0.956397      0.885927      3.000000    
L2            0.956427      0.897683      3.043088    
L3            0.944968      0.995278      3.000000    
L4            0.939198      1.046145      3.000000    
L5            0.942608      1.044623      3.089721    
final_ln      0.952381      (final_ln output)

  (1.0=identical, 0.0=orthogonal)

--- L0 Weight Check ---
  L0 norm1_w[0:5]: 1.1368 1.1288 1.0429 0.9603 0.9481 
  L0 norm1_w mean: 1.0617
  L0 norm1_b[0:5]: -0.0439 -0.1245 -0.0911 0.0105 -0.2320 

--- L0 Deep Diagnosis (norm1_out + V) ---
  embedding (火vs水) cosine: 0.958801  ||火||=2.4450 ||水||=2.4513
  norm1_out   (火vs水) cosine: 0.960650  ||火||=25.4893 ||水||=25.3588
  V=attn_v    (火vs水) cosine: 0.958845  ||火||=13.2528 ||水||=13.3196

  norm1_out 火 [0:5]: -1.4714 -3.0879 0.3140 0.5810 -0.7938 
  norm1_out 水 [0:5]: -1.6638 -2.5884 0.5576 0.5997 -0.3212 
  V 火        [0:5]: 0.9039 0.6790 -0.2454 -0.1775 -1.3206 
  V 水        [0:5]: 0.6704 0.8130 -0.3078 -0.1081 -0.9250 

  attn_q (QKV merged) weights: mean=-0.000005 min=-0.044194 max=0.044194 n=786432
  (如果 V 火vs水 cosine 高, 但 norm1_out cosine 低, 说明 W_v 把不同输入映射到相似输出)


[*] Done
