[*] Loaded 32768 vocab pieces from tokenizer/chinese_bpe.vocab
=== LAL STE Whitebox-Supervised Training ===

[*] Method: Straight-Through Estimator + CORE/BINARY/PRUNE Logic Guidance
[*]   forward:  CORE = w_float * core_gain * K     (精确计算)
[*]             BINARY = sign(w) * alpha * K       (二值符号)
[*]             PRUNE = 0                           (静默剪枝)
[*]   backward: STE through w_float (CORE+BINARY), PRUNE 无梯度
[*]   update:   Adam on w_float
[*] Logic Guidance (每步,全层):
[*]             CORE  → maximize |act(a) - act(b)|  (差异化反义词)
[*]             BINARY → minimize (act(a) - act(b))^2 (收敛共性)
[*]             PRUNE → skip (保持静默)
[*] Whitebox probe: every 10 steps observe CORE/BINARY/PRUNE circuit

[*] Loaded 69990 samples from data/general_64_bpe.bin
[*] Using Phase 2: Mature (12L/576d) (~50M params, vocab=32768)
[*] Generated Phase 2: Mature (12L/576d) weights: 12 layers, 576 embd, ~50M params
[*] Logic mask: Phase 2: Standard (20/70/10) (CORE=20% PRUNE=10%)
[*] loaded 148 tensors
[*] binarizing 12 layers (logic-guided)...
    [logic] CORE=345 (20%), BINARY=1211 (70%), PRUNE=172 (10%)
[*] done
[*] freed 48 weight tensors (191 MB) after binarization
[*] Model loaded: 12 layers, 576 embd, k_cache=YES


=== LAL STE Training (B=4, max_pos=64, steps=100, logic_lr=0.0020) ===
[*] STE: forward=sign(w), backward=w_float gradient
[*] Whitebox probe every 10 steps
[*] Semantic regularization every step

  step     0/100  loss=10.5504  avg=10.5504  lr=0.000020  B=16  11239ms
  [WB] boundary=82/100  core_diff=0.0254  bin_diff=0.0001  ratio=376.81  prune_act=0.0000
  [WB] structure=24/24 (100%)  opp_sim=0.180
  [WB] BOUNDARY OK | CORE>BIN OK | PRUNE silent OK
  [WB] boundary=82/100  core_diff=0.0254  bin_diff=0.0001  ratio=376.81  prune_act=0.0000
  [WB] structure=24/24 (100%)  opp_sim=0.180
  [WB] BOUNDARY OK | CORE>BIN OK | PRUNE silent OK
