[*] Loaded 32768 vocab pieces from tokenizer/chinese_bpe.vocab
=== LAL STE Whitebox-Supervised Training ===

[*] Method: Straight-Through Estimator + CORE/BINARY/PRUNE Logic Guidance
[*]   forward:  CORE = w_float * core_gain * K     (精确计算)
[*]             BINARY = sign(w) * alpha * K       (二值符号)
[*]             PRUNE = 0                           (静默剪枝)
[*]   backward: STE through w_float (CORE+BINARY), PRUNE 无梯度
[*]   update:   Adam on w_float
[*] Logic Guidance (每步,全层):
[*]             CORE  → maximize |act(a) - act(b)|  (差异化反义词)
[*]             BINARY → minimize (act(a) - act(b))^2 (收敛共性)
[*]             PRUNE → skip (保持静默)
[*] Whitebox probe: every 10 steps observe CORE/BINARY/PRUNE circuit

[*] Loaded 1946 samples from data/cognitive_bpe.bin
[*] Using Phase 0: Seed (8L/448d) (~22M params, vocab=32768)
[*] Generated Phase 0: Seed (8L/448d) weights: 8 layers, 448 embd, ~22M params
[*] Logic mask: Phase 0: Moderate (15/60/25) (CORE=15% PRUNE=25%)
[*] loaded 100 tensors
[*] binarizing 8 layers (logic-guided)...
    [logic] CORE=201 (15%), BINARY=807 (60%), PRUNE=336 (25%)
[*] done
[*] freed 32 weight tensors (77 MB) after binarization
[*] Model loaded: 8 layers, 448 embd, k_cache=YES
[*] Resuming from model.ste...
[*] Resumed weights loaded successfully


=== LAL STE Training (B=4, max_pos=64, steps=200, logic_lr=0.0020) ===
[*] STE: forward=sign(w), backward=w_float gradient
[*] Whitebox probe every 10 steps
[*] Semantic regularization every step

  step     0/200  loss=8.3624  avg=8.3624  lr=0.000006  B=4  736ms
  [WB] boundary=82/100  core_diff=0.2542  bin_diff=0.0001  ratio=2174.76  prune_act=0.0000
  [WB] structure=7/16 (44%)  opp_sim=0.177
  [WB] BOUNDARY OK | CORE>BIN OK | PRUNE silent OK
  [WB] boundary=82/100  core_diff=0.2542  bin_diff=0.0001  ratio=2174.76  prune_act=0.0000
  [WB] structure=7/16 (44%)  opp_sim=0.177
  [WB] BOUNDARY OK | CORE>BIN OK | PRUNE silent OK
  step    10/200  loss=9.7189  avg=4.8516  lr=0.000066  B=4  462ms
  [WB] boundary=82/100  core_diff=0.2563  bin_diff=0.0001  ratio=2191.09  prune_act=0.0000
  [WB] structure=7/16 (44%)  opp_sim=0.178
  [WB] BOUNDARY OK | CORE>BIN OK | PRUNE silent OK
  [WB] boundary=82/100  core_diff=0.2563  bin_diff=0.0001  ratio=2191.09  prune_act=0.0000
  [WB] structure=7/16 (44%)  opp_sim=0.178
  [WB] BOUNDARY OK | CORE>BIN OK | PRUNE silent OK
  step    20/200  loss=0.0000  avg=2.9399  lr=0.000126  B=0  280ms
  [WB] boundary=82/100  core_diff=0.2575  bin_diff=0.0001  ratio=2200.36  prune_act=0.0000
  [WB] structure=7/16 (44%)  opp_sim=0.178
  [WB] BOUNDARY OK | CORE>BIN OK | PRUNE silent OK
  [WB] boundary=82/100  core_diff=0.2575  bin_diff=0.0001  ratio=2200.36  prune_act=0.0000
  [WB] structure=7/16 (44%)  opp_sim=0.178
  [WB] BOUNDARY OK | CORE>BIN OK | PRUNE silent OK
  step    30/200  loss=8.9403  avg=3.7178  lr=0.000186  B=4  372ms
  [WB] boundary=82/100  core_diff=0.2736  bin_diff=0.0001  ratio=2325.45  prune_act=0.0000
  [WB] structure=7/16 (44%)  opp_sim=0.178
  [WB] BOUNDARY OK | CORE>BIN OK | PRUNE silent OK
  [WB] boundary=82/100  core_diff=0.2736  bin_diff=0.0001  ratio=2325.45  prune_act=0.0000
  [WB] structure=7/16 (44%)  opp_sim=0.178
  [WB] BOUNDARY OK | CORE>BIN OK | PRUNE silent OK
  step    40/200  loss=0.0000  avg=3.2588  lr=0.000246  B=0  333ms
  [WB] boundary=82/100  core_diff=0.2820  bin_diff=0.0001  ratio=2389.73  prune_act=0.0000
  [WB] structure=7/16 (44%)  opp_sim=0.178
  [WB] BOUNDARY OK | CORE>BIN OK | PRUNE silent OK
  [WB] boundary=82/100  core_diff=0.2820  bin_diff=0.0001  ratio=2389.73  prune_act=0.0000
  [WB] structure=7/16 (44%)  opp_sim=0.178
  [WB] BOUNDARY OK | CORE>BIN OK | PRUNE silent OK
  step    50/200  loss=0.0000  avg=3.1102  lr=0.000300  B=0  309ms
  [WB] boundary=82/100  core_diff=0.3005  bin_diff=0.0001  ratio=2529.86  prune_act=0.0000
  [WB] structure=7/16 (44%)  opp_sim=0.178
  [WB] BOUNDARY OK | CORE>BIN OK | PRUNE silent OK
  [WB] boundary=82/100  core_diff=0.3005  bin_diff=0.0001  ratio=2529.86  prune_act=0.0000
  [WB] structure=7/16 (44%)  opp_sim=0.178
  [WB] BOUNDARY OK | CORE>BIN OK | PRUNE silent OK
[*] stateful inference started: window=256, sinks=4, ctx=512
[*] sliding window configured: W=256, sinks=4 (effective context: 260)
  [TRACE] "冷": L0[||x||=0.86 C268(+41814.89--1.06) B1076(+805.29--55.80) P448(max0.000)] L4[||x||=211.66 C268(+29556.34--2.40) B1076(+153.53--53.48) P448(max0.000)] L7[||x||=211.66 C268(+31853.69--0.89) B1076(+158.25--46.78) P448(max0.000)] | H=14.71/15 top3=0x7C75 0x7C90 0xEB 
  step    60/200  loss=0.0000  avg=3.3295  lr=0.000297  B=0  305ms
  [WB] boundary=82/100  core_diff=0.2710  bin_diff=0.0001  ratio=2215.19  prune_act=0.0000
  [WB] structure=7/16 (44%)  opp_sim=0.179
  [WB] BOUNDARY OK | CORE>BIN OK | PRUNE silent OK
  [WB] boundary=82/100  core_diff=0.2710  bin_diff=0.0001  ratio=2215.19  prune_act=0.0000
  [WB] structure=7/16 (44%)  opp_sim=0.179
  [WB] BOUNDARY OK | CORE>BIN OK | PRUNE silent OK
  step    70/200  loss=0.0000  avg=3.3681  lr=0.000287  B=0  295ms
  [WB] boundary=82/100  core_diff=0.2737  bin_diff=0.0001  ratio=2216.08  prune_act=0.0000
  [WB] structure=6/16 (38%)  opp_sim=0.179
  [WB] BOUNDARY OK | CORE>BIN OK | PRUNE silent OK
  [WB] boundary=82/100  core_diff=0.2737  bin_diff=0.0001  ratio=2216.08  prune_act=0.0000
  [WB] structure=6/16 (38%)  opp_sim=0.179
  [WB] BOUNDARY OK | CORE>BIN OK | PRUNE silent OK
  step    80/200  loss=9.3752  avg=3.3657  lr=0.000271  B=4  282ms
  [WB] boundary=82/100  core_diff=0.2758  bin_diff=0.0001  ratio=2213.87  prune_act=0.0000
  [WB] structure=6/16 (38%)  opp_sim=0.179
  [WB] BOUNDARY OK | CORE>BIN OK | PRUNE silent OK
  [WB] boundary=82/100  core_diff=0.2758  bin_diff=0.0001  ratio=2213.87  prune_act=0.0000
  [WB] structure=6/16 (38%)  opp_sim=0.179
  [WB] BOUNDARY OK | CORE>BIN OK | PRUNE silent OK
  step    90/200  loss=0.0000  avg=3.9556  lr=0.000250  B=0  285ms
  [WB] boundary=82/100  core_diff=0.2790  bin_diff=0.0001  ratio=2211.33  prune_act=0.0000
  [WB] structure=6/16 (38%)  opp_sim=0.179
  [WB] BOUNDARY OK | CORE>BIN OK | PRUNE silent OK
  [WB] boundary=82/100  core_diff=0.2790  bin_diff=0.0001  ratio=2211.33  prune_act=0.0000
  [WB] structure=6/16 (38%)  opp_sim=0.179
  [WB] BOUNDARY OK | CORE>BIN OK | PRUNE silent OK
  step   100/200  loss=0.0000  avg=3.3981  lr=0.000225  B=0  267ms
  [WB] boundary=82/100  core_diff=0.2799  bin_diff=0.0001  ratio=2208.78  prune_act=0.0000
  [WB] structure=6/16 (38%)  opp_sim=0.179
  [WB] BOUNDARY OK | CORE>BIN OK | PRUNE silent OK
  [WB] boundary=82/100  core_diff=0.2799  bin_diff=0.0001  ratio=2208.78  prune_act=0.0000
  [WB] structure=6/16 (38%)  opp_sim=0.179
  [WB] BOUNDARY OK | CORE>BIN OK | PRUNE silent OK
[*] stateful inference started: window=256, sinks=4, ctx=512
[*] sliding window configured: W=256, sinks=4 (effective context: 260)
  [TRACE] "火": L0[||x||=0.80 C268(+33880.24--1.65) B1076(+684.54--52.02) P448(max0.000)] L4[||x||=211.66 C268(+30938.14--2.00) B1076(+166.28--55.34) P448(max0.000)] L7[||x||=211.66 C268(+35644.27--0.37) B1076(+174.68--49.21) P448(max0.000)] | H=14.70/15 top3=0x7C90 0x7C75 0xEB 
  step   110/200  loss=9.0337  avg=4.0049  lr=0.000196  B=4  271ms
  [WB] boundary=82/100  core_diff=0.2832  bin_diff=0.0001  ratio=2208.19  prune_act=0.0000
  [WB] structure=6/16 (38%)  opp_sim=0.179
  [WB] BOUNDARY OK | CORE>BIN OK | PRUNE silent OK
  [WB] boundary=82/100  core_diff=0.2832  bin_diff=0.0001  ratio=2208.19  prune_act=0.0000
  [WB] structure=6/16 (38%)  opp_sim=0.179
  [WB] BOUNDARY OK | CORE>BIN OK | PRUNE silent OK
  step   120/200  loss=0.0000  avg=3.7838  lr=0.000166  B=0  259ms
  [WB] boundary=82/100  core_diff=0.2843  bin_diff=0.0001  ratio=2207.43  prune_act=0.0000
  [WB] structure=6/16 (38%)  opp_sim=0.179
  [WB] BOUNDARY OK | CORE>BIN OK | PRUNE silent OK
  [WB] boundary=82/100  core_diff=0.2843  bin_diff=0.0001  ratio=2207.43  prune_act=0.0000
  [WB] structure=6/16 (38%)  opp_sim=0.179
  [WB] BOUNDARY OK | CORE>BIN OK | PRUNE silent OK
  step   130/200  loss=0.0000  avg=3.0606  lr=0.000134  B=0  240ms
  [WB] boundary=82/100  core_diff=0.2843  bin_diff=0.0001  ratio=2207.43  prune_act=0.0000
  [WB] structure=6/16 (38%)  opp_sim=0.179
  [WB] BOUNDARY OK | CORE>BIN OK | PRUNE silent OK
  [WB] boundary=82/100  core_diff=0.2843  bin_diff=0.0001  ratio=2207.43  prune_act=0.0000
  [WB] structure=6/16 (38%)  opp_sim=0.179
  [WB] BOUNDARY OK | CORE>BIN OK | PRUNE silent OK
  step   140/200  loss=9.0483  avg=3.3453  lr=0.000104  B=8  245ms
  [WB] boundary=82/100  core_diff=0.2855  bin_diff=0.0001  ratio=2203.94  prune_act=0.0000
  [WB] structure=6/16 (38%)  opp_sim=0.179
  [WB] BOUNDARY OK | CORE>BIN OK | PRUNE silent OK
  [WB] boundary=82/100  core_diff=0.2855  bin_diff=0.0001  ratio=2203.94  prune_act=0.0000
  [WB] structure=6/16 (38%)  opp_sim=0.179
  [WB] BOUNDARY OK | CORE>BIN OK | PRUNE silent OK
  step   150/200  loss=0.0000  avg=2.9135  lr=0.000075  B=0  237ms
  [WB] boundary=82/100  core_diff=0.2858  bin_diff=0.0001  ratio=2202.65  prune_act=0.0000
  [WB] structure=6/16 (38%)  opp_sim=0.179
  [WB] BOUNDARY OK | CORE>BIN OK | PRUNE silent OK
  [WB] boundary=82/100  core_diff=0.2858  bin_diff=0.0001  ratio=2202.65  prune_act=0.0000
  [WB] structure=6/16 (38%)  opp_sim=0.179
  [WB] BOUNDARY OK | CORE>BIN OK | PRUNE silent OK
[*] stateful inference started: window=256, sinks=4, ctx=512
[*] sliding window configured: W=256, sinks=4 (effective context: 260)
  [TRACE] "水": L0[||x||=0.82 C268(+38533.61--1.34) B1076(+812.66--54.24) P448(max0.000)] L4[||x||=211.66 C268(+31186.71--1.92) B1076(+168.89--55.91) P448(max0.000)] L7[||x||=211.66 C268(+36162.72--0.37) B1076(+178.87--49.94) P448(max0.000)] | H=14.70/15 top3=0x7C90 0x7C75 0xEB 
  step   160/200  loss=0.0000  avg=2.5703  lr=0.000050  B=0  232ms
  [WB] boundary=82/100  core_diff=0.2860  bin_diff=0.0001  ratio=2201.63  prune_act=0.0000
  [WB] structure=6/16 (38%)  opp_sim=0.180
  [WB] BOUNDARY OK | CORE>BIN OK | PRUNE silent OK
  [WB] boundary=82/100  core_diff=0.2860  bin_diff=0.0001  ratio=2201.63  prune_act=0.0000
  [WB] structure=6/16 (38%)  opp_sim=0.180
  [WB] BOUNDARY OK | CORE>BIN OK | PRUNE silent OK
  step   170/200  loss=11.0093  avg=2.8838  lr=0.000029  B=4  234ms
  [WB] boundary=82/100  core_diff=0.2861  bin_diff=0.0001  ratio=2200.10  prune_act=0.0000
  [WB] structure=6/16 (38%)  opp_sim=0.180
  [WB] BOUNDARY OK | CORE>BIN OK | PRUNE silent OK
  [WB] boundary=82/100  core_diff=0.2861  bin_diff=0.0001  ratio=2200.10  prune_act=0.0000
  [WB] structure=6/16 (38%)  opp_sim=0.180
  [WB] BOUNDARY OK | CORE>BIN OK | PRUNE silent OK
  step   180/200  loss=7.6818  avg=2.5684  lr=0.000013  B=4  229ms
  [WB] boundary=82/100  core_diff=0.2862  bin_diff=0.0001  ratio=2199.95  prune_act=0.0000
  [WB] structure=6/16 (38%)  opp_sim=0.180
  [WB] BOUNDARY OK | CORE>BIN OK | PRUNE silent OK
  [WB] boundary=82/100  core_diff=0.2862  bin_diff=0.0001  ratio=2199.95  prune_act=0.0000
  [WB] structure=6/16 (38%)  opp_sim=0.180
  [WB] BOUNDARY OK | CORE>BIN OK | PRUNE silent OK
  step   190/200  loss=7.7971  avg=3.2098  lr=0.000003  B=4  229ms
  [WB] boundary=82/100  core_diff=0.2862  bin_diff=0.0001  ratio=2199.71  prune_act=0.0000
  [WB] structure=6/16 (38%)  opp_sim=0.180
  [WB] BOUNDARY OK | CORE>BIN OK | PRUNE silent OK
  [WB] boundary=82/100  core_diff=0.2862  bin_diff=0.0001  ratio=2199.71  prune_act=0.0000
  [WB] structure=6/16 (38%)  opp_sim=0.180
  [WB] BOUNDARY OK | CORE>BIN OK | PRUNE silent OK
  step   199/200  loss=0.0000  avg=3.2167  lr=0.000000  B=0  226ms

[*] STE training done in 45.2s (226.1 ms/step)
[*] Best recent loss: 2.5684

[*] Saving trained weights to model_600.ste...
[*] Saved 136141844 bytes
=== Post-Training Whitebox Analysis (surface) ===

=== LAL Whitebox Probe (step checkpoint) ===
Model: 8L, 448 embd, 1792 mlp

--- Embedding Concept Boundary ---

        热  冷  大  小  上  下  亮  暗  重  轻  快  慢  湿  干
  热  +1.00 +0.06 -0.01 +0.06 +0.03 +0.09 -0.03 +0.02 +0.04 +0.03 +0.03 -0.00 +0.07 +0.07
  冷  +0.06 +1.00 +0.31 +0.39 +0.02 +0.02 +0.03 -0.03 -0.02 +0.11 +0.35 +0.05 -0.01 +0.33
  大  -0.01 +0.31 +1.00 +0.29 +0.00 +0.05 +0.05 -0.06 +0.04 -0.04 +0.35 -0.05 -0.08 +0.30
  小  +0.06 +0.39 +0.29 +1.00 +0.02 +0.04 +0.03 -0.06 -0.02 -0.06 +0.38 +0.00 +0.00 +0.34
  上  +0.03 +0.02 +0.00 +0.02 +1.00 +0.64 +0.27 -0.08 +0.06 -0.04 +0.01 -0.06 -0.05 +0.05
  下  +0.09 +0.02 +0.05 +0.04 +0.64 +1.00 +0.28 -0.10 -0.02 +0.02 +0.05 -0.06 -0.04 +0.01
  亮  -0.03 +0.03 +0.05 +0.03 +0.27 +0.28 +1.00 -0.05 +0.13 +0.06 +0.04 +0.04 -0.04 -0.01
  暗  +0.02 -0.03 -0.06 -0.06 -0.08 -0.10 -0.05 +1.00 +0.07 +0.02 -0.09 +0.34 +0.33 -0.03
  重  +0.04 -0.02 +0.04 -0.02 +0.06 -0.02 +0.13 +0.07 +1.00 +0.07 -0.06 +0.09 +0.02 -0.03
  轻  +0.03 +0.11 -0.04 -0.06 -0.04 +0.02 +0.06 +0.02 +0.07 +1.00 +0.01 +0.07 +0.03 -0.06
  快  +0.03 +0.35 +0.35 +0.38 +0.01 +0.05 +0.04 -0.09 -0.06 +0.01 +1.00 -0.07 +0.25 +0.27
  慢  -0.00 +0.05 -0.05 +0.00 -0.06 -0.06 +0.04 +0.34 +0.09 +0.07 -0.07 +1.00 +0.29 -0.03
  湿  +0.07 -0.01 -0.08 +0.00 -0.05 -0.04 -0.04 +0.33 +0.02 +0.03 +0.25 +0.29 +1.00 +0.31
  干  +0.07 +0.33 +0.30 +0.34 +0.05 +0.01 -0.01 -0.03 -0.03 -0.06 +0.27 -0.03 +0.31 +1.00

  Opposite pairs (boundary clarity):
    热 vs 冷: +0.0582 CLEAR
    大 vs 小: +0.2948 CLEAR
    上 vs 下: +0.6428 weak
    亮 vs 暗: -0.0451 CLEAR
    重 vs 轻: +0.0669 CLEAR
    快 vs 慢: -0.0657 CLEAR
    湿 vs 干: +0.3060 weak

  Boundary score: 82/100 (STRONG)

--- CORE Activation (simulated, layer 0) ---

  热 vs 冷: CORE diff=0.6408 act=0.1577 OK | BIN diff=0.0002 | PRUNE act=0.0000
  大 vs 小: CORE diff=0.1771 act=0.5339 OK | BIN diff=0.0001 | PRUNE act=0.0000
  上 vs 下: CORE diff=0.1107 act=0.0363 OK | BIN diff=0.0001 | PRUNE act=0.0000
  亮 vs 暗: CORE diff=0.5070 act=0.1642 OK | BIN diff=0.0002 | PRUNE act=0.0000
  重 vs 轻: CORE diff=0.4044 act=0.4506 OK | BIN diff=0.0002 | PRUNE act=0.0000
  快 vs 慢: CORE diff=0.0418 act=0.2370 OK | BIN diff=0.0001 | PRUNE act=0.0000
  湿 vs 干: CORE diff=0.1218 act=0.0519 OK | BIN diff=0.0001 | PRUNE act=0.0000

--- Weight Structure ---

  L0 mlp: CORE=2.3012 BIN=2.2919 PRUNE=2.2104 OK | attn: CORE=0.5356 BIN=0.5238 PRUNE=0.5090 OK
  L1 mlp: CORE=1.4182 BIN=1.4496 PRUNE=1.4748 X | attn: CORE=0.6577 BIN=0.6438 PRUNE=0.5980 OK
  ... (layers 2-6) ...
  L7 mlp: CORE=1.1495 BIN=1.1459 PRUNE=0.9866 OK | attn: CORE=1.2258 BIN=0.9842 PRUNE=1.0140 X

  Structure: 38% OK (6/16)

--- Embedding Concept Boundary ---

        热  冷  大  小  上  下  亮  暗  重  轻  快  慢  湿  干
  热  +1.00 +0.06 -0.01 +0.06 +0.03 +0.09 -0.03 +0.02 +0.04 +0.03 +0.03 -0.00 +0.07 +0.07
  冷  +0.06 +1.00 +0.31 +0.39 +0.02 +0.02 +0.03 -0.03 -0.02 +0.11 +0.35 +0.05 -0.01 +0.33
  大  -0.01 +0.31 +1.00 +0.29 +0.00 +0.05 +0.05 -0.06 +0.04 -0.04 +0.35 -0.05 -0.08 +0.30
  小  +0.06 +0.39 +0.29 +1.00 +0.02 +0.04 +0.03 -0.06 -0.02 -0.06 +0.38 +0.00 +0.00 +0.34
  上  +0.03 +0.02 +0.00 +0.02 +1.00 +0.64 +0.27 -0.08 +0.06 -0.04 +0.01 -0.06 -0.05 +0.05
  下  +0.09 +0.02 +0.05 +0.04 +0.64 +1.00 +0.28 -0.10 -0.02 +0.02 +0.05 -0.06 -0.04 +0.01
  亮  -0.03 +0.03 +0.05 +0.03 +0.27 +0.28 +1.00 -0.05 +0.13 +0.06 +0.04 +0.04 -0.04 -0.01
  暗  +0.02 -0.03 -0.06 -0.06 -0.08 -0.10 -0.05 +1.00 +0.07 +0.02 -0.09 +0.34 +0.33 -0.03
  重  +0.04 -0.02 +0.04 -0.02 +0.06 -0.02 +0.13 +0.07 +1.00 +0.07 -0.06 +0.09 +0.02 -0.03
  轻  +0.03 +0.11 -0.04 -0.06 -0.04 +0.02 +0.06 +0.02 +0.07 +1.00 +0.01 +0.07 +0.03 -0.06
  快  +0.03 +0.35 +0.35 +0.38 +0.01 +0.05 +0.04 -0.09 -0.06 +0.01 +1.00 -0.07 +0.25 +0.27
  慢  -0.00 +0.05 -0.05 +0.00 -0.06 -0.06 +0.04 +0.34 +0.09 +0.07 -0.07 +1.00 +0.29 -0.03
  湿  +0.07 -0.01 -0.08 +0.00 -0.05 -0.04 -0.04 +0.33 +0.02 +0.03 +0.25 +0.29 +1.00 +0.31
  干  +0.07 +0.33 +0.30 +0.34 +0.05 +0.01 -0.01 -0.03 -0.03 -0.06 +0.27 -0.03 +0.31 +1.00

  Opposite pairs (boundary clarity):
    热 vs 冷: +0.0582 CLEAR
    大 vs 小: +0.2948 CLEAR
    上 vs 下: +0.6428 weak
    亮 vs 暗: -0.0451 CLEAR
    重 vs 轻: +0.0669 CLEAR
    快 vs 慢: -0.0657 CLEAR
    湿 vs 干: +0.3060 weak

  Boundary score: 82/100 (STRONG)

--- Concept Similarity (mid-layer weights) ---

  Embedding similarity:
        热  冷  大  小  上  下  亮  暗  重  轻  快  慢  湿  干
  热  +1.00 +0.06 -0.01 +0.06 +0.03 +0.09 -0.03 +0.02 +0.04 +0.03 +0.03 -0.00 +0.07 +0.07
  冷  +0.06 +1.00 +0.31 +0.39 +0.02 +0.02 +0.03 -0.03 -0.02 +0.11 +0.35 +0.05 -0.01 +0.33
  大  -0.01 +0.31 +1.00 +0.29 +0.00 +0.05 +0.05 -0.06 +0.04 -0.04 +0.35 -0.05 -0.08 +0.30
  小  +0.06 +0.39 +0.29 +1.00 +0.02 +0.04 +0.03 -0.06 -0.02 -0.06 +0.38 +0.00 +0.00 +0.34
  上  +0.03 +0.02 +0.00 +0.02 +1.00 +0.64 +0.27 -0.08 +0.06 -0.04 +0.01 -0.06 -0.05 +0.05
  下  +0.09 +0.02 +0.05 +0.04 +0.64 +1.00 +0.28 -0.10 -0.02 +0.02 +0.05 -0.06 -0.04 +0.01
  亮  -0.03 +0.03 +0.05 +0.03 +0.27 +0.28 +1.00 -0.05 +0.13 +0.06 +0.04 +0.04 -0.04 -0.01
  暗  +0.02 -0.03 -0.06 -0.06 -0.08 -0.10 -0.05 +1.00 +0.07 +0.02 -0.09 +0.34 +0.33 -0.03
  重  +0.04 -0.02 +0.04 -0.02 +0.06 -0.02 +0.13 +0.07 +1.00 +0.07 -0.06 +0.09 +0.02 -0.03
  轻  +0.03 +0.11 -0.04 -0.06 -0.04 +0.02 +0.06 +0.02 +0.07 +1.00 +0.01 +0.07 +0.03 -0.06
  快  +0.03 +0.35 +0.35 +0.38 +0.01 +0.05 +0.04 -0.09 -0.06 +0.01 +1.00 -0.07 +0.25 +0.27
  慢  -0.00 +0.05 -0.05 +0.00 -0.06 -0.06 +0.04 +0.34 +0.09 +0.07 -0.07 +1.00 +0.29 -0.03
  湿  +0.07 -0.01 -0.08 +0.00 -0.05 -0.04 -0.04 +0.33 +0.02 +0.03 +0.25 +0.29 +1.00 +0.31
  干  +0.07 +0.33 +0.30 +0.34 +0.05 +0.01 -0.01 -0.03 -0.03 -0.06 +0.27 -0.03 +0.31 +1.00


========================================
  DEEP WHITEBOX DIAGNOSIS
  (explaining WHY generation is garbage)
========================================

--- 1. Embedding Space Differentiation ---

  Embedding norms:
    热=0.326 冷=0.351 大=0.340 小=0.343 上=0.324 下=0.340 亮=0.326 暗=0.345 火=0.333 水=0.338 

  Avg cosine similarity:
    Opposite pairs (should be LOW):  0.1959
    Unrelated pairs (should be ~0):  0.0614
    Gap (unrelated - opposite):       -0.1345  [FAIL] embeddings clustered — concepts not separated
           → generation will produce near-random tokens

--- 2. CORE Activation Magnitude ---

  Layer 0 mlp activation (for '热'):
    CORE  : max=0.3715 avg=0.1577  (n=268)
    BINARY: max=0.0004 avg=0.0001  (n=1076)
    CORE diff (热 vs 冷): 0.6408 (406.2% of avg)
    [OK]

--- 3. Weight Norm Layering (CORE > BINARY > PRUNE?) ---

  L0: CORE=4.6866 BIN=0.4199 PRUNE=0.0106  [OK layered]
  L1: CORE=4.3620 BIN=0.4224 PRUNE=0.0106  [OK layered]
  L2: CORE=4.1766 BIN=0.4339 PRUNE=0.0106  [OK layered]
  L3: CORE=3.8323 BIN=0.4365 PRUNE=0.0106  [OK layered]
  L4: CORE=3.9120 BIN=0.4356 PRUNE=0.0106  [OK layered]
  L5: CORE=3.9740 BIN=0.4358 PRUNE=0.0106  [OK layered]
  L6: CORE=4.6810 BIN=0.4569 PRUNE=0.0106  [OK layered]
  L7: CORE=4.1195 BIN=0.4189 PRUNE=0.0106  [OK layered]

--- 4. Logits Distribution (mode collapse check) ---

  Prompt '热' → top-5 next-token logits:
    token 31861 '。' logit=4.8289
    token 31888 '是' logit=4.7616
    token 235 '<0xE8>' logit=4.6322
    token 32191 '很' logit=4.0200
    token 234 '<0xE7>' logit=2.9768

  Logit range: 7.2639 (max=4.8289 min=-2.4350)
  Softmax entropy: 14.6734 bits (uniform would be 8.00)
  [OK]

========================================
  DIAGNOSIS SUMMARY
========================================
  If generation is garbage, likely causes:
  1. Embeddings not spread (Section 1) → tokens sampled near-randomly
  2. CORE activation too weak (Section 2) → model can't distinguish inputs
  3. Weight norms not layered (Section 3) → logic mask is cosmetic
  4. Logits collapsed/flat (Section 4) → repetitive or random output
  Fix: train more steps, or increase logic_guided_regularization lr
========================================


[*] Done
