[*] Loaded 32768 vocab pieces from tokenizer/chinese_bpe.vocab
=== LAL STE Whitebox-Supervised Training ===

[*] Method: Straight-Through Estimator + CORE/BINARY/PRUNE Logic Guidance
[*]   forward:  CORE = w_float * core_gain * K     (精确计算)
[*]             BINARY = sign(w) * alpha * K       (二值符号)
[*]             PRUNE = 0                           (静默剪枝)
[*]   backward: STE through w_float (CORE+BINARY), PRUNE 无梯度
[*]   update:   Adam on w_float
[*] Logic Guidance (每步,全层):
[*]             CORE  → maximize |act(a) - act(b)|  (差异化反义词)
[*]             BINARY → minimize (act(a) - act(b))^2 (收敛共性)
[*]             PRUNE → skip (保持静默)
[*] Whitebox probe: every 10 steps observe CORE/BINARY/PRUNE circuit

[*] Loaded 6004 samples from data/cognitive_bpe.bin
[*] Using Phase 1: Sprout (10L/512d) (~35M params, vocab=32768)
[*] Generated Phase 1: Sprout (10L/512d) weights: 10 layers, 512 embd, ~35M params
[*] Logic mask: Phase 1: Growing (20/65/15) (CORE=20% PRUNE=15%)
[*] loaded 124 tensors
[*] binarizing 10 layers (logic-guided)...
    [logic] CORE=307 (20%), BINARY=999 (65%), PRUNE=230 (15%)
[*] done
[*] freed 40 weight tensors (126 MB) after binarization
[*] Model loaded: 10 layers, 512 embd, k_cache=YES


=== LAL STE Training (B=4, max_pos=64, steps=100, logic_lr=0.0020) ===
[*] STE: forward=sign(w), backward=w_float gradient
[*] Whitebox probe every 10 steps
[*] Semantic regularization every step

  step     0/100  loss=0.0000  avg=0.0000  lr=0.000020  B=0  22ms
  [WB] boundary=81/100  core_diff=0.0263  bin_diff=0.0001  ratio=352.55  prune_act=0.0000
  [WB] structure=20/20 (100%)  opp_sim=0.194
  [WB] BOUNDARY OK | CORE>BIN OK | PRUNE silent OK
  [WB] boundary=81/100  core_diff=0.0263  bin_diff=0.0001  ratio=352.55  prune_act=0.0000
  [WB] structure=20/20 (100%)  opp_sim=0.194
  [WB] BOUNDARY OK | CORE>BIN OK | PRUNE silent OK
  step    10/100  loss=0.0000  avg=3.6075  lr=0.000220  B=0  527ms
  [WB] boundary=81/100  core_diff=0.0263  bin_diff=0.0001  ratio=352.82  prune_act=0.0000
  [WB] structure=20/20 (100%)  opp_sim=0.194
  [WB] BOUNDARY OK | CORE>BIN OK | PRUNE silent OK
  [WB] boundary=81/100  core_diff=0.0263  bin_diff=0.0001  ratio=352.82  prune_act=0.0000
  [WB] structure=20/20 (100%)  opp_sim=0.194
  [WB] BOUNDARY OK | CORE>BIN OK | PRUNE silent OK
  step    20/100  loss=10.1384  avg=2.8599  lr=0.000420  B=4  404ms
  [WB] boundary=81/100  core_diff=0.0263  bin_diff=0.0001  ratio=353.20  prune_act=0.0000
  [WB] structure=20/20 (100%)  opp_sim=0.194
  [WB] BOUNDARY OK | CORE>BIN OK | PRUNE silent OK
  [WB] boundary=81/100  core_diff=0.0263  bin_diff=0.0001  ratio=353.20  prune_act=0.0000
  [WB] structure=20/20 (100%)  opp_sim=0.194
  [WB] BOUNDARY OK | CORE>BIN OK | PRUNE silent OK
  step    30/100  loss=0.0000  avg=2.9365  lr=0.000620  B=0  419ms
  [WB] boundary=81/100  core_diff=0.0264  bin_diff=0.0001  ratio=354.20  prune_act=0.0000
  [WB] structure=20/20 (100%)  opp_sim=0.195
  [WB] BOUNDARY OK | CORE>BIN OK | PRUNE silent OK
  [WB] boundary=81/100  core_diff=0.0264  bin_diff=0.0001  ratio=354.20  prune_act=0.0000
  [WB] structure=20/20 (100%)  opp_sim=0.195
  [WB] BOUNDARY OK | CORE>BIN OK | PRUNE silent OK
  step    40/100  loss=0.0000  avg=2.9307  lr=0.000820  B=0  443ms
  [WB] boundary=81/100  core_diff=0.0265  bin_diff=0.0001  ratio=356.08  prune_act=0.0000
  [WB] structure=20/20 (100%)  opp_sim=0.195
  [WB] BOUNDARY OK | CORE>BIN OK | PRUNE silent OK
  [WB] boundary=81/100  core_diff=0.0265  bin_diff=0.0001  ratio=356.08  prune_act=0.0000
  [WB] structure=20/20 (100%)  opp_sim=0.195
  [WB] BOUNDARY OK | CORE>BIN OK | PRUNE silent OK
  step    50/100  loss=0.0000  avg=2.5427  lr=0.001000  B=0  386ms
  [WB] boundary=81/100  core_diff=0.0266  bin_diff=0.0001  ratio=357.09  prune_act=0.0000
  [WB] structure=20/20 (100%)  opp_sim=0.195
  [WB] BOUNDARY OK | CORE>BIN OK | PRUNE silent OK
  [WB] boundary=81/100  core_diff=0.0266  bin_diff=0.0001  ratio=357.09  prune_act=0.0000
  [WB] structure=20/20 (100%)  opp_sim=0.195
  [WB] BOUNDARY OK | CORE>BIN OK | PRUNE silent OK
[*] stateful inference started: window=256, sinks=4, ctx=512
[*] sliding window configured: W=256, sinks=4 (effective context: 260)
  [TRACE] "冷": L0[||x||=0.86 C409(+160.72--21.57) B1332(+51.21--39.10) P307(max0.000)] L5[||x||=133.22 C409(+323.43--17.15) B1332(+91.43--49.16) P307(max0.000)] L9[||x||=174.58 C409(+338.33--17.95) B1332(+99.34--52.99) P307(max0.000)] | H=14.73/15 top3=0x7C75 0x7C79 0x7CEA 
  step    60/100  loss=0.0000  avg=2.6077  lr=0.000905  B=0  374ms
  [WB] boundary=81/100  core_diff=0.0269  bin_diff=0.0001  ratio=360.56  prune_act=0.0000
  [WB] structure=20/20 (100%)  opp_sim=0.195
  [WB] BOUNDARY OK | CORE>BIN OK | PRUNE silent OK
  [WB] boundary=81/100  core_diff=0.0269  bin_diff=0.0001  ratio=360.56  prune_act=0.0000
  [WB] structure=20/20 (100%)  opp_sim=0.195
  [WB] BOUNDARY OK | CORE>BIN OK | PRUNE silent OK
  step    70/100  loss=9.9047  avg=2.6157  lr=0.000655  B=4  369ms
  [WB] boundary=81/100  core_diff=0.0272  bin_diff=0.0001  ratio=364.04  prune_act=0.0000
  [WB] structure=20/20 (100%)  opp_sim=0.195
  [WB] BOUNDARY OK | CORE>BIN OK | PRUNE silent OK
  [WB] boundary=81/100  core_diff=0.0272  bin_diff=0.0001  ratio=364.04  prune_act=0.0000
  [WB] structure=20/20 (100%)  opp_sim=0.195
  [WB] BOUNDARY OK | CORE>BIN OK | PRUNE silent OK
  step    80/100  loss=0.0000  avg=2.4569  lr=0.000345  B=0  338ms
  [WB] boundary=81/100  core_diff=0.0273  bin_diff=0.0001  ratio=364.68  prune_act=0.0000
  [WB] structure=20/20 (100%)  opp_sim=0.195
  [WB] BOUNDARY OK | CORE>BIN OK | PRUNE silent OK
  [WB] boundary=81/100  core_diff=0.0273  bin_diff=0.0001  ratio=364.68  prune_act=0.0000
  [WB] structure=20/20 (100%)  opp_sim=0.195
  [WB] BOUNDARY OK | CORE>BIN OK | PRUNE silent OK
  step    90/100  loss=0.0000  avg=2.4202  lr=0.000095  B=0  340ms
  [WB] boundary=81/100  core_diff=0.0274  bin_diff=0.0001  ratio=365.41  prune_act=0.0000
  [WB] structure=20/20 (100%)  opp_sim=0.195
  [WB] BOUNDARY OK | CORE>BIN OK | PRUNE silent OK
  [WB] boundary=81/100  core_diff=0.0274  bin_diff=0.0001  ratio=365.41  prune_act=0.0000
  [WB] structure=20/20 (100%)  opp_sim=0.195
  [WB] BOUNDARY OK | CORE>BIN OK | PRUNE silent OK
  step    99/100  loss=0.0000  avg=2.4196  lr=0.000001  B=0  323ms

[*] STE training done in 32.3s (323.4 ms/step)
[*] Best recent loss: 0.0000

[*] Saving trained weights to model_fix3.ste...
[*] Saved 194487316 bytes
=== Post-Training Whitebox Analysis (surface) ===

=== LAL Whitebox Probe (step checkpoint) ===
Model: 10L, 512 embd, 2048 mlp

--- Embedding Concept Boundary ---

        热  冷  大  小  上  下  亮  暗  重  轻  快  慢  湿  干
  热  +1.00 +0.01 +0.00 -0.00 -0.00 +0.01 -0.07 +0.06 +0.02 +0.06 +0.03 -0.01 +0.07 +0.01
  冷  +0.01 +1.00 +0.34 +0.31 +0.02 +0.03 -0.02 -0.01 +0.00 -0.01 +0.30 +0.06 +0.03 +0.38
  大  +0.00 +0.34 +1.00 +0.33 -0.08 -0.03 -0.05 +0.03 +0.04 +0.03 +0.31 +0.06 +0.05 +0.33
  小  -0.00 +0.31 +0.33 +1.00 -0.01 -0.03 -0.04 +0.00 -0.02 -0.05 +0.34 +0.09 +0.09 +0.32
  上  -0.00 +0.02 -0.08 -0.01 +1.00 +0.61 +0.33 +0.03 +0.01 -0.06 +0.05 +0.04 +0.03 +0.00
  下  +0.01 +0.03 -0.03 -0.03 +0.61 +1.00 +0.34 +0.02 +0.01 -0.05 +0.08 -0.02 +0.03 +0.01
  亮  -0.07 -0.02 -0.05 -0.04 +0.33 +0.34 +1.00 -0.06 -0.04 +0.03 -0.03 +0.05 -0.04 +0.04
  暗  +0.06 -0.01 +0.03 +0.00 +0.03 +0.02 -0.06 +1.00 -0.07 +0.03 +0.05 +0.34 +0.38 +0.05
  重  +0.02 +0.00 +0.04 -0.02 +0.01 +0.01 -0.04 -0.07 +1.00 +0.06 +0.04 -0.01 -0.09 -0.02
  轻  +0.06 -0.01 +0.03 -0.05 -0.06 -0.05 +0.03 +0.03 +0.06 +1.00 -0.07 -0.01 -0.08 -0.04
  快  +0.03 +0.30 +0.31 +0.34 +0.05 +0.08 -0.03 +0.05 +0.04 -0.07 +1.00 +0.07 +0.38 +0.33
  慢  -0.01 +0.06 +0.06 +0.09 +0.04 -0.02 +0.05 +0.34 -0.01 -0.01 +0.07 +1.00 +0.30 +0.02
  湿  +0.07 +0.03 +0.05 +0.09 +0.03 +0.03 -0.04 +0.38 -0.09 -0.08 +0.38 +0.30 +1.00 +0.35
  干  +0.01 +0.38 +0.33 +0.32 +0.00 +0.01 +0.04 +0.05 -0.02 -0.04 +0.33 +0.02 +0.35 +1.00

  Opposite pairs (boundary clarity):
    热 vs 冷: +0.0067 CLEAR
    大 vs 小: +0.3271 weak
    上 vs 下: +0.6125 weak
    亮 vs 暗: -0.0593 CLEAR
    重 vs 轻: +0.0565 CLEAR
    快 vs 慢: +0.0662 CLEAR
    湿 vs 干: +0.3539 weak

  Boundary score: 81/100 (STRONG)

--- CORE Activation (simulated, layer 0) ---

  热 vs 冷: CORE diff=0.0333 act=0.0237 OK | BIN diff=0.0001 | PRUNE act=0.0000
  大 vs 小: CORE diff=0.0243 act=0.0211 OK | BIN diff=0.0001 | PRUNE act=0.0000
  上 vs 下: CORE diff=0.0190 act=0.0211 OK | BIN diff=0.0001 | PRUNE act=0.0000
  亮 vs 暗: CORE diff=0.0309 act=0.0210 OK | BIN diff=0.0001 | PRUNE act=0.0000
  重 vs 轻: CORE diff=0.0288 act=0.0215 OK | BIN diff=0.0001 | PRUNE act=0.0000
  快 vs 慢: CORE diff=0.0274 act=0.0217 OK | BIN diff=0.0001 | PRUNE act=0.0000
  湿 vs 干: CORE diff=0.0279 act=0.0239 OK | BIN diff=0.0001 | PRUNE act=0.0000

--- Weight Structure ---

  L0 mlp: CORE=0.3656 BIN=0.3555 PRUNE=0.3450 OK | attn: CORE=0.5759 BIN=0.5599 PRUNE=0.5437 OK
  L1 mlp: CORE=0.3657 BIN=0.3552 PRUNE=0.3444 OK | attn: CORE=0.5758 BIN=0.5605 PRUNE=0.5439 OK
  ... (layers 2-8) ...
  L9 mlp: CORE=0.3651 BIN=0.3546 PRUNE=0.3441 OK | attn: CORE=0.5761 BIN=0.5600 PRUNE=0.5438 OK

  Structure: 100% OK (20/20)

--- Embedding Concept Boundary ---

        热  冷  大  小  上  下  亮  暗  重  轻  快  慢  湿  干
  热  +1.00 +0.01 +0.00 -0.00 -0.00 +0.01 -0.07 +0.06 +0.02 +0.06 +0.03 -0.01 +0.07 +0.01
  冷  +0.01 +1.00 +0.34 +0.31 +0.02 +0.03 -0.02 -0.01 +0.00 -0.01 +0.30 +0.06 +0.03 +0.38
  大  +0.00 +0.34 +1.00 +0.33 -0.08 -0.03 -0.05 +0.03 +0.04 +0.03 +0.31 +0.06 +0.05 +0.33
  小  -0.00 +0.31 +0.33 +1.00 -0.01 -0.03 -0.04 +0.00 -0.02 -0.05 +0.34 +0.09 +0.09 +0.32
  上  -0.00 +0.02 -0.08 -0.01 +1.00 +0.61 +0.33 +0.03 +0.01 -0.06 +0.05 +0.04 +0.03 +0.00
  下  +0.01 +0.03 -0.03 -0.03 +0.61 +1.00 +0.34 +0.02 +0.01 -0.05 +0.08 -0.02 +0.03 +0.01
  亮  -0.07 -0.02 -0.05 -0.04 +0.33 +0.34 +1.00 -0.06 -0.04 +0.03 -0.03 +0.05 -0.04 +0.04
  暗  +0.06 -0.01 +0.03 +0.00 +0.03 +0.02 -0.06 +1.00 -0.07 +0.03 +0.05 +0.34 +0.38 +0.05
  重  +0.02 +0.00 +0.04 -0.02 +0.01 +0.01 -0.04 -0.07 +1.00 +0.06 +0.04 -0.01 -0.09 -0.02
  轻  +0.06 -0.01 +0.03 -0.05 -0.06 -0.05 +0.03 +0.03 +0.06 +1.00 -0.07 -0.01 -0.08 -0.04
  快  +0.03 +0.30 +0.31 +0.34 +0.05 +0.08 -0.03 +0.05 +0.04 -0.07 +1.00 +0.07 +0.38 +0.33
  慢  -0.01 +0.06 +0.06 +0.09 +0.04 -0.02 +0.05 +0.34 -0.01 -0.01 +0.07 +1.00 +0.30 +0.02
  湿  +0.07 +0.03 +0.05 +0.09 +0.03 +0.03 -0.04 +0.38 -0.09 -0.08 +0.38 +0.30 +1.00 +0.35
  干  +0.01 +0.38 +0.33 +0.32 +0.00 +0.01 +0.04 +0.05 -0.02 -0.04 +0.33 +0.02 +0.35 +1.00

  Opposite pairs (boundary clarity):
    热 vs 冷: +0.0067 CLEAR
    大 vs 小: +0.3271 weak
    上 vs 下: +0.6125 weak
    亮 vs 暗: -0.0593 CLEAR
    重 vs 轻: +0.0565 CLEAR
    快 vs 慢: +0.0662 CLEAR
    湿 vs 干: +0.3539 weak

  Boundary score: 81/100 (STRONG)

--- Concept Similarity (mid-layer weights) ---

  Embedding similarity:
        热  冷  大  小  上  下  亮  暗  重  轻  快  慢  湿  干
  热  +1.00 +0.01 +0.00 -0.00 -0.00 +0.01 -0.07 +0.06 +0.02 +0.06 +0.03 -0.01 +0.07 +0.01
  冷  +0.01 +1.00 +0.34 +0.31 +0.02 +0.03 -0.02 -0.01 +0.00 -0.01 +0.30 +0.06 +0.03 +0.38
  大  +0.00 +0.34 +1.00 +0.33 -0.08 -0.03 -0.05 +0.03 +0.04 +0.03 +0.31 +0.06 +0.05 +0.33
  小  -0.00 +0.31 +0.33 +1.00 -0.01 -0.03 -0.04 +0.00 -0.02 -0.05 +0.34 +0.09 +0.09 +0.32
  上  -0.00 +0.02 -0.08 -0.01 +1.00 +0.61 +0.33 +0.03 +0.01 -0.06 +0.05 +0.04 +0.03 +0.00
  下  +0.01 +0.03 -0.03 -0.03 +0.61 +1.00 +0.34 +0.02 +0.01 -0.05 +0.08 -0.02 +0.03 +0.01
  亮  -0.07 -0.02 -0.05 -0.04 +0.33 +0.34 +1.00 -0.06 -0.04 +0.03 -0.03 +0.05 -0.04 +0.04
  暗  +0.06 -0.01 +0.03 +0.00 +0.03 +0.02 -0.06 +1.00 -0.07 +0.03 +0.05 +0.34 +0.38 +0.05
  重  +0.02 +0.00 +0.04 -0.02 +0.01 +0.01 -0.04 -0.07 +1.00 +0.06 +0.04 -0.01 -0.09 -0.02
  轻  +0.06 -0.01 +0.03 -0.05 -0.06 -0.05 +0.03 +0.03 +0.06 +1.00 -0.07 -0.01 -0.08 -0.04
  快  +0.03 +0.30 +0.31 +0.34 +0.05 +0.08 -0.03 +0.05 +0.04 -0.07 +1.00 +0.07 +0.38 +0.33
  慢  -0.01 +0.06 +0.06 +0.09 +0.04 -0.02 +0.05 +0.34 -0.01 -0.01 +0.07 +1.00 +0.30 +0.02
  湿  +0.07 +0.03 +0.05 +0.09 +0.03 +0.03 -0.04 +0.38 -0.09 -0.08 +0.38 +0.30 +1.00 +0.35
  干  +0.01 +0.38 +0.33 +0.32 +0.00 +0.01 +0.04 +0.05 -0.02 -0.04 +0.33 +0.02 +0.35 +1.00


========================================
  DEEP WHITEBOX DIAGNOSIS
  (explaining WHY generation is garbage)
========================================

--- 1. Embedding Space Differentiation ---

  Embedding norms:
    热=0.360 冷=0.343 大=0.327 小=0.326 上=0.317 下=0.321 亮=0.332 暗=0.326 火=0.333 水=0.337 

  Avg cosine similarity:
    Opposite pairs (should be LOW):  0.1884
    Unrelated pairs (should be ~0):  0.0654
    Gap (unrelated - opposite):       -0.1229  [FAIL] embeddings clustered — concepts not separated
           → generation will produce near-random tokens

--- 2. CORE Activation Magnitude ---

  Layer 0 mlp activation (for '热'):
    CORE  : max=0.0913 avg=0.0237  (n=409)
    BINARY: max=0.0003 avg=0.0001  (n=1332)
    CORE diff (热 vs 冷): 0.0333 (140.4% of avg)
    [FAIL] CORE diff too small — cannot drive distinct logits

--- 3. Weight Norm Layering (CORE > BINARY > PRUNE?) ---

  L0: CORE=0.3701 BIN=0.3662 PRUNE=0.2846  [FAIL: not layered]
  L1: CORE=0.3704 BIN=0.3658 PRUNE=0.2841  [FAIL: not layered]
  L2: CORE=0.3703 BIN=0.3657 PRUNE=0.2842  [FAIL: not layered]
  L3: CORE=0.3708 BIN=0.3655 PRUNE=0.2842  [FAIL: not layered]
  L4: CORE=0.3695 BIN=0.3656 PRUNE=0.2838  [FAIL: not layered]
  L5: CORE=0.3709 BIN=0.3658 PRUNE=0.2838  [FAIL: not layered]
  L6: CORE=0.3694 BIN=0.3656 PRUNE=0.2834  [FAIL: not layered]
  L7: CORE=0.3687 BIN=0.3657 PRUNE=0.2842  [FAIL: not layered]
  L8: CORE=0.3694 BIN=0.3657 PRUNE=0.2838  [FAIL: not layered]
  L9: CORE=0.3694 BIN=0.3653 PRUNE=0.2841  [FAIL: not layered]

  → Weight norms not differentiated → logic mask is cosmetic, not functional

--- 4. Logits Distribution (mode collapse check) ---

  Prompt '热' → top-5 next-token logits:
    token 31865 ',' logit=5.5362
    token 31861 '。' logit=3.9994
    token 233 '<0xE6>' logit=3.2986
    token 31978 '有' logit=3.1443
    token 5980 '▁=▁2▁×▁2' logit=2.7402

  Logit range: 7.6293 (max=5.5362 min=-2.0931)
  Softmax entropy: 14.6997 bits (uniform would be 8.00)
  [OK]

========================================
  DIAGNOSIS SUMMARY
========================================
  If generation is garbage, likely causes:
  1. Embeddings not spread (Section 1) → tokens sampled near-randomly
  2. CORE activation too weak (Section 2) → model can't distinguish inputs
  3. Weight norms not layered (Section 3) → logic mask is cosmetic
  4. Logits collapsed/flat (Section 4) → repetitive or random output
  Fix: train more steps, or increase logic_guided_regularization lr
========================================


[*] Done
