[*] Loaded 32768 vocab pieces from tokenizer/chinese_bpe.vocab
=== LAL STE Whitebox-Supervised Training ===

[*] Method: Straight-Through Estimator + CORE/BINARY/PRUNE Logic Guidance
[*]   forward:  CORE = w_float * core_gain * K     (精确计算)
[*]             BINARY = sign(w) * alpha * K       (二值符号)
[*]             PRUNE = 0                           (静默剪枝)
[*]   backward: STE through w_float (CORE+BINARY), PRUNE 无梯度
[*]   update:   Adam on w_float
[*] Logic Guidance (每步,全层):
[*]             CORE  → maximize |act(a) - act(b)|  (差异化反义词)
[*]             BINARY → minimize (act(a) - act(b))^2 (收敛共性)
[*]             PRUNE → skip (保持静默)
[*] Whitebox probe: every 10 steps observe CORE/BINARY/PRUNE circuit

[*] Loaded 6004 samples from data/cognitive_bpe.bin
[*] Using Phase 1: Sprout (10L/512d) (~35M params, vocab=32768)
[*] Generated Phase 1: Sprout (10L/512d) weights: 10 layers, 512 embd, ~35M params
[*] Logic mask: Phase 1: Growing (20/65/15) (CORE=20% PRUNE=15%)
[*] loaded 124 tensors
[*] binarizing 10 layers (logic-guided)...
    [logic] CORE=307 (20%), BINARY=999 (65%), PRUNE=230 (15%)
[*] done
[*] freed 40 weight tensors (126 MB) after binarization
[*] Model loaded: 10 layers, 512 embd, k_cache=YES


=== LAL STE Training (B=4, max_pos=64, steps=100, logic_lr=0.0020) ===
[*] STE: forward=sign(w), backward=w_float gradient
[*] Whitebox probe every 10 steps
[*] Semantic regularization every step

  [LOGIC] loss=-4.3201
  step     0/100  loss=10.2631  avg=10.2631  lr=0.000020  B=8  2799ms
  [WB] boundary=101/100  core_diff=0.0107  bin_diff=0.0105  ratio=1.02  prune_act=0.0000
  [WB] structure=20/20 (100%)  opp_sim=-0.012
  [WB] BOUNDARY OK | CORE>BIN OK | PRUNE silent OK
  [WB] boundary=101/100  core_diff=0.0107  bin_diff=0.0105  ratio=1.02  prune_act=0.0000
  [WB] structure=20/20 (100%)  opp_sim=-0.012
  [WB] BOUNDARY OK | CORE>BIN OK | PRUNE silent OK
  step    10/100  loss=0.0000  avg=4.7172  lr=0.000220  B=0  746ms
  [WB] boundary=101/100  core_diff=0.0107  bin_diff=0.0105  ratio=1.02  prune_act=0.0000
  [WB] structure=20/20 (100%)  opp_sim=-0.012
  [WB] BOUNDARY OK | CORE>BIN OK | PRUNE silent OK
  [WB] boundary=101/100  core_diff=0.0107  bin_diff=0.0105  ratio=1.02  prune_act=0.0000
  [WB] structure=20/20 (100%)  opp_sim=-0.012
  [WB] BOUNDARY OK | CORE>BIN OK | PRUNE silent OK
  step    20/100  loss=0.0000  avg=2.9604  lr=0.000420  B=0  453ms
  [WB] boundary=101/100  core_diff=0.0107  bin_diff=0.0105  ratio=1.02  prune_act=0.0000
  [WB] structure=20/20 (100%)  opp_sim=-0.012
  [WB] BOUNDARY OK | CORE>BIN OK | PRUNE silent OK
  [WB] boundary=101/100  core_diff=0.0107  bin_diff=0.0105  ratio=1.02  prune_act=0.0000
  [WB] structure=20/20 (100%)  opp_sim=-0.012
  [WB] BOUNDARY OK | CORE>BIN OK | PRUNE silent OK
  step    30/100  loss=0.0000  avg=3.5211  lr=0.000620  B=0  516ms
  [WB] boundary=101/100  core_diff=0.0108  bin_diff=0.0105  ratio=1.03  prune_act=0.0000
  [WB] structure=20/20 (100%)  opp_sim=-0.011
  [WB] BOUNDARY OK | CORE>BIN OK | PRUNE silent OK
  [WB] boundary=101/100  core_diff=0.0108  bin_diff=0.0105  ratio=1.03  prune_act=0.0000
  [WB] structure=20/20 (100%)  opp_sim=-0.011
  [WB] BOUNDARY OK | CORE>BIN OK | PRUNE silent OK
  step    40/100  loss=0.0000  avg=3.1737  lr=0.000820  B=0  454ms
  [WB] boundary=101/100  core_diff=0.0108  bin_diff=0.0105  ratio=1.03  prune_act=0.0000
  [WB] structure=20/20 (100%)  opp_sim=-0.011
  [WB] BOUNDARY OK | CORE>BIN OK | PRUNE silent OK
  [WB] boundary=101/100  core_diff=0.0108  bin_diff=0.0105  ratio=1.03  prune_act=0.0000
  [WB] structure=20/20 (100%)  opp_sim=-0.011
  [WB] BOUNDARY OK | CORE>BIN OK | PRUNE silent OK
  step    50/100  loss=0.0000  avg=2.5514  lr=0.001000  B=0  368ms
  [WB] boundary=101/100  core_diff=0.0108  bin_diff=0.0105  ratio=1.03  prune_act=0.0000
  [WB] structure=20/20 (100%)  opp_sim=-0.011
  [WB] BOUNDARY OK | CORE>BIN OK | PRUNE silent OK
  [WB] boundary=101/100  core_diff=0.0108  bin_diff=0.0105  ratio=1.03  prune_act=0.0000
  [WB] structure=20/20 (100%)  opp_sim=-0.011
  [WB] BOUNDARY OK | CORE>BIN OK | PRUNE silent OK
[*] stateful inference started: window=256, sinks=4, ctx=512
[*] sliding window configured: W=256, sinks=4 (effective context: 260)
  [TRACE] "冷": L0[||x||=0.83 C409(+143.52--24.48) B1332(+52.37--36.39) P307(max0.000)] L5[||x||=81.39 C409(+253.34--21.10) B1332(+82.13--50.13) P307(max0.000)] L9[||x||=139.31 C409(+288.04--20.47) B1332(+88.17--54.04) P307(max0.000)] | H=14.75/15 top3=0xEB 0x7C82 0x0D 
  step    60/100  loss=0.0000  avg=2.7952  lr=0.000905  B=0  370ms
  [WB] boundary=101/100  core_diff=0.0109  bin_diff=0.0105  ratio=1.04  prune_act=0.0000
  [WB] structure=20/20 (100%)  opp_sim=-0.011
  [WB] BOUNDARY OK | CORE>BIN OK | PRUNE silent OK
  [WB] boundary=101/100  core_diff=0.0109  bin_diff=0.0105  ratio=1.04  prune_act=0.0000
  [WB] structure=20/20 (100%)  opp_sim=-0.011
  [WB] BOUNDARY OK | CORE>BIN OK | PRUNE silent OK
  step    70/100  loss=0.0000  avg=2.5989  lr=0.000655  B=0  363ms
  [WB] boundary=101/100  core_diff=0.0110  bin_diff=0.0105  ratio=1.05  prune_act=0.0000
  [WB] structure=20/20 (100%)  opp_sim=-0.011
  [WB] BOUNDARY OK | CORE>BIN OK | PRUNE silent OK
  [WB] boundary=101/100  core_diff=0.0110  bin_diff=0.0105  ratio=1.05  prune_act=0.0000
  [WB] structure=20/20 (100%)  opp_sim=-0.011
  [WB] BOUNDARY OK | CORE>BIN OK | PRUNE silent OK
  [LOGIC] loss=-4.4389
  step    80/100  loss=10.1388  avg=2.5955  lr=0.000345  B=4  331ms
  [WB] boundary=101/100  core_diff=0.0110  bin_diff=0.0105  ratio=1.05  prune_act=0.0000
  [WB] structure=20/20 (100%)  opp_sim=-0.011
  [WB] BOUNDARY OK | CORE>BIN OK | PRUNE silent OK
  [WB] boundary=101/100  core_diff=0.0110  bin_diff=0.0105  ratio=1.05  prune_act=0.0000
  [WB] structure=20/20 (100%)  opp_sim=-0.011
  [WB] BOUNDARY OK | CORE>BIN OK | PRUNE silent OK
  step    90/100  loss=0.0000  avg=2.4488  lr=0.000095  B=0  333ms
  [WB] boundary=101/100  core_diff=0.0110  bin_diff=0.0105  ratio=1.05  prune_act=0.0000
  [WB] structure=20/20 (100%)  opp_sim=-0.011
  [WB] BOUNDARY OK | CORE>BIN OK | PRUNE silent OK
  [WB] boundary=101/100  core_diff=0.0110  bin_diff=0.0105  ratio=1.05  prune_act=0.0000
  [WB] structure=20/20 (100%)  opp_sim=-0.011
  [WB] BOUNDARY OK | CORE>BIN OK | PRUNE silent OK
  step    99/100  loss=0.0000  avg=2.1467  lr=0.000001  B=0  305ms

[*] STE training done in 30.5s (304.9 ms/step)
[*] Best recent loss: 2.1467

[*] Saving trained weights to model_fix8.ste...
[*] Saved 194487316 bytes
=== Post-Training Whitebox Analysis (surface) ===

=== LAL Whitebox Probe (step checkpoint) ===
Model: 10L, 512 embd, 2048 mlp

--- Embedding Concept Boundary ---

        热  冷  大  小  上  下  亮  暗  重  轻  快  慢  湿  干
  热  +1.00 -0.01 -0.04 +0.06 -0.03 +0.00 -0.05 -0.01 +0.03 +0.02 +0.01 +0.04 -0.01 -0.01
  冷  -0.01 +1.00 -0.09 -0.05 -0.03 -0.06 +0.02 +0.07 -0.06 -0.07 -0.04 +0.09 +0.05 +0.08
  大  -0.04 -0.09 +1.00 -0.03 -0.10 -0.03 +0.07 -0.02 -0.05 -0.04 +0.08 -0.04 -0.00 +0.01
  小  +0.06 -0.05 -0.03 +1.00 +0.06 -0.05 -0.01 +0.00 -0.02 -0.07 +0.05 -0.04 -0.04 -0.05
  上  -0.03 -0.03 -0.10 +0.06 +1.00 -0.04 -0.01 -0.01 -0.03 +0.00 -0.03 -0.02 -0.01 -0.02
  下  +0.00 -0.06 -0.03 -0.05 -0.04 +1.00 +0.02 -0.09 +0.03 -0.00 -0.01 -0.07 +0.02 +0.00
  亮  -0.05 +0.02 +0.07 -0.01 -0.01 +0.02 +1.00 +0.00 -0.04 +0.05 +0.08 -0.04 +0.02 -0.00
  暗  -0.01 +0.07 -0.02 +0.00 -0.01 -0.09 +0.00 +1.00 +0.04 +0.04 -0.04 +0.01 -0.07 -0.05
  重  +0.03 -0.06 -0.05 -0.02 -0.03 +0.03 -0.04 +0.04 +1.00 -0.06 -0.08 -0.01 +0.03 -0.03
  轻  +0.02 -0.07 -0.04 -0.07 +0.00 -0.00 +0.05 +0.04 -0.06 +1.00 +0.15 +0.07 +0.08 +0.03
  快  +0.01 -0.04 +0.08 +0.05 -0.03 -0.01 +0.08 -0.04 -0.08 +0.15 +1.00 -0.01 -0.06 -0.03
  慢  +0.04 +0.09 -0.04 -0.04 -0.02 -0.07 -0.04 +0.01 -0.01 +0.07 -0.01 +1.00 -0.02 -0.06
  湿  -0.01 +0.05 -0.00 -0.04 -0.01 +0.02 +0.02 -0.07 +0.03 +0.08 -0.06 -0.02 +1.00 +0.07
  干  -0.01 +0.08 +0.01 -0.05 -0.02 +0.00 -0.00 -0.05 -0.03 +0.03 -0.03 -0.06 +0.07 +1.00

  Opposite pairs (boundary clarity):
    热 vs 冷: -0.0058 CLEAR
    大 vs 小: -0.0286 CLEAR
    上 vs 下: -0.0450 CLEAR
    亮 vs 暗: +0.0015 CLEAR
    重 vs 轻: -0.0613 CLEAR
    快 vs 慢: -0.0095 CLEAR
    湿 vs 干: +0.0705 CLEAR

  Boundary score: 101/100 (STRONG)

--- CORE Activation (simulated, layer 0) ---

  热 vs 冷: CORE diff=0.0109 act=0.0075 OK | BIN diff=0.0102 | PRUNE act=0.0000
  大 vs 小: CORE diff=0.0108 act=0.0076 OK | BIN diff=0.0104 | PRUNE act=0.0000
  上 vs 下: CORE diff=0.0112 act=0.0080 OK | BIN diff=0.0105 | PRUNE act=0.0000
  亮 vs 暗: CORE diff=0.0104 act=0.0071 OK | BIN diff=0.0103 | PRUNE act=0.0000
  重 vs 轻: CORE diff=0.0119 act=0.0081 OK | BIN diff=0.0110 | PRUNE act=0.0000
  快 vs 慢: CORE diff=0.0116 act=0.0076 OK | BIN diff=0.0106 | PRUNE act=0.0000
  湿 vs 干: CORE diff=0.0102 act=0.0075 X | BIN diff=0.0103 | PRUNE act=0.0000

--- Weight Structure ---

  L0 mlp: CORE=0.3642 BIN=0.3544 PRUNE=0.3436 OK | attn: CORE=0.5751 BIN=0.5589 PRUNE=0.5424 OK
  L1 mlp: CORE=0.3643 BIN=0.3542 PRUNE=0.3437 OK | attn: CORE=0.5752 BIN=0.5596 PRUNE=0.5428 OK
  ... (layers 2-8) ...
  L9 mlp: CORE=0.3644 BIN=0.3540 PRUNE=0.3437 OK | attn: CORE=0.5751 BIN=0.5588 PRUNE=0.5428 OK

  Structure: 100% OK (20/20)

--- Embedding Concept Boundary ---

        热  冷  大  小  上  下  亮  暗  重  轻  快  慢  湿  干
  热  +1.00 -0.01 -0.04 +0.06 -0.03 +0.00 -0.05 -0.01 +0.03 +0.02 +0.01 +0.04 -0.01 -0.01
  冷  -0.01 +1.00 -0.09 -0.05 -0.03 -0.06 +0.02 +0.07 -0.06 -0.07 -0.04 +0.09 +0.05 +0.08
  大  -0.04 -0.09 +1.00 -0.03 -0.10 -0.03 +0.07 -0.02 -0.05 -0.04 +0.08 -0.04 -0.00 +0.01
  小  +0.06 -0.05 -0.03 +1.00 +0.06 -0.05 -0.01 +0.00 -0.02 -0.07 +0.05 -0.04 -0.04 -0.05
  上  -0.03 -0.03 -0.10 +0.06 +1.00 -0.04 -0.01 -0.01 -0.03 +0.00 -0.03 -0.02 -0.01 -0.02
  下  +0.00 -0.06 -0.03 -0.05 -0.04 +1.00 +0.02 -0.09 +0.03 -0.00 -0.01 -0.07 +0.02 +0.00
  亮  -0.05 +0.02 +0.07 -0.01 -0.01 +0.02 +1.00 +0.00 -0.04 +0.05 +0.08 -0.04 +0.02 -0.00
  暗  -0.01 +0.07 -0.02 +0.00 -0.01 -0.09 +0.00 +1.00 +0.04 +0.04 -0.04 +0.01 -0.07 -0.05
  重  +0.03 -0.06 -0.05 -0.02 -0.03 +0.03 -0.04 +0.04 +1.00 -0.06 -0.08 -0.01 +0.03 -0.03
  轻  +0.02 -0.07 -0.04 -0.07 +0.00 -0.00 +0.05 +0.04 -0.06 +1.00 +0.15 +0.07 +0.08 +0.03
  快  +0.01 -0.04 +0.08 +0.05 -0.03 -0.01 +0.08 -0.04 -0.08 +0.15 +1.00 -0.01 -0.06 -0.03
  慢  +0.04 +0.09 -0.04 -0.04 -0.02 -0.07 -0.04 +0.01 -0.01 +0.07 -0.01 +1.00 -0.02 -0.06
  湿  -0.01 +0.05 -0.00 -0.04 -0.01 +0.02 +0.02 -0.07 +0.03 +0.08 -0.06 -0.02 +1.00 +0.07
  干  -0.01 +0.08 +0.01 -0.05 -0.02 +0.00 -0.00 -0.05 -0.03 +0.03 -0.03 -0.06 +0.07 +1.00

  Opposite pairs (boundary clarity):
    热 vs 冷: -0.0058 CLEAR
    大 vs 小: -0.0286 CLEAR
    上 vs 下: -0.0450 CLEAR
    亮 vs 暗: +0.0015 CLEAR
    重 vs 轻: -0.0613 CLEAR
    快 vs 慢: -0.0095 CLEAR
    湿 vs 干: +0.0705 CLEAR

  Boundary score: 101/100 (STRONG)

--- Concept Similarity (mid-layer weights) ---

  Embedding similarity:
        热  冷  大  小  上  下  亮  暗  重  轻  快  慢  湿  干
  热  +1.00 -0.01 -0.04 +0.06 -0.03 +0.00 -0.05 -0.01 +0.03 +0.02 +0.01 +0.04 -0.01 -0.01
  冷  -0.01 +1.00 -0.09 -0.05 -0.03 -0.06 +0.02 +0.07 -0.06 -0.07 -0.04 +0.09 +0.05 +0.08
  大  -0.04 -0.09 +1.00 -0.03 -0.10 -0.03 +0.07 -0.02 -0.05 -0.04 +0.08 -0.04 -0.00 +0.01
  小  +0.06 -0.05 -0.03 +1.00 +0.06 -0.05 -0.01 +0.00 -0.02 -0.07 +0.05 -0.04 -0.04 -0.05
  上  -0.03 -0.03 -0.10 +0.06 +1.00 -0.04 -0.01 -0.01 -0.03 +0.00 -0.03 -0.02 -0.01 -0.02
  下  +0.00 -0.06 -0.03 -0.05 -0.04 +1.00 +0.02 -0.09 +0.03 -0.00 -0.01 -0.07 +0.02 +0.00
  亮  -0.05 +0.02 +0.07 -0.01 -0.01 +0.02 +1.00 +0.00 -0.04 +0.05 +0.08 -0.04 +0.02 -0.00
  暗  -0.01 +0.07 -0.02 +0.00 -0.01 -0.09 +0.00 +1.00 +0.04 +0.04 -0.04 +0.01 -0.07 -0.05
  重  +0.03 -0.06 -0.05 -0.02 -0.03 +0.03 -0.04 +0.04 +1.00 -0.06 -0.08 -0.01 +0.03 -0.03
  轻  +0.02 -0.07 -0.04 -0.07 +0.00 -0.00 +0.05 +0.04 -0.06 +1.00 +0.15 +0.07 +0.08 +0.03
  快  +0.01 -0.04 +0.08 +0.05 -0.03 -0.01 +0.08 -0.04 -0.08 +0.15 +1.00 -0.01 -0.06 -0.03
  慢  +0.04 +0.09 -0.04 -0.04 -0.02 -0.07 -0.04 +0.01 -0.01 +0.07 -0.01 +1.00 -0.02 -0.06
  湿  -0.01 +0.05 -0.00 -0.04 -0.01 +0.02 +0.02 -0.07 +0.03 +0.08 -0.06 -0.02 +1.00 +0.07
  干  -0.01 +0.08 +0.01 -0.05 -0.02 +0.00 -0.00 -0.05 -0.03 +0.03 -0.03 -0.06 +0.07 +1.00


========================================
  DEEP WHITEBOX DIAGNOSIS
  (explaining WHY generation is garbage)
========================================

--- 1. Embedding Space Differentiation ---

  Embedding norms:
    热=0.567 冷=0.567 大=0.571 小=0.591 上=0.579 下=0.564 亮=0.582 暗=0.574 火=0.000 水=0.000 

  Avg cosine similarity:
    Opposite pairs (should be LOW):  -0.0156
    Unrelated pairs (should be ~0):  -0.0094
    Gap (unrelated - opposite):       0.0062  [OK]

--- 2. CORE Activation Magnitude ---

  Layer 0 mlp activation (for '热'):
    CORE  : max=0.0328 avg=0.0075  (n=409)
    BINARY: max=0.0314 avg=0.0074  (n=1332)
    CORE diff (热 vs 冷): 0.0109 (145.6% of avg)
    [FAIL] CORE diff too small — cannot drive distinct logits

--- 3. Weight Norm Layering (CORE > BINARY > PRUNE?) ---

  L0: CORE=0.3686 BIN=0.3654 PRUNE=0.2811  [FAIL: not layered]
  L1: CORE=0.3687 BIN=0.3653 PRUNE=0.2814  [FAIL: not layered]
  L2: CORE=0.3689 BIN=0.3654 PRUNE=0.2812  [FAIL: not layered]
  L3: CORE=0.3692 BIN=0.3655 PRUNE=0.2811  [FAIL: not layered]
  L4: CORE=0.3688 BIN=0.3653 PRUNE=0.2814  [FAIL: not layered]
  L5: CORE=0.3690 BIN=0.3653 PRUNE=0.2816  [FAIL: not layered]
  L6: CORE=0.3682 BIN=0.3656 PRUNE=0.2814  [FAIL: not layered]
  L7: CORE=0.3685 BIN=0.3652 PRUNE=0.2811  [FAIL: not layered]
  L8: CORE=0.3692 BIN=0.3652 PRUNE=0.2813  [FAIL: not layered]
  L9: CORE=0.3685 BIN=0.3653 PRUNE=0.2808  [FAIL: not layered]

  → Weight norms not differentiated → logic mask is cosmetic, not functional

--- 4. Logits Distribution (mode collapse check) ---

  Prompt '热' → top-5 next-token logits:
    token 31874 '的' logit=4.5472
    token 13 '<0x0A>' logit=3.8461
    token 235 '<0xE8>' logit=3.7759
    token 31861 '。' logit=3.2454
    token 232 '<0xE5>' logit=2.8706

  Logit range: 6.8866 (max=4.5472 min=-2.3393)
  Softmax entropy: 14.7299 bits (uniform would be 8.00)
  [OK]

========================================
  DIAGNOSIS SUMMARY
========================================
  If generation is garbage, likely causes:
  1. Embeddings not spread (Section 1) → tokens sampled near-randomly
  2. CORE activation too weak (Section 2) → model can't distinguish inputs
  3. Weight norms not layered (Section 3) → logic mask is cosmetic
  4. Logits collapsed/flat (Section 4) → repetitive or random output
  Fix: train more steps, or increase logic_guided_regularization lr
========================================


[*] Done
