[*] Loaded 32768 vocab pieces from tokenizer/chinese_bpe.vocab
=== LAL STE Whitebox-Supervised Training ===

[*] Method: Straight-Through Estimator + CORE/BINARY/PRUNE Logic Guidance
[*]   forward:  CORE = w_float * core_gain * K     (精确计算)
[*]             BINARY = sign(w) * alpha * K       (二值符号)
[*]             PRUNE = 0                           (静默剪枝)
[*]   backward: STE through w_float (CORE+BINARY), PRUNE 无梯度
[*]   update:   Adam on w_float
[*] Logic Guidance (每步,全层):
[*]             CORE  → maximize |act(a) - act(b)|  (差异化反义词)
[*]             BINARY → minimize (act(a) - act(b))^2 (收敛共性)
[*]             PRUNE → skip (保持静默)
[*] Whitebox probe: every 10 steps observe CORE/BINARY/PRUNE circuit

[*] Loaded 8417 samples from data/xl_dialogue_bpe.bin
[*] Using Phase 0: Seed (8L/448d) (~22M params, vocab=32768)
[*] Generated Phase 0: Seed (8L/448d) weights: 8 layers, 448 embd, ~22M params
[*] Logic mask: Phase 0: Moderate (15/60/25) (CORE=15% PRUNE=25%)
[*] loaded 100 tensors
[*] binarizing 8 layers (logic-guided)...
    [logic] CORE=201 (15%), BINARY=807 (60%), PRUNE=336 (25%)
[*] done
[*] freed 32 weight tensors (77 MB) after binarization
[*] Model loaded: 8 layers, 448 embd, k_cache=YES
[*] Resuming from model_v16_monitor.ste...
[*] Resumed g_opt_step = 12369 (Adam bias correction preserved)
[*] Resumed weights loaded successfully


=== LAL STE Training (B=4, max_pos=256, steps=8000, start_step=0, total_sched=8000, logic_lr=0.0010, logic_only=0) ===
[*] STE: forward=sign(w), backward=w_float gradient
[*] Whitebox probe every 10 steps
[*] Semantic regularization every step
[*] Mid-train generation test every 200 steps
  [LOGIC] mlp=-715.1979 attn=-1.7659 div=33.7767
  [TIME] CE=611ms logic_reg=4162ms
  step     0/8000 (global=0)  loss=16.9759  avg=16.9759  lr=0.000030  B=8  4853ms
  [WB] boundary=93/100  core_diff=32.8554  bin_diff=1.8262  ratio=17.99  prune_act=0.0000
  [WB] structure=13/16 (81%)  opp_sim=0.068
  [WB] BOUNDARY OK | CORE>BIN OK | PRUNE silent OK
  [LOGIC] mlp=11822.0186 attn=-24.7006 div=26.1577
  [TIME] CE=6492ms logic_reg=3831ms
  step    10/8000 (global=10)  loss=16.4609  avg=19.4171  lr=0.000330  B=23  6420ms
  [WB] boundary=93/100  core_diff=32.1857  bin_diff=1.8011  ratio=17.87  prune_act=0.0000
  [WB] structure=12/16 (75%)  opp_sim=0.068
  [WB] BOUNDARY OK | CORE>BIN OK | PRUNE silent OK
  [LOGIC] mlp=10396.1611 attn=-15.7049 div=26.2205
  [TIME] CE=8966ms logic_reg=3852ms
  step    20/8000 (global=20)  loss=15.6060  avg=17.4841  lr=0.000630  B=21  6603ms
  [WB] boundary=93/100  core_diff=31.8734  bin_diff=1.8420  ratio=17.30  prune_act=0.0000
  [WB] structure=13/16 (81%)  opp_sim=0.068
  [WB] BOUNDARY OK | CORE>BIN OK | PRUNE silent OK
    [plan-I] step 12399 W_v approx_rank=19.7 (frob=19.76 max_row=1.00)
    [ortho] step 12399 L0 W_v off_diag=31.08 diag_dev=7.7651 eff_rank=410.3/448
    [ortho] step 12399 L0 W_o off_diag=0.23 diag_dev=0.0738
    [plan-I] step 12399 W_v approx_rank=19.7 (frob=19.76 max_row=1.00)
    [ortho] step 12399 L1 W_v off_diag=30.77 diag_dev=7.7486 eff_rank=410.6/448
    [ortho] step 12399 L1 W_o off_diag=0.24 diag_dev=0.0732
    [plan-I] step 12399 W_v approx_rank=19.7 (frob=19.79 max_row=1.00)
    [ortho] step 12399 L2 W_v off_diag=30.69 diag_dev=7.3685 eff_rank=411.0/448
    [ortho] step 12399 L2 W_o off_diag=0.25 diag_dev=0.0724
    [plan-I] step 12399 W_v approx_rank=19.6 (frob=19.75 max_row=1.01)
    [ortho] step 12399 L3 W_v off_diag=30.98 diag_dev=7.7882 eff_rank=410.4/448
    [ortho] step 12399 L3 W_o off_diag=0.28 diag_dev=0.0710
    [plan-I] step 12399 W_v approx_rank=19.3 (frob=19.71 max_row=1.02)
    [ortho] step 12399 L4 W_v off_diag=31.23 diag_dev=8.2844 eff_rank=409.7/448
    [ortho] step 12399 L4 W_o off_diag=0.29 diag_dev=0.0707
    [plan-I] step 12399 W_v approx_rank=19.7 (frob=19.83 max_row=1.01)
    [ortho] step 12399 L5 W_v off_diag=30.49 diag_dev=7.0567 eff_rank=411.4/448
    [ortho] step 12399 L5 W_o off_diag=0.29 diag_dev=0.0705
    [plan-I] step 12399 W_v approx_rank=19.5 (frob=19.75 max_row=1.01)
    [ortho] step 12399 L6 W_v off_diag=31.04 diag_dev=7.8560 eff_rank=410.2/448
    [ortho] step 12399 L6 W_o off_diag=0.28 diag_dev=0.0706
    [plan-I] step 12399 W_v approx_rank=19.6 (frob=19.78 max_row=1.01)
    [ortho] step 12399 L7 W_v off_diag=30.49 diag_dev=7.5016 eff_rank=411.1/448
    [ortho] step 12399 L7 W_o off_diag=0.27 diag_dev=0.0726
  [LOGIC] mlp=14212.6748 attn=-10.1920 div=24.3013
  [TIME] CE=7144ms logic_reg=3883ms
  step    30/8000 (global=30)  loss=9.8633  avg=15.9179  lr=0.000930  B=19  7142ms
  [WB] boundary=93/100  core_diff=31.8709  bin_diff=1.9862  ratio=16.05  prune_act=0.0000
  [WB] structure=14/16 (88%)  opp_sim=0.068
  [WB] BOUNDARY OK | CORE>BIN OK | PRUNE silent OK
  [LOGIC] mlp=8801.8574 attn=-11.8348 div=22.8249
  [TIME] CE=1549ms logic_reg=3955ms
  step    40/8000 (global=40)  loss=14.8709  avg=14.8552  lr=0.001230  B=12  7227ms
  [WB] boundary=93/100  core_diff=32.0418  bin_diff=2.0213  ratio=15.85  prune_act=0.0000
  [WB] structure=14/16 (88%)  opp_sim=0.068
  [WB] BOUNDARY OK | CORE>BIN OK | PRUNE silent OK
  [LOGIC] mlp=11042.0420 attn=-7.6154 div=22.5127
  [TIME] CE=5608ms logic_reg=3901ms
  step    50/8000 (global=50)  loss=10.4764  avg=13.7697  lr=0.001500  B=18  6885ms
  [WB] boundary=93/100  core_diff=31.1431  bin_diff=1.7312  ratio=17.99  prune_act=0.0000
  [WB] structure=16/16 (100%)  opp_sim=0.068
  [WB] BOUNDARY OK | CORE>BIN OK | PRUNE silent OK
[*] stateful inference started: window=9996, sinks=4, ctx=10240
[*] sliding window configured: W=9996, sinks=4 (effective context: 10000)
  [TRACE] "冷": L0[||x||=1.13 C268(+2927.22--1.50) B1076(+5703.95--11.89) P448(max0.000)] L4[||x||=4.15 C268(+3761.88--1.56) B1076(+10271.50--10.36) P448(max0.000)] L7[||x||=5.16 C268(+3300.70--1.19) B1076(+32582.57--6.21) P448(max0.000)] | H=4.48/15 top3=176 194 159 
  [LOGIC] mlp=9238.8486 attn=-8.6865 div=23.5639
  [TIME] CE=9069ms logic_reg=3932ms
  step    60/8000 (global=60)  loss=10.6620  avg=13.1690  lr=0.001500  B=26  6937ms
  [WB] boundary=93/100  core_diff=29.6067  bin_diff=1.4254  ratio=20.77  prune_act=0.0000
  [WB] structure=16/16 (100%)  opp_sim=0.068
  [WB] BOUNDARY OK | CORE>BIN OK | PRUNE silent OK
  [LOGIC] mlp=8995.0918 attn=-8.7533 div=23.7883
  [TIME] CE=3380ms logic_reg=3880ms
  step    70/8000 (global=70)  loss=8.6574  avg=11.9572  lr=0.001500  B=16  7014ms
  [WB] boundary=93/100  core_diff=28.5585  bin_diff=1.2524  ratio=22.80  prune_act=0.0000
  [WB] structure=16/16 (100%)  opp_sim=0.068
  [WB] BOUNDARY OK | CORE>BIN OK | PRUNE silent OK
    [plan-I] step 12449 W_v approx_rank=20.8 (frob=21.00 max_row=1.01)
    [ortho] step 12449 L0 W_v off_diag=0.47 diag_dev=0.1325 eff_rank=447.8/448
    [ortho] step 12449 L0 W_o off_diag=0.25 diag_dev=0.0720
    [plan-I] step 12449 W_v approx_rank=20.9 (frob=21.00 max_row=1.00)
    [ortho] step 12449 L1 W_v off_diag=0.44 diag_dev=0.1414 eff_rank=447.8/448
    [ortho] step 12449 L1 W_o off_diag=0.24 diag_dev=0.0730
    [plan-I] step 12449 W_v approx_rank=20.9 (frob=21.01 max_row=1.01)
    [ortho] step 12449 L2 W_v off_diag=0.45 diag_dev=0.1278 eff_rank=447.8/448
    [ortho] step 12449 L2 W_o off_diag=0.24 diag_dev=0.0717
    [plan-I] step 12449 W_v approx_rank=20.9 (frob=21.00 max_row=1.00)
    [ortho] step 12449 L3 W_v off_diag=0.50 diag_dev=0.1407 eff_rank=447.8/448
    [ortho] step 12449 L3 W_o off_diag=0.24 diag_dev=0.0722
    [plan-I] step 12449 W_v approx_rank=20.9 (frob=20.99 max_row=1.01)
    [ortho] step 12449 L4 W_v off_diag=0.49 diag_dev=0.1518 eff_rank=447.8/448
    [ortho] step 12449 L4 W_o off_diag=0.24 diag_dev=0.0720
    [plan-I] step 12449 W_v approx_rank=20.9 (frob=21.01 max_row=1.00)
    [ortho] step 12449 L5 W_v off_diag=0.47 diag_dev=0.1176 eff_rank=447.8/448
    [ortho] step 12449 L5 W_o off_diag=0.25 diag_dev=0.0713
    [plan-I] step 12449 W_v approx_rank=20.9 (frob=21.00 max_row=1.01)
    [ortho] step 12449 L6 W_v off_diag=0.49 diag_dev=0.1388 eff_rank=447.8/448
    [ortho] step 12449 L6 W_o off_diag=0.24 diag_dev=0.0714
    [plan-I] step 12449 W_v approx_rank=20.8 (frob=21.00 max_row=1.01)
    [ortho] step 12449 L7 W_v off_diag=0.47 diag_dev=0.1330 eff_rank=447.8/448
    [ortho] step 12449 L7 W_o off_diag=0.23 diag_dev=0.0724
  [LOGIC] mlp=7980.4204 attn=-7.9441 div=24.2723
  [TIME] CE=5849ms logic_reg=3923ms
  step    80/8000 (global=80)  loss=9.0388  avg=10.7525  lr=0.001500  B=20  7060ms
  [WB] boundary=93/100  core_diff=27.4727  bin_diff=1.1880  ratio=23.12  prune_act=0.0000
  [WB] structure=16/16 (100%)  opp_sim=0.068
  [WB] BOUNDARY OK | CORE>BIN OK | PRUNE silent OK
  [LOGIC] mlp=3172.4849 attn=-14.6920 div=25.1843
  [TIME] CE=9154ms logic_reg=3880ms
  step    90/8000 (global=90)  loss=11.6303  avg=10.0248  lr=0.001500  B=25  7122ms
  [WB] boundary=93/100  core_diff=26.6467  bin_diff=1.0368  ratio=25.70  prune_act=0.0000
  [WB] structure=16/16 (100%)  opp_sim=0.068
  [WB] BOUNDARY OK | CORE>BIN OK | PRUNE silent OK
  [LOGIC] mlp=2193.8765 attn=-15.8722 div=25.6586
  [TIME] CE=1532ms logic_reg=3910ms
  step   100/8000 (global=100)  loss=7.9557  avg=9.5880  lr=0.001500  B=11  7048ms
  [WB] boundary=93/100  core_diff=26.0370  bin_diff=0.8858  ratio=29.39  prune_act=0.0000
  [WB] structure=16/16 (100%)  opp_sim=0.068
  [WB] BOUNDARY OK | CORE>BIN OK | PRUNE silent OK
[*] stateful inference started: window=9996, sinks=4, ctx=10240
[*] sliding window configured: W=9996, sinks=4 (effective context: 10000)
  [TRACE] "火": L0[||x||=1.17 C268(+2317.62--1.97) B1076(+1070.22--38.30) P448(max0.000)] L4[||x||=3.58 C268(+2458.12--1.57) B1076(+3107.48--31.41) P448(max0.000)] L7[||x||=4.20 C268(+2089.85--3.15) B1076(+27134.13--7.29) P448(max0.000)] | H=9.42/15 top3=183 167 233 
  [LOGIC] mlp=2339.6577 attn=-14.2624 div=25.6169
  [TIME] CE=2830ms logic_reg=3905ms
  step   110/8000 (global=110)  loss=8.4717  avg=9.4416  lr=0.001500  B=15  6996ms
  [WB] boundary=93/100  core_diff=25.4083  bin_diff=0.7318  ratio=34.72  prune_act=0.0000
  [WB] structure=16/16 (100%)  opp_sim=0.068
  [WB] BOUNDARY OK | CORE>BIN OK | PRUNE silent OK
  [LOGIC] mlp=1618.8835 attn=-15.0401 div=26.0129
  [TIME] CE=1391ms logic_reg=3845ms
  step   120/8000 (global=120)  loss=8.8535  avg=9.4853  lr=0.001500  B=12  7003ms
  [WB] boundary=93/100  core_diff=24.8553  bin_diff=0.6523  ratio=38.10  prune_act=0.0000
  [WB] structure=16/16 (100%)  opp_sim=0.068
  [WB] BOUNDARY OK | CORE>BIN OK | PRUNE silent OK
    [plan-I] step 12499 W_v approx_rank=20.9 (frob=21.00 max_row=1.01)
    [ortho] step 12499 L0 W_v off_diag=0.47 diag_dev=0.1368 eff_rank=447.8/448
    [ortho] step 12499 L0 W_o off_diag=0.23 diag_dev=0.0743
    [plan-I] step 12499 W_v approx_rank=21.0 (frob=21.00 max_row=1.00)
    [ortho] step 12499 L1 W_v off_diag=0.43 diag_dev=0.1430 eff_rank=447.8/448
    [ortho] step 12499 L1 W_o off_diag=0.23 diag_dev=0.0742
    [plan-I] step 12499 W_v approx_rank=20.9 (frob=21.01 max_row=1.00)
    [ortho] step 12499 L2 W_v off_diag=0.44 diag_dev=0.1283 eff_rank=447.8/448
    [ortho] step 12499 L2 W_o off_diag=0.23 diag_dev=0.0730
    [plan-I] step 12499 W_v approx_rank=20.9 (frob=21.00 max_row=1.00)
    [ortho] step 12499 L3 W_v off_diag=0.46 diag_dev=0.1440 eff_rank=447.8/448
    [ortho] step 12499 L3 W_o off_diag=0.23 diag_dev=0.0731
    [plan-I] step 12499 W_v approx_rank=20.9 (frob=20.99 max_row=1.01)
    [ortho] step 12499 L4 W_v off_diag=0.47 diag_dev=0.1541 eff_rank=447.8/448
    [ortho] step 12499 L4 W_o off_diag=0.24 diag_dev=0.0733
    [plan-I] step 12499 W_v approx_rank=20.9 (frob=21.01 max_row=1.00)
    [ortho] step 12499 L5 W_v off_diag=0.44 diag_dev=0.1233 eff_rank=447.8/448
    [ortho] step 12499 L5 W_o off_diag=0.23 diag_dev=0.0730
    [plan-I] step 12499 W_v approx_rank=20.8 (frob=21.00 max_row=1.01)
    [ortho] step 12499 L6 W_v off_diag=0.48 diag_dev=0.1430 eff_rank=447.8/448
    [ortho] step 12499 L6 W_o off_diag=0.23 diag_dev=0.0726
    [plan-I] step 12499 W_v approx_rank=20.9 (frob=21.00 max_row=1.00)
    [ortho] step 12499 L7 W_v off_diag=0.44 diag_dev=0.1382 eff_rank=447.8/448
    [ortho] step 12499 L7 W_o off_diag=0.23 diag_dev=0.0742
  [LOGIC] mlp=1216.3777 attn=-16.1763 div=26.6166
  [TIME] CE=3871ms logic_reg=3929ms
  step   130/8000 (global=130)  loss=8.3988  avg=9.1531  lr=0.001500  B=15  6959ms
  [WB] boundary=93/100  core_diff=24.3158  bin_diff=0.5588  ratio=43.52  prune_act=0.0000
  [WB] structure=16/16 (100%)  opp_sim=0.068
  [WB] BOUNDARY OK | CORE>BIN OK | PRUNE silent OK
  [LOGIC] mlp=1220.5428 attn=-16.0604 div=26.7714
  [TIME] CE=1473ms logic_reg=3898ms
  step   140/8000 (global=140)  loss=9.5322  avg=8.9017  lr=0.001500  B=10  7018ms
  [WB] boundary=93/100  core_diff=23.8367  bin_diff=0.5223  ratio=45.64  prune_act=0.0000
  [WB] structure=16/16 (100%)  opp_sim=0.068
  [WB] BOUNDARY OK | CORE>BIN OK | PRUNE silent OK
