[*] Loaded 32768 vocab pieces from tokenizer/chinese_bpe.vocab
=== LAL STE Whitebox-Supervised Training ===

[*] Method: Straight-Through Estimator + CORE/BINARY/PRUNE Logic Guidance
[*]   forward:  CORE = w_float * core_gain * K     (精确计算)
[*]             BINARY = sign(w) * alpha * K       (二值符号)
[*]             PRUNE = 0                           (静默剪枝)
[*]   backward: STE through w_float (CORE+BINARY), PRUNE 无梯度
[*]   update:   Adam on w_float
[*] Logic Guidance (每步,全层):
[*]             CORE  → maximize |act(a) - act(b)|  (差异化反义词)
[*]             BINARY → minimize (act(a) - act(b))^2 (收敛共性)
[*]             PRUNE → skip (保持静默)
[*] Whitebox probe: every 10 steps observe CORE/BINARY/PRUNE circuit

[*] Loaded 6004 samples from data/cognitive_bpe.bin
[*] Using Phase 1: Sprout (10L/512d) (~35M params, vocab=32768)
[*] Generated Phase 1: Sprout (10L/512d) weights: 10 layers, 512 embd, ~35M params
[*] Logic mask: Phase 1: Growing (20/65/15) (CORE=20% PRUNE=15%)
[*] loaded 124 tensors
[*] binarizing 10 layers (logic-guided)...
    [logic] CORE=307 (20%), BINARY=999 (65%), PRUNE=230 (15%)
[*] done
[*] freed 40 weight tensors (126 MB) after binarization
[*] Model loaded: 10 layers, 512 embd, k_cache=YES


=== LAL STE Training (B=4, max_pos=64, steps=200, logic_lr=0.0020) ===
[*] STE: forward=sign(w), backward=w_float gradient
[*] Whitebox probe every 10 steps
[*] Semantic regularization every step

  step     0/200  loss=11.0588  avg=11.0588  lr=0.000020  B=4  1502ms
  [WB] boundary=84/100  core_diff=0.0272  bin_diff=0.0001  ratio=359.51  prune_act=0.0000
  [WB] structure=20/20 (100%)  opp_sim=0.163
  [WB] BOUNDARY OK | CORE>BIN OK | PRUNE silent OK
  [WB] boundary=84/100  core_diff=0.0272  bin_diff=0.0001  ratio=359.51  prune_act=0.0000
  [WB] structure=20/20 (100%)  opp_sim=0.163
  [WB] BOUNDARY OK | CORE>BIN OK | PRUNE silent OK
  step    10/200  loss=10.6276  avg=3.8841  lr=0.000220  B=8  735ms
  [WB] boundary=84/100  core_diff=0.0272  bin_diff=0.0001  ratio=359.68  prune_act=0.0000
  [WB] structure=20/20 (100%)  opp_sim=0.163
  [WB] BOUNDARY OK | CORE>BIN OK | PRUNE silent OK
  [WB] boundary=84/100  core_diff=0.0272  bin_diff=0.0001  ratio=359.68  prune_act=0.0000
  [WB] structure=20/20 (100%)  opp_sim=0.163
  [WB] BOUNDARY OK | CORE>BIN OK | PRUNE silent OK
  step    20/200  loss=10.3214  avg=3.5405  lr=0.000420  B=8  834ms
  [WB] boundary=84/100  core_diff=0.0272  bin_diff=0.0001  ratio=359.93  prune_act=0.0000
  [WB] structure=20/20 (100%)  opp_sim=0.163
  [WB] BOUNDARY OK | CORE>BIN OK | PRUNE silent OK
  [WB] boundary=84/100  core_diff=0.0272  bin_diff=0.0001  ratio=359.93  prune_act=0.0000
  [WB] structure=20/20 (100%)  opp_sim=0.163
  [WB] BOUNDARY OK | CORE>BIN OK | PRUNE silent OK
  step    30/200  loss=0.0000  avg=3.0193  lr=0.000620  B=0  675ms
  [WB] boundary=84/100  core_diff=0.0273  bin_diff=0.0001  ratio=360.13  prune_act=0.0000
  [WB] structure=20/20 (100%)  opp_sim=0.164
  [WB] BOUNDARY OK | CORE>BIN OK | PRUNE silent OK
  [WB] boundary=84/100  core_diff=0.0273  bin_diff=0.0001  ratio=360.13  prune_act=0.0000
  [WB] structure=20/20 (100%)  opp_sim=0.164
  [WB] BOUNDARY OK | CORE>BIN OK | PRUNE silent OK
  step    40/200  loss=0.0000  avg=2.5272  lr=0.000820  B=0  554ms
  [WB] boundary=84/100  core_diff=0.0273  bin_diff=0.0001  ratio=360.33  prune_act=0.0000
  [WB] structure=20/20 (100%)  opp_sim=0.164
  [WB] BOUNDARY OK | CORE>BIN OK | PRUNE silent OK
  [WB] boundary=84/100  core_diff=0.0273  bin_diff=0.0001  ratio=360.33  prune_act=0.0000
  [WB] structure=20/20 (100%)  opp_sim=0.164
  [WB] BOUNDARY OK | CORE>BIN OK | PRUNE silent OK
  step    50/200  loss=9.8109  avg=2.4053  lr=0.001000  B=4  504ms
  [WB] boundary=84/100  core_diff=0.0273  bin_diff=0.0001  ratio=361.11  prune_act=0.0000
  [WB] structure=20/20 (100%)  opp_sim=0.164
  [WB] BOUNDARY OK | CORE>BIN OK | PRUNE silent OK
  [WB] boundary=84/100  core_diff=0.0273  bin_diff=0.0001  ratio=361.11  prune_act=0.0000
  [WB] structure=20/20 (100%)  opp_sim=0.164
  [WB] BOUNDARY OK | CORE>BIN OK | PRUNE silent OK
[*] stateful inference started: window=256, sinks=4, ctx=512
[*] sliding window configured: W=256, sinks=4 (effective context: 260)
  [TRACE] "冷": L0[||x||=0.83 C409(+146.46--23.27) B1332(+52.15--39.36) P307(max0.000)] L5[||x||=50.57 C409(+206.36--19.56) B1332(+80.59--47.40) P307(max0.000)] L9[||x||=85.64 C409(+189.19--21.79) B1332(+84.64--49.77) P307(max0.000)] | H=14.76/15 top3=0x6A91 0x4508 0x5442 
  step    60/200  loss=0.0000  avg=2.7876  lr=0.000989  B=0  502ms
  [WB] boundary=84/100  core_diff=0.0276  bin_diff=0.0001  ratio=363.66  prune_act=0.0000
  [WB] structure=20/20 (100%)  opp_sim=0.164
  [WB] BOUNDARY OK | CORE>BIN OK | PRUNE silent OK
  [WB] boundary=84/100  core_diff=0.0276  bin_diff=0.0001  ratio=363.66  prune_act=0.0000
  [WB] structure=20/20 (100%)  opp_sim=0.164
  [WB] BOUNDARY OK | CORE>BIN OK | PRUNE silent OK
  step    70/200  loss=0.0000  avg=2.3155  lr=0.000957  B=0  434ms
  [WB] boundary=84/100  core_diff=0.0276  bin_diff=0.0001  ratio=363.66  prune_act=0.0000
  [WB] structure=20/20 (100%)  opp_sim=0.164
  [WB] BOUNDARY OK | CORE>BIN OK | PRUNE silent OK
  [WB] boundary=84/100  core_diff=0.0276  bin_diff=0.0001  ratio=363.66  prune_act=0.0000
  [WB] structure=20/20 (100%)  opp_sim=0.164
  [WB] BOUNDARY OK | CORE>BIN OK | PRUNE silent OK
  step    80/200  loss=0.0000  avg=1.6565  lr=0.000905  B=0  382ms
  [WB] boundary=84/100  core_diff=0.0276  bin_diff=0.0001  ratio=363.66  prune_act=0.0000
  [WB] structure=20/20 (100%)  opp_sim=0.164
  [WB] BOUNDARY OK | CORE>BIN OK | PRUNE silent OK
  [WB] boundary=84/100  core_diff=0.0276  bin_diff=0.0001  ratio=363.66  prune_act=0.0000
  [WB] structure=20/20 (100%)  opp_sim=0.164
  [WB] BOUNDARY OK | CORE>BIN OK | PRUNE silent OK
  step    90/200  loss=0.0000  avg=1.8250  lr=0.000835  B=0  368ms
  [WB] boundary=84/100  core_diff=0.0277  bin_diff=0.0001  ratio=365.19  prune_act=0.0000
  [WB] structure=20/20 (100%)  opp_sim=0.164
  [WB] BOUNDARY OK | CORE>BIN OK | PRUNE silent OK
  [WB] boundary=84/100  core_diff=0.0277  bin_diff=0.0001  ratio=365.19  prune_act=0.0000
  [WB] structure=20/20 (100%)  opp_sim=0.164
  [WB] BOUNDARY OK | CORE>BIN OK | PRUNE silent OK
  step   100/200  loss=0.0000  avg=1.5144  lr=0.000750  B=0  333ms
  [WB] boundary=84/100  core_diff=0.0277  bin_diff=0.0001  ratio=365.19  prune_act=0.0000
  [WB] structure=20/20 (100%)  opp_sim=0.164
  [WB] BOUNDARY OK | CORE>BIN OK | PRUNE silent OK
  [WB] boundary=84/100  core_diff=0.0277  bin_diff=0.0001  ratio=365.19  prune_act=0.0000
  [WB] structure=20/20 (100%)  opp_sim=0.164
  [WB] BOUNDARY OK | CORE>BIN OK | PRUNE silent OK
[*] stateful inference started: window=256, sinks=4, ctx=512
[*] sliding window configured: W=256, sinks=4 (effective context: 260)
  [TRACE] "火": L0[||x||=0.82 C409(+208.69--22.56) B1332(+51.95--39.64) P307(max0.000)] L5[||x||=157.52 C409(+382.52--15.12) B1332(+92.82--53.59) P307(max0.000)] L9[||x||=190.94 C409(+428.45--15.16) B1332(+103.89--54.41) P307(max0.000)] | H=14.60/15 top3=0xE8 0x7C79 0xE9 
  step   110/200  loss=0.0000  avg=1.9839  lr=0.000655  B=0  344ms
  [WB] boundary=84/100  core_diff=0.0279  bin_diff=0.0001  ratio=366.87  prune_act=0.0000
  [WB] structure=20/20 (100%)  opp_sim=0.164
  [WB] BOUNDARY OK | CORE>BIN OK | PRUNE silent OK
  [WB] boundary=84/100  core_diff=0.0279  bin_diff=0.0001  ratio=366.87  prune_act=0.0000
  [WB] structure=20/20 (100%)  opp_sim=0.164
  [WB] BOUNDARY OK | CORE>BIN OK | PRUNE silent OK
  step   120/200  loss=0.0000  avg=1.7885  lr=0.000552  B=0  337ms
  [WB] boundary=84/100  core_diff=0.0280  bin_diff=0.0001  ratio=367.89  prune_act=0.0000
  [WB] structure=20/20 (100%)  opp_sim=0.164
  [WB] BOUNDARY OK | CORE>BIN OK | PRUNE silent OK
  [WB] boundary=84/100  core_diff=0.0280  bin_diff=0.0001  ratio=367.89  prune_act=0.0000
  [WB] structure=20/20 (100%)  opp_sim=0.164
  [WB] BOUNDARY OK | CORE>BIN OK | PRUNE silent OK
  step   130/200  loss=0.0000  avg=1.8300  lr=0.000448  B=0  330ms
  [WB] boundary=84/100  core_diff=0.0280  bin_diff=0.0001  ratio=368.63  prune_act=0.0000
  [WB] structure=20/20 (100%)  opp_sim=0.165
  [WB] BOUNDARY OK | CORE>BIN OK | PRUNE silent OK
  [WB] boundary=84/100  core_diff=0.0280  bin_diff=0.0001  ratio=368.63  prune_act=0.0000
  [WB] structure=20/20 (100%)  opp_sim=0.165
  [WB] BOUNDARY OK | CORE>BIN OK | PRUNE silent OK
  step   140/200  loss=8.6722  avg=2.1233  lr=0.000345  B=8  329ms
  [WB] boundary=84/100  core_diff=0.0281  bin_diff=0.0001  ratio=369.48  prune_act=0.0000
  [WB] structure=20/20 (100%)  opp_sim=0.165
  [WB] BOUNDARY OK | CORE>BIN OK | PRUNE silent OK
  [WB] boundary=84/100  core_diff=0.0281  bin_diff=0.0001  ratio=369.48  prune_act=0.0000
  [WB] structure=20/20 (100%)  opp_sim=0.165
  [WB] BOUNDARY OK | CORE>BIN OK | PRUNE silent OK
  step   150/200  loss=0.0000  avg=2.2438  lr=0.000250  B=0  331ms
  [WB] boundary=84/100  core_diff=0.0283  bin_diff=0.0001  ratio=372.03  prune_act=0.0000
  [WB] structure=20/20 (100%)  opp_sim=0.165
  [WB] BOUNDARY OK | CORE>BIN OK | PRUNE silent OK
  [WB] boundary=84/100  core_diff=0.0283  bin_diff=0.0001  ratio=372.03  prune_act=0.0000
  [WB] structure=20/20 (100%)  opp_sim=0.165
  [WB] BOUNDARY OK | CORE>BIN OK | PRUNE silent OK
[*] stateful inference started: window=256, sinks=4, ctx=512
[*] sliding window configured: W=256, sinks=4 (effective context: 260)
  [TRACE] "水": L0[||x||=0.80 C409(+234.48--21.02) B1332(+52.05--42.99) P307(max0.000)] L5[||x||=207.76 C409(+664.69--15.22) B1332(+73.09--47.63) P307(max0.000)] L9[||x||=211.65 C409(+500.19--18.21) B1332(+67.61--45.81) P307(max0.000)] | H=14.74/15 top3=0xE8 0x7C75 0x7C79 
  step   160/200  loss=10.1367  avg=2.6960  lr=0.000165  B=4  327ms
  [WB] boundary=83/100  core_diff=0.0285  bin_diff=0.0001  ratio=375.11  prune_act=0.0000
  [WB] structure=20/20 (100%)  opp_sim=0.165
  [WB] BOUNDARY OK | CORE>BIN OK | PRUNE silent OK
  [WB] boundary=83/100  core_diff=0.0285  bin_diff=0.0001  ratio=375.11  prune_act=0.0000
  [WB] structure=20/20 (100%)  opp_sim=0.165
  [WB] BOUNDARY OK | CORE>BIN OK | PRUNE silent OK
  step   170/200  loss=0.0000  avg=2.5369  lr=0.000095  B=0  314ms
  [WB] boundary=83/100  core_diff=0.0286  bin_diff=0.0001  ratio=375.93  prune_act=0.0000
  [WB] structure=20/20 (100%)  opp_sim=0.165
  [WB] BOUNDARY OK | CORE>BIN OK | PRUNE silent OK
  [WB] boundary=83/100  core_diff=0.0286  bin_diff=0.0001  ratio=375.93  prune_act=0.0000
  [WB] structure=20/20 (100%)  opp_sim=0.165
  [WB] BOUNDARY OK | CORE>BIN OK | PRUNE silent OK
  step   180/200  loss=0.0000  avg=2.2383  lr=0.000043  B=0  305ms
  [WB] boundary=83/100  core_diff=0.0287  bin_diff=0.0001  ratio=376.72  prune_act=0.0000
  [WB] structure=20/20 (100%)  opp_sim=0.165
  [WB] BOUNDARY OK | CORE>BIN OK | PRUNE silent OK
  [WB] boundary=83/100  core_diff=0.0287  bin_diff=0.0001  ratio=376.72  prune_act=0.0000
  [WB] structure=20/20 (100%)  opp_sim=0.165
  [WB] BOUNDARY OK | CORE>BIN OK | PRUNE silent OK
  step   190/200  loss=10.2032  avg=2.5594  lr=0.000011  B=4  305ms
  [WB] boundary=83/100  core_diff=0.0287  bin_diff=0.0001  ratio=377.08  prune_act=0.0000
  [WB] structure=20/20 (100%)  opp_sim=0.165
  [WB] BOUNDARY OK | CORE>BIN OK | PRUNE silent OK
  [WB] boundary=83/100  core_diff=0.0287  bin_diff=0.0001  ratio=377.08  prune_act=0.0000
  [WB] structure=20/20 (100%)  opp_sim=0.165
  [WB] BOUNDARY OK | CORE>BIN OK | PRUNE silent OK
  step   199/200  loss=0.0000  avg=3.0132  lr=0.000000  B=0  315ms

[*] STE training done in 63.1s (315.3 ms/step)
[*] Best recent loss: 1.5144

[*] Saving trained weights to model_p1.ste...
[*] Saved 193438740 bytes
=== Post-Training Whitebox Analysis (surface) ===

=== LAL Whitebox Probe (step checkpoint) ===
Model: 10L, 512 embd, 2048 mlp

--- Embedding Concept Boundary ---

        热  冷  大  小  上  下  亮  暗  重  轻  快  慢  湿  干
  热  +1.00 -0.01 -0.01 -0.09 -0.00 -0.01 +0.01 -0.05 +0.00 -0.03 +0.02 +0.07 -0.01 +0.04
  冷  -0.01 +1.00 +0.39 +0.28 +0.04 +0.03 -0.01 -0.04 +0.05 +0.01 +0.35 -0.07 -0.01 +0.32
  大  -0.01 +0.39 +1.00 +0.36 +0.03 +0.06 +0.02 -0.13 -0.01 -0.00 +0.35 -0.08 -0.04 +0.35
  小  -0.09 +0.28 +0.36 +1.00 +0.06 +0.11 +0.02 -0.03 -0.04 +0.01 +0.32 -0.10 +0.00 +0.35
  上  -0.00 +0.04 +0.03 +0.06 +1.00 +0.67 +0.31 -0.02 -0.04 +0.00 +0.03 +0.02 +0.01 +0.07
  下  -0.01 +0.03 +0.06 +0.11 +0.67 +1.00 +0.34 -0.05 -0.06 -0.02 +0.03 -0.02 +0.01 +0.10
  亮  +0.01 -0.01 +0.02 +0.02 +0.31 +0.34 +1.00 -0.08 -0.05 +0.03 +0.01 -0.10 -0.07 -0.01
  暗  -0.05 -0.04 -0.13 -0.03 -0.02 -0.05 -0.08 +1.00 +0.05 +0.04 -0.05 +0.37 +0.31 -0.02
  重  +0.00 +0.05 -0.01 -0.04 -0.04 -0.06 -0.05 +0.05 +1.00 +0.02 +0.03 +0.05 -0.02 -0.15
  轻  -0.03 +0.01 -0.00 +0.01 +0.00 -0.02 +0.03 +0.04 +0.02 +1.00 -0.02 +0.03 +0.00 -0.00
  快  +0.02 +0.35 +0.35 +0.32 +0.03 +0.03 +0.01 -0.05 +0.03 -0.02 +1.00 -0.11 +0.29 +0.30
  慢  +0.07 -0.07 -0.08 -0.10 +0.02 -0.02 -0.10 +0.37 +0.05 +0.03 -0.11 +1.00 +0.24 -0.07
  湿  -0.01 -0.01 -0.04 +0.00 +0.01 +0.01 -0.07 +0.31 -0.02 +0.00 +0.29 +0.24 +1.00 +0.31
  干  +0.04 +0.32 +0.35 +0.35 +0.07 +0.10 -0.01 -0.02 -0.15 -0.00 +0.30 -0.07 +0.31 +1.00

  Opposite pairs (boundary clarity):
    热 vs 冷: -0.0081 CLEAR
    大 vs 小: +0.3630 weak
    上 vs 下: +0.6659 weak
    亮 vs 暗: -0.0796 CLEAR
    重 vs 轻: +0.0178 CLEAR
    快 vs 慢: -0.1148 CLEAR
    湿 vs 干: +0.3112 weak

  Boundary score: 83/100 (STRONG)

--- CORE Activation (simulated, layer 0) ---

  热 vs 冷: CORE diff=0.0332 act=0.0257 OK | BIN diff=0.0001 | PRUNE act=0.0000
  大 vs 小: CORE diff=0.0269 act=0.0222 OK | BIN diff=0.0001 | PRUNE act=0.0000
  上 vs 下: CORE diff=0.0187 act=0.0228 OK | BIN diff=0.0000 | PRUNE act=0.0000
  亮 vs 暗: CORE diff=0.0310 act=0.0217 OK | BIN diff=0.0001 | PRUNE act=0.0000
  重 vs 轻: CORE diff=0.0302 act=0.0220 OK | BIN diff=0.0001 | PRUNE act=0.0000
  快 vs 慢: CORE diff=0.0352 act=0.0243 OK | BIN diff=0.0001 | PRUNE act=0.0000
  湿 vs 干: CORE diff=0.0258 act=0.0218 OK | BIN diff=0.0001 | PRUNE act=0.0000

--- Weight Structure ---

  L0 mlp: CORE=0.3618 BIN=0.3512 PRUNE=0.3402 OK | attn: CORE=0.5661 BIN=0.5497 PRUNE=0.5344 OK
  L1 mlp: CORE=0.3624 BIN=0.3525 PRUNE=0.3414 OK | attn: CORE=0.5669 BIN=0.5505 PRUNE=0.5343 OK
  ... (layers 2-8) ...
  L9 mlp: CORE=0.3593 BIN=0.3495 PRUNE=0.3395 OK | attn: CORE=0.5662 BIN=0.5503 PRUNE=0.5341 OK

  Structure: 100% OK (20/20)

--- Embedding Concept Boundary ---

        热  冷  大  小  上  下  亮  暗  重  轻  快  慢  湿  干
  热  +1.00 -0.01 -0.01 -0.09 -0.00 -0.01 +0.01 -0.05 +0.00 -0.03 +0.02 +0.07 -0.01 +0.04
  冷  -0.01 +1.00 +0.39 +0.28 +0.04 +0.03 -0.01 -0.04 +0.05 +0.01 +0.35 -0.07 -0.01 +0.32
  大  -0.01 +0.39 +1.00 +0.36 +0.03 +0.06 +0.02 -0.13 -0.01 -0.00 +0.35 -0.08 -0.04 +0.35
  小  -0.09 +0.28 +0.36 +1.00 +0.06 +0.11 +0.02 -0.03 -0.04 +0.01 +0.32 -0.10 +0.00 +0.35
  上  -0.00 +0.04 +0.03 +0.06 +1.00 +0.67 +0.31 -0.02 -0.04 +0.00 +0.03 +0.02 +0.01 +0.07
  下  -0.01 +0.03 +0.06 +0.11 +0.67 +1.00 +0.34 -0.05 -0.06 -0.02 +0.03 -0.02 +0.01 +0.10
  亮  +0.01 -0.01 +0.02 +0.02 +0.31 +0.34 +1.00 -0.08 -0.05 +0.03 +0.01 -0.10 -0.07 -0.01
  暗  -0.05 -0.04 -0.13 -0.03 -0.02 -0.05 -0.08 +1.00 +0.05 +0.04 -0.05 +0.37 +0.31 -0.02
  重  +0.00 +0.05 -0.01 -0.04 -0.04 -0.06 -0.05 +0.05 +1.00 +0.02 +0.03 +0.05 -0.02 -0.15
  轻  -0.03 +0.01 -0.00 +0.01 +0.00 -0.02 +0.03 +0.04 +0.02 +1.00 -0.02 +0.03 +0.00 -0.00
  快  +0.02 +0.35 +0.35 +0.32 +0.03 +0.03 +0.01 -0.05 +0.03 -0.02 +1.00 -0.11 +0.29 +0.30
  慢  +0.07 -0.07 -0.08 -0.10 +0.02 -0.02 -0.10 +0.37 +0.05 +0.03 -0.11 +1.00 +0.24 -0.07
  湿  -0.01 -0.01 -0.04 +0.00 +0.01 +0.01 -0.07 +0.31 -0.02 +0.00 +0.29 +0.24 +1.00 +0.31
  干  +0.04 +0.32 +0.35 +0.35 +0.07 +0.10 -0.01 -0.02 -0.15 -0.00 +0.30 -0.07 +0.31 +1.00

  Opposite pairs (boundary clarity):
    热 vs 冷: -0.0081 CLEAR
    大 vs 小: +0.3630 weak
    上 vs 下: +0.6659 weak
    亮 vs 暗: -0.0796 CLEAR
    重 vs 轻: +0.0178 CLEAR
    快 vs 慢: -0.1148 CLEAR
    湿 vs 干: +0.3112 weak

  Boundary score: 83/100 (STRONG)

--- Concept Similarity (mid-layer weights) ---

  Embedding similarity:
        热  冷  大  小  上  下  亮  暗  重  轻  快  慢  湿  干
  热  +1.00 -0.01 -0.01 -0.09 -0.00 -0.01 +0.01 -0.05 +0.00 -0.03 +0.02 +0.07 -0.01 +0.04
  冷  -0.01 +1.00 +0.39 +0.28 +0.04 +0.03 -0.01 -0.04 +0.05 +0.01 +0.35 -0.07 -0.01 +0.32
  大  -0.01 +0.39 +1.00 +0.36 +0.03 +0.06 +0.02 -0.13 -0.01 -0.00 +0.35 -0.08 -0.04 +0.35
  小  -0.09 +0.28 +0.36 +1.00 +0.06 +0.11 +0.02 -0.03 -0.04 +0.01 +0.32 -0.10 +0.00 +0.35
  上  -0.00 +0.04 +0.03 +0.06 +1.00 +0.67 +0.31 -0.02 -0.04 +0.00 +0.03 +0.02 +0.01 +0.07
  下  -0.01 +0.03 +0.06 +0.11 +0.67 +1.00 +0.34 -0.05 -0.06 -0.02 +0.03 -0.02 +0.01 +0.10
  亮  +0.01 -0.01 +0.02 +0.02 +0.31 +0.34 +1.00 -0.08 -0.05 +0.03 +0.01 -0.10 -0.07 -0.01
  暗  -0.05 -0.04 -0.13 -0.03 -0.02 -0.05 -0.08 +1.00 +0.05 +0.04 -0.05 +0.37 +0.31 -0.02
  重  +0.00 +0.05 -0.01 -0.04 -0.04 -0.06 -0.05 +0.05 +1.00 +0.02 +0.03 +0.05 -0.02 -0.15
  轻  -0.03 +0.01 -0.00 +0.01 +0.00 -0.02 +0.03 +0.04 +0.02 +1.00 -0.02 +0.03 +0.00 -0.00
  快  +0.02 +0.35 +0.35 +0.32 +0.03 +0.03 +0.01 -0.05 +0.03 -0.02 +1.00 -0.11 +0.29 +0.30
  慢  +0.07 -0.07 -0.08 -0.10 +0.02 -0.02 -0.10 +0.37 +0.05 +0.03 -0.11 +1.00 +0.24 -0.07
  湿  -0.01 -0.01 -0.04 +0.00 +0.01 +0.01 -0.07 +0.31 -0.02 +0.00 +0.29 +0.24 +1.00 +0.31
  干  +0.04 +0.32 +0.35 +0.35 +0.07 +0.10 -0.01 -0.02 -0.15 -0.00 +0.30 -0.07 +0.31 +1.00


========================================
  DEEP WHITEBOX DIAGNOSIS
  (explaining WHY generation is garbage)
========================================

--- 1. Embedding Space Differentiation ---

  Embedding norms:
    热=0.321 冷=0.334 大=0.354 小=0.341 上=0.341 下=0.328 亮=0.346 暗=0.349 火=0.335 水=0.326 

  Avg cosine similarity:
    Opposite pairs (should be LOW):  0.1992
    Unrelated pairs (should be ~0):  0.0525
    Gap (unrelated - opposite):       -0.1467  [FAIL] embeddings clustered — concepts not separated
           → generation will produce near-random tokens

--- 2. CORE Activation Magnitude ---

  Layer 0 mlp activation (for '热'):
    CORE  : max=0.0831 avg=0.0257  (n=409)
    BINARY: max=0.0003 avg=0.0001  (n=1332)
    CORE diff (热 vs 冷): 0.0332 (129.0% of avg)
    [FAIL] CORE diff too small — cannot drive distinct logits

--- 3. Weight Norm Layering (CORE > BINARY > PRUNE?) ---

  L0: CORE=0.3820 BIN=0.3657 PRUNE=0.2237  [FAIL: not layered]
  L1: CORE=0.3850 BIN=0.3663 PRUNE=0.2230  [WEAK]
  L2: CORE=0.3802 BIN=0.3660 PRUNE=0.2230  [FAIL: not layered]
  L3: CORE=0.3816 BIN=0.3662 PRUNE=0.2232  [FAIL: not layered]
  L4: CORE=0.3787 BIN=0.3661 PRUNE=0.2234  [FAIL: not layered]
  L5: CORE=0.3759 BIN=0.3656 PRUNE=0.2232  [FAIL: not layered]
  L6: CORE=0.3749 BIN=0.3660 PRUNE=0.2231  [FAIL: not layered]
  L7: CORE=0.3743 BIN=0.3655 PRUNE=0.2233  [FAIL: not layered]
  L8: CORE=0.3743 BIN=0.3656 PRUNE=0.2228  [FAIL: not layered]
  L9: CORE=0.3736 BIN=0.3660 PRUNE=0.2230  [FAIL: not layered]

  → Weight norms not differentiated → logic mask is cosmetic, not functional

--- 4. Logits Distribution (mode collapse check) ---

  Prompt '热' → top-5 next-token logits:
    token 232 '<0xE5>' logit=4.5108
    token 31861 '。' logit=4.1913
    token 31865 ',' logit=2.8884
    token 181 '<0xB2>' logit=2.8730
    token 5011 '▁=▁63,' logit=2.5011

  Logit range: 6.8836 (max=4.5108 min=-2.3728)
  Softmax entropy: 14.7302 bits (uniform would be 8.00)
  [OK]

========================================
  DIAGNOSIS SUMMARY
========================================
  If generation is garbage, likely causes:
  1. Embeddings not spread (Section 1) → tokens sampled near-randomly
  2. CORE activation too weak (Section 2) → model can't distinguish inputs
  3. Weight norms not layered (Section 3) → logic mask is cosmetic
  4. Logits collapsed/flat (Section 4) → repetitive or random output
  Fix: train more steps, or increase logic_guided_regularization lr
========================================


[*] Done
