[*] Loaded 32768 vocab pieces from tokenizer/chinese_bpe.vocab
=== LAL STE Whitebox-Supervised Training ===

[*] Method: Straight-Through Estimator + CORE/BINARY/PRUNE Logic Guidance
[*]   forward:  CORE = w_float * core_gain * K     (精确计算)
[*]             BINARY = sign(w) * alpha * K       (二值符号)
[*]             PRUNE = 0                           (静默剪枝)
[*]   backward: STE through w_float (CORE+BINARY), PRUNE 无梯度
[*]   update:   Adam on w_float
[*] Logic Guidance (每步,全层):
[*]             CORE  → maximize |act(a) - act(b)|  (差异化反义词)
[*]             BINARY → minimize (act(a) - act(b))^2 (收敛共性)
[*]             PRUNE → skip (保持静默)
[*] Whitebox probe: every 10 steps observe CORE/BINARY/PRUNE circuit

[*] Loaded 6004 samples from data/cognitive_bpe.bin
[*] Using Phase 1: Sprout (10L/512d) (~35M params, vocab=32768)
[*] Generated Phase 1: Sprout (10L/512d) weights: 10 layers, 512 embd, ~35M params
[*] Logic mask: Phase 1: Growing (20/65/15) (CORE=20% PRUNE=15%)
[*] loaded 124 tensors
[*] binarizing 10 layers (logic-guided)...
    [logic] CORE=307 (20%), BINARY=999 (65%), PRUNE=230 (15%)
[*] done
[*] freed 40 weight tensors (126 MB) after binarization
[*] Model loaded: 10 layers, 512 embd, k_cache=YES
[*] Resuming from model_p1_600.ste...
[*] Resumed weights loaded successfully


=== LAL STE Training (B=4, max_pos=64, steps=200, logic_lr=0.0020) ===
[*] STE: forward=sign(w), backward=w_float gradient
[*] Whitebox probe every 10 steps
[*] Semantic regularization every step

  step     0/200  loss=0.0000  avg=0.0000  lr=0.000006  B=0  25ms
  [WB] boundary=83/100  core_diff=0.0709  bin_diff=0.0001  ratio=910.34  prune_act=0.0000
  [WB] structure=16/20 (80%)  opp_sim=0.166
  [WB] BOUNDARY OK | CORE>BIN OK | PRUNE silent OK
  [WB] boundary=83/100  core_diff=0.0709  bin_diff=0.0001  ratio=910.34  prune_act=0.0000
  [WB] structure=16/20 (80%)  opp_sim=0.166
  [WB] BOUNDARY OK | CORE>BIN OK | PRUNE silent OK
  step    10/200  loss=0.0000  avg=2.5847  lr=0.000066  B=0  439ms
  [WB] boundary=83/100  core_diff=0.0717  bin_diff=0.0001  ratio=921.59  prune_act=0.0000
  [WB] structure=16/20 (80%)  opp_sim=0.166
  [WB] BOUNDARY OK | CORE>BIN OK | PRUNE silent OK
  [WB] boundary=83/100  core_diff=0.0717  bin_diff=0.0001  ratio=921.59  prune_act=0.0000
  [WB] structure=16/20 (80%)  opp_sim=0.166
  [WB] BOUNDARY OK | CORE>BIN OK | PRUNE silent OK
  step    20/200  loss=0.0000  avg=3.1358  lr=0.000126  B=0  527ms
  [WB] boundary=83/100  core_diff=0.0749  bin_diff=0.0001  ratio=961.89  prune_act=0.0000
  [WB] structure=15/20 (75%)  opp_sim=0.166
  [WB] BOUNDARY OK | CORE>BIN OK | PRUNE silent OK
  [WB] boundary=83/100  core_diff=0.0749  bin_diff=0.0001  ratio=961.89  prune_act=0.0000
  [WB] structure=15/20 (75%)  opp_sim=0.166
  [WB] BOUNDARY OK | CORE>BIN OK | PRUNE silent OK
  step    30/200  loss=9.4369  avg=2.7449  lr=0.000186  B=8  499ms
  [WB] boundary=83/100  core_diff=0.0783  bin_diff=0.0001  ratio=1004.55  prune_act=0.0000
  [WB] structure=15/20 (75%)  opp_sim=0.166
  [WB] BOUNDARY OK | CORE>BIN OK | PRUNE silent OK
  [WB] boundary=83/100  core_diff=0.0783  bin_diff=0.0001  ratio=1004.55  prune_act=0.0000
  [WB] structure=15/20 (75%)  opp_sim=0.166
  [WB] BOUNDARY OK | CORE>BIN OK | PRUNE silent OK
  step    40/200  loss=0.0000  avg=2.7398  lr=0.000246  B=0  475ms
  [WB] boundary=83/100  core_diff=0.0835  bin_diff=0.0001  ratio=1068.92  prune_act=0.0000
  [WB] structure=14/20 (70%)  opp_sim=0.166
  [WB] BOUNDARY OK | CORE>BIN OK | PRUNE silent OK
  [WB] boundary=83/100  core_diff=0.0835  bin_diff=0.0001  ratio=1068.92  prune_act=0.0000
  [WB] structure=14/20 (70%)  opp_sim=0.166
  [WB] BOUNDARY OK | CORE>BIN OK | PRUNE silent OK
  step    50/200  loss=0.0000  avg=2.5730  lr=0.000300  B=0  434ms
  [WB] boundary=83/100  core_diff=0.0870  bin_diff=0.0001  ratio=1113.22  prune_act=0.0000
  [WB] structure=13/20 (65%)  opp_sim=0.166
  [WB] BOUNDARY OK | CORE>BIN OK | PRUNE silent OK
  [WB] boundary=83/100  core_diff=0.0870  bin_diff=0.0001  ratio=1113.22  prune_act=0.0000
  [WB] structure=13/20 (65%)  opp_sim=0.166
  [WB] BOUNDARY OK | CORE>BIN OK | PRUNE silent OK
[*] stateful inference started: window=256, sinks=4, ctx=512
[*] sliding window configured: W=256, sinks=4 (effective context: 260)
  [TRACE] "冷": L0[||x||=0.81 C409(+14109.47--4.53) B1332(+163.07--49.40) P307(max0.000)] L5[||x||=223.53 C409(+12058.27--4.97) B1332(+127.18--50.32) P307(max0.000)] L9[||x||=224.48 C409(+10365.18--4.88) B1332(+123.98--44.03) P307(max0.000)] | H=14.75/15 top3=0x7C75 0xE8 0xE9 
  step    60/200  loss=0.0000  avg=2.6145  lr=0.000297  B=0  415ms
  [WB] boundary=83/100  core_diff=0.0926  bin_diff=0.0001  ratio=1179.18  prune_act=0.0000
  [WB] structure=13/20 (65%)  opp_sim=0.166
  [WB] BOUNDARY OK | CORE>BIN OK | PRUNE silent OK
  [WB] boundary=83/100  core_diff=0.0926  bin_diff=0.0001  ratio=1179.18  prune_act=0.0000
  [WB] structure=13/20 (65%)  opp_sim=0.166
  [WB] BOUNDARY OK | CORE>BIN OK | PRUNE silent OK
  step    70/200  loss=0.0000  avg=2.6440  lr=0.000287  B=0  399ms
  [WB] boundary=83/100  core_diff=0.0978  bin_diff=0.0001  ratio=1242.28  prune_act=0.0000
  [WB] structure=13/20 (65%)  opp_sim=0.167
  [WB] BOUNDARY OK | CORE>BIN OK | PRUNE silent OK
  [WB] boundary=83/100  core_diff=0.0978  bin_diff=0.0001  ratio=1242.28  prune_act=0.0000
  [WB] structure=13/20 (65%)  opp_sim=0.167
  [WB] BOUNDARY OK | CORE>BIN OK | PRUNE silent OK
  step    80/200  loss=0.0000  avg=2.6545  lr=0.000271  B=0  381ms
  [WB] boundary=83/100  core_diff=0.1023  bin_diff=0.0001  ratio=1295.60  prune_act=0.0000
  [WB] structure=13/20 (65%)  opp_sim=0.167
  [WB] BOUNDARY OK | CORE>BIN OK | PRUNE silent OK
  [WB] boundary=83/100  core_diff=0.1023  bin_diff=0.0001  ratio=1295.60  prune_act=0.0000
  [WB] structure=13/20 (65%)  opp_sim=0.167
  [WB] BOUNDARY OK | CORE>BIN OK | PRUNE silent OK
  step    90/200  loss=0.0000  avg=2.6890  lr=0.000250  B=0  362ms
  [WB] boundary=83/100  core_diff=0.1042  bin_diff=0.0001  ratio=1318.17  prune_act=0.0000
  [WB] structure=13/20 (65%)  opp_sim=0.167
  [WB] BOUNDARY OK | CORE>BIN OK | PRUNE silent OK
  [WB] boundary=83/100  core_diff=0.1042  bin_diff=0.0001  ratio=1318.17  prune_act=0.0000
  [WB] structure=13/20 (65%)  opp_sim=0.167
  [WB] BOUNDARY OK | CORE>BIN OK | PRUNE silent OK
  step   100/200  loss=0.0000  avg=2.1057  lr=0.000225  B=0  342ms
  [WB] boundary=83/100  core_diff=0.1051  bin_diff=0.0001  ratio=1328.69  prune_act=0.0000
  [WB] structure=13/20 (65%)  opp_sim=0.167
  [WB] BOUNDARY OK | CORE>BIN OK | PRUNE silent OK
  [WB] boundary=83/100  core_diff=0.1051  bin_diff=0.0001  ratio=1328.69  prune_act=0.0000
  [WB] structure=13/20 (65%)  opp_sim=0.167
  [WB] BOUNDARY OK | CORE>BIN OK | PRUNE silent OK
[*] stateful inference started: window=256, sinks=4, ctx=512
[*] sliding window configured: W=256, sinks=4 (effective context: 260)
  [TRACE] "火": L0[||x||=0.77 C409(+23771.64--3.13) B1332(+222.14--52.15) P307(max0.000)] L5[||x||=225.24 C409(+17110.58--4.68) B1332(+137.41--50.18) P307(max0.000)] L9[||x||=225.42 C409(+13567.92--5.36) B1332(+130.62--43.85) P307(max0.000)] | H=14.74/15 top3=0xE8 0x7C75 0x5D3F 
  step   110/200  loss=0.0000  avg=2.3899  lr=0.000196  B=0  340ms
  [WB] boundary=83/100  core_diff=0.1092  bin_diff=0.0001  ratio=1377.99  prune_act=0.0000
  [WB] structure=13/20 (65%)  opp_sim=0.167
  [WB] BOUNDARY OK | CORE>BIN OK | PRUNE silent OK
  [WB] boundary=83/100  core_diff=0.1092  bin_diff=0.0001  ratio=1377.99  prune_act=0.0000
  [WB] structure=13/20 (65%)  opp_sim=0.167
  [WB] BOUNDARY OK | CORE>BIN OK | PRUNE silent OK
  step   120/200  loss=0.0000  avg=2.0924  lr=0.000166  B=0  326ms
  [WB] boundary=83/100  core_diff=0.1107  bin_diff=0.0001  ratio=1395.16  prune_act=0.0000
  [WB] structure=13/20 (65%)  opp_sim=0.167
  [WB] BOUNDARY OK | CORE>BIN OK | PRUNE silent OK
  [WB] boundary=83/100  core_diff=0.1107  bin_diff=0.0001  ratio=1395.16  prune_act=0.0000
  [WB] structure=13/20 (65%)  opp_sim=0.167
  [WB] BOUNDARY OK | CORE>BIN OK | PRUNE silent OK
  step   130/200  loss=0.0000  avg=2.2230  lr=0.000134  B=0  317ms
  [WB] boundary=83/100  core_diff=0.1126  bin_diff=0.0001  ratio=1417.51  prune_act=0.0000
  [WB] structure=13/20 (65%)  opp_sim=0.167
  [WB] BOUNDARY OK | CORE>BIN OK | PRUNE silent OK
  [WB] boundary=83/100  core_diff=0.1126  bin_diff=0.0001  ratio=1417.51  prune_act=0.0000
  [WB] structure=13/20 (65%)  opp_sim=0.167
  [WB] BOUNDARY OK | CORE>BIN OK | PRUNE silent OK
  step   140/200  loss=0.0000  avg=2.3788  lr=0.000104  B=0  318ms
  [WB] boundary=83/100  core_diff=0.1151  bin_diff=0.0001  ratio=1446.49  prune_act=0.0000
  [WB] structure=14/20 (70%)  opp_sim=0.167
  [WB] BOUNDARY OK | CORE>BIN OK | PRUNE silent OK
  [WB] boundary=83/100  core_diff=0.1151  bin_diff=0.0001  ratio=1446.49  prune_act=0.0000
  [WB] structure=14/20 (70%)  opp_sim=0.167
  [WB] BOUNDARY OK | CORE>BIN OK | PRUNE silent OK
  step   150/200  loss=0.0000  avg=2.2160  lr=0.000075  B=0  309ms
  [WB] boundary=83/100  core_diff=0.1163  bin_diff=0.0001  ratio=1459.63  prune_act=0.0000
  [WB] structure=14/20 (70%)  opp_sim=0.168
  [WB] BOUNDARY OK | CORE>BIN OK | PRUNE silent OK
  [WB] boundary=83/100  core_diff=0.1163  bin_diff=0.0001  ratio=1459.63  prune_act=0.0000
  [WB] structure=14/20 (70%)  opp_sim=0.168
  [WB] BOUNDARY OK | CORE>BIN OK | PRUNE silent OK
[*] stateful inference started: window=256, sinks=4, ctx=512
[*] sliding window configured: W=256, sinks=4 (effective context: 260)
  [TRACE] "水": L0[||x||=0.82 C409(+16102.35--5.60) B1332(+143.99--41.98) P307(max0.000)] L5[||x||=225.41 C409(+19740.02--4.22) B1332(+150.36--51.83) P307(max0.000)] L9[||x||=225.52 C409(+14692.46--5.20) B1332(+133.26--43.88) P307(max0.000)] | H=14.74/15 top3=0xE8 0x7C75 0x5D3F 
  step   160/200  loss=0.0000  avg=2.5136  lr=0.000050  B=0  318ms
  [WB] boundary=83/100  core_diff=0.1175  bin_diff=0.0001  ratio=1473.82  prune_act=0.0000
  [WB] structure=13/20 (65%)  opp_sim=0.168
  [WB] BOUNDARY OK | CORE>BIN OK | PRUNE silent OK
  [WB] boundary=83/100  core_diff=0.1175  bin_diff=0.0001  ratio=1473.82  prune_act=0.0000
  [WB] structure=13/20 (65%)  opp_sim=0.168
  [WB] BOUNDARY OK | CORE>BIN OK | PRUNE silent OK
  step   170/200  loss=0.0000  avg=2.6870  lr=0.000029  B=0  317ms
  [WB] boundary=83/100  core_diff=0.1181  bin_diff=0.0001  ratio=1480.54  prune_act=0.0000
  [WB] structure=13/20 (65%)  opp_sim=0.168
  [WB] BOUNDARY OK | CORE>BIN OK | PRUNE silent OK
  [WB] boundary=83/100  core_diff=0.1181  bin_diff=0.0001  ratio=1480.54  prune_act=0.0000
  [WB] structure=13/20 (65%)  opp_sim=0.168
  [WB] BOUNDARY OK | CORE>BIN OK | PRUNE silent OK
  step   180/200  loss=0.0000  avg=2.3972  lr=0.000013  B=0  305ms
  [WB] boundary=83/100  core_diff=0.1182  bin_diff=0.0001  ratio=1481.49  prune_act=0.0000
  [WB] structure=13/20 (65%)  opp_sim=0.168
  [WB] BOUNDARY OK | CORE>BIN OK | PRUNE silent OK
  [WB] boundary=83/100  core_diff=0.1182  bin_diff=0.0001  ratio=1481.49  prune_act=0.0000
  [WB] structure=13/20 (65%)  opp_sim=0.168
  [WB] BOUNDARY OK | CORE>BIN OK | PRUNE silent OK
  step   190/200  loss=0.0000  avg=2.5848  lr=0.000003  B=0  298ms
  [WB] boundary=83/100  core_diff=0.1183  bin_diff=0.0001  ratio=1482.81  prune_act=0.0000
  [WB] structure=13/20 (65%)  opp_sim=0.168
  [WB] BOUNDARY OK | CORE>BIN OK | PRUNE silent OK
  [WB] boundary=83/100  core_diff=0.1183  bin_diff=0.0001  ratio=1482.81  prune_act=0.0000
  [WB] structure=13/20 (65%)  opp_sim=0.168
  [WB] BOUNDARY OK | CORE>BIN OK | PRUNE silent OK
  step   199/200  loss=0.0000  avg=2.5402  lr=0.000000  B=0  297ms

[*] STE training done in 59.3s (296.6 ms/step)
[*] Best recent loss: 0.0000

[*] Saving trained weights to model_p1_800.ste...
[*] Saved 193438740 bytes
=== Post-Training Whitebox Analysis (surface) ===

=== LAL Whitebox Probe (step checkpoint) ===
Model: 10L, 512 embd, 2048 mlp

--- Embedding Concept Boundary ---

        热  冷  大  小  上  下  亮  暗  重  轻  快  慢  湿  干
  热  +1.00 -0.00 -0.00 -0.09 +0.00 -0.01 +0.01 -0.04 +0.02 -0.01 +0.03 +0.07 +0.00 +0.05
  冷  -0.00 +1.00 +0.39 +0.28 +0.04 +0.03 -0.01 -0.03 +0.05 +0.02 +0.35 -0.07 -0.01 +0.32
  大  -0.00 +0.39 +1.00 +0.36 +0.03 +0.06 +0.03 -0.13 -0.00 +0.00 +0.35 -0.08 -0.03 +0.35
  小  -0.09 +0.28 +0.36 +1.00 +0.06 +0.11 +0.02 -0.02 -0.03 +0.02 +0.32 -0.10 +0.00 +0.35
  上  +0.00 +0.04 +0.03 +0.06 +1.00 +0.67 +0.32 -0.01 -0.04 +0.02 +0.03 +0.02 +0.01 +0.07
  下  -0.01 +0.03 +0.06 +0.11 +0.67 +1.00 +0.34 -0.04 -0.06 -0.01 +0.03 -0.03 +0.01 +0.10
  亮  +0.01 -0.01 +0.03 +0.02 +0.32 +0.34 +1.00 -0.08 -0.05 +0.03 +0.01 -0.10 -0.07 -0.00
  暗  -0.04 -0.03 -0.13 -0.02 -0.01 -0.04 -0.08 +1.00 +0.06 +0.05 -0.04 +0.37 +0.32 -0.01
  重  +0.02 +0.05 -0.00 -0.03 -0.04 -0.06 -0.05 +0.06 +1.00 +0.03 +0.04 +0.06 -0.01 -0.14
  轻  -0.01 +0.02 +0.00 +0.02 +0.02 -0.01 +0.03 +0.05 +0.03 +1.00 -0.02 +0.03 +0.01 +0.01
  快  +0.03 +0.35 +0.35 +0.32 +0.03 +0.03 +0.01 -0.04 +0.04 -0.02 +1.00 -0.11 +0.29 +0.31
  慢  +0.07 -0.07 -0.08 -0.10 +0.02 -0.03 -0.10 +0.37 +0.06 +0.03 -0.11 +1.00 +0.24 -0.07
  湿  +0.00 -0.01 -0.03 +0.00 +0.01 +0.01 -0.07 +0.32 -0.01 +0.01 +0.29 +0.24 +1.00 +0.31
  干  +0.05 +0.32 +0.35 +0.35 +0.07 +0.10 -0.00 -0.01 -0.14 +0.01 +0.31 -0.07 +0.31 +1.00

  Opposite pairs (boundary clarity):
    热 vs 冷: -0.0033 CLEAR
    大 vs 小: +0.3616 weak
    上 vs 下: +0.6673 weak
    亮 vs 暗: -0.0802 CLEAR
    重 vs 轻: +0.0260 CLEAR
    快 vs 慢: -0.1119 CLEAR
    湿 vs 干: +0.3138 weak

  Boundary score: 83/100 (STRONG)

--- CORE Activation (simulated, layer 0) ---

  热 vs 冷: CORE diff=0.1641 act=0.2071 OK | BIN diff=0.0001 | PRUNE act=0.0000
  大 vs 小: CORE diff=0.0344 act=0.0397 OK | BIN diff=0.0001 | PRUNE act=0.0000
  上 vs 下: CORE diff=0.0733 act=0.0731 OK | BIN diff=0.0001 | PRUNE act=0.0000
  亮 vs 暗: CORE diff=0.1137 act=0.1207 OK | BIN diff=0.0001 | PRUNE act=0.0000
  重 vs 轻: CORE diff=0.2075 act=0.1295 OK | BIN diff=0.0001 | PRUNE act=0.0000
  快 vs 慢: CORE diff=0.1627 act=0.0663 OK | BIN diff=0.0001 | PRUNE act=0.0000
  湿 vs 干: CORE diff=0.0727 act=0.0220 OK | BIN diff=0.0001 | PRUNE act=0.0000

--- Weight Structure ---

  L0 mlp: CORE=0.7089 BIN=0.7166 PRUNE=0.6471 X | attn: CORE=0.5504 BIN=0.5345 PRUNE=0.5199 OK
  L1 mlp: CORE=0.8076 BIN=0.7450 PRUNE=0.6836 OK | attn: CORE=0.5535 BIN=0.5373 PRUNE=0.5211 OK
  ... (layers 2-8) ...
  L9 mlp: CORE=0.5482 BIN=0.5217 PRUNE=0.6151 X | attn: CORE=0.6005 BIN=0.5738 PRUNE=0.5561 OK

  Structure: 65% OK (13/20)

--- Embedding Concept Boundary ---

        热  冷  大  小  上  下  亮  暗  重  轻  快  慢  湿  干
  热  +1.00 -0.00 -0.00 -0.09 +0.00 -0.01 +0.01 -0.04 +0.02 -0.01 +0.03 +0.07 +0.00 +0.05
  冷  -0.00 +1.00 +0.39 +0.28 +0.04 +0.03 -0.01 -0.03 +0.05 +0.02 +0.35 -0.07 -0.01 +0.32
  大  -0.00 +0.39 +1.00 +0.36 +0.03 +0.06 +0.03 -0.13 -0.00 +0.00 +0.35 -0.08 -0.03 +0.35
  小  -0.09 +0.28 +0.36 +1.00 +0.06 +0.11 +0.02 -0.02 -0.03 +0.02 +0.32 -0.10 +0.00 +0.35
  上  +0.00 +0.04 +0.03 +0.06 +1.00 +0.67 +0.32 -0.01 -0.04 +0.02 +0.03 +0.02 +0.01 +0.07
  下  -0.01 +0.03 +0.06 +0.11 +0.67 +1.00 +0.34 -0.04 -0.06 -0.01 +0.03 -0.03 +0.01 +0.10
  亮  +0.01 -0.01 +0.03 +0.02 +0.32 +0.34 +1.00 -0.08 -0.05 +0.03 +0.01 -0.10 -0.07 -0.00
  暗  -0.04 -0.03 -0.13 -0.02 -0.01 -0.04 -0.08 +1.00 +0.06 +0.05 -0.04 +0.37 +0.32 -0.01
  重  +0.02 +0.05 -0.00 -0.03 -0.04 -0.06 -0.05 +0.06 +1.00 +0.03 +0.04 +0.06 -0.01 -0.14
  轻  -0.01 +0.02 +0.00 +0.02 +0.02 -0.01 +0.03 +0.05 +0.03 +1.00 -0.02 +0.03 +0.01 +0.01
  快  +0.03 +0.35 +0.35 +0.32 +0.03 +0.03 +0.01 -0.04 +0.04 -0.02 +1.00 -0.11 +0.29 +0.31
  慢  +0.07 -0.07 -0.08 -0.10 +0.02 -0.03 -0.10 +0.37 +0.06 +0.03 -0.11 +1.00 +0.24 -0.07
  湿  +0.00 -0.01 -0.03 +0.00 +0.01 +0.01 -0.07 +0.32 -0.01 +0.01 +0.29 +0.24 +1.00 +0.31
  干  +0.05 +0.32 +0.35 +0.35 +0.07 +0.10 -0.00 -0.01 -0.14 +0.01 +0.31 -0.07 +0.31 +1.00

  Opposite pairs (boundary clarity):
    热 vs 冷: -0.0033 CLEAR
    大 vs 小: +0.3616 weak
    上 vs 下: +0.6673 weak
    亮 vs 暗: -0.0802 CLEAR
    重 vs 轻: +0.0260 CLEAR
    快 vs 慢: -0.1119 CLEAR
    湿 vs 干: +0.3138 weak

  Boundary score: 83/100 (STRONG)

--- Concept Similarity (mid-layer weights) ---

  Embedding similarity:
        热  冷  大  小  上  下  亮  暗  重  轻  快  慢  湿  干
  热  +1.00 -0.00 -0.00 -0.09 +0.00 -0.01 +0.01 -0.04 +0.02 -0.01 +0.03 +0.07 +0.00 +0.05
  冷  -0.00 +1.00 +0.39 +0.28 +0.04 +0.03 -0.01 -0.03 +0.05 +0.02 +0.35 -0.07 -0.01 +0.32
  大  -0.00 +0.39 +1.00 +0.36 +0.03 +0.06 +0.03 -0.13 -0.00 +0.00 +0.35 -0.08 -0.03 +0.35
  小  -0.09 +0.28 +0.36 +1.00 +0.06 +0.11 +0.02 -0.02 -0.03 +0.02 +0.32 -0.10 +0.00 +0.35
  上  +0.00 +0.04 +0.03 +0.06 +1.00 +0.67 +0.32 -0.01 -0.04 +0.02 +0.03 +0.02 +0.01 +0.07
  下  -0.01 +0.03 +0.06 +0.11 +0.67 +1.00 +0.34 -0.04 -0.06 -0.01 +0.03 -0.03 +0.01 +0.10
  亮  +0.01 -0.01 +0.03 +0.02 +0.32 +0.34 +1.00 -0.08 -0.05 +0.03 +0.01 -0.10 -0.07 -0.00
  暗  -0.04 -0.03 -0.13 -0.02 -0.01 -0.04 -0.08 +1.00 +0.06 +0.05 -0.04 +0.37 +0.32 -0.01
  重  +0.02 +0.05 -0.00 -0.03 -0.04 -0.06 -0.05 +0.06 +1.00 +0.03 +0.04 +0.06 -0.01 -0.14
  轻  -0.01 +0.02 +0.00 +0.02 +0.02 -0.01 +0.03 +0.05 +0.03 +1.00 -0.02 +0.03 +0.01 +0.01
  快  +0.03 +0.35 +0.35 +0.32 +0.03 +0.03 +0.01 -0.04 +0.04 -0.02 +1.00 -0.11 +0.29 +0.31
  慢  +0.07 -0.07 -0.08 -0.10 +0.02 -0.03 -0.10 +0.37 +0.06 +0.03 -0.11 +1.00 +0.24 -0.07
  湿  +0.00 -0.01 -0.03 +0.00 +0.01 +0.01 -0.07 +0.32 -0.01 +0.01 +0.29 +0.24 +1.00 +0.31
  干  +0.05 +0.32 +0.35 +0.35 +0.07 +0.10 -0.00 -0.01 -0.14 +0.01 +0.31 -0.07 +0.31 +1.00


========================================
  DEEP WHITEBOX DIAGNOSIS
  (explaining WHY generation is garbage)
========================================

--- 1. Embedding Space Differentiation ---

  Embedding norms:
    热=0.323 冷=0.334 大=0.354 小=0.342 上=0.342 下=0.328 亮=0.346 暗=0.350 火=0.337 水=0.326 

  Avg cosine similarity:
    Opposite pairs (should be LOW):  0.2007
    Unrelated pairs (should be ~0):  0.0554
    Gap (unrelated - opposite):       -0.1453  [FAIL] embeddings clustered — concepts not separated
           → generation will produce near-random tokens

--- 2. CORE Activation Magnitude ---

  Layer 0 mlp activation (for '热'):
    CORE  : max=1.1483 avg=0.2071  (n=409)
    BINARY: max=0.0004 avg=0.0001  (n=1332)
    CORE diff (热 vs 冷): 0.1641 (79.2% of avg)
    [WEAK] CORE diff marginal — weak discrimination

--- 3. Weight Norm Layering (CORE > BINARY > PRUNE?) ---

  L0: CORE=1.4082 BIN=0.3746 PRUNE=0.0433  [OK layered]
  L1: CORE=1.3902 BIN=0.3751 PRUNE=0.0432  [OK layered]
  L2: CORE=1.2599 BIN=0.3742 PRUNE=0.0432  [OK layered]
  L3: CORE=1.5342 BIN=0.3751 PRUNE=0.0432  [OK layered]
  L4: CORE=1.3342 BIN=0.3747 PRUNE=0.0433  [OK layered]
  L5: CORE=1.3865 BIN=0.3750 PRUNE=0.0432  [OK layered]
  L6: CORE=1.4044 BIN=0.3746 PRUNE=0.0432  [OK layered]
  L7: CORE=1.6159 BIN=0.3762 PRUNE=0.0433  [OK layered]
  L8: CORE=1.6046 BIN=0.3812 PRUNE=0.0431  [OK layered]
  L9: CORE=1.2106 BIN=0.3777 PRUNE=0.0432  [OK layered]

--- 4. Logits Distribution (mode collapse check) ---

  Prompt '热' → top-5 next-token logits:
    token 31861 '。' logit=3.2529
    token 232 '<0xE5>' logit=3.1886
    token 31865 ',' logit=2.8033
    token 234 '<0xE7>' logit=2.4110
    token 3999 ':42' logit=2.1738

  Logit range: 5.5335 (max=3.2529 min=-2.2806)
  Softmax entropy: 14.7413 bits (uniform would be 8.00)
  [OK]

========================================
  DIAGNOSIS SUMMARY
========================================
  If generation is garbage, likely causes:
  1. Embeddings not spread (Section 1) → tokens sampled near-randomly
  2. CORE activation too weak (Section 2) → model can't distinguish inputs
  3. Weight norms not layered (Section 3) → logic mask is cosmetic
  4. Logits collapsed/flat (Section 4) → repetitive or random output
  Fix: train more steps, or increase logic_guided_regularization lr
========================================


[*] Done
