[*] Loaded 32768 vocab pieces from tokenizer/chinese_bpe.vocab
=== LAL STE Whitebox-Supervised Training ===

[*] Method: Straight-Through Estimator + CORE/BINARY/PRUNE Logic Guidance
[*]   forward:  CORE = w_float * core_gain * K     (精确计算)
[*]             BINARY = sign(w) * alpha * K       (二值符号)
[*]             PRUNE = 0                           (静默剪枝)
[*]   backward: STE through w_float (CORE+BINARY), PRUNE 无梯度
[*]   update:   Adam on w_float
[*] Logic Guidance (每步,全层):
[*]             CORE  → maximize |act(a) - act(b)|  (差异化反义词)
[*]             BINARY → minimize (act(a) - act(b))^2 (收敛共性)
[*]             PRUNE → skip (保持静默)
[*] Whitebox probe: every 10 steps observe CORE/BINARY/PRUNE circuit

[*] Loaded 1996 samples from data/cognitive_bpe.bin
[*] Using Phase 0: Seed (8L/448d) (~22M params, vocab=32768)
[*] Generated Phase 0: Seed (8L/448d) weights: 8 layers, 448 embd, ~22M params
[*] Logic mask: Phase 0: Moderate (15/60/25) (CORE=15% PRUNE=25%)
[*] loaded 100 tensors
[*] binarizing 8 layers (logic-guided)...
    [logic] CORE=201 (15%), BINARY=807 (60%), PRUNE=336 (25%)
[*] done
[*] freed 32 weight tensors (77 MB) after binarization
[*] Model loaded: 8 layers, 448 embd, k_cache=YES


=== LAL STE Training (B=4, max_pos=64, steps=500, logic_lr=0.0020) ===
[*] STE: forward=sign(w), backward=w_float gradient
[*] Whitebox probe every 10 steps
[*] Semantic regularization every step

  step     0/500  loss=10.9850  avg=10.9850  lr=0.000020  B=4  604ms
  [WB] boundary=79/100  core_diff=0.0296  bin_diff=0.0001  ratio=347.51  prune_act=0.0000
  [WB] structure=16/16 (100%)  opp_sim=0.206
  [WB] BOUNDARY OK | CORE>BIN OK | PRUNE silent OK
  [WB] boundary=79/100  core_diff=0.0296  bin_diff=0.0001  ratio=347.51  prune_act=0.0000
  [WB] structure=16/16 (100%)  opp_sim=0.206
  [WB] BOUNDARY OK | CORE>BIN OK | PRUNE silent OK
  step    10/500  loss=0.0000  avg=4.8493  lr=0.000220  B=0  294ms
  [WB] boundary=79/100  core_diff=0.0296  bin_diff=0.0001  ratio=347.49  prune_act=0.0000
  [WB] structure=16/16 (100%)  opp_sim=0.206
  [WB] BOUNDARY OK | CORE>BIN OK | PRUNE silent OK
  [WB] boundary=79/100  core_diff=0.0296  bin_diff=0.0001  ratio=347.49  prune_act=0.0000
  [WB] structure=16/16 (100%)  opp_sim=0.206
  [WB] BOUNDARY OK | CORE>BIN OK | PRUNE silent OK
  step    20/500  loss=0.0000  avg=3.9803  lr=0.000420  B=0  248ms
  [WB] boundary=79/100  core_diff=0.0296  bin_diff=0.0001  ratio=347.48  prune_act=0.0000
  [WB] structure=16/16 (100%)  opp_sim=0.206
  [WB] BOUNDARY OK | CORE>BIN OK | PRUNE silent OK
  [WB] boundary=79/100  core_diff=0.0296  bin_diff=0.0001  ratio=347.48  prune_act=0.0000
  [WB] structure=16/16 (100%)  opp_sim=0.206
  [WB] BOUNDARY OK | CORE>BIN OK | PRUNE silent OK
  step    30/500  loss=0.0000  avg=3.0360  lr=0.000620  B=0  194ms
  [WB] boundary=79/100  core_diff=0.0296  bin_diff=0.0001  ratio=347.50  prune_act=0.0000
  [WB] structure=16/16 (100%)  opp_sim=0.207
  [WB] BOUNDARY OK | CORE>BIN OK | PRUNE silent OK
  [WB] boundary=79/100  core_diff=0.0296  bin_diff=0.0001  ratio=347.50  prune_act=0.0000
  [WB] structure=16/16 (100%)  opp_sim=0.207
  [WB] BOUNDARY OK | CORE>BIN OK | PRUNE silent OK
  step    40/500  loss=9.9956  avg=3.7344  lr=0.000820  B=4  257ms
  [WB] boundary=79/100  core_diff=0.0297  bin_diff=0.0001  ratio=348.88  prune_act=0.0000
  [WB] structure=16/16 (100%)  opp_sim=0.207
  [WB] BOUNDARY OK | CORE>BIN OK | PRUNE silent OK
  [WB] boundary=79/100  core_diff=0.0297  bin_diff=0.0001  ratio=348.88  prune_act=0.0000
  [WB] structure=16/16 (100%)  opp_sim=0.207
  [WB] BOUNDARY OK | CORE>BIN OK | PRUNE silent OK
  step    50/500  loss=0.0000  avg=3.5587  lr=0.001000  B=0  253ms
  [WB] boundary=79/100  core_diff=0.0299  bin_diff=0.0001  ratio=350.16  prune_act=0.0000
  [WB] structure=16/16 (100%)  opp_sim=0.207
  [WB] BOUNDARY OK | CORE>BIN OK | PRUNE silent OK
  [WB] boundary=79/100  core_diff=0.0299  bin_diff=0.0001  ratio=350.16  prune_act=0.0000
  [WB] structure=16/16 (100%)  opp_sim=0.207
  [WB] BOUNDARY OK | CORE>BIN OK | PRUNE silent OK
[*] stateful inference started: window=256, sinks=4, ctx=512
[*] sliding window configured: W=256, sinks=4 (effective context: 260)
  [TRACE] "冷": L0[||x||=0.80 C268(+76.77--16.79) B1076(+46.42--32.50) P448(max0.000)] L4[||x||=22.80 C268(+134.46--14.88) B1076(+59.90--38.71) P448(max0.000)] L7[||x||=41.35 C268(+161.26--12.73) B1076(+62.75--39.70) P448(max0.000)] | H=14.76/15 top3=0x1ABF 0x2460 0x3586 
  step    60/500  loss=0.0000  avg=3.7611  lr=0.000999  B=0  250ms
  [WB] boundary=79/100  core_diff=0.0302  bin_diff=0.0001  ratio=352.48  prune_act=0.0000
  [WB] structure=16/16 (100%)  opp_sim=0.208
  [WB] BOUNDARY OK | CORE>BIN OK | PRUNE silent OK
  [WB] boundary=79/100  core_diff=0.0302  bin_diff=0.0001  ratio=352.48  prune_act=0.0000
  [WB] structure=16/16 (100%)  opp_sim=0.208
  [WB] BOUNDARY OK | CORE>BIN OK | PRUNE silent OK
  step    70/500  loss=0.0000  avg=3.3285  lr=0.000995  B=0  234ms
  [WB] boundary=79/100  core_diff=0.0304  bin_diff=0.0001  ratio=354.24  prune_act=0.0000
  [WB] structure=16/16 (100%)  opp_sim=0.208
  [WB] BOUNDARY OK | CORE>BIN OK | PRUNE silent OK
  [WB] boundary=79/100  core_diff=0.0304  bin_diff=0.0001  ratio=354.24  prune_act=0.0000
  [WB] structure=16/16 (100%)  opp_sim=0.208
  [WB] BOUNDARY OK | CORE>BIN OK | PRUNE silent OK
  step    80/500  loss=9.0735  avg=3.4229  lr=0.000989  B=8  235ms
  [WB] boundary=79/100  core_diff=0.0315  bin_diff=0.0001  ratio=365.76  prune_act=0.0000
  [WB] structure=16/16 (100%)  opp_sim=0.209
  [WB] BOUNDARY OK | CORE>BIN OK | PRUNE silent OK
  [WB] boundary=79/100  core_diff=0.0315  bin_diff=0.0001  ratio=365.76  prune_act=0.0000
  [WB] structure=16/16 (100%)  opp_sim=0.209
  [WB] BOUNDARY OK | CORE>BIN OK | PRUNE silent OK
  step    90/500  loss=9.9398  avg=4.1543  lr=0.000981  B=4  244ms
  [WB] boundary=79/100  core_diff=0.0400  bin_diff=0.0001  ratio=459.16  prune_act=0.0000
  [WB] structure=16/16 (100%)  opp_sim=0.211
  [WB] BOUNDARY OK | CORE>BIN OK | PRUNE silent OK
  [WB] boundary=79/100  core_diff=0.0400  bin_diff=0.0001  ratio=459.16  prune_act=0.0000
  [WB] structure=16/16 (100%)  opp_sim=0.211
  [WB] BOUNDARY OK | CORE>BIN OK | PRUNE silent OK
  step   100/500  loss=10.8029  avg=4.4512  lr=0.000970  B=4  245ms
  [WB] boundary=79/100  core_diff=0.0507  bin_diff=0.0001  ratio=574.38  prune_act=0.0000
  [WB] structure=16/16 (100%)  opp_sim=0.213
  [WB] BOUNDARY OK | CORE>BIN OK | PRUNE silent OK
  [WB] boundary=79/100  core_diff=0.0507  bin_diff=0.0001  ratio=574.38  prune_act=0.0000
  [WB] structure=16/16 (100%)  opp_sim=0.213
  [WB] BOUNDARY OK | CORE>BIN OK | PRUNE silent OK
[*] stateful inference started: window=256, sinks=4, ctx=512
[*] sliding window configured: W=256, sinks=4 (effective context: 260)
  [TRACE] "火": L0[||x||=0.83 C268(+2100.16--8.14) B1076(+68.31--28.97) P448(max0.000)] L4[||x||=204.96 C268(+3748.68--4.05) B1076(+73.62--36.36) P448(max0.000)] L7[||x||=204.94 C268(+993.91--8.50) B1076(+47.09--30.88) P448(max0.000)] | H=14.73/15 top3=0x7C75 0x7C90 0xE8 
  step   110/500  loss=9.4559  avg=4.2763  lr=0.000957  B=8  243ms
  [WB] boundary=79/100  core_diff=0.0582  bin_diff=0.0001  ratio=652.25  prune_act=0.0000
  [WB] structure=15/16 (94%)  opp_sim=0.213
  [WB] BOUNDARY OK | CORE>BIN OK | PRUNE silent OK
  [WB] boundary=79/100  core_diff=0.0582  bin_diff=0.0001  ratio=652.25  prune_act=0.0000
  [WB] structure=15/16 (94%)  opp_sim=0.213
  [WB] BOUNDARY OK | CORE>BIN OK | PRUNE silent OK
  step   120/500  loss=0.0000  avg=3.9877  lr=0.000941  B=0  232ms
  [WB] boundary=79/100  core_diff=0.0634  bin_diff=0.0001  ratio=705.16  prune_act=0.0000
  [WB] structure=15/16 (94%)  opp_sim=0.214
  [WB] BOUNDARY OK | CORE>BIN OK | PRUNE silent OK
  [WB] boundary=79/100  core_diff=0.0634  bin_diff=0.0001  ratio=705.16  prune_act=0.0000
  [WB] structure=15/16 (94%)  opp_sim=0.214
  [WB] BOUNDARY OK | CORE>BIN OK | PRUNE silent OK
  step   130/500  loss=0.0000  avg=3.8711  lr=0.000924  B=0  222ms
  [WB] boundary=79/100  core_diff=0.0695  bin_diff=0.0001  ratio=766.96  prune_act=0.0000
  [WB] structure=13/16 (81%)  opp_sim=0.215
  [WB] BOUNDARY OK | CORE>BIN OK | PRUNE silent OK
  [WB] boundary=79/100  core_diff=0.0695  bin_diff=0.0001  ratio=766.96  prune_act=0.0000
  [WB] structure=13/16 (81%)  opp_sim=0.215
  [WB] BOUNDARY OK | CORE>BIN OK | PRUNE silent OK
  step   140/500  loss=0.0000  avg=3.9299  lr=0.000905  B=0  223ms
  [WB] boundary=78/100  core_diff=0.0921  bin_diff=0.0001  ratio=986.90  prune_act=0.0000
  [WB] structure=12/16 (75%)  opp_sim=0.216
  [WB] BOUNDARY OK | CORE>BIN OK | PRUNE silent OK
  [WB] boundary=78/100  core_diff=0.0921  bin_diff=0.0001  ratio=986.90  prune_act=0.0000
  [WB] structure=12/16 (75%)  opp_sim=0.216
  [WB] BOUNDARY OK | CORE>BIN OK | PRUNE silent OK
  step   150/500  loss=0.0000  avg=3.3388  lr=0.000883  B=0  212ms
  [WB] boundary=78/100  core_diff=0.0972  bin_diff=0.0001  ratio=1034.84  prune_act=0.0000
  [WB] structure=12/16 (75%)  opp_sim=0.216
  [WB] BOUNDARY OK | CORE>BIN OK | PRUNE silent OK
  [WB] boundary=78/100  core_diff=0.0972  bin_diff=0.0001  ratio=1034.84  prune_act=0.0000
  [WB] structure=12/16 (75%)  opp_sim=0.216
  [WB] BOUNDARY OK | CORE>BIN OK | PRUNE silent OK
[*] stateful inference started: window=256, sinks=4, ctx=512
[*] sliding window configured: W=256, sinks=4 (effective context: 260)
  [TRACE] "水": L0[||x||=0.85 C268(+443.76--2.03) B1076(+58.94--59.35) P448(max0.000)] L4[||x||=199.76 C268(+718.80--0.95) B1076(+89.93--59.28) P448(max0.000)] L7[||x||=204.02 C268(+339.01--3.07) B1076(+57.33--46.78) P448(max0.000)] | H=14.76/15 top3=0x23A7 0x766C 0xF1A 
  step   160/500  loss=9.2597  avg=3.0096  lr=0.000860  B=4  213ms
  [WB] boundary=78/100  core_diff=0.1255  bin_diff=0.0001  ratio=1290.08  prune_act=0.0000
  [WB] structure=11/16 (69%)  opp_sim=0.217
  [WB] BOUNDARY OK | CORE>BIN OK | PRUNE silent OK
  [WB] boundary=78/100  core_diff=0.1255  bin_diff=0.0001  ratio=1290.08  prune_act=0.0000
  [WB] structure=11/16 (69%)  opp_sim=0.217
  [WB] BOUNDARY OK | CORE>BIN OK | PRUNE silent OK
  step   170/500  loss=0.0000  avg=2.8337  lr=0.000835  B=0  209ms
  [WB] boundary=78/100  core_diff=0.1439  bin_diff=0.0001  ratio=1447.54  prune_act=0.0000
  [WB] structure=10/16 (62%)  opp_sim=0.218
  [WB] BOUNDARY OK | CORE>BIN OK | PRUNE silent OK
  [WB] boundary=78/100  core_diff=0.1439  bin_diff=0.0001  ratio=1447.54  prune_act=0.0000
  [WB] structure=10/16 (62%)  opp_sim=0.218
  [WB] BOUNDARY OK | CORE>BIN OK | PRUNE silent OK
  step   180/500  loss=0.0000  avg=2.6651  lr=0.000808  B=0  204ms
  [WB] boundary=78/100  core_diff=0.1574  bin_diff=0.0001  ratio=1558.85  prune_act=0.0000
  [WB] structure=10/16 (62%)  opp_sim=0.219
  [WB] BOUNDARY OK | CORE>BIN OK | PRUNE silent OK
  [WB] boundary=78/100  core_diff=0.1574  bin_diff=0.0001  ratio=1558.85  prune_act=0.0000
  [WB] structure=10/16 (62%)  opp_sim=0.219
  [WB] BOUNDARY OK | CORE>BIN OK | PRUNE silent OK
  step   190/500  loss=0.0000  avg=2.6135  lr=0.000780  B=0  202ms
  [WB] boundary=78/100  core_diff=0.1739  bin_diff=0.0001  ratio=1681.25  prune_act=0.0000
  [WB] structure=9/16 (56%)  opp_sim=0.220
  [WB] BOUNDARY OK | CORE>BIN OK | PRUNE silent OK
  [WB] boundary=78/100  core_diff=0.1739  bin_diff=0.0001  ratio=1681.25  prune_act=0.0000
  [WB] structure=9/16 (56%)  opp_sim=0.220
  [WB] BOUNDARY OK | CORE>BIN OK | PRUNE silent OK
  step   200/500  loss=0.0000  avg=2.9950  lr=0.000750  B=0  202ms
  [WB] boundary=78/100  core_diff=0.1849  bin_diff=0.0001  ratio=1744.70  prune_act=0.0000
  [WB] structure=8/16 (50%)  opp_sim=0.222
  [WB] BOUNDARY OK | CORE>BIN OK | PRUNE silent OK
  [WB] boundary=78/100  core_diff=0.1849  bin_diff=0.0001  ratio=1744.70  prune_act=0.0000
  [WB] structure=8/16 (50%)  opp_sim=0.222
  [WB] BOUNDARY OK | CORE>BIN OK | PRUNE silent OK
[*] stateful inference started: window=256, sinks=4, ctx=512
[*] sliding window configured: W=256, sinks=4 (effective context: 260)
  [TRACE] "大": L0[||x||=0.88 C268(+1280.66--0.83) B1076(+144.17--60.99) P448(max0.000)] L4[||x||=206.97 C268(+954.98--1.16) B1076(+91.29--60.85) P448(max0.000)] L7[||x||=210.24 C268(+399.87--1.50) B1076(+51.58--47.40) P448(max0.000)] | H=14.76/15 top3=0x7DCD 0x30D4 0x311B 
  step   210/500  loss=0.0000  avg=3.0132  lr=0.000719  B=0  199ms
  [WB] boundary=78/100  core_diff=0.1895  bin_diff=0.0001  ratio=1749.58  prune_act=0.0000
  [WB] structure=6/16 (38%)  opp_sim=0.225
  [WB] BOUNDARY OK | CORE>BIN OK | PRUNE silent OK
  [WB] boundary=78/100  core_diff=0.1895  bin_diff=0.0001  ratio=1749.58  prune_act=0.0000
  [WB] structure=6/16 (38%)  opp_sim=0.225
  [WB] BOUNDARY OK | CORE>BIN OK | PRUNE silent OK
  step   220/500  loss=0.0000  avg=3.1327  lr=0.000687  B=0  199ms
  [WB] boundary=77/100  core_diff=0.1907  bin_diff=0.0001  ratio=1714.78  prune_act=0.0000
  [WB] structure=5/16 (31%)  opp_sim=0.226
  [WB] BOUNDARY OK | CORE>BIN OK | PRUNE silent OK
  [WB] boundary=77/100  core_diff=0.1907  bin_diff=0.0001  ratio=1714.78  prune_act=0.0000
  [WB] structure=5/16 (31%)  opp_sim=0.226
  [WB] BOUNDARY OK | CORE>BIN OK | PRUNE silent OK
  step   230/500  loss=0.0000  avg=2.7988  lr=0.000655  B=0  195ms
  [WB] boundary=77/100  core_diff=0.1909  bin_diff=0.0001  ratio=1696.72  prune_act=0.0000
  [WB] structure=5/16 (31%)  opp_sim=0.227
  [WB] BOUNDARY OK | CORE>BIN OK | PRUNE silent OK
  [WB] boundary=77/100  core_diff=0.1909  bin_diff=0.0001  ratio=1696.72  prune_act=0.0000
  [WB] structure=5/16 (31%)  opp_sim=0.227
  [WB] BOUNDARY OK | CORE>BIN OK | PRUNE silent OK
  step   240/500  loss=0.0000  avg=2.6096  lr=0.000621  B=0  193ms
  [WB] boundary=77/100  core_diff=0.1916  bin_diff=0.0001  ratio=1672.69  prune_act=0.0000
  [WB] structure=5/16 (31%)  opp_sim=0.227
  [WB] BOUNDARY OK | CORE>BIN OK | PRUNE silent OK
  [WB] boundary=77/100  core_diff=0.1916  bin_diff=0.0001  ratio=1672.69  prune_act=0.0000
  [WB] structure=5/16 (31%)  opp_sim=0.227
  [WB] BOUNDARY OK | CORE>BIN OK | PRUNE silent OK
  step   250/500  loss=0.0000  avg=3.0937  lr=0.000587  B=0  194ms
  [WB] boundary=77/100  core_diff=0.1927  bin_diff=0.0001  ratio=1630.74  prune_act=0.0000
  [WB] structure=4/16 (25%)  opp_sim=0.229
  [WB] BOUNDARY OK | CORE>BIN OK | PRUNE silent OK
  [WB] boundary=77/100  core_diff=0.1927  bin_diff=0.0001  ratio=1630.74  prune_act=0.0000
  [WB] structure=4/16 (25%)  opp_sim=0.229
  [WB] BOUNDARY OK | CORE>BIN OK | PRUNE silent OK
[*] stateful inference started: window=256, sinks=4, ctx=512
[*] sliding window configured: W=256, sinks=4 (effective context: 260)
  [TRACE] "小": L0[||x||=0.83 C268(+28776.43--0.80) B1076(+726.65--55.49) P448(max0.000)] L4[||x||=210.36 C268(+26942.62--1.07) B1076(+150.75--51.63) P448(max0.000)] L7[||x||=211.23 C268(+11906.89--2.48) B1076(+68.74--32.64) P448(max0.000)] | H=14.63/15 top3=0x7C75 0x7C90 0x7DBF 
  step   260/500  loss=0.0000  avg=2.6409  lr=0.000552  B=0  190ms
  [WB] boundary=77/100  core_diff=0.1937  bin_diff=0.0001  ratio=1619.77  prune_act=0.0000
  [WB] structure=4/16 (25%)  opp_sim=0.230
  [WB] BOUNDARY OK | CORE>BIN OK | PRUNE silent OK
  [WB] boundary=77/100  core_diff=0.1937  bin_diff=0.0001  ratio=1619.77  prune_act=0.0000
  [WB] structure=4/16 (25%)  opp_sim=0.230
  [WB] BOUNDARY OK | CORE>BIN OK | PRUNE silent OK
  step   270/500  loss=0.0000  avg=2.6846  lr=0.000517  B=0  191ms
  [WB] boundary=77/100  core_diff=0.1971  bin_diff=0.0001  ratio=1606.09  prune_act=0.0000
  [WB] structure=4/16 (25%)  opp_sim=0.233
  [WB] BOUNDARY OK | CORE>BIN OK | PRUNE silent OK
  [WB] boundary=77/100  core_diff=0.1971  bin_diff=0.0001  ratio=1606.09  prune_act=0.0000
  [WB] structure=4/16 (25%)  opp_sim=0.233
  [WB] BOUNDARY OK | CORE>BIN OK | PRUNE silent OK
  step   280/500  loss=8.9257  avg=2.8700  lr=0.000483  B=4  193ms
  [WB] boundary=76/100  core_diff=0.1978  bin_diff=0.0001  ratio=1578.89  prune_act=0.0000
  [WB] structure=4/16 (25%)  opp_sim=0.236
  [WB] BOUNDARY OK | CORE>BIN OK | PRUNE silent OK
  [WB] boundary=76/100  core_diff=0.1978  bin_diff=0.0001  ratio=1578.89  prune_act=0.0000
  [WB] structure=4/16 (25%)  opp_sim=0.236
  [WB] BOUNDARY OK | CORE>BIN OK | PRUNE silent OK
  step   290/500  loss=0.0000  avg=3.1987  lr=0.000448  B=0  192ms
  [WB] boundary=76/100  core_diff=0.1974  bin_diff=0.0001  ratio=1555.81  prune_act=0.0000
  [WB] structure=4/16 (25%)  opp_sim=0.238
  [WB] BOUNDARY OK | CORE>BIN OK | PRUNE silent OK
  [WB] boundary=76/100  core_diff=0.1974  bin_diff=0.0001  ratio=1555.81  prune_act=0.0000
  [WB] structure=4/16 (25%)  opp_sim=0.238
  [WB] BOUNDARY OK | CORE>BIN OK | PRUNE silent OK
  step   300/500  loss=0.0000  avg=3.3291  lr=0.000413  B=0  191ms
  [WB] boundary=76/100  core_diff=0.1987  bin_diff=0.0001  ratio=1535.86  prune_act=0.0000
  [WB] structure=5/16 (31%)  opp_sim=0.239
  [WB] BOUNDARY OK | CORE>BIN OK | PRUNE silent OK
  [WB] boundary=76/100  core_diff=0.1987  bin_diff=0.0001  ratio=1535.86  prune_act=0.0000
  [WB] structure=5/16 (31%)  opp_sim=0.239
  [WB] BOUNDARY OK | CORE>BIN OK | PRUNE silent OK
[*] stateful inference started: window=256, sinks=4, ctx=512
[*] sliding window configured: W=256, sinks=4 (effective context: 260)
  [TRACE] "热": L0[||x||=0.84 C268(+31937.38--0.54) B1076(+940.55--56.71) P448(max0.000)] L4[||x||=210.72 C268(+28259.88--0.90) B1076(+151.62--52.22) P448(max0.000)] L7[||x||=211.66 C268(+20984.42--1.50) B1076(+98.53--41.55) P448(max0.000)] | H=14.60/15 top3=0x7C75 0x7C90 0x7DBF 
  step   310/500  loss=7.2632  avg=3.5426  lr=0.000379  B=4  194ms
  [WB] boundary=76/100  core_diff=0.1996  bin_diff=0.0001  ratio=1509.58  prune_act=0.0000
  [WB] structure=5/16 (31%)  opp_sim=0.242
  [WB] BOUNDARY OK | CORE>BIN OK | PRUNE silent OK
  [WB] boundary=76/100  core_diff=0.1996  bin_diff=0.0001  ratio=1509.58  prune_act=0.0000
  [WB] structure=5/16 (31%)  opp_sim=0.242
  [WB] BOUNDARY OK | CORE>BIN OK | PRUNE silent OK
  step   320/500  loss=7.8288  avg=3.7207  lr=0.000345  B=4  194ms
  [WB] boundary=76/100  core_diff=0.1997  bin_diff=0.0001  ratio=1491.64  prune_act=0.0000
  [WB] structure=5/16 (31%)  opp_sim=0.244
  [WB] BOUNDARY OK | CORE>BIN OK | PRUNE silent OK
  [WB] boundary=76/100  core_diff=0.1997  bin_diff=0.0001  ratio=1491.64  prune_act=0.0000
  [WB] structure=5/16 (31%)  opp_sim=0.244
  [WB] BOUNDARY OK | CORE>BIN OK | PRUNE silent OK
  step   330/500  loss=0.0000  avg=3.7054  lr=0.000313  B=0  196ms
  [WB] boundary=75/100  core_diff=0.2014  bin_diff=0.0001  ratio=1479.83  prune_act=0.0000
  [WB] structure=5/16 (31%)  opp_sim=0.245
  [WB] BOUNDARY OK | CORE>BIN OK | PRUNE silent OK
  [WB] boundary=75/100  core_diff=0.2014  bin_diff=0.0001  ratio=1479.83  prune_act=0.0000
  [WB] structure=5/16 (31%)  opp_sim=0.245
  [WB] BOUNDARY OK | CORE>BIN OK | PRUNE silent OK
  step   340/500  loss=0.0000  avg=3.3917  lr=0.000281  B=0  192ms
  [WB] boundary=75/100  core_diff=0.2017  bin_diff=0.0001  ratio=1472.85  prune_act=0.0000
  [WB] structure=5/16 (31%)  opp_sim=0.246
  [WB] BOUNDARY OK | CORE>BIN OK | PRUNE silent OK
  [WB] boundary=75/100  core_diff=0.2017  bin_diff=0.0001  ratio=1472.85  prune_act=0.0000
  [WB] structure=5/16 (31%)  opp_sim=0.246
  [WB] BOUNDARY OK | CORE>BIN OK | PRUNE silent OK
  step   350/500  loss=0.0000  avg=3.7655  lr=0.000250  B=0  199ms
  [WB] boundary=75/100  core_diff=0.2020  bin_diff=0.0001  ratio=1450.52  prune_act=0.0000
  [WB] structure=5/16 (31%)  opp_sim=0.248
  [WB] BOUNDARY OK | CORE>BIN OK | PRUNE silent OK
  [WB] boundary=75/100  core_diff=0.2020  bin_diff=0.0001  ratio=1450.52  prune_act=0.0000
  [WB] structure=5/16 (31%)  opp_sim=0.248
  [WB] BOUNDARY OK | CORE>BIN OK | PRUNE silent OK
[*] stateful inference started: window=256, sinks=4, ctx=512
[*] sliding window configured: W=256, sinks=4 (effective context: 260)
  [TRACE] "冷": L0[||x||=0.82 C268(+58032.66--0.19) B1076(+1822.63--57.23) P448(max0.000)] L4[||x||=211.06 C268(+28733.45--0.92) B1076(+153.99--53.04) P448(max0.000)] L7[||x||=211.66 C268(+27596.94--0.92) B1076(+114.10--46.32) P448(max0.000)] | H=14.61/15 top3=0x7C75 0x7C90 0x7DBF 
  step   360/500  loss=8.0252  avg=3.4828  lr=0.000220  B=4  197ms
  [WB] boundary=75/100  core_diff=0.2018  bin_diff=0.0001  ratio=1445.27  prune_act=0.0000
  [WB] structure=5/16 (31%)  opp_sim=0.249
  [WB] BOUNDARY OK | CORE>BIN OK | PRUNE silent OK
  [WB] boundary=75/100  core_diff=0.2018  bin_diff=0.0001  ratio=1445.27  prune_act=0.0000
  [WB] structure=5/16 (31%)  opp_sim=0.249
  [WB] BOUNDARY OK | CORE>BIN OK | PRUNE silent OK
  step   370/500  loss=8.3648  avg=3.3935  lr=0.000192  B=8  200ms
  [WB] boundary=75/100  core_diff=0.2039  bin_diff=0.0001  ratio=1437.57  prune_act=0.0000
  [WB] structure=5/16 (31%)  opp_sim=0.250
  [WB] BOUNDARY OK | CORE>BIN OK | PRUNE silent OK
  [WB] boundary=75/100  core_diff=0.2039  bin_diff=0.0001  ratio=1437.57  prune_act=0.0000
  [WB] structure=5/16 (31%)  opp_sim=0.250
  [WB] BOUNDARY OK | CORE>BIN OK | PRUNE silent OK
  step   380/500  loss=0.0000  avg=3.1437  lr=0.000165  B=0  198ms
  [WB] boundary=75/100  core_diff=0.2037  bin_diff=0.0001  ratio=1430.32  prune_act=0.0000
  [WB] structure=5/16 (31%)  opp_sim=0.250
  [WB] BOUNDARY OK | CORE>BIN OK | PRUNE silent OK
  [WB] boundary=75/100  core_diff=0.2037  bin_diff=0.0001  ratio=1430.32  prune_act=0.0000
  [WB] structure=5/16 (31%)  opp_sim=0.250
  [WB] BOUNDARY OK | CORE>BIN OK | PRUNE silent OK
  step   390/500  loss=0.0000  avg=3.0481  lr=0.000140  B=0  198ms
  [WB] boundary=75/100  core_diff=0.2053  bin_diff=0.0001  ratio=1427.33  prune_act=0.0000
  [WB] structure=5/16 (31%)  opp_sim=0.251
  [WB] BOUNDARY OK | CORE>BIN OK | PRUNE silent OK
  [WB] boundary=75/100  core_diff=0.2053  bin_diff=0.0001  ratio=1427.33  prune_act=0.0000
  [WB] structure=5/16 (31%)  opp_sim=0.251
  [WB] BOUNDARY OK | CORE>BIN OK | PRUNE silent OK
  step   400/500  loss=8.4505  avg=2.8897  lr=0.000117  B=4  195ms
  [WB] boundary=75/100  core_diff=0.2056  bin_diff=0.0001  ratio=1425.11  prune_act=0.0000
  [WB] structure=5/16 (31%)  opp_sim=0.252
  [WB] BOUNDARY OK | CORE>BIN OK | PRUNE silent OK
  [WB] boundary=75/100  core_diff=0.2056  bin_diff=0.0001  ratio=1425.11  prune_act=0.0000
  [WB] structure=5/16 (31%)  opp_sim=0.252
  [WB] BOUNDARY OK | CORE>BIN OK | PRUNE silent OK
[*] stateful inference started: window=256, sinks=4, ctx=512
[*] sliding window configured: W=256, sinks=4 (effective context: 260)
  [TRACE] "火": L0[||x||=0.84 C268(+29093.95--0.41) B1076(+1002.21--56.71) P448(max0.000)] L4[||x||=211.25 C268(+28970.84--0.85) B1076(+157.66--53.86) P448(max0.000)] L7[||x||=211.66 C268(+29622.54--0.82) B1076(+120.07--48.07) P448(max0.000)] | H=14.63/15 top3=0x7C75 0x7C90 0xE8 
  step   410/500  loss=7.4593  avg=2.4678  lr=0.000095  B=4  193ms
  [WB] boundary=75/100  core_diff=0.2056  bin_diff=0.0001  ratio=1422.77  prune_act=0.0000
  [WB] structure=5/16 (31%)  opp_sim=0.252
  [WB] BOUNDARY OK | CORE>BIN OK | PRUNE silent OK
  [WB] boundary=75/100  core_diff=0.2056  bin_diff=0.0001  ratio=1422.77  prune_act=0.0000
  [WB] structure=5/16 (31%)  opp_sim=0.252
  [WB] BOUNDARY OK | CORE>BIN OK | PRUNE silent OK
  step   420/500  loss=9.6137  avg=2.3608  lr=0.000076  B=4  191ms
  [WB] boundary=75/100  core_diff=0.2056  bin_diff=0.0001  ratio=1420.63  prune_act=0.0000
  [WB] structure=5/16 (31%)  opp_sim=0.252
  [WB] BOUNDARY OK | CORE>BIN OK | PRUNE silent OK
  [WB] boundary=75/100  core_diff=0.2056  bin_diff=0.0001  ratio=1420.63  prune_act=0.0000
  [WB] structure=5/16 (31%)  opp_sim=0.252
  [WB] BOUNDARY OK | CORE>BIN OK | PRUNE silent OK
  step   430/500  loss=0.0000  avg=2.1648  lr=0.000059  B=0  190ms
  [WB] boundary=75/100  core_diff=0.2059  bin_diff=0.0001  ratio=1418.76  prune_act=0.0000
  [WB] structure=5/16 (31%)  opp_sim=0.252
  [WB] BOUNDARY OK | CORE>BIN OK | PRUNE silent OK
  [WB] boundary=75/100  core_diff=0.2059  bin_diff=0.0001  ratio=1418.76  prune_act=0.0000
  [WB] structure=5/16 (31%)  opp_sim=0.252
  [WB] BOUNDARY OK | CORE>BIN OK | PRUNE silent OK
  step   440/500  loss=9.4673  avg=2.1932  lr=0.000043  B=4  188ms
  [WB] boundary=75/100  core_diff=0.2058  bin_diff=0.0001  ratio=1416.72  prune_act=0.0000
  [WB] structure=5/16 (31%)  opp_sim=0.253
  [WB] BOUNDARY OK | CORE>BIN OK | PRUNE silent OK
  [WB] boundary=75/100  core_diff=0.2058  bin_diff=0.0001  ratio=1416.72  prune_act=0.0000
  [WB] structure=5/16 (31%)  opp_sim=0.253
  [WB] BOUNDARY OK | CORE>BIN OK | PRUNE silent OK
  step   450/500  loss=0.0000  avg=2.5343  lr=0.000030  B=0  192ms
  [WB] boundary=75/100  core_diff=0.2061  bin_diff=0.0001  ratio=1413.33  prune_act=0.0000
  [WB] structure=5/16 (31%)  opp_sim=0.253
  [WB] BOUNDARY OK | CORE>BIN OK | PRUNE silent OK
  [WB] boundary=75/100  core_diff=0.2061  bin_diff=0.0001  ratio=1413.33  prune_act=0.0000
  [WB] structure=5/16 (31%)  opp_sim=0.253
  [WB] BOUNDARY OK | CORE>BIN OK | PRUNE silent OK
[*] stateful inference started: window=256, sinks=4, ctx=512
[*] sliding window configured: W=256, sinks=4 (effective context: 260)
  [TRACE] "水": L0[||x||=0.86 C268(+33483.93--0.41) B1076(+1157.37--57.26) P448(max0.000)] L4[||x||=210.88 C268(+31867.42--0.55) B1076(+190.43--58.60) P448(max0.000)] L7[||x||=210.92 C268(+23089.83--1.28) B1076(+93.29--40.97) P448(max0.000)] | H=14.65/15 top3=0x7C75 0x7C90 0xE8 
  step   460/500  loss=0.0000  avg=2.8387  lr=0.000019  B=0  191ms
  [WB] boundary=75/100  core_diff=0.2062  bin_diff=0.0001  ratio=1412.26  prune_act=0.0000
  [WB] structure=5/16 (31%)  opp_sim=0.253
  [WB] BOUNDARY OK | CORE>BIN OK | PRUNE silent OK
  [WB] boundary=75/100  core_diff=0.2062  bin_diff=0.0001  ratio=1412.26  prune_act=0.0000
  [WB] structure=5/16 (31%)  opp_sim=0.253
  [WB] BOUNDARY OK | CORE>BIN OK | PRUNE silent OK
  step   470/500  loss=0.0000  avg=2.8477  lr=0.000011  B=0  191ms
  [WB] boundary=75/100  core_diff=0.2062  bin_diff=0.0001  ratio=1411.71  prune_act=0.0000
  [WB] structure=5/16 (31%)  opp_sim=0.253
  [WB] BOUNDARY OK | CORE>BIN OK | PRUNE silent OK
  [WB] boundary=75/100  core_diff=0.2062  bin_diff=0.0001  ratio=1411.71  prune_act=0.0000
  [WB] structure=5/16 (31%)  opp_sim=0.253
  [WB] BOUNDARY OK | CORE>BIN OK | PRUNE silent OK
  step   480/500  loss=8.3542  avg=3.2821  lr=0.000005  B=4  191ms
  [WB] boundary=75/100  core_diff=0.2062  bin_diff=0.0001  ratio=1411.37  prune_act=0.0000
  [WB] structure=5/16 (31%)  opp_sim=0.253
  [WB] BOUNDARY OK | CORE>BIN OK | PRUNE silent OK
  [WB] boundary=75/100  core_diff=0.2062  bin_diff=0.0001  ratio=1411.37  prune_act=0.0000
  [WB] structure=5/16 (31%)  opp_sim=0.253
  [WB] BOUNDARY OK | CORE>BIN OK | PRUNE silent OK
  step   490/500  loss=0.0000  avg=2.8281  lr=0.000001  B=0  188ms
  [WB] boundary=75/100  core_diff=0.2062  bin_diff=0.0001  ratio=1411.37  prune_act=0.0000
  [WB] structure=5/16 (31%)  opp_sim=0.253
  [WB] BOUNDARY OK | CORE>BIN OK | PRUNE silent OK
  [WB] boundary=75/100  core_diff=0.2062  bin_diff=0.0001  ratio=1411.37  prune_act=0.0000
  [WB] structure=5/16 (31%)  opp_sim=0.253
  [WB] BOUNDARY OK | CORE>BIN OK | PRUNE silent OK
  step   499/500  loss=8.4383  avg=3.3321  lr=0.000000  B=4  189ms

[*] STE training done in 94.7s (189.5 ms/step)
[*] Best recent loss: 2.1648

[*] Saving trained weights to model.ste...
[*] Saved 136141844 bytes
=== Post-Training Whitebox Analysis (surface) ===

=== LAL Whitebox Probe (step checkpoint) ===
Model: 8L, 448 embd, 1792 mlp

--- Embedding Concept Boundary ---

        热  冷  大  小  上  下  亮  暗  重  轻  快  慢  湿  干
  热  +1.00 +0.18 +0.03 +0.08 -0.00 -0.02 +0.06 +0.06 +0.06 +0.09 +0.02 +0.05 -0.01 +0.03
  冷  +0.18 +1.00 +0.38 +0.30 -0.02 +0.01 +0.06 +0.07 +0.09 +0.09 +0.33 +0.14 +0.04 +0.34
  大  +0.03 +0.38 +1.00 +0.37 -0.05 +0.04 +0.04 +0.08 +0.08 +0.03 +0.33 +0.09 +0.04 +0.35
  小  +0.08 +0.30 +0.37 +1.00 -0.03 -0.00 -0.04 +0.07 +0.01 -0.02 +0.36 +0.08 +0.03 +0.36
  上  -0.00 -0.02 -0.05 -0.03 +1.00 +0.66 +0.28 +0.10 +0.03 +0.12 -0.05 +0.08 +0.03 -0.04
  下  -0.02 +0.01 +0.04 -0.00 +0.66 +1.00 +0.28 +0.05 +0.05 +0.10 -0.03 +0.10 -0.02 -0.06
  亮  +0.06 +0.06 +0.04 -0.04 +0.28 +0.28 +1.00 -0.00 +0.03 +0.05 -0.04 -0.00 -0.01 +0.04
  暗  +0.06 +0.07 +0.08 +0.07 +0.10 +0.05 -0.00 +1.00 +0.04 +0.17 +0.12 +0.38 +0.44 +0.06
  重  +0.06 +0.09 +0.08 +0.01 +0.03 +0.05 +0.03 +0.04 +1.00 +0.22 +0.03 +0.04 +0.00 +0.02
  轻  +0.09 +0.09 +0.03 -0.02 +0.12 +0.10 +0.05 +0.17 +0.22 +1.00 +0.05 +0.20 +0.05 -0.03
  快  +0.02 +0.33 +0.33 +0.36 -0.05 -0.03 -0.04 +0.12 +0.03 +0.05 +1.00 +0.05 +0.33 +0.34
  慢  +0.05 +0.14 +0.09 +0.08 +0.08 +0.10 -0.00 +0.38 +0.04 +0.20 +0.05 +1.00 +0.39 -0.00
  湿  -0.01 +0.04 +0.04 +0.03 +0.03 -0.02 -0.01 +0.44 +0.00 +0.05 +0.33 +0.39 +1.00 +0.29
  干  +0.03 +0.34 +0.35 +0.36 -0.04 -0.06 +0.04 +0.06 +0.02 -0.03 +0.34 -0.00 +0.29 +1.00

  Opposite pairs (boundary clarity):
    热 vs 冷: +0.1831 CLEAR
    大 vs 小: +0.3683 weak
    上 vs 下: +0.6579 weak
    亮 vs 暗: -0.0033 CLEAR
    重 vs 轻: +0.2248 CLEAR
    快 vs 慢: +0.0486 CLEAR
    湿 vs 干: +0.2915 CLEAR

  Boundary score: 75/100 (STRONG)

--- CORE Activation (simulated, layer 0) ---

  热 vs 冷: CORE diff=0.2522 act=0.1690 OK | BIN diff=0.0002 | PRUNE act=0.0000
  大 vs 小: CORE diff=0.4284 act=0.1297 OK | BIN diff=0.0002 | PRUNE act=0.0000
  上 vs 下: CORE diff=0.2155 act=0.3820 OK | BIN diff=0.0001 | PRUNE act=0.0000
  亮 vs 暗: CORE diff=0.1573 act=0.0546 OK | BIN diff=0.0002 | PRUNE act=0.0000
  重 vs 轻: CORE diff=0.1563 act=0.1897 OK | BIN diff=0.0002 | PRUNE act=0.0000
  快 vs 慢: CORE diff=0.0511 act=0.0484 OK | BIN diff=0.0001 | PRUNE act=0.0000
  湿 vs 干: CORE diff=0.1831 act=0.0579 OK | BIN diff=0.0001 | PRUNE act=0.0000

--- Weight Structure ---

  L0 mlp: CORE=2.3057 BIN=2.3342 PRUNE=2.4318 X | attn: CORE=0.5467 BIN=0.5323 PRUNE=0.5172 OK
  L1 mlp: CORE=1.5399 BIN=1.4894 PRUNE=1.5470 X | attn: CORE=0.6915 BIN=0.6839 PRUNE=0.6810 OK
  ... (layers 2-6) ...
  L7 mlp: CORE=0.8919 BIN=0.9255 PRUNE=1.0005 X | attn: CORE=1.0886 BIN=1.0551 PRUNE=1.1488 X

  Structure: 31% OK (5/16)

--- Embedding Concept Boundary ---

        热  冷  大  小  上  下  亮  暗  重  轻  快  慢  湿  干
  热  +1.00 +0.18 +0.03 +0.08 -0.00 -0.02 +0.06 +0.06 +0.06 +0.09 +0.02 +0.05 -0.01 +0.03
  冷  +0.18 +1.00 +0.38 +0.30 -0.02 +0.01 +0.06 +0.07 +0.09 +0.09 +0.33 +0.14 +0.04 +0.34
  大  +0.03 +0.38 +1.00 +0.37 -0.05 +0.04 +0.04 +0.08 +0.08 +0.03 +0.33 +0.09 +0.04 +0.35
  小  +0.08 +0.30 +0.37 +1.00 -0.03 -0.00 -0.04 +0.07 +0.01 -0.02 +0.36 +0.08 +0.03 +0.36
  上  -0.00 -0.02 -0.05 -0.03 +1.00 +0.66 +0.28 +0.10 +0.03 +0.12 -0.05 +0.08 +0.03 -0.04
  下  -0.02 +0.01 +0.04 -0.00 +0.66 +1.00 +0.28 +0.05 +0.05 +0.10 -0.03 +0.10 -0.02 -0.06
  亮  +0.06 +0.06 +0.04 -0.04 +0.28 +0.28 +1.00 -0.00 +0.03 +0.05 -0.04 -0.00 -0.01 +0.04
  暗  +0.06 +0.07 +0.08 +0.07 +0.10 +0.05 -0.00 +1.00 +0.04 +0.17 +0.12 +0.38 +0.44 +0.06
  重  +0.06 +0.09 +0.08 +0.01 +0.03 +0.05 +0.03 +0.04 +1.00 +0.22 +0.03 +0.04 +0.00 +0.02
  轻  +0.09 +0.09 +0.03 -0.02 +0.12 +0.10 +0.05 +0.17 +0.22 +1.00 +0.05 +0.20 +0.05 -0.03
  快  +0.02 +0.33 +0.33 +0.36 -0.05 -0.03 -0.04 +0.12 +0.03 +0.05 +1.00 +0.05 +0.33 +0.34
  慢  +0.05 +0.14 +0.09 +0.08 +0.08 +0.10 -0.00 +0.38 +0.04 +0.20 +0.05 +1.00 +0.39 -0.00
  湿  -0.01 +0.04 +0.04 +0.03 +0.03 -0.02 -0.01 +0.44 +0.00 +0.05 +0.33 +0.39 +1.00 +0.29
  干  +0.03 +0.34 +0.35 +0.36 -0.04 -0.06 +0.04 +0.06 +0.02 -0.03 +0.34 -0.00 +0.29 +1.00

  Opposite pairs (boundary clarity):
    热 vs 冷: +0.1831 CLEAR
    大 vs 小: +0.3683 weak
    上 vs 下: +0.6579 weak
    亮 vs 暗: -0.0033 CLEAR
    重 vs 轻: +0.2248 CLEAR
    快 vs 慢: +0.0486 CLEAR
    湿 vs 干: +0.2915 CLEAR

  Boundary score: 75/100 (STRONG)

--- Concept Similarity (mid-layer weights) ---

  Embedding similarity:
        热  冷  大  小  上  下  亮  暗  重  轻  快  慢  湿  干
  热  +1.00 +0.18 +0.03 +0.08 -0.00 -0.02 +0.06 +0.06 +0.06 +0.09 +0.02 +0.05 -0.01 +0.03
  冷  +0.18 +1.00 +0.38 +0.30 -0.02 +0.01 +0.06 +0.07 +0.09 +0.09 +0.33 +0.14 +0.04 +0.34
  大  +0.03 +0.38 +1.00 +0.37 -0.05 +0.04 +0.04 +0.08 +0.08 +0.03 +0.33 +0.09 +0.04 +0.35
  小  +0.08 +0.30 +0.37 +1.00 -0.03 -0.00 -0.04 +0.07 +0.01 -0.02 +0.36 +0.08 +0.03 +0.36
  上  -0.00 -0.02 -0.05 -0.03 +1.00 +0.66 +0.28 +0.10 +0.03 +0.12 -0.05 +0.08 +0.03 -0.04
  下  -0.02 +0.01 +0.04 -0.00 +0.66 +1.00 +0.28 +0.05 +0.05 +0.10 -0.03 +0.10 -0.02 -0.06
  亮  +0.06 +0.06 +0.04 -0.04 +0.28 +0.28 +1.00 -0.00 +0.03 +0.05 -0.04 -0.00 -0.01 +0.04
  暗  +0.06 +0.07 +0.08 +0.07 +0.10 +0.05 -0.00 +1.00 +0.04 +0.17 +0.12 +0.38 +0.44 +0.06
  重  +0.06 +0.09 +0.08 +0.01 +0.03 +0.05 +0.03 +0.04 +1.00 +0.22 +0.03 +0.04 +0.00 +0.02
  轻  +0.09 +0.09 +0.03 -0.02 +0.12 +0.10 +0.05 +0.17 +0.22 +1.00 +0.05 +0.20 +0.05 -0.03
  快  +0.02 +0.33 +0.33 +0.36 -0.05 -0.03 -0.04 +0.12 +0.03 +0.05 +1.00 +0.05 +0.33 +0.34
  慢  +0.05 +0.14 +0.09 +0.08 +0.08 +0.10 -0.00 +0.38 +0.04 +0.20 +0.05 +1.00 +0.39 -0.00
  湿  -0.01 +0.04 +0.04 +0.03 +0.03 -0.02 -0.01 +0.44 +0.00 +0.05 +0.33 +0.39 +1.00 +0.29
  干  +0.03 +0.34 +0.35 +0.36 -0.04 -0.06 +0.04 +0.06 +0.02 -0.03 +0.34 -0.00 +0.29 +1.00


========================================
  DEEP WHITEBOX DIAGNOSIS
  (explaining WHY generation is garbage)
========================================

--- 1. Embedding Space Differentiation ---

  Embedding norms:
    热=0.332 冷=0.340 大=0.342 小=0.336 上=0.345 下=0.349 亮=0.331 暗=0.364 火=0.350 水=0.333 

  Avg cosine similarity:
    Opposite pairs (should be LOW):  0.2431
    Unrelated pairs (should be ~0):  0.0892
    Gap (unrelated - opposite):       -0.1539  [FAIL] embeddings clustered — concepts not separated
           → generation will produce near-random tokens

--- 2. CORE Activation Magnitude ---

  Layer 0 mlp activation (for '热'):
    CORE  : max=0.4312 avg=0.1690  (n=268)
    BINARY: max=0.0007 avg=0.0001  (n=1076)
    CORE diff (热 vs 冷): 0.2522 (149.2% of avg)
    [OK]

--- 3. Weight Norm Layering (CORE > BINARY > PRUNE?) ---

  L0: CORE=5.1076 BIN=0.4580 PRUNE=0.0607  [OK layered]
  L1: CORE=5.0786 BIN=0.4538 PRUNE=0.0608  [OK layered]
  L2: CORE=4.3813 BIN=0.4481 PRUNE=0.0607  [OK layered]
  L3: CORE=4.8779 BIN=0.4595 PRUNE=0.0607  [OK layered]
  L4: CORE=5.2755 BIN=0.4664 PRUNE=0.0607  [OK layered]
  L5: CORE=5.2369 BIN=0.4731 PRUNE=0.0608  [OK layered]
  L6: CORE=4.6844 BIN=0.4637 PRUNE=0.0607  [OK layered]
  L7: CORE=3.9203 BIN=0.4097 PRUNE=0.0607  [OK layered]

--- 4. Logits Distribution (mode collapse check) ---

  Prompt '热' → top-5 next-token logits:
    token 31861 '。' logit=6.8530
    token 31888 '是' logit=6.5112
    token 232 '<0xE5>' logit=4.9570
    token 235 '<0xE8>' logit=4.4599
    token 32191 '很' logit=4.1829

  Logit range: 9.2256 (max=6.8530 min=-2.3727)
  Softmax entropy: 14.3838 bits (uniform would be 8.00)
  [OK]

========================================
  DIAGNOSIS SUMMARY
========================================
  If generation is garbage, likely causes:
  1. Embeddings not spread (Section 1) → tokens sampled near-randomly
  2. CORE activation too weak (Section 2) → model can't distinguish inputs
  3. Weight norms not layered (Section 3) → logic mask is cosmetic
  4. Logits collapsed/flat (Section 4) → repetitive or random output
  Fix: train more steps, or increase logic_guided_regularization lr
========================================


[*] Done
