[*] Loaded 32768 vocab pieces from tokenizer/chinese_bpe.vocab
=== LAL STE Whitebox-Supervised Training ===

[*] Method: Straight-Through Estimator + CORE/BINARY/PRUNE Logic Guidance
[*]   forward:  CORE = w_float * core_gain * K     (精确计算)
[*]             BINARY = sign(w) * alpha * K       (二值符号)
[*]             PRUNE = 0                           (静默剪枝)
[*]   backward: STE through w_float (CORE+BINARY), PRUNE 无梯度
[*]   update:   Adam on w_float
[*] Logic Guidance (每步,全层):
[*]             CORE  → maximize |act(a) - act(b)|  (差异化反义词)
[*]             BINARY → minimize (act(a) - act(b))^2 (收敛共性)
[*]             PRUNE → skip (保持静默)
[*] Whitebox probe: every 10 steps observe CORE/BINARY/PRUNE circuit

[*] Loaded 1946 samples from data/cognitive_bpe.bin
[*] Using Phase 0: Seed (8L/448d) (~22M params, vocab=32768)
[*] Generated Phase 0: Seed (8L/448d) weights: 8 layers, 448 embd, ~22M params
[*] Logic mask: Phase 0: Moderate (15/60/25) (CORE=15% PRUNE=25%)
[*] loaded 100 tensors
[*] binarizing 8 layers (logic-guided)...
    [logic] CORE=201 (15%), BINARY=807 (60%), PRUNE=336 (25%)
[*] done
[*] freed 32 weight tensors (77 MB) after binarization
[*] Model loaded: 8 layers, 448 embd, k_cache=YES
[*] Resuming from model.ste...
[*] Resumed weights loaded successfully


=== LAL STE Training (B=4, max_pos=64, steps=200, logic_lr=0.0020) ===
[*] STE: forward=sign(w), backward=w_float gradient
[*] Whitebox probe every 10 steps
[*] Semantic regularization every step

  step     0/200  loss=0.0000  avg=0.0000  lr=0.000006  B=0  19ms
  [WB] boundary=82/100  core_diff=0.2862  bin_diff=0.0001  ratio=2199.70  prune_act=0.0000
  [WB] structure=6/16 (38%)  opp_sim=0.180
  [WB] BOUNDARY OK | CORE>BIN OK | PRUNE silent OK
  [WB] boundary=82/100  core_diff=0.2862  bin_diff=0.0001  ratio=2199.70  prune_act=0.0000
  [WB] structure=6/16 (38%)  opp_sim=0.180
  [WB] BOUNDARY OK | CORE>BIN OK | PRUNE silent OK
  step    10/200  loss=0.0000  avg=0.8148  lr=0.000066  B=0  74ms
  [WB] boundary=82/100  core_diff=0.2862  bin_diff=0.0001  ratio=2199.17  prune_act=0.0000
  [WB] structure=6/16 (38%)  opp_sim=0.180
  [WB] BOUNDARY OK | CORE>BIN OK | PRUNE silent OK
  [WB] boundary=82/100  core_diff=0.2862  bin_diff=0.0001  ratio=2199.17  prune_act=0.0000
  [WB] structure=6/16 (38%)  opp_sim=0.180
  [WB] BOUNDARY OK | CORE>BIN OK | PRUNE silent OK
  step    20/200  loss=9.3811  avg=3.0280  lr=0.000126  B=4  302ms
  [WB] boundary=82/100  core_diff=0.2867  bin_diff=0.0001  ratio=2203.78  prune_act=0.0000
  [WB] structure=6/16 (38%)  opp_sim=0.180
  [WB] BOUNDARY OK | CORE>BIN OK | PRUNE silent OK
  [WB] boundary=82/100  core_diff=0.2867  bin_diff=0.0001  ratio=2203.78  prune_act=0.0000
  [WB] structure=6/16 (38%)  opp_sim=0.180
  [WB] BOUNDARY OK | CORE>BIN OK | PRUNE silent OK
  step    30/200  loss=0.0000  avg=3.4586  lr=0.000186  B=0  324ms
  [WB] boundary=82/100  core_diff=0.2936  bin_diff=0.0001  ratio=2250.51  prune_act=0.0000
  [WB] structure=6/16 (38%)  opp_sim=0.180
  [WB] BOUNDARY OK | CORE>BIN OK | PRUNE silent OK
  [WB] boundary=82/100  core_diff=0.2936  bin_diff=0.0001  ratio=2250.51  prune_act=0.0000
  [WB] structure=6/16 (38%)  opp_sim=0.180
  [WB] BOUNDARY OK | CORE>BIN OK | PRUNE silent OK
  step    40/200  loss=0.0000  avg=3.0121  lr=0.000246  B=0  287ms
  [WB] boundary=82/100  core_diff=0.2988  bin_diff=0.0001  ratio=2285.75  prune_act=0.0000
  [WB] structure=6/16 (38%)  opp_sim=0.180
  [WB] BOUNDARY OK | CORE>BIN OK | PRUNE silent OK
  [WB] boundary=82/100  core_diff=0.2988  bin_diff=0.0001  ratio=2285.75  prune_act=0.0000
  [WB] structure=6/16 (38%)  opp_sim=0.180
  [WB] BOUNDARY OK | CORE>BIN OK | PRUNE silent OK
  step    50/200  loss=0.0000  avg=2.7871  lr=0.000300  B=0  262ms
  [WB] boundary=82/100  core_diff=0.3045  bin_diff=0.0001  ratio=2322.19  prune_act=0.0000
  [WB] structure=6/16 (38%)  opp_sim=0.180
  [WB] BOUNDARY OK | CORE>BIN OK | PRUNE silent OK
  [WB] boundary=82/100  core_diff=0.3045  bin_diff=0.0001  ratio=2322.19  prune_act=0.0000
  [WB] structure=6/16 (38%)  opp_sim=0.180
  [WB] BOUNDARY OK | CORE>BIN OK | PRUNE silent OK
[*] stateful inference started: window=256, sinks=4, ctx=512
[*] sliding window configured: W=256, sinks=4 (effective context: 260)
  [TRACE] "冷": L0[||x||=0.85 C268(+38679.33--1.42) B1076(+822.25--54.19) P448(max0.000)] L4[||x||=211.66 C268(+7885.86--5.00) B1076(+118.46--47.17) P448(max0.000)] L7[||x||=211.66 C268(+944.77--0.79) B1076(+87.95--72.81) P448(max0.000)] | H=14.76/15 top3=0x676A 0x1B12 0x5DDA 
  step    60/200  loss=11.2565  avg=2.9645  lr=0.000297  B=4  256ms
  [WB] boundary=82/100  core_diff=0.2891  bin_diff=0.0001  ratio=2169.43  prune_act=0.0000
  [WB] structure=6/16 (38%)  opp_sim=0.180
  [WB] BOUNDARY OK | CORE>BIN OK | PRUNE silent OK
  [WB] boundary=82/100  core_diff=0.2891  bin_diff=0.0001  ratio=2169.43  prune_act=0.0000
  [WB] structure=6/16 (38%)  opp_sim=0.180
  [WB] BOUNDARY OK | CORE>BIN OK | PRUNE silent OK
  step    70/200  loss=9.2020  avg=2.9509  lr=0.000287  B=4  235ms
  [WB] boundary=82/100  core_diff=0.2897  bin_diff=0.0001  ratio=2164.71  prune_act=0.0000
  [WB] structure=6/16 (38%)  opp_sim=0.180
  [WB] BOUNDARY OK | CORE>BIN OK | PRUNE silent OK
  [WB] boundary=82/100  core_diff=0.2897  bin_diff=0.0001  ratio=2164.71  prune_act=0.0000
  [WB] structure=6/16 (38%)  opp_sim=0.180
  [WB] BOUNDARY OK | CORE>BIN OK | PRUNE silent OK
