[*] Loaded 32768 vocab pieces from tokenizer/chinese_bpe.vocab
=== LAL STE Whitebox-Supervised Training ===

[*] Method: Straight-Through Estimator + CORE/BINARY/PRUNE Logic Guidance
[*]   forward:  CORE = w_float * core_gain * K     (精确计算)
[*]             BINARY = sign(w) * alpha * K       (二值符号)
[*]             PRUNE = 0                           (静默剪枝)
[*]   backward: STE through w_float (CORE+BINARY), PRUNE 无梯度
[*]   update:   Adam on w_float
[*] Logic Guidance (每步,全层):
[*]             CORE  → maximize |act(a) - act(b)|  (差异化反义词)
[*]             BINARY → minimize (act(a) - act(b))^2 (收敛共性)
[*]             PRUNE → skip (保持静默)
[*] Whitebox probe: every 10 steps observe CORE/BINARY/PRUNE circuit

[*] Loaded 69990 samples from data/general_bpe.bin
[*] Using Phase 0.5: 6L test (6L/512d) (~18M params, vocab=32768)
[*] Generated Phase 0.5: 6L test (6L/512d) weights: 6 layers, 512 embd, ~18M params
[*] Logic mask: Phase 1: Growing (20/65/15) (CORE=20% PRUNE=15%)
[*] loaded 76 tensors
[*] binarizing 6 layers (logic-guided)...
    [logic] CORE=409 (20%), BINARY=1332 (65%), PRUNE=307 (15%)
[*] done
[*] freed 24 weight tensors (75 MB) after binarization
[*] Model loaded: 6 layers, 512 embd, k_cache=YES
[*] Resuming from model_v13d.ste...
[*] Resumed g_opt_step = 1600 (Adam bias correction preserved)
[*] Resumed weights loaded successfully


=== LAL STE Training (B=4, max_pos=64, steps=1000, start_step=1600, total_sched=2600, logic_lr=1.0000) ===
[*] STE: forward=sign(w), backward=w_float gradient
[*] Whitebox probe every 10 steps
[*] Semantic regularization every step

  [LOGIC] loss=-1041.0974
  step     0/1000 (global=1600)  loss=6.5292  avg=6.5292  lr=0.000334  B=16  15562ms
  [WB] boundary=93/100  core_diff=2.4022  bin_diff=0.0038  ratio=627.67  prune_act=0.0000
  [WB] structure=6/12 (50%)  opp_sim=0.072
  [WB] BOUNDARY OK | CORE>BIN OK | PRUNE silent OK
  [LOGIC] loss=-1022.7796
  step    10/1000 (global=1610)  loss=5.7172  avg=6.1022  lr=0.000328  B=16  15160ms
  [WB] boundary=93/100  core_diff=2.3832  bin_diff=0.0047  ratio=512.15  prune_act=0.0000
  [WB] structure=6/12 (50%)  opp_sim=0.074
  [WB] BOUNDARY OK | CORE>BIN OK | PRUNE silent OK
  [LOGIC] loss=-1044.3147
  step    20/1000 (global=1620)  loss=7.3109  avg=6.4238  lr=0.000322  B=16  15161ms
  [WB] boundary=93/100  core_diff=2.4123  bin_diff=0.0032  ratio=761.21  prune_act=0.0000
  [WB] structure=6/12 (50%)  opp_sim=0.074
  [WB] BOUNDARY OK | CORE>BIN OK | PRUNE silent OK
  [LOGIC] loss=-1028.4845
  step    30/1000 (global=1630)  loss=5.8056  avg=6.1478  lr=0.000317  B=16  15206ms
  [WB] boundary=93/100  core_diff=2.3817  bin_diff=0.0029  ratio=828.20  prune_act=0.0000
  [WB] structure=6/12 (50%)  opp_sim=0.074
  [WB] BOUNDARY OK | CORE>BIN OK | PRUNE silent OK
  [LOGIC] loss=-1032.3907
  step    40/1000 (global=1640)  loss=4.2985  avg=6.1240  lr=0.000311  B=16  15132ms
  [WB] boundary=93/100  core_diff=2.3879  bin_diff=0.0043  ratio=548.99  prune_act=0.0000
  [WB] structure=6/12 (50%)  opp_sim=0.074
  [WB] BOUNDARY OK | CORE>BIN OK | PRUNE silent OK
    [plan-I] step 1649 W_v approx_rank=22.4 (frob=22.57 max_row=1.01)
    [ortho] step 1649 L0 W_v off_diag=3.15 diag_dev=0.0321
    [ortho] step 1649 L0 W_o off_diag=2.58 diag_dev=0.0103
    [plan-I] step 1649 W_v approx_rank=22.4 (frob=22.56 max_row=1.01)
    [ortho] step 1649 L1 W_v off_diag=2.65 diag_dev=0.0390
    [ortho] step 1649 L1 W_o off_diag=2.58 diag_dev=0.0091
    [plan-I] step 1649 W_v approx_rank=22.4 (frob=22.57 max_row=1.01)
    [ortho] step 1649 L2 W_v off_diag=2.95 diag_dev=0.0350
    [ortho] step 1649 L2 W_o off_diag=2.57 diag_dev=0.0088
    [plan-I] step 1649 W_v approx_rank=22.4 (frob=22.56 max_row=1.01)
    [ortho] step 1649 L3 W_v off_diag=2.50 diag_dev=0.0427
    [ortho] step 1649 L3 W_o off_diag=2.54 diag_dev=0.0083
    [plan-I] step 1649 W_v approx_rank=22.4 (frob=22.55 max_row=1.01)
    [ortho] step 1649 L4 W_v off_diag=2.61 diag_dev=0.0413
    [ortho] step 1649 L4 W_o off_diag=2.57 diag_dev=0.0080
    [plan-I] step 1649 W_v approx_rank=22.4 (frob=22.55 max_row=1.01)
    [ortho] step 1649 L5 W_v off_diag=2.10 diag_dev=0.0468
    [ortho] step 1649 L5 W_o off_diag=2.10 diag_dev=0.0074
  [LOGIC] loss=-1022.6160
  step    50/1000 (global=1650)  loss=6.1113  avg=6.0642  lr=0.000305  B=16  15152ms
  [WB] boundary=92/100  core_diff=2.3410  bin_diff=0.0052  ratio=452.98  prune_act=0.0000
  [WB] structure=6/12 (50%)  opp_sim=0.077
  [WB] BOUNDARY OK | CORE>BIN OK | PRUNE silent OK
[*] stateful inference started: window=9996, sinks=4, ctx=10240
[*] sliding window configured: W=9996, sinks=4 (effective context: 10000)
  [TRACE] "水": L0[||x||=3.45 C409(+126.21--26.34) B1332(+4679.47--63.09) P307(max0.000)] L3[||x||=4.57 C409(+108.32--30.52) B1332(+4773.90--66.23) P307(max0.000)] L5[||x||=5.27 C409(+95.61--29.05) B1332(+6060.77--65.84) P307(max0.000)] | H=11.21/15 top3=232 159 233 
  [LOGIC] loss=-1033.2201
  step    60/1000 (global=1660)  loss=6.7290  avg=6.1332  lr=0.000299  B=16  15105ms
  [WB] boundary=92/100  core_diff=2.3635  bin_diff=0.0049  ratio=479.41  prune_act=0.0000
  [WB] structure=6/12 (50%)  opp_sim=0.078
  [WB] BOUNDARY OK | CORE>BIN OK | PRUNE silent OK
  [LOGIC] loss=-1043.0076
  step    70/1000 (global=1670)  loss=5.8636  avg=6.1707  lr=0.000294  B=16  15083ms
  [WB] boundary=92/100  core_diff=2.4017  bin_diff=0.0046  ratio=522.14  prune_act=0.0000
  [WB] structure=6/12 (50%)  opp_sim=0.079
  [WB] BOUNDARY OK | CORE>BIN OK | PRUNE silent OK
  [LOGIC] loss=-1039.9939
  step    80/1000 (global=1680)  loss=5.5787  avg=6.1370  lr=0.000288  B=16  15083ms
  [WB] boundary=92/100  core_diff=2.3745  bin_diff=0.0031  ratio=775.12  prune_act=0.0000
  [WB] structure=6/12 (50%)  opp_sim=0.078
  [WB] BOUNDARY OK | CORE>BIN OK | PRUNE silent OK
  [LOGIC] loss=-1015.5471
  step    90/1000 (global=1690)  loss=5.7818  avg=6.1812  lr=0.000283  B=16  15078ms
  [WB] boundary=92/100  core_diff=2.3343  bin_diff=0.0038  ratio=621.97  prune_act=0.0000
  [WB] structure=6/12 (50%)  opp_sim=0.078
  [WB] BOUNDARY OK | CORE>BIN OK | PRUNE silent OK
    [plan-I] step 1699 W_v approx_rank=22.5 (frob=22.54 max_row=1.00)
    [ortho] step 1699 L0 W_v off_diag=1.60 diag_dev=0.0497
    [ortho] step 1699 L0 W_o off_diag=0.86 diag_dev=0.0035
    [plan-I] step 1699 W_v approx_rank=22.5 (frob=22.54 max_row=1.00)
    [ortho] step 1699 L1 W_v off_diag=1.45 diag_dev=0.0525
    [ortho] step 1699 L1 W_o off_diag=0.84 diag_dev=0.0031
    [plan-I] step 1699 W_v approx_rank=22.5 (frob=22.54 max_row=1.00)
    [ortho] step 1699 L2 W_v off_diag=1.33 diag_dev=0.0547
    [ortho] step 1699 L2 W_o off_diag=0.87 diag_dev=0.0030
    [plan-I] step 1699 W_v approx_rank=22.5 (frob=22.53 max_row=1.00)
    [ortho] step 1699 L3 W_v off_diag=1.25 diag_dev=0.0599
    [ortho] step 1699 L3 W_o off_diag=0.82 diag_dev=0.0026
    [plan-I] step 1699 W_v approx_rank=22.4 (frob=22.54 max_row=1.00)
    [ortho] step 1699 L4 W_v off_diag=1.51 diag_dev=0.0557
    [ortho] step 1699 L4 W_o off_diag=0.86 diag_dev=0.0027
    [plan-I] step 1699 W_v approx_rank=22.5 (frob=22.53 max_row=1.00)
    [ortho] step 1699 L5 W_v off_diag=1.09 diag_dev=0.0611
    [ortho] step 1699 L5 W_o off_diag=0.72 diag_dev=0.0026
  [LOGIC] loss=-1032.8733
  step   100/1000 (global=1700)  loss=6.1142  avg=6.1941  lr=0.000277  B=16  15040ms
  [WB] boundary=92/100  core_diff=2.3522  bin_diff=0.0031  ratio=752.36  prune_act=0.0000
  [WB] structure=6/12 (50%)  opp_sim=0.077
  [WB] BOUNDARY OK | CORE>BIN OK | PRUNE silent OK
[*] stateful inference started: window=9996, sinks=4, ctx=10240
[*] sliding window configured: W=9996, sinks=4 (effective context: 10000)
  [TRACE] "大": L0[||x||=3.76 C409(+345.34--16.41) B1332(+5068.87--63.26) P307(max0.000)] L3[||x||=4.78 C409(+283.40--16.22) B1332(+5170.88--66.61) P307(max0.000)] L5[||x||=5.36 C409(+257.90--21.05) B1332(+6488.19--65.19) P307(max0.000)] | H=8.62/15 top3=232 233 147 
  [LOGIC] loss=-1036.4939
  step   110/1000 (global=1710)  loss=6.7492  avg=6.2969  lr=0.000272  B=16  15047ms
  [WB] boundary=92/100  core_diff=2.3745  bin_diff=0.0024  ratio=986.17  prune_act=0.0000
  [WB] structure=6/12 (50%)  opp_sim=0.077
  [WB] BOUNDARY OK | CORE>BIN OK | PRUNE silent OK
  [LOGIC] loss=-1041.1735
  step   120/1000 (global=1720)  loss=7.2803  avg=6.2622  lr=0.000266  B=16  15028ms
  [WB] boundary=92/100  core_diff=2.3762  bin_diff=0.0027  ratio=882.80  prune_act=0.0000
  [WB] structure=6/12 (50%)  opp_sim=0.078
  [WB] BOUNDARY OK | CORE>BIN OK | PRUNE silent OK
  [LOGIC] loss=-1035.8182
  step   130/1000 (global=1730)  loss=5.9451  avg=6.2406  lr=0.000261  B=16  15013ms
  [WB] boundary=92/100  core_diff=2.3614  bin_diff=0.0030  ratio=787.05  prune_act=0.0000
  [WB] structure=6/12 (50%)  opp_sim=0.078
  [WB] BOUNDARY OK | CORE>BIN OK | PRUNE silent OK
  [LOGIC] loss=-1034.6947
  step   140/1000 (global=1740)  loss=6.3115  avg=6.1898  lr=0.000255  B=16  15013ms
  [WB] boundary=92/100  core_diff=2.3454  bin_diff=0.0026  ratio=894.52  prune_act=0.0000
  [WB] structure=6/12 (50%)  opp_sim=0.078
  [WB] BOUNDARY OK | CORE>BIN OK | PRUNE silent OK
    [plan-I] step 1749 W_v approx_rank=22.5 (frob=22.54 max_row=1.00)
    [ortho] step 1749 L0 W_v off_diag=1.21 diag_dev=0.0528
    [ortho] step 1749 L0 W_o off_diag=0.71 diag_dev=0.0029
    [plan-I] step 1749 W_v approx_rank=22.4 (frob=22.53 max_row=1.00)
    [ortho] step 1749 L1 W_v off_diag=1.26 diag_dev=0.0544
    [ortho] step 1749 L1 W_o off_diag=0.71 diag_dev=0.0026
    [plan-I] step 1749 W_v approx_rank=22.5 (frob=22.53 max_row=1.00)
    [ortho] step 1749 L2 W_v off_diag=1.19 diag_dev=0.0565
    [ortho] step 1749 L2 W_o off_diag=0.74 diag_dev=0.0026
    [plan-I] step 1749 W_v approx_rank=22.4 (frob=22.53 max_row=1.00)
    [ortho] step 1749 L3 W_v off_diag=1.11 diag_dev=0.0618
    [ortho] step 1749 L3 W_o off_diag=0.73 diag_dev=0.0025
    [plan-I] step 1749 W_v approx_rank=22.5 (frob=22.53 max_row=1.00)
    [ortho] step 1749 L4 W_v off_diag=1.25 diag_dev=0.0577
    [ortho] step 1749 L4 W_o off_diag=0.74 diag_dev=0.0025
    [plan-I] step 1749 W_v approx_rank=22.5 (frob=22.52 max_row=1.00)
    [ortho] step 1749 L5 W_v off_diag=0.93 diag_dev=0.0656
    [ortho] step 1749 L5 W_o off_diag=0.57 diag_dev=0.0021
  [LOGIC] loss=-1038.5151
  step   150/1000 (global=1750)  loss=5.9174  avg=6.2025  lr=0.000250  B=16  15024ms
  [WB] boundary=92/100  core_diff=2.3642  bin_diff=0.0023  ratio=1038.67  prune_act=0.0000
  [WB] structure=6/12 (50%)  opp_sim=0.077
  [WB] BOUNDARY OK | CORE>BIN OK | PRUNE silent OK
[*] stateful inference started: window=9996, sinks=4, ctx=10240
[*] sliding window configured: W=9996, sinks=4 (effective context: 10000)
  [TRACE] "小": L0[||x||=3.59 C409(+112.89--15.82) B1332(+5212.81--63.08) P307(max0.000)] L3[||x||=4.55 C409(+107.01--19.80) B1332(+5235.78--66.30) P307(max0.000)] L5[||x||=5.14 C409(+126.47--20.23) B1332(+6508.18--64.98) P307(max0.000)] | H=11.21/15 top3=232 233 159 
  [LOGIC] loss=-1041.7548
  step   160/1000 (global=1760)  loss=5.8323  avg=6.1271  lr=0.000245  B=16  15041ms
  [WB] boundary=92/100  core_diff=2.3741  bin_diff=0.0021  ratio=1152.82  prune_act=0.0000
  [WB] structure=6/12 (50%)  opp_sim=0.078
  [WB] BOUNDARY OK | CORE>BIN OK | PRUNE silent OK
  [LOGIC] loss=-1040.7365
  step   170/1000 (global=1770)  loss=6.1430  avg=6.1613  lr=0.000239  B=16  15032ms
  [WB] boundary=92/100  core_diff=2.3669  bin_diff=0.0033  ratio=723.62  prune_act=0.0000
  [WB] structure=6/12 (50%)  opp_sim=0.079
  [WB] BOUNDARY OK | CORE>BIN OK | PRUNE silent OK
  [LOGIC] loss=-1041.9861
  step   180/1000 (global=1780)  loss=5.4557  avg=6.1293  lr=0.000234  B=16  15065ms
  [WB] boundary=92/100  core_diff=2.3806  bin_diff=0.0027  ratio=865.76  prune_act=0.0000
  [WB] structure=6/12 (50%)  opp_sim=0.080
  [WB] BOUNDARY OK | CORE>BIN OK | PRUNE silent OK
  [LOGIC] loss=-1045.8073
  step   190/1000 (global=1790)  loss=5.4141  avg=6.1220  lr=0.000229  B=16  15047ms
  [WB] boundary=92/100  core_diff=2.3820  bin_diff=0.0033  ratio=727.41  prune_act=0.0000
  [WB] structure=6/12 (50%)  opp_sim=0.081
  [WB] BOUNDARY OK | CORE>BIN OK | PRUNE silent OK
    [plan-I] step 1799 W_v approx_rank=22.5 (frob=22.53 max_row=1.00)
    [ortho] step 1799 L0 W_v off_diag=0.91 diag_dev=0.0618
    [ortho] step 1799 L0 W_o off_diag=0.56 diag_dev=0.0022
    [plan-I] step 1799 W_v approx_rank=22.5 (frob=22.52 max_row=1.00)
    [ortho] step 1799 L1 W_v off_diag=0.88 diag_dev=0.0634
    [ortho] step 1799 L1 W_o off_diag=0.55 diag_dev=0.0021
    [plan-I] step 1799 W_v approx_rank=22.5 (frob=22.53 max_row=1.00)
    [ortho] step 1799 L2 W_v off_diag=0.94 diag_dev=0.0619
    [ortho] step 1799 L2 W_o off_diag=0.60 diag_dev=0.0021
    [plan-I] step 1799 W_v approx_rank=22.5 (frob=22.52 max_row=1.00)
    [ortho] step 1799 L3 W_v off_diag=0.87 diag_dev=0.0674
    [ortho] step 1799 L3 W_o off_diag=0.59 diag_dev=0.0020
    [plan-I] step 1799 W_v approx_rank=22.5 (frob=22.52 max_row=1.00)
    [ortho] step 1799 L4 W_v off_diag=0.86 diag_dev=0.0663
    [ortho] step 1799 L4 W_o off_diag=0.64 diag_dev=0.0022
    [plan-I] step 1799 W_v approx_rank=22.5 (frob=22.52 max_row=1.00)
    [ortho] step 1799 L5 W_v off_diag=0.88 diag_dev=0.0670
    [ortho] step 1799 L5 W_o off_diag=0.47 diag_dev=0.0015
  [LOGIC] loss=-1046.3024
  step   200/1000 (global=1800)  loss=5.7794  avg=6.1307  lr=0.000224  B=16  15033ms
  [WB] boundary=92/100  core_diff=2.3858  bin_diff=0.0017  ratio=1365.78  prune_act=0.0000
  [WB] structure=6/12 (50%)  opp_sim=0.082
  [WB] BOUNDARY OK | CORE>BIN OK | PRUNE silent OK
[*] stateful inference started: window=9996, sinks=4, ctx=10240
[*] sliding window configured: W=9996, sinks=4 (effective context: 10000)
  [TRACE] "热": L0[||x||=3.62 C409(+376.75--14.45) B1332(+5259.24--62.64) P307(max0.000)] L3[||x||=4.52 C409(+291.21--15.97) B1332(+5290.42--66.04) P307(max0.000)] L5[||x||=5.07 C409(+238.17--20.47) B1332(+6565.55--64.54) P307(max0.000)] | H=10.89/15 top3=232 233 159 
  [LOGIC] loss=-1048.5713
  step   210/1000 (global=1810)  loss=5.4922  avg=6.1379  lr=0.000219  B=16  15017ms
  [WB] boundary=92/100  core_diff=2.3937  bin_diff=0.0029  ratio=815.08  prune_act=0.0000
  [WB] structure=6/12 (50%)  opp_sim=0.083
  [WB] BOUNDARY OK | CORE>BIN OK | PRUNE silent OK
  [LOGIC] loss=-1046.7039
  step   220/1000 (global=1820)  loss=5.5593  avg=6.1163  lr=0.000214  B=16  15007ms
  [WB] boundary=92/100  core_diff=2.3878  bin_diff=0.0021  ratio=1111.87  prune_act=0.0000
  [WB] structure=6/12 (50%)  opp_sim=0.084
  [WB] BOUNDARY OK | CORE>BIN OK | PRUNE silent OK
  [LOGIC] loss=-1048.5406
  step   230/1000 (global=1830)  loss=7.0381  avg=6.1342  lr=0.000209  B=16  14975ms
  [WB] boundary=91/100  core_diff=2.3947  bin_diff=0.0019  ratio=1243.21  prune_act=0.0000
  [WB] structure=6/12 (50%)  opp_sim=0.085
  [WB] BOUNDARY OK | CORE>BIN OK | PRUNE silent OK
  [LOGIC] loss=-1050.6025
  step   240/1000 (global=1840)  loss=4.9389  avg=6.1928  lr=0.000204  B=16  14956ms
  [WB] boundary=91/100  core_diff=2.3886  bin_diff=0.0012  ratio=1938.10  prune_act=0.0000
  [WB] structure=6/12 (50%)  opp_sim=0.086
  [WB] BOUNDARY OK | CORE>BIN OK | PRUNE silent OK
    [plan-I] step 1849 W_v approx_rank=22.5 (frob=22.53 max_row=1.00)
    [ortho] step 1849 L0 W_v off_diag=0.85 diag_dev=0.0624
    [ortho] step 1849 L0 W_o off_diag=0.35 diag_dev=0.0015
    [plan-I] step 1849 W_v approx_rank=22.5 (frob=22.53 max_row=1.00)
    [ortho] step 1849 L1 W_v off_diag=0.86 diag_dev=0.0599
    [ortho] step 1849 L1 W_o off_diag=0.34 diag_dev=0.0013
    [plan-I] step 1849 W_v approx_rank=22.5 (frob=22.53 max_row=1.00)
    [ortho] step 1849 L2 W_v off_diag=0.88 diag_dev=0.0609
    [ortho] step 1849 L2 W_o off_diag=0.37 diag_dev=0.0013
    [plan-I] step 1849 W_v approx_rank=22.5 (frob=22.52 max_row=1.00)
    [ortho] step 1849 L3 W_v off_diag=0.82 diag_dev=0.0644
    [ortho] step 1849 L3 W_o off_diag=0.38 diag_dev=0.0013
    [plan-I] step 1849 W_v approx_rank=22.5 (frob=22.52 max_row=1.00)
    [ortho] step 1849 L4 W_v off_diag=0.86 diag_dev=0.0653
    [ortho] step 1849 L4 W_o off_diag=0.39 diag_dev=0.0014
    [plan-I] step 1849 W_v approx_rank=22.5 (frob=22.52 max_row=1.00)
    [ortho] step 1849 L5 W_v off_diag=0.80 diag_dev=0.0690
    [ortho] step 1849 L5 W_o off_diag=0.28 diag_dev=0.0009
  [LOGIC] loss=-1047.6345
  step   250/1000 (global=1850)  loss=5.6289  avg=6.1087  lr=0.000199  B=16  14962ms
  [WB] boundary=91/100  core_diff=2.3832  bin_diff=0.0023  ratio=1058.91  prune_act=0.0000
  [WB] structure=6/12 (50%)  opp_sim=0.086
  [WB] BOUNDARY OK | CORE>BIN OK | PRUNE silent OK
[*] stateful inference started: window=9996, sinks=4, ctx=10240
[*] sliding window configured: W=9996, sinks=4 (effective context: 10000)
  [TRACE] "冷": L0[||x||=3.66 C409(+101.62--13.62) B1332(+5319.31--62.65) P307(max0.000)] L3[||x||=4.54 C409(+115.40--17.68) B1332(+5333.64--65.81) P307(max0.000)] L5[||x||=5.08 C409(+131.37--19.78) B1332(+6523.90--64.00) P307(max0.000)] | H=10.81/15 top3=232 233 235 
  [LOGIC] loss=-1050.6736
  step   260/1000 (global=1860)  loss=5.1990  avg=6.1243  lr=0.000194  B=16  14968ms
  [WB] boundary=91/100  core_diff=2.3968  bin_diff=0.0021  ratio=1158.72  prune_act=0.0000
  [WB] structure=6/12 (50%)  opp_sim=0.086
  [WB] BOUNDARY OK | CORE>BIN OK | PRUNE silent OK
  [LOGIC] loss=-1046.6409
  step   270/1000 (global=1870)  loss=5.8390  avg=6.1385  lr=0.000189  B=16  14966ms
  [WB] boundary=91/100  core_diff=2.3932  bin_diff=0.0022  ratio=1081.41  prune_act=0.0000
  [WB] structure=6/12 (50%)  opp_sim=0.086
  [WB] BOUNDARY OK | CORE>BIN OK | PRUNE silent OK
  [LOGIC] loss=-1050.9641
  step   280/1000 (global=1880)  loss=6.7025  avg=6.1717  lr=0.000184  B=16  14963ms
  [WB] boundary=91/100  core_diff=2.3914  bin_diff=0.0029  ratio=836.79  prune_act=0.0000
  [WB] structure=6/12 (50%)  opp_sim=0.086
  [WB] BOUNDARY OK | CORE>BIN OK | PRUNE silent OK
  [LOGIC] loss=-1046.9307
  step   290/1000 (global=1890)  loss=5.3551  avg=6.1390  lr=0.000179  B=16  14955ms
  [WB] boundary=91/100  core_diff=2.3827  bin_diff=0.0016  ratio=1471.35  prune_act=0.0000
  [WB] structure=6/12 (50%)  opp_sim=0.086
  [WB] BOUNDARY OK | CORE>BIN OK | PRUNE silent OK
    [plan-I] step 1899 W_v approx_rank=22.5 (frob=22.52 max_row=1.00)
    [ortho] step 1899 L0 W_v off_diag=0.80 diag_dev=0.0657
    [ortho] step 1899 L0 W_o off_diag=0.21 diag_dev=0.0010
    [plan-I] step 1899 W_v approx_rank=22.5 (frob=22.52 max_row=1.00)
    [ortho] step 1899 L1 W_v off_diag=0.76 diag_dev=0.0685
    [ortho] step 1899 L1 W_o off_diag=0.21 diag_dev=0.0008
    [plan-I] step 1899 W_v approx_rank=22.5 (frob=22.52 max_row=1.00)
    [ortho] step 1899 L2 W_v off_diag=0.77 diag_dev=0.0679
    [ortho] step 1899 L2 W_o off_diag=0.21 diag_dev=0.0008
    [plan-I] step 1899 W_v approx_rank=22.5 (frob=22.52 max_row=1.00)
    [ortho] step 1899 L3 W_v off_diag=0.74 diag_dev=0.0685
    [ortho] step 1899 L3 W_o off_diag=0.23 diag_dev=0.0008
    [plan-I] step 1899 W_v approx_rank=22.5 (frob=22.52 max_row=1.00)
    [ortho] step 1899 L4 W_v off_diag=0.73 diag_dev=0.0719
    [ortho] step 1899 L4 W_o off_diag=0.23 diag_dev=0.0009
    [plan-I] step 1899 W_v approx_rank=22.6 (frob=22.52 max_row=1.00)
    [ortho] step 1899 L5 W_v off_diag=0.71 diag_dev=0.0724
    [ortho] step 1899 L5 W_o off_diag=0.16 diag_dev=0.0007
  [LOGIC] loss=-1047.8815
  step   300/1000 (global=1900)  loss=5.7608  avg=6.0720  lr=0.000175  B=16  14958ms
  [WB] boundary=91/100  core_diff=2.3873  bin_diff=0.0018  ratio=1314.97  prune_act=0.0000
  [WB] structure=6/12 (50%)  opp_sim=0.086
  [WB] BOUNDARY OK | CORE>BIN OK | PRUNE silent OK
[*] stateful inference started: window=9996, sinks=4, ctx=10240
[*] sliding window configured: W=9996, sinks=4 (effective context: 10000)
  [TRACE] "火": L0[||x||=3.66 C409(+151.45--27.57) B1332(+5360.45--62.19) P307(max0.000)] L3[||x||=4.53 C409(+148.14--31.12) B1332(+5425.19--65.56) P307(max0.000)] L5[||x||=5.05 C409(+125.78--28.42) B1332(+6670.28--63.86) P307(max0.000)] | H=10.60/15 top3=232 233 184 
  [LOGIC] loss=-1047.1451
  step   310/1000 (global=1910)  loss=5.1076  avg=6.1528  lr=0.000170  B=16  14954ms
  [WB] boundary=91/100  core_diff=2.3821  bin_diff=0.0016  ratio=1479.60  prune_act=0.0000
  [WB] structure=6/12 (50%)  opp_sim=0.086
  [WB] BOUNDARY OK | CORE>BIN OK | PRUNE silent OK
  [LOGIC] loss=-1046.9833
  step   320/1000 (global=1920)  loss=5.0028  avg=6.1316  lr=0.000165  B=16  14945ms
  [WB] boundary=91/100  core_diff=2.3776  bin_diff=0.0017  ratio=1409.42  prune_act=0.0000
  [WB] structure=6/12 (50%)  opp_sim=0.086
  [WB] BOUNDARY OK | CORE>BIN OK | PRUNE silent OK
  [LOGIC] loss=-1046.5085
  step   330/1000 (global=1930)  loss=6.5772  avg=6.1188  lr=0.000161  B=16  14950ms
  [WB] boundary=91/100  core_diff=2.3784  bin_diff=0.0012  ratio=1954.07  prune_act=0.0000
  [WB] structure=6/12 (50%)  opp_sim=0.086
  [WB] BOUNDARY OK | CORE>BIN OK | PRUNE silent OK
  [LOGIC] loss=-1045.5382
  step   340/1000 (global=1940)  loss=5.9797  avg=6.1257  lr=0.000156  B=16  14943ms
  [WB] boundary=91/100  core_diff=2.3799  bin_diff=0.0011  ratio=2223.03  prune_act=0.0000
  [WB] structure=6/12 (50%)  opp_sim=0.086
  [WB] BOUNDARY OK | CORE>BIN OK | PRUNE silent OK
    [plan-I] step 1949 W_v approx_rank=22.6 (frob=22.52 max_row=1.00)
    [ortho] step 1949 L0 W_v off_diag=0.71 diag_dev=0.0689
    [ortho] step 1949 L0 W_o off_diag=0.17 diag_dev=0.0007
    [plan-I] step 1949 W_v approx_rank=22.6 (frob=22.52 max_row=1.00)
    [ortho] step 1949 L1 W_v off_diag=0.69 diag_dev=0.0706
    [ortho] step 1949 L1 W_o off_diag=0.17 diag_dev=0.0007
    [plan-I] step 1949 W_v approx_rank=22.5 (frob=22.52 max_row=1.00)
    [ortho] step 1949 L2 W_v off_diag=0.72 diag_dev=0.0677
    [ortho] step 1949 L2 W_o off_diag=0.16 diag_dev=0.0006
    [plan-I] step 1949 W_v approx_rank=22.5 (frob=22.51 max_row=1.00)
    [ortho] step 1949 L3 W_v off_diag=0.68 diag_dev=0.0736
    [ortho] step 1949 L3 W_o off_diag=0.18 diag_dev=0.0006
    [plan-I] step 1949 W_v approx_rank=22.5 (frob=22.52 max_row=1.00)
    [ortho] step 1949 L4 W_v off_diag=0.70 diag_dev=0.0713
    [ortho] step 1949 L4 W_o off_diag=0.18 diag_dev=0.0007
    [plan-I] step 1949 W_v approx_rank=22.6 (frob=22.51 max_row=1.00)
    [ortho] step 1949 L5 W_v off_diag=0.66 diag_dev=0.0739
    [ortho] step 1949 L5 W_o off_diag=0.12 diag_dev=0.0004
  [LOGIC] loss=-1045.1022
  step   350/1000 (global=1950)  loss=6.7353  avg=6.0855  lr=0.000152  B=16  14949ms
  [WB] boundary=91/100  core_diff=2.3804  bin_diff=0.0012  ratio=1930.33  prune_act=0.0000
  [WB] structure=6/12 (50%)  opp_sim=0.086
  [WB] BOUNDARY OK | CORE>BIN OK | PRUNE silent OK
[*] stateful inference started: window=9996, sinks=4, ctx=10240
[*] sliding window configured: W=9996, sinks=4 (effective context: 10000)
  [TRACE] "水": L0[||x||=3.77 C409(+132.92--24.94) B1332(+5437.57--62.33) P307(max0.000)] L3[||x||=4.67 C409(+129.98--30.72) B1332(+5502.98--65.41) P307(max0.000)] L5[||x||=5.21 C409(+127.25--30.39) B1332(+6708.57--63.75) P307(max0.000)] | H=10.16/15 top3=232 233 32705 
  [LOGIC] loss=-1048.6016
  step   360/1000 (global=1960)  loss=5.6456  avg=6.0465  lr=0.000148  B=16  14942ms
  [WB] boundary=91/100  core_diff=2.3835  bin_diff=0.0019  ratio=1288.20  prune_act=0.0000
  [WB] structure=6/12 (50%)  opp_sim=0.087
  [WB] BOUNDARY OK | CORE>BIN OK | PRUNE silent OK
  [LOGIC] loss=-1043.8063
  step   370/1000 (global=1970)  loss=6.3446  avg=6.0272  lr=0.000143  B=16  14933ms
  [WB] boundary=91/100  core_diff=2.3742  bin_diff=0.0019  ratio=1233.63  prune_act=0.0000
  [WB] structure=6/12 (50%)  opp_sim=0.086
  [WB] BOUNDARY OK | CORE>BIN OK | PRUNE silent OK
  [LOGIC] loss=-1042.1780
  step   380/1000 (global=1980)  loss=7.3198  avg=5.9839  lr=0.000139  B=16  14940ms
  [WB] boundary=91/100  core_diff=2.3697  bin_diff=0.0012  ratio=2033.61  prune_act=0.0000
  [WB] structure=6/12 (50%)  opp_sim=0.087
  [WB] BOUNDARY OK | CORE>BIN OK | PRUNE silent OK
  [LOGIC] loss=-1043.5708
  step   390/1000 (global=1990)  loss=6.2088  avg=5.9575  lr=0.000135  B=16  14928ms
  [WB] boundary=91/100  core_diff=2.3727  bin_diff=0.0022  ratio=1072.54  prune_act=0.0000
  [WB] structure=6/12 (50%)  opp_sim=0.087
  [WB] BOUNDARY OK | CORE>BIN OK | PRUNE silent OK
    [plan-I] step 1999 W_v approx_rank=22.6 (frob=22.52 max_row=1.00)
    [ortho] step 1999 L0 W_v off_diag=0.70 diag_dev=0.0688
    [ortho] step 1999 L0 W_o off_diag=0.12 diag_dev=0.0005
    [plan-I] step 1999 W_v approx_rank=22.6 (frob=22.52 max_row=1.00)
    [ortho] step 1999 L1 W_v off_diag=0.69 diag_dev=0.0718
    [ortho] step 1999 L1 W_o off_diag=0.13 diag_dev=0.0005
    [plan-I] step 1999 W_v approx_rank=22.5 (frob=22.52 max_row=1.00)
    [ortho] step 1999 L2 W_v off_diag=0.71 diag_dev=0.0714
    [ortho] step 1999 L2 W_o off_diag=0.12 diag_dev=0.0005
    [plan-I] step 1999 W_v approx_rank=22.6 (frob=22.52 max_row=1.00)
    [ortho] step 1999 L3 W_v off_diag=0.69 diag_dev=0.0716
    [ortho] step 1999 L3 W_o off_diag=0.13 diag_dev=0.0005
    [plan-I] step 1999 W_v approx_rank=22.5 (frob=22.52 max_row=1.00)
    [ortho] step 1999 L4 W_v off_diag=0.73 diag_dev=0.0708
    [ortho] step 1999 L4 W_o off_diag=0.13 diag_dev=0.0005
    [plan-I] step 1999 W_v approx_rank=22.6 (frob=22.52 max_row=1.00)
    [ortho] step 1999 L5 W_v off_diag=0.69 diag_dev=0.0729
    [ortho] step 1999 L5 W_o off_diag=0.08 diag_dev=0.0003
  [LOGIC] loss=-1042.7789
  step   400/1000 (global=2000)  loss=6.4908  avg=5.9483  lr=0.000130  B=16  14922ms
  [WB] boundary=91/100  core_diff=2.3666  bin_diff=0.0019  ratio=1268.39  prune_act=0.0000
  [WB] structure=6/12 (50%)  opp_sim=0.087
  [WB] BOUNDARY OK | CORE>BIN OK | PRUNE silent OK
[*] stateful inference started: window=9996, sinks=4, ctx=10240
[*] sliding window configured: W=9996, sinks=4 (effective context: 10000)
  [TRACE] "大": L0[||x||=3.95 C409(+365.67--15.19) B1332(+5566.24--62.48) P307(max0.000)] L3[||x||=4.83 C409(+307.04--14.60) B1332(+5674.78--65.22) P307(max0.000)] L5[||x||=5.36 C409(+263.23--19.15) B1332(+6899.13--63.54) P307(max0.000)] | H=7.36/15 top3=232 233 147 
  [LOGIC] loss=-1044.9207
  step   410/1000 (global=2010)  loss=5.7808  avg=5.9579  lr=0.000126  B=16  14916ms
  [WB] boundary=91/100  core_diff=2.3723  bin_diff=0.0014  ratio=1656.62  prune_act=0.0000
  [WB] structure=6/12 (50%)  opp_sim=0.086
  [WB] BOUNDARY OK | CORE>BIN OK | PRUNE silent OK
  [LOGIC] loss=-1046.5448
  step   420/1000 (global=2020)  loss=6.2762  avg=5.9336  lr=0.000122  B=16  14915ms
  [WB] boundary=91/100  core_diff=2.3745  bin_diff=0.0010  ratio=2332.14  prune_act=0.0000
  [WB] structure=6/12 (50%)  opp_sim=0.086
  [WB] BOUNDARY OK | CORE>BIN OK | PRUNE silent OK
  [LOGIC] loss=-1042.5614
  step   430/1000 (global=2030)  loss=5.7133  avg=5.9189  lr=0.000118  B=16  14905ms
  [WB] boundary=91/100  core_diff=2.3654  bin_diff=0.0011  ratio=2190.17  prune_act=0.0000
  [WB] structure=6/12 (50%)  opp_sim=0.087
  [WB] BOUNDARY OK | CORE>BIN OK | PRUNE silent OK
  [LOGIC] loss=-1043.7581
  step   440/1000 (global=2040)  loss=6.2617  avg=5.9591  lr=0.000114  B=16  14910ms
  [WB] boundary=91/100  core_diff=2.3691  bin_diff=0.0010  ratio=2315.95  prune_act=0.0000
  [WB] structure=6/12 (50%)  opp_sim=0.086
  [WB] BOUNDARY OK | CORE>BIN OK | PRUNE silent OK
    [plan-I] step 2049 W_v approx_rank=22.6 (frob=22.51 max_row=1.00)
    [ortho] step 2049 L0 W_v off_diag=0.64 diag_dev=0.0731
    [ortho] step 2049 L0 W_o off_diag=0.07 diag_dev=0.0003
    [plan-I] step 2049 W_v approx_rank=22.5 (frob=22.51 max_row=1.00)
    [ortho] step 2049 L1 W_v off_diag=0.64 diag_dev=0.0735
    [ortho] step 2049 L1 W_o off_diag=0.07 diag_dev=0.0003
    [plan-I] step 2049 W_v approx_rank=22.6 (frob=22.51 max_row=1.00)
    [ortho] step 2049 L2 W_v off_diag=0.65 diag_dev=0.0738
    [ortho] step 2049 L2 W_o off_diag=0.07 diag_dev=0.0003
    [plan-I] step 2049 W_v approx_rank=22.6 (frob=22.51 max_row=1.00)
    [ortho] step 2049 L3 W_v off_diag=0.64 diag_dev=0.0755
    [ortho] step 2049 L3 W_o off_diag=0.07 diag_dev=0.0003
    [plan-I] step 2049 W_v approx_rank=22.6 (frob=22.51 max_row=1.00)
    [ortho] step 2049 L4 W_v off_diag=0.65 diag_dev=0.0720
    [ortho] step 2049 L4 W_o off_diag=0.07 diag_dev=0.0003
    [plan-I] step 2049 W_v approx_rank=22.6 (frob=22.51 max_row=1.00)
    [ortho] step 2049 L5 W_v off_diag=0.64 diag_dev=0.0775
    [ortho] step 2049 L5 W_o off_diag=0.05 diag_dev=0.0002
  [LOGIC] loss=-1045.6967
  step   450/1000 (global=2050)  loss=5.4245  avg=5.9232  lr=0.000110  B=16  14918ms
  [WB] boundary=91/100  core_diff=2.3764  bin_diff=0.0018  ratio=1351.93  prune_act=0.0000
  [WB] structure=6/12 (50%)  opp_sim=0.086
  [WB] BOUNDARY OK | CORE>BIN OK | PRUNE silent OK
[*] stateful inference started: window=9996, sinks=4, ctx=10240
[*] sliding window configured: W=9996, sinks=4 (effective context: 10000)
  [TRACE] "小": L0[||x||=3.72 C409(+111.70--14.45) B1332(+5585.05--62.42) P307(max0.000)] L3[||x||=4.62 C409(+105.73--18.47) B1332(+5667.67--65.23) P307(max0.000)] L5[||x||=5.16 C409(+131.13--16.21) B1332(+6848.58--63.78) P307(max0.000)] | H=10.58/15 top3=232 233 131 
  [LOGIC] loss=-1044.6962
  step   460/1000 (global=2060)  loss=4.7037  avg=5.9102  lr=0.000107  B=16  14927ms
  [WB] boundary=91/100  core_diff=2.3742  bin_diff=0.0013  ratio=1871.16  prune_act=0.0000
  [WB] structure=6/12 (50%)  opp_sim=0.086
  [WB] BOUNDARY OK | CORE>BIN OK | PRUNE silent OK
  [LOGIC] loss=-1044.5376
  step   470/1000 (global=2070)  loss=6.1728  avg=5.9429  lr=0.000103  B=16  14922ms
  [WB] boundary=91/100  core_diff=2.3745  bin_diff=0.0013  ratio=1848.70  prune_act=0.0000
  [WB] structure=6/12 (50%)  opp_sim=0.086
  [WB] BOUNDARY OK | CORE>BIN OK | PRUNE silent OK
  [LOGIC] loss=-1044.6576
  step   480/1000 (global=2080)  loss=5.8185  avg=5.8632  lr=0.000099  B=16  14927ms
  [WB] boundary=91/100  core_diff=2.3752  bin_diff=0.0013  ratio=1795.43  prune_act=0.0000
  [WB] structure=6/12 (50%)  opp_sim=0.086
  [WB] BOUNDARY OK | CORE>BIN OK | PRUNE silent OK
  [LOGIC] loss=-1045.8463
  step   490/1000 (global=2090)  loss=5.7421  avg=5.9714  lr=0.000095  B=16  14927ms
  [WB] boundary=91/100  core_diff=2.3760  bin_diff=0.0009  ratio=2588.78  prune_act=0.0000
  [WB] structure=6/12 (50%)  opp_sim=0.085
  [WB] BOUNDARY OK | CORE>BIN OK | PRUNE silent OK
    [plan-I] step 2099 W_v approx_rank=22.6 (frob=22.51 max_row=1.00)
    [ortho] step 2099 L0 W_v off_diag=0.62 diag_dev=0.0766
    [ortho] step 2099 L0 W_o off_diag=0.04 diag_dev=0.0002
    [plan-I] step 2099 W_v approx_rank=22.6 (frob=22.51 max_row=1.00)
    [ortho] step 2099 L1 W_v off_diag=0.62 diag_dev=0.0750
    [ortho] step 2099 L1 W_o off_diag=0.04 diag_dev=0.0002
    [plan-I] step 2099 W_v approx_rank=22.6 (frob=22.51 max_row=1.00)
    [ortho] step 2099 L2 W_v off_diag=0.61 diag_dev=0.0768
    [ortho] step 2099 L2 W_o off_diag=0.04 diag_dev=0.0001
    [plan-I] step 2099 W_v approx_rank=22.6 (frob=22.51 max_row=1.00)
    [ortho] step 2099 L3 W_v off_diag=0.61 diag_dev=0.0770
    [ortho] step 2099 L3 W_o off_diag=0.04 diag_dev=0.0001
    [plan-I] step 2099 W_v approx_rank=22.6 (frob=22.51 max_row=1.00)
    [ortho] step 2099 L4 W_v off_diag=0.62 diag_dev=0.0764
    [ortho] step 2099 L4 W_o off_diag=0.04 diag_dev=0.0001
    [plan-I] step 2099 W_v approx_rank=22.6 (frob=22.51 max_row=1.00)
    [ortho] step 2099 L5 W_v off_diag=0.62 diag_dev=0.0781
    [ortho] step 2099 L5 W_o off_diag=0.03 diag_dev=0.0001
  [LOGIC] loss=-1044.6884
  step   500/1000 (global=2100)  loss=6.3282  avg=5.9808  lr=0.000092  B=16  14931ms
  [WB] boundary=91/100  core_diff=2.3732  bin_diff=0.0009  ratio=2757.55  prune_act=0.0000
  [WB] structure=6/12 (50%)  opp_sim=0.085
  [WB] BOUNDARY OK | CORE>BIN OK | PRUNE silent OK
[*] stateful inference started: window=9996, sinks=4, ctx=10240
[*] sliding window configured: W=9996, sinks=4 (effective context: 10000)
  [TRACE] "热": L0[||x||=3.74 C409(+381.07--14.31) B1332(+5564.77--62.41) P307(max0.000)] L3[||x||=4.67 C409(+310.17--14.47) B1332(+5623.62--65.26) P307(max0.000)] L5[||x||=5.22 C409(+277.66--17.63) B1332(+6806.37--63.48) P307(max0.000)] | H=10.77/15 top3=232 233 131 
  [LOGIC] loss=-1046.3352
  step   510/1000 (global=2110)  loss=5.4622  avg=5.9418  lr=0.000088  B=16  14932ms
  [WB] boundary=91/100  core_diff=2.3797  bin_diff=0.0010  ratio=2374.43  prune_act=0.0000
  [WB] structure=6/12 (50%)  opp_sim=0.085
  [WB] BOUNDARY OK | CORE>BIN OK | PRUNE silent OK
  [LOGIC] loss=-1043.3596
  step   520/1000 (global=2120)  loss=5.8061  avg=5.9448  lr=0.000085  B=16  14927ms
  [WB] boundary=92/100  core_diff=2.3756  bin_diff=0.0012  ratio=2010.91  prune_act=0.0000
  [WB] structure=6/12 (50%)  opp_sim=0.085
  [WB] BOUNDARY OK | CORE>BIN OK | PRUNE silent OK
  [LOGIC] loss=-1045.1826
  step   530/1000 (global=2130)  loss=6.5687  avg=5.9920  lr=0.000082  B=16  14928ms
  [WB] boundary=91/100  core_diff=2.3830  bin_diff=0.0021  ratio=1135.62  prune_act=0.0000
  [WB] structure=6/12 (50%)  opp_sim=0.085
  [WB] BOUNDARY OK | CORE>BIN OK | PRUNE silent OK
  [LOGIC] loss=-1046.6283
  step   540/1000 (global=2140)  loss=6.3168  avg=5.9865  lr=0.000078  B=16  14926ms
  [WB] boundary=91/100  core_diff=2.3862  bin_diff=0.0016  ratio=1484.65  prune_act=0.0000
  [WB] structure=6/12 (50%)  opp_sim=0.085
  [WB] BOUNDARY OK | CORE>BIN OK | PRUNE silent OK
    [plan-I] step 2149 W_v approx_rank=22.6 (frob=22.51 max_row=1.00)
    [ortho] step 2149 L0 W_v off_diag=0.62 diag_dev=0.0754
    [ortho] step 2149 L0 W_o off_diag=0.05 diag_dev=0.0002
    [plan-I] step 2149 W_v approx_rank=22.6 (frob=22.51 max_row=1.00)
    [ortho] step 2149 L1 W_v off_diag=0.62 diag_dev=0.0758
    [ortho] step 2149 L1 W_o off_diag=0.05 diag_dev=0.0002
    [plan-I] step 2149 W_v approx_rank=22.6 (frob=22.51 max_row=1.00)
    [ortho] step 2149 L2 W_v off_diag=0.62 diag_dev=0.0772
    [ortho] step 2149 L2 W_o off_diag=0.05 diag_dev=0.0002
    [plan-I] step 2149 W_v approx_rank=22.5 (frob=22.51 max_row=1.00)
    [ortho] step 2149 L3 W_v off_diag=0.61 diag_dev=0.0777
    [ortho] step 2149 L3 W_o off_diag=0.05 diag_dev=0.0002
    [plan-I] step 2149 W_v approx_rank=22.5 (frob=22.51 max_row=1.00)
    [ortho] step 2149 L4 W_v off_diag=0.63 diag_dev=0.0782
    [ortho] step 2149 L4 W_o off_diag=0.05 diag_dev=0.0002
    [plan-I] step 2149 W_v approx_rank=22.6 (frob=22.51 max_row=1.00)
    [ortho] step 2149 L5 W_v off_diag=0.61 diag_dev=0.0780
    [ortho] step 2149 L5 W_o off_diag=0.03 diag_dev=0.0001
  [LOGIC] loss=-1049.8811
  step   550/1000 (global=2150)  loss=5.6059  avg=6.0336  lr=0.000075  B=16  14925ms
  [WB] boundary=91/100  core_diff=2.3933  bin_diff=0.0016  ratio=1504.85  prune_act=0.0000
  [WB] structure=6/12 (50%)  opp_sim=0.085
  [WB] BOUNDARY OK | CORE>BIN OK | PRUNE silent OK
[*] stateful inference started: window=9996, sinks=4, ctx=10240
[*] sliding window configured: W=9996, sinks=4 (effective context: 10000)
  [TRACE] "冷": L0[||x||=3.74 C409(+102.78--13.57) B1332(+5543.60--62.38) P307(max0.000)] L3[||x||=4.59 C409(+116.11--16.25) B1332(+5571.43--65.06) P307(max0.000)] L5[||x||=5.11 C409(+131.56--16.01) B1332(+6689.72--63.53) P307(max0.000)] | H=10.70/15 top3=232 233 32705 
  [LOGIC] loss=-1051.0038
  step   560/1000 (global=2160)  loss=6.3453  avg=6.0411  lr=0.000072  B=16  14931ms
  [WB] boundary=91/100  core_diff=2.3974  bin_diff=0.0019  ratio=1276.48  prune_act=0.0000
  [WB] structure=6/12 (50%)  opp_sim=0.085
  [WB] BOUNDARY OK | CORE>BIN OK | PRUNE silent OK
  [LOGIC] loss=-1048.3174
  step   570/1000 (global=2170)  loss=5.1647  avg=6.0272  lr=0.000069  B=16  14926ms
  [WB] boundary=91/100  core_diff=2.3929  bin_diff=0.0013  ratio=1793.80  prune_act=0.0000
  [WB] structure=6/12 (50%)  opp_sim=0.085
  [WB] BOUNDARY OK | CORE>BIN OK | PRUNE silent OK
  [LOGIC] loss=-1048.4105
  step   580/1000 (global=2180)  loss=5.4154  avg=6.1191  lr=0.000065  B=16  14915ms
  [WB] boundary=91/100  core_diff=2.3893  bin_diff=0.0014  ratio=1686.79  prune_act=0.0000
  [WB] structure=6/12 (50%)  opp_sim=0.085
  [WB] BOUNDARY OK | CORE>BIN OK | PRUNE silent OK
  [LOGIC] loss=-1049.6604
  step   590/1000 (global=2190)  loss=5.7235  avg=6.0724  lr=0.000062  B=16  14910ms
  [WB] boundary=92/100  core_diff=2.3905  bin_diff=0.0015  ratio=1598.82  prune_act=0.0000
  [WB] structure=6/12 (50%)  opp_sim=0.085
  [WB] BOUNDARY OK | CORE>BIN OK | PRUNE silent OK
    [plan-I] step 2199 W_v approx_rank=22.6 (frob=22.51 max_row=1.00)
    [ortho] step 2199 L0 W_v off_diag=0.61 diag_dev=0.0755
    [ortho] step 2199 L0 W_o off_diag=0.02 diag_dev=0.0001
    [plan-I] step 2199 W_v approx_rank=22.6 (frob=22.51 max_row=1.00)
    [ortho] step 2199 L1 W_v off_diag=0.60 diag_dev=0.0765
    [ortho] step 2199 L1 W_o off_diag=0.02 diag_dev=0.0001
    [plan-I] step 2199 W_v approx_rank=22.6 (frob=22.51 max_row=1.00)
    [ortho] step 2199 L2 W_v off_diag=0.61 diag_dev=0.0792
    [ortho] step 2199 L2 W_o off_diag=0.02 diag_dev=0.0001
    [plan-I] step 2199 W_v approx_rank=22.6 (frob=22.51 max_row=1.00)
    [ortho] step 2199 L3 W_v off_diag=0.61 diag_dev=0.0796
    [ortho] step 2199 L3 W_o off_diag=0.02 diag_dev=0.0001
    [plan-I] step 2199 W_v approx_rank=22.6 (frob=22.51 max_row=1.00)
    [ortho] step 2199 L4 W_v off_diag=0.60 diag_dev=0.0792
    [ortho] step 2199 L4 W_o off_diag=0.02 diag_dev=0.0001
    [plan-I] step 2199 W_v approx_rank=22.6 (frob=22.51 max_row=1.00)
    [ortho] step 2199 L5 W_v off_diag=0.60 diag_dev=0.0776
    [ortho] step 2199 L5 W_o off_diag=0.01 diag_dev=0.0001
  [LOGIC] loss=-1049.4189
  step   600/1000 (global=2200)  loss=6.1666  avg=6.0239  lr=0.000059  B=16  14903ms
  [WB] boundary=91/100  core_diff=2.3895  bin_diff=0.0014  ratio=1682.02  prune_act=0.0000
  [WB] structure=6/12 (50%)  opp_sim=0.085
  [WB] BOUNDARY OK | CORE>BIN OK | PRUNE silent OK
[*] stateful inference started: window=9996, sinks=4, ctx=10240
[*] sliding window configured: W=9996, sinks=4 (effective context: 10000)
  [TRACE] "火": L0[||x||=3.73 C409(+150.75--27.49) B1332(+5578.50--61.98) P307(max0.000)] L3[||x||=4.60 C409(+154.29--31.79) B1332(+5632.71--65.09) P307(max0.000)] L5[||x||=5.11 C409(+142.30--29.53) B1332(+6755.44--63.63) P307(max0.000)] | H=10.65/15 top3=232 233 131 
  [LOGIC] loss=-1048.8807
  step   610/1000 (global=2210)  loss=5.5577  avg=5.9692  lr=0.000057  B=16  14905ms
  [WB] boundary=91/100  core_diff=2.3881  bin_diff=0.0013  ratio=1819.61  prune_act=0.0000
  [WB] structure=6/12 (50%)  opp_sim=0.085
  [WB] BOUNDARY OK | CORE>BIN OK | PRUNE silent OK
  [LOGIC] loss=-1049.6841
  step   620/1000 (global=2220)  loss=5.9401  avg=5.9075  lr=0.000054  B=16  14911ms
  [WB] boundary=92/100  core_diff=2.3886  bin_diff=0.0013  ratio=1840.72  prune_act=0.0000
  [WB] structure=6/12 (50%)  opp_sim=0.085
  [WB] BOUNDARY OK | CORE>BIN OK | PRUNE silent OK
  [LOGIC] loss=-1049.2128
  step   630/1000 (global=2230)  loss=5.5367  avg=5.9130  lr=0.000051  B=16  14907ms
  [WB] boundary=92/100  core_diff=2.3876  bin_diff=0.0013  ratio=1858.89  prune_act=0.0000
  [WB] structure=6/12 (50%)  opp_sim=0.085
  [WB] BOUNDARY OK | CORE>BIN OK | PRUNE silent OK
  [LOGIC] loss=-1048.0596
  step   640/1000 (global=2240)  loss=6.2339  avg=5.8909  lr=0.000048  B=16  14915ms
  [WB] boundary=92/100  core_diff=2.3869  bin_diff=0.0015  ratio=1541.17  prune_act=0.0000
  [WB] structure=6/12 (50%)  opp_sim=0.085
  [WB] BOUNDARY OK | CORE>BIN OK | PRUNE silent OK
    [plan-I] step 2249 W_v approx_rank=22.6 (frob=22.51 max_row=1.00)
    [ortho] step 2249 L0 W_v off_diag=0.60 diag_dev=0.0781
    [ortho] step 2249 L0 W_o off_diag=0.01 diag_dev=0.0000
    [plan-I] step 2249 W_v approx_rank=22.6 (frob=22.51 max_row=1.00)
    [ortho] step 2249 L1 W_v off_diag=0.60 diag_dev=0.0784
    [ortho] step 2249 L1 W_o off_diag=0.01 diag_dev=0.0000
    [plan-I] step 2249 W_v approx_rank=22.6 (frob=22.51 max_row=1.00)
    [ortho] step 2249 L2 W_v off_diag=0.60 diag_dev=0.0791
    [ortho] step 2249 L2 W_o off_diag=0.01 diag_dev=0.0000
    [plan-I] step 2249 W_v approx_rank=22.6 (frob=22.51 max_row=1.00)
    [ortho] step 2249 L3 W_v off_diag=0.60 diag_dev=0.0796
    [ortho] step 2249 L3 W_o off_diag=0.01 diag_dev=0.0000
    [plan-I] step 2249 W_v approx_rank=22.6 (frob=22.51 max_row=1.00)
    [ortho] step 2249 L4 W_v off_diag=0.60 diag_dev=0.0818
    [ortho] step 2249 L4 W_o off_diag=0.01 diag_dev=0.0000
    [plan-I] step 2249 W_v approx_rank=22.6 (frob=22.51 max_row=1.00)
    [ortho] step 2249 L5 W_v off_diag=0.60 diag_dev=0.0794
    [ortho] step 2249 L5 W_o off_diag=0.01 diag_dev=0.0000
  [LOGIC] loss=-1048.8599
  step   650/1000 (global=2250)  loss=6.4338  avg=5.9233  lr=0.000046  B=16  14911ms
  [WB] boundary=92/100  core_diff=2.3870  bin_diff=0.0015  ratio=1569.32  prune_act=0.0000
  [WB] structure=6/12 (50%)  opp_sim=0.085
  [WB] BOUNDARY OK | CORE>BIN OK | PRUNE silent OK
[*] stateful inference started: window=9996, sinks=4, ctx=10240
[*] sliding window configured: W=9996, sinks=4 (effective context: 10000)
  [TRACE] "水": L0[||x||=3.82 C409(+135.29--24.51) B1332(+5625.72--62.25) P307(max0.000)] L3[||x||=4.70 C409(+133.25--30.82) B1332(+5685.12--65.20) P307(max0.000)] L5[||x||=5.21 C409(+138.18--31.38) B1332(+6829.33--63.55) P307(max0.000)] | H=10.39/15 top3=232 233 32705 
  [LOGIC] loss=-1048.7546
  step   660/1000 (global=2260)  loss=6.7507  avg=6.0164  lr=0.000043  B=16  14899ms
  [WB] boundary=92/100  core_diff=2.3867  bin_diff=0.0015  ratio=1586.90  prune_act=0.0000
  [WB] structure=6/12 (50%)  opp_sim=0.084
  [WB] BOUNDARY OK | CORE>BIN OK | PRUNE silent OK
  [LOGIC] loss=-1048.2804
  step   670/1000 (global=2270)  loss=5.3184  avg=5.9578  lr=0.000041  B=16  14907ms
  [WB] boundary=92/100  core_diff=2.3840  bin_diff=0.0014  ratio=1695.90  prune_act=0.0000
  [WB] structure=6/12 (50%)  opp_sim=0.084
  [WB] BOUNDARY OK | CORE>BIN OK | PRUNE silent OK
  [LOGIC] loss=-1046.0339
  step   680/1000 (global=2280)  loss=5.3372  avg=5.8705  lr=0.000038  B=16  14910ms
  [WB] boundary=92/100  core_diff=2.3797  bin_diff=0.0011  ratio=2121.22  prune_act=0.0000
  [WB] structure=6/12 (50%)  opp_sim=0.084
  [WB] BOUNDARY OK | CORE>BIN OK | PRUNE silent OK
  [LOGIC] loss=-1045.9662
  step   690/1000 (global=2290)  loss=5.0222  avg=5.8931  lr=0.000036  B=16  14910ms
  [WB] boundary=92/100  core_diff=2.3800  bin_diff=0.0012  ratio=1926.02  prune_act=0.0000
  [WB] structure=6/12 (50%)  opp_sim=0.084
  [WB] BOUNDARY OK | CORE>BIN OK | PRUNE silent OK
    [plan-I] step 2299 W_v approx_rank=22.6 (frob=22.51 max_row=1.00)
    [ortho] step 2299 L0 W_v off_diag=0.60 diag_dev=0.0801
    [ortho] step 2299 L0 W_o off_diag=0.01 diag_dev=0.0000
    [plan-I] step 2299 W_v approx_rank=22.6 (frob=22.51 max_row=1.00)
    [ortho] step 2299 L1 W_v off_diag=0.60 diag_dev=0.0785
    [ortho] step 2299 L1 W_o off_diag=0.01 diag_dev=0.0000
    [plan-I] step 2299 W_v approx_rank=22.5 (frob=22.51 max_row=1.00)
    [ortho] step 2299 L2 W_v off_diag=0.59 diag_dev=0.0781
    [ortho] step 2299 L2 W_o off_diag=0.01 diag_dev=0.0000
    [plan-I] step 2299 W_v approx_rank=22.6 (frob=22.51 max_row=1.00)
    [ortho] step 2299 L3 W_v off_diag=0.59 diag_dev=0.0813
    [ortho] step 2299 L3 W_o off_diag=0.01 diag_dev=0.0000
    [plan-I] step 2299 W_v approx_rank=22.6 (frob=22.51 max_row=1.00)
    [ortho] step 2299 L4 W_v off_diag=0.60 diag_dev=0.0796
    [ortho] step 2299 L4 W_o off_diag=0.01 diag_dev=0.0000
    [plan-I] step 2299 W_v approx_rank=22.6 (frob=22.51 max_row=1.00)
    [ortho] step 2299 L5 W_v off_diag=0.60 diag_dev=0.0803
    [ortho] step 2299 L5 W_o off_diag=0.00 diag_dev=0.0000
  [LOGIC] loss=-1046.9282
  step   700/1000 (global=2300)  loss=6.3015  avg=5.9294  lr=0.000034  B=16  14907ms
  [WB] boundary=92/100  core_diff=2.3808  bin_diff=0.0011  ratio=2165.20  prune_act=0.0000
  [WB] structure=6/12 (50%)  opp_sim=0.084
  [WB] BOUNDARY OK | CORE>BIN OK | PRUNE silent OK
[*] stateful inference started: window=9996, sinks=4, ctx=10240
[*] sliding window configured: W=9996, sinks=4 (effective context: 10000)
  [TRACE] "大": L0[||x||=3.99 C409(+366.50--15.21) B1332(+5688.44--62.32) P307(max0.000)] L3[||x||=4.85 C409(+326.18--13.63) B1332(+5754.25--64.87) P307(max0.000)] L5[||x||=5.35 C409(+292.02--17.39) B1332(+6914.59--63.72) P307(max0.000)] | H=7.86/15 top3=232 32705 147 
  [LOGIC] loss=-1047.3649
  step   710/1000 (global=2310)  loss=6.4925  avg=5.9701  lr=0.000032  B=16  14901ms
  [WB] boundary=92/100  core_diff=2.3818  bin_diff=0.0010  ratio=2439.44  prune_act=0.0000
  [WB] structure=6/12 (50%)  opp_sim=0.084
  [WB] BOUNDARY OK | CORE>BIN OK | PRUNE silent OK
  [LOGIC] loss=-1047.0692
  step   720/1000 (global=2320)  loss=7.0152  avg=5.9017  lr=0.000029  B=16  14905ms
  [WB] boundary=92/100  core_diff=2.3809  bin_diff=0.0009  ratio=2530.37  prune_act=0.0000
  [WB] structure=6/12 (50%)  opp_sim=0.084
  [WB] BOUNDARY OK | CORE>BIN OK | PRUNE silent OK
  [LOGIC] loss=-1046.3591
  step   730/1000 (global=2330)  loss=5.5409  avg=5.9126  lr=0.000027  B=16  14911ms
  [WB] boundary=92/100  core_diff=2.3783  bin_diff=0.0008  ratio=2948.51  prune_act=0.0000
  [WB] structure=6/12 (50%)  opp_sim=0.084
  [WB] BOUNDARY OK | CORE>BIN OK | PRUNE silent OK
  [LOGIC] loss=-1046.3611
  step   740/1000 (global=2340)  loss=5.5684  avg=6.0156  lr=0.000025  B=16  14916ms
  [WB] boundary=92/100  core_diff=2.3768  bin_diff=0.0007  ratio=3433.65  prune_act=0.0000
  [WB] structure=6/12 (50%)  opp_sim=0.084
  [WB] BOUNDARY OK | CORE>BIN OK | PRUNE silent OK
    [plan-I] step 2349 W_v approx_rank=22.6 (frob=22.51 max_row=1.00)
    [ortho] step 2349 L0 W_v off_diag=0.60 diag_dev=0.0815
    [ortho] step 2349 L0 W_o off_diag=0.00 diag_dev=0.0000
    [plan-I] step 2349 W_v approx_rank=22.6 (frob=22.51 max_row=1.00)
    [ortho] step 2349 L1 W_v off_diag=0.59 diag_dev=0.0830
    [ortho] step 2349 L1 W_o off_diag=0.00 diag_dev=0.0000
    [plan-I] step 2349 W_v approx_rank=22.6 (frob=22.51 max_row=1.00)
    [ortho] step 2349 L2 W_v off_diag=0.59 diag_dev=0.0796
    [ortho] step 2349 L2 W_o off_diag=0.00 diag_dev=0.0000
    [plan-I] step 2349 W_v approx_rank=22.6 (frob=22.51 max_row=1.00)
    [ortho] step 2349 L3 W_v off_diag=0.59 diag_dev=0.0820
    [ortho] step 2349 L3 W_o off_diag=0.00 diag_dev=0.0000
    [plan-I] step 2349 W_v approx_rank=22.6 (frob=22.51 max_row=1.00)
    [ortho] step 2349 L4 W_v off_diag=0.59 diag_dev=0.0825
    [ortho] step 2349 L4 W_o off_diag=0.00 diag_dev=0.0000
    [plan-I] step 2349 W_v approx_rank=22.6 (frob=22.51 max_row=1.00)
    [ortho] step 2349 L5 W_v off_diag=0.59 diag_dev=0.0821
    [ortho] step 2349 L5 W_o off_diag=0.00 diag_dev=0.0000
  [LOGIC] loss=-1046.5216
  step   750/1000 (global=2350)  loss=6.1614  avg=6.1064  lr=0.000024  B=16  14909ms
  [WB] boundary=92/100  core_diff=2.3777  bin_diff=0.0010  ratio=2450.74  prune_act=0.0000
  [WB] structure=6/12 (50%)  opp_sim=0.084
  [WB] BOUNDARY OK | CORE>BIN OK | PRUNE silent OK
[*] stateful inference started: window=9996, sinks=4, ctx=10240
[*] sliding window configured: W=9996, sinks=4 (effective context: 10000)
  [TRACE] "小": L0[||x||=3.74 C409(+112.20--13.41) B1332(+5692.26--62.30) P307(max0.000)] L3[||x||=4.66 C409(+111.00--16.44) B1332(+5758.10--64.82) P307(max0.000)] L5[||x||=5.21 C409(+139.16--13.89) B1332(+6919.24--63.67) P307(max0.000)] | H=10.98/15 top3=232 233 235 
  [LOGIC] loss=-1046.2150
  step   760/1000 (global=2360)  loss=6.6423  avg=6.1347  lr=0.000022  B=16  14900ms
  [WB] boundary=92/100  core_diff=2.3770  bin_diff=0.0011  ratio=2171.43  prune_act=0.0000
  [WB] structure=6/12 (50%)  opp_sim=0.084
  [WB] BOUNDARY OK | CORE>BIN OK | PRUNE silent OK
  [LOGIC] loss=-1046.4989
  step   770/1000 (global=2370)  loss=5.3165  avg=6.0654  lr=0.000020  B=16  14903ms
  [WB] boundary=92/100  core_diff=2.3755  bin_diff=0.0009  ratio=2755.71  prune_act=0.0000
  [WB] structure=6/12 (50%)  opp_sim=0.084
  [WB] BOUNDARY OK | CORE>BIN OK | PRUNE silent OK
  [LOGIC] loss=-1046.3770
  step   780/1000 (global=2380)  loss=6.4936  avg=6.0901  lr=0.000018  B=16  14901ms
  [WB] boundary=92/100  core_diff=2.3752  bin_diff=0.0008  ratio=3064.32  prune_act=0.0000
  [WB] structure=6/12 (50%)  opp_sim=0.084
  [WB] BOUNDARY OK | CORE>BIN OK | PRUNE silent OK
  [LOGIC] loss=-1045.8728
  step   790/1000 (global=2390)  loss=5.4103  avg=6.0690  lr=0.000017  B=16  14903ms
  [WB] boundary=92/100  core_diff=2.3738  bin_diff=0.0007  ratio=3279.02  prune_act=0.0000
  [WB] structure=6/12 (50%)  opp_sim=0.084
  [WB] BOUNDARY OK | CORE>BIN OK | PRUNE silent OK
    [plan-I] step 2399 W_v approx_rank=22.6 (frob=22.51 max_row=1.00)
    [ortho] step 2399 L0 W_v off_diag=0.59 diag_dev=0.0829
    [ortho] step 2399 L0 W_o off_diag=0.00 diag_dev=0.0000
    [plan-I] step 2399 W_v approx_rank=22.6 (frob=22.51 max_row=1.00)
    [ortho] step 2399 L1 W_v off_diag=0.59 diag_dev=0.0823
    [ortho] step 2399 L1 W_o off_diag=0.00 diag_dev=0.0000
    [plan-I] step 2399 W_v approx_rank=22.6 (frob=22.51 max_row=1.00)
    [ortho] step 2399 L2 W_v off_diag=0.59 diag_dev=0.0810
    [ortho] step 2399 L2 W_o off_diag=0.00 diag_dev=0.0000
    [plan-I] step 2399 W_v approx_rank=22.6 (frob=22.51 max_row=1.00)
    [ortho] step 2399 L3 W_v off_diag=0.59 diag_dev=0.0824
    [ortho] step 2399 L3 W_o off_diag=0.00 diag_dev=0.0000
    [plan-I] step 2399 W_v approx_rank=22.6 (frob=22.50 max_row=1.00)
    [ortho] step 2399 L4 W_v off_diag=0.59 diag_dev=0.0844
    [ortho] step 2399 L4 W_o off_diag=0.00 diag_dev=0.0000
    [plan-I] step 2399 W_v approx_rank=22.6 (frob=22.51 max_row=1.00)
    [ortho] step 2399 L5 W_v off_diag=0.59 diag_dev=0.0800
    [ortho] step 2399 L5 W_o off_diag=0.00 diag_dev=0.0000
  [LOGIC] loss=-1045.9147
  step   800/1000 (global=2400)  loss=6.1254  avg=6.1370  lr=0.000015  B=16  14901ms
  [WB] boundary=92/100  core_diff=2.3737  bin_diff=0.0008  ratio=2885.68  prune_act=0.0000
  [WB] structure=6/12 (50%)  opp_sim=0.084
  [WB] BOUNDARY OK | CORE>BIN OK | PRUNE silent OK
[*] stateful inference started: window=9996, sinks=4, ctx=10240
[*] sliding window configured: W=9996, sinks=4 (effective context: 10000)
  [TRACE] "热": L0[||x||=3.76 C409(+384.09--14.24) B1332(+5631.67--62.30) P307(max0.000)] L3[||x||=4.67 C409(+311.82--14.07) B1332(+5679.71--64.79) P307(max0.000)] L5[||x||=5.21 C409(+278.09--16.67) B1332(+6837.14--63.22) P307(max0.000)] | H=10.94/15 top3=232 233 131 
  [LOGIC] loss=-1045.5393
  step   810/1000 (global=2410)  loss=4.5391  avg=6.0391  lr=0.000014  B=16  14909ms
  [WB] boundary=92/100  core_diff=2.3728  bin_diff=0.0009  ratio=2679.41  prune_act=0.0000
  [WB] structure=6/12 (50%)  opp_sim=0.084
  [WB] BOUNDARY OK | CORE>BIN OK | PRUNE silent OK
  [LOGIC] loss=-1045.1418
  step   820/1000 (global=2420)  loss=4.9886  avg=5.9383  lr=0.000012  B=16  14902ms
  [WB] boundary=92/100  core_diff=2.3718  bin_diff=0.0009  ratio=2563.47  prune_act=0.0000
  [WB] structure=6/12 (50%)  opp_sim=0.084
  [WB] BOUNDARY OK | CORE>BIN OK | PRUNE silent OK
  [LOGIC] loss=-1044.8899
  step   830/1000 (global=2430)  loss=7.3554  avg=5.9797  lr=0.000011  B=16  14902ms
  [WB] boundary=92/100  core_diff=2.3708  bin_diff=0.0010  ratio=2484.81  prune_act=0.0000
  [WB] structure=6/12 (50%)  opp_sim=0.084
  [WB] BOUNDARY OK | CORE>BIN OK | PRUNE silent OK
  [LOGIC] loss=-1045.0564
  step   840/1000 (global=2440)  loss=6.1867  avg=6.0293  lr=0.000010  B=16  14904ms
  [WB] boundary=92/100  core_diff=2.3709  bin_diff=0.0011  ratio=2238.30  prune_act=0.0000
  [WB] structure=6/12 (50%)  opp_sim=0.084
  [WB] BOUNDARY OK | CORE>BIN OK | PRUNE silent OK
    [plan-I] step 2449 W_v approx_rank=22.6 (frob=22.51 max_row=1.00)
    [ortho] step 2449 L0 W_v off_diag=0.59 diag_dev=0.0812
    [ortho] step 2449 L0 W_o off_diag=0.00 diag_dev=0.0000
    [plan-I] step 2449 W_v approx_rank=22.6 (frob=22.51 max_row=1.00)
    [ortho] step 2449 L1 W_v off_diag=0.59 diag_dev=0.0825
    [ortho] step 2449 L1 W_o off_diag=0.00 diag_dev=0.0000
    [plan-I] step 2449 W_v approx_rank=22.6 (frob=22.50 max_row=1.00)
    [ortho] step 2449 L2 W_v off_diag=0.59 diag_dev=0.0835
    [ortho] step 2449 L2 W_o off_diag=0.00 diag_dev=0.0000
    [plan-I] step 2449 W_v approx_rank=22.6 (frob=22.51 max_row=1.00)
    [ortho] step 2449 L3 W_v off_diag=0.59 diag_dev=0.0820
    [ortho] step 2449 L3 W_o off_diag=0.00 diag_dev=0.0000
    [plan-I] step 2449 W_v approx_rank=22.6 (frob=22.51 max_row=1.00)
    [ortho] step 2449 L4 W_v off_diag=0.59 diag_dev=0.0800
    [ortho] step 2449 L4 W_o off_diag=0.00 diag_dev=0.0000
    [plan-I] step 2449 W_v approx_rank=22.6 (frob=22.51 max_row=1.00)
    [ortho] step 2449 L5 W_v off_diag=0.59 diag_dev=0.0828
    [ortho] step 2449 L5 W_o off_diag=0.00 diag_dev=0.0000
  [LOGIC] loss=-1045.1633
  step   850/1000 (global=2450)  loss=5.2049  avg=6.0051  lr=0.000009  B=16  14902ms
  [WB] boundary=92/100  core_diff=2.3710  bin_diff=0.0012  ratio=1984.52  prune_act=0.0000
  [WB] structure=6/12 (50%)  opp_sim=0.084
  [WB] BOUNDARY OK | CORE>BIN OK | PRUNE silent OK
[*] stateful inference started: window=9996, sinks=4, ctx=10240
[*] sliding window configured: W=9996, sinks=4 (effective context: 10000)
  [TRACE] "冷": L0[||x||=3.76 C409(+102.09--13.00) B1332(+5635.78--62.29) P307(max0.000)] L3[||x||=4.66 C409(+111.12--13.54) B1332(+5687.49--64.76) P307(max0.000)] L5[||x||=5.20 C409(+125.16--12.95) B1332(+6841.80--63.20) P307(max0.000)] | H=10.79/15 top3=232 233 131 
  [LOGIC] loss=-1045.1115
  step   860/1000 (global=2460)  loss=5.3099  avg=5.9805  lr=0.000007  B=16  14902ms
  [WB] boundary=92/100  core_diff=2.3701  bin_diff=0.0012  ratio=1999.82  prune_act=0.0000
  [WB] structure=6/12 (50%)  opp_sim=0.084
  [WB] BOUNDARY OK | CORE>BIN OK | PRUNE silent OK
  [LOGIC] loss=-1044.8477
  step   870/1000 (global=2470)  loss=6.4293  avg=6.0241  lr=0.000006  B=16  14901ms
  [WB] boundary=92/100  core_diff=2.3694  bin_diff=0.0012  ratio=2016.94  prune_act=0.0000
  [WB] structure=6/12 (50%)  opp_sim=0.084
  [WB] BOUNDARY OK | CORE>BIN OK | PRUNE silent OK
  [LOGIC] loss=-1044.8486
  step   880/1000 (global=2480)  loss=6.1671  avg=6.0981  lr=0.000005  B=16  14901ms
  [WB] boundary=92/100  core_diff=2.3680  bin_diff=0.0012  ratio=2005.46  prune_act=0.0000
  [WB] structure=6/12 (50%)  opp_sim=0.084
  [WB] BOUNDARY OK | CORE>BIN OK | PRUNE silent OK
  [LOGIC] loss=-1044.3932
  step   890/1000 (global=2490)  loss=6.4409  avg=6.0805  lr=0.000005  B=16  14901ms
  [WB] boundary=92/100  core_diff=2.3665  bin_diff=0.0011  ratio=2094.77  prune_act=0.0000
  [WB] structure=6/12 (50%)  opp_sim=0.084
  [WB] BOUNDARY OK | CORE>BIN OK | PRUNE silent OK
    [plan-I] step 2499 W_v approx_rank=22.6 (frob=22.51 max_row=1.00)
    [ortho] step 2499 L0 W_v off_diag=0.59 diag_dev=0.0807
    [ortho] step 2499 L0 W_o off_diag=0.00 diag_dev=0.0000
    [plan-I] step 2499 W_v approx_rank=22.6 (frob=22.51 max_row=1.00)
    [ortho] step 2499 L1 W_v off_diag=0.59 diag_dev=0.0818
    [ortho] step 2499 L1 W_o off_diag=0.00 diag_dev=0.0000
    [plan-I] step 2499 W_v approx_rank=22.6 (frob=22.51 max_row=1.00)
    [ortho] step 2499 L2 W_v off_diag=0.59 diag_dev=0.0830
    [ortho] step 2499 L2 W_o off_diag=0.00 diag_dev=0.0000
    [plan-I] step 2499 W_v approx_rank=22.6 (frob=22.51 max_row=1.00)
    [ortho] step 2499 L3 W_v off_diag=0.59 diag_dev=0.0828
    [ortho] step 2499 L3 W_o off_diag=0.00 diag_dev=0.0000
    [plan-I] step 2499 W_v approx_rank=22.6 (frob=22.51 max_row=1.00)
    [ortho] step 2499 L4 W_v off_diag=0.59 diag_dev=0.0818
    [ortho] step 2499 L4 W_o off_diag=0.00 diag_dev=0.0000
    [plan-I] step 2499 W_v approx_rank=22.6 (frob=22.50 max_row=1.00)
    [ortho] step 2499 L5 W_v off_diag=0.60 diag_dev=0.0830
    [ortho] step 2499 L5 W_o off_diag=0.00 diag_dev=0.0000
  [LOGIC] loss=-1044.2056
  step   900/1000 (global=2500)  loss=4.7991  avg=5.9351  lr=0.000004  B=16  14908ms
  [WB] boundary=92/100  core_diff=2.3658  bin_diff=0.0011  ratio=2065.54  prune_act=0.0000
  [WB] structure=6/12 (50%)  opp_sim=0.084
  [WB] BOUNDARY OK | CORE>BIN OK | PRUNE silent OK
[*] stateful inference started: window=9996, sinks=4, ctx=10240
[*] sliding window configured: W=9996, sinks=4 (effective context: 10000)
  [TRACE] "火": L0[||x||=3.74 C409(+150.75--27.47) B1332(+5655.96--61.91) P307(max0.000)] L3[||x||=4.66 C409(+154.99--31.80) B1332(+5731.68--64.82) P307(max0.000)] L5[||x||=5.20 C409(+142.84--29.48) B1332(+6886.75--63.40) P307(max0.000)] | H=10.80/15 top3=232 233 131 
  [LOGIC] loss=-1044.1433
  step   910/1000 (global=2510)  loss=5.7391  avg=5.9421  lr=0.000003  B=16  14912ms
  [WB] boundary=92/100  core_diff=2.3653  bin_diff=0.0011  ratio=2072.88  prune_act=0.0000
  [WB] structure=6/12 (50%)  opp_sim=0.084
  [WB] BOUNDARY OK | CORE>BIN OK | PRUNE silent OK
  [LOGIC] loss=-1044.1421
  step   920/1000 (global=2520)  loss=5.6785  avg=5.9594  lr=0.000002  B=16  14912ms
  [WB] boundary=92/100  core_diff=2.3646  bin_diff=0.0011  ratio=2057.24  prune_act=0.0000
  [WB] structure=6/12 (50%)  opp_sim=0.084
  [WB] BOUNDARY OK | CORE>BIN OK | PRUNE silent OK
  [LOGIC] loss=-1044.1964
  step   930/1000 (global=2530)  loss=6.5992  avg=6.0068  lr=0.000002  B=16  14907ms
  [WB] boundary=92/100  core_diff=2.3642  bin_diff=0.0012  ratio=1920.21  prune_act=0.0000
  [WB] structure=6/12 (50%)  opp_sim=0.084
  [WB] BOUNDARY OK | CORE>BIN OK | PRUNE silent OK
  [LOGIC] loss=-1043.9219
  step   940/1000 (global=2540)  loss=6.4142  avg=5.9670  lr=0.000001  B=16  14912ms
  [WB] boundary=92/100  core_diff=2.3636  bin_diff=0.0013  ratio=1878.13  prune_act=0.0000
  [WB] structure=6/12 (50%)  opp_sim=0.084
  [WB] BOUNDARY OK | CORE>BIN OK | PRUNE silent OK
    [plan-I] step 2549 W_v approx_rank=22.6 (frob=22.51 max_row=1.00)
    [ortho] step 2549 L0 W_v off_diag=0.59 diag_dev=0.0822
    [ortho] step 2549 L0 W_o off_diag=0.00 diag_dev=0.0000
    [plan-I] step 2549 W_v approx_rank=22.6 (frob=22.51 max_row=1.00)
    [ortho] step 2549 L1 W_v off_diag=0.59 diag_dev=0.0806
    [ortho] step 2549 L1 W_o off_diag=0.00 diag_dev=0.0000
    [plan-I] step 2549 W_v approx_rank=22.6 (frob=22.51 max_row=1.00)
    [ortho] step 2549 L2 W_v off_diag=0.59 diag_dev=0.0828
    [ortho] step 2549 L2 W_o off_diag=0.00 diag_dev=0.0000
    [plan-I] step 2549 W_v approx_rank=22.6 (frob=22.50 max_row=1.00)
    [ortho] step 2549 L3 W_v off_diag=0.59 diag_dev=0.0833
    [ortho] step 2549 L3 W_o off_diag=0.00 diag_dev=0.0000
    [plan-I] step 2549 W_v approx_rank=22.6 (frob=22.51 max_row=1.00)
    [ortho] step 2549 L4 W_v off_diag=0.59 diag_dev=0.0831
    [ortho] step 2549 L4 W_o off_diag=0.00 diag_dev=0.0000
    [plan-I] step 2549 W_v approx_rank=22.6 (frob=22.51 max_row=1.00)
    [ortho] step 2549 L5 W_v off_diag=0.59 diag_dev=0.0819
    [ortho] step 2549 L5 W_o off_diag=0.00 diag_dev=0.0000
  [LOGIC] loss=-1043.7783
  step   950/1000 (global=2550)  loss=6.9378  avg=5.9942  lr=0.000001  B=16  14918ms
  [WB] boundary=92/100  core_diff=2.3630  bin_diff=0.0013  ratio=1861.91  prune_act=0.0000
  [WB] structure=6/12 (50%)  opp_sim=0.084
  [WB] BOUNDARY OK | CORE>BIN OK | PRUNE silent OK
[*] stateful inference started: window=9996, sinks=4, ctx=10240
[*] sliding window configured: W=9996, sinks=4 (effective context: 10000)
  [TRACE] "水": L0[||x||=3.83 C409(+134.44--24.58) B1332(+5676.11--62.23) P307(max0.000)] L3[||x||=4.73 C409(+133.23--30.68) B1332(+5752.05--65.04) P307(max0.000)] L5[||x||=5.26 C409(+135.89--31.33) B1332(+6918.68--63.39) P307(max0.000)] | H=10.58/15 top3=232 233 32705 
  [LOGIC] loss=-1043.7373
  step   960/1000 (global=2560)  loss=5.5671  avg=6.0259  lr=0.000001  B=16  14914ms
  [WB] boundary=92/100  core_diff=2.3625  bin_diff=0.0013  ratio=1889.01  prune_act=0.0000
  [WB] structure=6/12 (50%)  opp_sim=0.084
  [WB] BOUNDARY OK | CORE>BIN OK | PRUNE silent OK
  [LOGIC] loss=-1043.8898
  step   970/1000 (global=2570)  loss=6.7456  avg=6.0604  lr=0.000000  B=16  14917ms
  [WB] boundary=92/100  core_diff=2.3621  bin_diff=0.0013  ratio=1780.58  prune_act=0.0000
  [WB] structure=6/12 (50%)  opp_sim=0.084
  [WB] BOUNDARY OK | CORE>BIN OK | PRUNE silent OK
  [LOGIC] loss=-1043.8992
  step   980/1000 (global=2580)  loss=6.4680  avg=6.0129  lr=0.000000  B=16  14915ms
  [WB] boundary=92/100  core_diff=2.3615  bin_diff=0.0014  ratio=1710.03  prune_act=0.0000
  [WB] structure=6/12 (50%)  opp_sim=0.084
  [WB] BOUNDARY OK | CORE>BIN OK | PRUNE silent OK
  [LOGIC] loss=-1043.8596
  step   990/1000 (global=2590)  loss=5.6992  avg=5.8603  lr=0.000000  B=16  14914ms
  [WB] boundary=92/100  core_diff=2.3609  bin_diff=0.0014  ratio=1649.53  prune_act=0.0000
  [WB] structure=6/12 (50%)  opp_sim=0.084
  [WB] BOUNDARY OK | CORE>BIN OK | PRUNE silent OK
    [plan-I] step 2599 W_v approx_rank=22.6 (frob=22.51 max_row=1.00)
    [ortho] step 2599 L0 W_v off_diag=0.59 diag_dev=0.0814
    [ortho] step 2599 L0 W_o off_diag=0.00 diag_dev=0.0000
    [plan-I] step 2599 W_v approx_rank=22.6 (frob=22.50 max_row=1.00)
    [ortho] step 2599 L1 W_v off_diag=0.59 diag_dev=0.0847
    [ortho] step 2599 L1 W_o off_diag=0.00 diag_dev=0.0000
    [plan-I] step 2599 W_v approx_rank=22.6 (frob=22.51 max_row=1.00)
    [ortho] step 2599 L2 W_v off_diag=0.59 diag_dev=0.0825
    [ortho] step 2599 L2 W_o off_diag=0.00 diag_dev=0.0000
    [plan-I] step 2599 W_v approx_rank=22.6 (frob=22.51 max_row=1.00)
    [ortho] step 2599 L3 W_v off_diag=0.60 diag_dev=0.0824
    [ortho] step 2599 L3 W_o off_diag=0.00 diag_dev=0.0000
    [plan-I] step 2599 W_v approx_rank=22.6 (frob=22.50 max_row=1.00)
    [ortho] step 2599 L4 W_v off_diag=0.60 diag_dev=0.0837
    [ortho] step 2599 L4 W_o off_diag=0.00 diag_dev=0.0000
    [plan-I] step 2599 W_v approx_rank=22.6 (frob=22.50 max_row=1.00)
    [ortho] step 2599 L5 W_v off_diag=0.59 diag_dev=0.0838
    [ortho] step 2599 L5 W_o off_diag=0.00 diag_dev=0.0000
  step   999/1000 (global=2599)  loss=6.7622  avg=5.9665  lr=0.000000  B=16  14913ms

[*] STE training done in 14913.2s (14913.2 ms/step)
[*] Best recent loss: 5.8603

[*] Saving trained weights to model_v13d.ste...
[*] Saved 163867672 bytes
=== Post-Training Whitebox Analysis (surface) ===

=== LAL Whitebox Probe (step checkpoint) ===
Model: 6L, 512 embd, 2048 mlp

--- Embedding Concept Boundary ---

        热  冷  大  小  上  下  亮  暗  重  轻  快  慢  湿  干
  热  +1.00 -0.04 -0.07 -0.10 -0.06 +0.03 +0.06 +0.04 +0.04 -0.05 -0.02 -0.02 -0.00 -0.04
  冷  -0.04 +1.00 +0.03 +0.03 -0.01 +0.02 -0.00 -0.07 -0.05 +0.05 +0.02 -0.03 +0.03 +0.03
  大  -0.07 +0.03 +1.00 -0.00 +0.05 -0.04 -0.04 +0.04 +0.05 +0.04 -0.01 +0.09 +0.08 +0.32
  小  -0.10 +0.03 -0.00 +1.00 -0.04 -0.00 -0.03 -0.07 +0.02 -0.04 +0.01 -0.00 -0.00 -0.04
  上  -0.06 -0.01 +0.05 -0.04 +1.00 -0.03 +0.00 -0.02 -0.02 -0.03 +0.04 +0.03 +0.03 +0.01
  下  +0.03 +0.02 -0.04 -0.00 -0.03 +1.00 +0.02 -0.05 +0.02 +0.02 +0.00 -0.01 -0.00 +0.03
  亮  +0.06 -0.00 -0.04 -0.03 +0.00 +0.02 +1.00 -0.05 -0.06 +0.07 -0.01 -0.04 +0.03 +0.01
  暗  +0.04 -0.07 +0.04 -0.07 -0.02 -0.05 -0.05 +1.00 +0.06 -0.10 +0.03 +0.01 -0.00 +0.01
  重  +0.04 -0.05 +0.05 +0.02 -0.02 +0.02 -0.06 +0.06 +1.00 +0.00 -0.00 -0.02 -0.06 -0.03
  轻  -0.05 +0.05 +0.04 -0.04 -0.03 +0.02 +0.07 -0.10 +0.00 +1.00 -0.00 +0.00 +0.36 +0.35
  快  -0.02 +0.02 -0.01 +0.01 +0.04 +0.00 -0.01 +0.03 -0.00 -0.00 +1.00 +0.01 -0.02 -0.02
  慢  -0.02 -0.03 +0.09 -0.00 +0.03 -0.01 -0.04 +0.01 -0.02 +0.00 +0.01 +1.00 +0.07 +0.06
  湿  -0.00 +0.03 +0.08 -0.00 +0.03 -0.00 +0.03 -0.00 -0.06 +0.36 -0.02 +0.07 +1.00 +0.70
  干  -0.04 +0.03 +0.32 -0.04 +0.01 +0.03 +0.01 +0.01 -0.03 +0.35 -0.02 +0.06 +0.70 +1.00

  Opposite pairs (boundary clarity):
    热 vs 冷: -0.0420 CLEAR
    大 vs 小: -0.0036 CLEAR
    上 vs 下: -0.0290 CLEAR
    亮 vs 暗: -0.0472 CLEAR
    重 vs 轻: +0.0003 CLEAR
    快 vs 慢: +0.0081 CLEAR
    湿 vs 干: +0.7026 NONE

  Boundary score: 92/100 (STRONG)

--- CORE Activation (simulated, layer 0) ---

  热 vs 冷: CORE diff=2.4026 act=1.8592 OK | BIN diff=0.0010 | PRUNE act=0.0000
  大 vs 小: CORE diff=2.3793 act=1.8268 OK | BIN diff=0.0008 | PRUNE act=0.0000
  上 vs 下: CORE diff=2.4095 act=1.8742 OK | BIN diff=0.0011 | PRUNE act=0.0000
  亮 vs 暗: CORE diff=2.4025 act=1.7621 OK | BIN diff=0.0007 | PRUNE act=0.0000
  重 vs 轻: CORE diff=2.2559 act=1.7696 OK | BIN diff=0.0044 | PRUNE act=0.0000
  快 vs 慢: CORE diff=2.3969 act=1.8137 OK | BIN diff=0.0006 | PRUNE act=0.0000
  湿 vs 干: CORE diff=2.2751 act=2.2723 OK | BIN diff=0.0017 | PRUNE act=0.0000

--- Weight Structure ---

  L0 mlp: CORE=1.2626 BIN=0.4319 PRUNE=0.0000 OK | attn: CORE=0.0000 BIN=0.0000 PRUNE=0.0000 X
  L1 mlp: CORE=1.2892 BIN=0.4453 PRUNE=0.0000 OK | attn: CORE=0.0000 BIN=0.0000 PRUNE=0.0000 X
  ... (layers 2-4) ...
  L5 mlp: CORE=1.4238 BIN=0.4678 PRUNE=0.0000 OK | attn: CORE=0.0000 BIN=0.0000 PRUNE=0.0000 X

  Structure: 50% OK (6/12)

--- Embedding Concept Boundary ---

        热  冷  大  小  上  下  亮  暗  重  轻  快  慢  湿  干
  热  +1.00 -0.04 -0.07 -0.10 -0.06 +0.03 +0.06 +0.04 +0.04 -0.05 -0.02 -0.02 -0.00 -0.04
  冷  -0.04 +1.00 +0.03 +0.03 -0.01 +0.02 -0.00 -0.07 -0.05 +0.05 +0.02 -0.03 +0.03 +0.03
  大  -0.07 +0.03 +1.00 -0.00 +0.05 -0.04 -0.04 +0.04 +0.05 +0.04 -0.01 +0.09 +0.08 +0.32
  小  -0.10 +0.03 -0.00 +1.00 -0.04 -0.00 -0.03 -0.07 +0.02 -0.04 +0.01 -0.00 -0.00 -0.04
  上  -0.06 -0.01 +0.05 -0.04 +1.00 -0.03 +0.00 -0.02 -0.02 -0.03 +0.04 +0.03 +0.03 +0.01
  下  +0.03 +0.02 -0.04 -0.00 -0.03 +1.00 +0.02 -0.05 +0.02 +0.02 +0.00 -0.01 -0.00 +0.03
  亮  +0.06 -0.00 -0.04 -0.03 +0.00 +0.02 +1.00 -0.05 -0.06 +0.07 -0.01 -0.04 +0.03 +0.01
  暗  +0.04 -0.07 +0.04 -0.07 -0.02 -0.05 -0.05 +1.00 +0.06 -0.10 +0.03 +0.01 -0.00 +0.01
  重  +0.04 -0.05 +0.05 +0.02 -0.02 +0.02 -0.06 +0.06 +1.00 +0.00 -0.00 -0.02 -0.06 -0.03
  轻  -0.05 +0.05 +0.04 -0.04 -0.03 +0.02 +0.07 -0.10 +0.00 +1.00 -0.00 +0.00 +0.36 +0.35
  快  -0.02 +0.02 -0.01 +0.01 +0.04 +0.00 -0.01 +0.03 -0.00 -0.00 +1.00 +0.01 -0.02 -0.02
  慢  -0.02 -0.03 +0.09 -0.00 +0.03 -0.01 -0.04 +0.01 -0.02 +0.00 +0.01 +1.00 +0.07 +0.06
  湿  -0.00 +0.03 +0.08 -0.00 +0.03 -0.00 +0.03 -0.00 -0.06 +0.36 -0.02 +0.07 +1.00 +0.70
  干  -0.04 +0.03 +0.32 -0.04 +0.01 +0.03 +0.01 +0.01 -0.03 +0.35 -0.02 +0.06 +0.70 +1.00

  Opposite pairs (boundary clarity):
    热 vs 冷: -0.0420 CLEAR
    大 vs 小: -0.0036 CLEAR
    上 vs 下: -0.0290 CLEAR
    亮 vs 暗: -0.0472 CLEAR
    重 vs 轻: +0.0003 CLEAR
    快 vs 慢: +0.0081 CLEAR
    湿 vs 干: +0.7026 NONE

  Boundary score: 92/100 (STRONG)

--- Concept Similarity (mid-layer weights) ---

  Embedding similarity:
        热  冷  大  小  上  下  亮  暗  重  轻  快  慢  湿  干
  热  +1.00 -0.04 -0.07 -0.10 -0.06 +0.03 +0.06 +0.04 +0.04 -0.05 -0.02 -0.02 -0.00 -0.04
  冷  -0.04 +1.00 +0.03 +0.03 -0.01 +0.02 -0.00 -0.07 -0.05 +0.05 +0.02 -0.03 +0.03 +0.03
  大  -0.07 +0.03 +1.00 -0.00 +0.05 -0.04 -0.04 +0.04 +0.05 +0.04 -0.01 +0.09 +0.08 +0.32
  小  -0.10 +0.03 -0.00 +1.00 -0.04 -0.00 -0.03 -0.07 +0.02 -0.04 +0.01 -0.00 -0.00 -0.04
  上  -0.06 -0.01 +0.05 -0.04 +1.00 -0.03 +0.00 -0.02 -0.02 -0.03 +0.04 +0.03 +0.03 +0.01
  下  +0.03 +0.02 -0.04 -0.00 -0.03 +1.00 +0.02 -0.05 +0.02 +0.02 +0.00 -0.01 -0.00 +0.03
  亮  +0.06 -0.00 -0.04 -0.03 +0.00 +0.02 +1.00 -0.05 -0.06 +0.07 -0.01 -0.04 +0.03 +0.01
  暗  +0.04 -0.07 +0.04 -0.07 -0.02 -0.05 -0.05 +1.00 +0.06 -0.10 +0.03 +0.01 -0.00 +0.01
  重  +0.04 -0.05 +0.05 +0.02 -0.02 +0.02 -0.06 +0.06 +1.00 +0.00 -0.00 -0.02 -0.06 -0.03
  轻  -0.05 +0.05 +0.04 -0.04 -0.03 +0.02 +0.07 -0.10 +0.00 +1.00 -0.00 +0.00 +0.36 +0.35
  快  -0.02 +0.02 -0.01 +0.01 +0.04 +0.00 -0.01 +0.03 -0.00 -0.00 +1.00 +0.01 -0.02 -0.02
  慢  -0.02 -0.03 +0.09 -0.00 +0.03 -0.01 -0.04 +0.01 -0.02 +0.00 +0.01 +1.00 +0.07 +0.06
  湿  -0.00 +0.03 +0.08 -0.00 +0.03 -0.00 +0.03 -0.00 -0.06 +0.36 -0.02 +0.07 +1.00 +0.70
  干  -0.04 +0.03 +0.32 -0.04 +0.01 +0.03 +0.01 +0.01 -0.03 +0.35 -0.02 +0.06 +0.70 +1.00


========================================
  DEEP WHITEBOX DIAGNOSIS
  (explaining WHY generation is garbage)
========================================

--- 1. Embedding Space Differentiation ---

  Embedding norms:
    热=0.500 冷=0.500 大=0.771 小=0.660 上=0.500 下=0.500 亮=0.500 暗=0.500 火=0.500 水=0.543 

  Avg cosine similarity:
    Opposite pairs (should be LOW):  -0.0193
    Unrelated pairs (should be ~0):  -0.0071
    Gap (unrelated - opposite):       0.0122  [OK]

--- 2. CORE Activation Magnitude ---

  Layer 0 mlp activation (for '热'):
    CORE  : max=2.6584 avg=1.8592  (n=409)
    BINARY: max=39.3455 avg=4.5460  (n=1332)
    CORE diff (热 vs 冷): 2.4026 (129.2% of avg)
    [OK]

--- 3. Weight Norm Layering (CORE > BINARY > PRUNE?) ---

  L0: CORE=1.2626 BIN=0.4319 PRUNE=0.0000  [OK layered]
  L1: CORE=1.2892 BIN=0.4453 PRUNE=0.0000  [OK layered]
  L2: CORE=1.3399 BIN=0.4379 PRUNE=0.0000  [OK layered]
  L3: CORE=1.3715 BIN=0.4356 PRUNE=0.0000  [OK layered]
  L4: CORE=1.4065 BIN=0.4337 PRUNE=0.0000  [OK layered]
  L5: CORE=1.4238 BIN=0.4678 PRUNE=0.0000  [OK layered]

--- 4. Logits Distribution (mode collapse check) ---

  Prompt '热' → top-5 next-token logits:
    token 232 '�' logit=8.7015
    token 233 '�' logit=8.1296
    token 131 '�' logit=7.4533
    token 32705 '色' logit=7.3463
    token 184 '�' logit=7.2608

  Logit range: 11.7226 (max=8.7015 min=-3.0211)
  Softmax entropy: 11.1682 bits (uniform would be 15.00)
  [OK]

========================================
  DIAGNOSIS SUMMARY
========================================
  If generation is garbage, likely causes:
  1. Embeddings not spread (Section 1) → tokens sampled near-randomly
  2. CORE activation too weak (Section 2) → model can't distinguish inputs
  3. Weight norms not layered (Section 3) → logic mask is cosmetic
  4. Logits collapsed/flat (Section 4) → repetitive or random output
  Fix: train more steps, or increase logic_guided_regularization lr
========================================


========================================
  LAYER-BY-LAYER COLLAPSE DIAGNOSIS
  (火 vs 水 — cosine similarity per layer)
========================================

Layer         cosine_sim    l2_dist       ||a||       
-----         ----------    -------       ------      
emb           0.981706      0.728491      3.739870    
L0            0.984070      0.736603      4.057516    
L1            0.985967      0.740860      4.357177    
L2            0.987566      0.743225      4.652496    
L3            0.988880      0.743527      4.928639    
L4            0.989969      0.742362      5.189498    
L5            0.990764      0.745207      5.439296    
final_ln      0.992777      (final_ln output)

  (1.0=identical, 0.0=orthogonal)

--- L0 Weight Check ---
  L0 norm1_w[0:5]: 1.3553 1.3930 1.3923 1.3692 1.3247 
  L0 norm1_w mean: 1.3790
  L0 norm1_b[0:5]: 0.2280 -0.1719 -0.3119 -0.3769 -0.2846 

--- L0 Deep Diagnosis (norm1_out + V) ---
  embedding (火vs水) cosine: 0.981706  ||火||=3.7399 ||水||=3.8251
  norm1_out   (火vs水) cosine: 0.985545  ||火||=35.2803 ||水||=35.2638
  V=attn_v    (火vs水) cosine: 0.985508  ||火||=35.0522 ||水||=35.0385

  norm1_out 火 [0:5]: 0.1998 0.2602 -0.7343 -1.6627 0.7321 
  norm1_out 水 [0:5]: 0.7555 0.3501 -0.7284 -1.6342 0.6618 
  V 火        [0:5]: -0.1769 1.3030 1.6732 -0.4407 2.0978 
  V 水        [0:5]: -0.5632 1.8482 2.1410 -0.3534 1.9431 

  attn_q (QKV merged) weights: mean=-0.000028 min=-0.250349 max=0.250527 n=786432
  (如果 V 火vs水 cosine 高, 但 norm1_out cosine 低, 说明 W_v 把不同输入映射到相似输出)


[*] Done
